============================================================
Job ID   : 61716835
Node     : gl1014
Started  : Tue Sep 22 12:02:36 EDT 2026
============================================================
Python : /home/xysong/.conda/envs/RL/bin/python
Torch  : 2.5.1+cu121
CUDA   : True
============================================================
=== [1/6] surrogate_v3 (proposed) ===
/home/xysong/.conda/envs/RL/lib/python3.10/site-packages/torch/utils/data/dataloader.py:617: UserWarning: This DataLoader will create 2 worker processes in total. Our suggested max number of worker in current system is 1, which is smaller than what this DataLoader is going to create. Please be aware that excessive worker creation might get DataLoader running slow or even freeze, lower the worker number to avoid potential slowness/freeze if necessary.
  warnings.warn(
/home/xysong/.conda/envs/RL/lib/python3.10/site-packages/torch/utils/data/dataloader.py:617: UserWarning: This DataLoader will create 2 worker processes in total. Our suggested max number of worker in current system is 1, which is smaller than what this DataLoader is going to create. Please be aware that excessive worker creation might get DataLoader running slow or even freeze, lower the worker number to avoid potential slowness/freeze if necessary.
  warnings.warn(
[train] Output dir : surrogate_model_v3/runs/full_range
[train] Device     : cuda
[dataset] Loaded 5000 trajectories × 12 layers from DatasetV2_layer_12_samples_5000.pkl
[dataset] Split → train 4000 | val 500 | test 500
[dataset] State mean ∈ [164.2, 2761.5], std ∈ [31.5926, 1672.6]
[dataset] Laser power mean = 249.87 W, std = 89.44 W
[dataset] Cool time    mean = 0.1005 s, std = 0.0314 s
[dataset] Bootstrap masks: (48000, 5), resample_frac=1.0, ~36.8% of (sample, member) pairs unseen (expected ≈ 36.8%)
[TwoStageSurrogateDataset] 48,000 transitions, state_dim=1053, layers 0–11, bootstrap K=5 (transition-level resampling)
[dataset] Bootstrap masks: (6000, 5), resample_frac=1.0, ~36.6% of (sample, member) pairs unseen (expected ≈ 36.8%)
[TwoStageSurrogateDataset] 6,000 transitions, state_dim=1053, layers 0–11, bootstrap K=5 (transition-level resampling)
[train] TwoStageSurrogate(state=1053, lp_dim=1, cool_dim=1, K=5, n_layers=12, embed=8 | heat×5=2,554,020  cool×5=2,554,020 | total=5,108,040)

[train] Starting training for up to 150 epochs (patience=15)
[train] Weights   → recon_heat=1.0  nll_heat=0.1  recon_cool=1.0  nll_cool=0.1
[train] Ensemble  → K=5 members, bootstrap_seed=42, bootstrap_frac=1.0
--------------------------------------------------------------------------------
Epoch    1/150 | train -0.29597 [rh=0.0195 nh=-2.0690 rc=0.0127 nc=-1.2120] | val -0.33625 | lr 1.00e-03 |   12.8s ✓ best
Epoch    2/150 | train -0.43151 [rh=0.0046 nh=-2.8767 rc=0.0049 nc=-1.5335] | val -0.46304 | lr 1.00e-03 |   24.2s ✓ best
Epoch    3/150 | train -0.50813 [rh=0.0013 nh=-3.1676 rc=0.0022 nc=-1.9490] | val -0.55669 | lr 9.99e-04 |   35.8s ✓ best
Epoch    4/150 | train -0.55009 [rh=0.0007 nh=-3.3522 rc=0.0013 nc=-2.1695] | val -0.57620 | lr 9.98e-04 |   47.5s ✓ best
Epoch    5/150 | train -0.58383 [rh=0.0005 nh=-3.4807 rc=0.0010 nc=-2.3727] | val -0.55979 | lr 9.97e-04 |   59.6s (no improvement 1/15)
Epoch    6/150 | train -0.60964 [rh=0.0003 nh=-3.6105 rc=0.0007 nc=-2.4958] | val -0.62709 | lr 9.96e-04 |   71.0s ✓ best
Epoch    7/150 | train -0.63065 [rh=0.0003 nh=-3.6702 rc=0.0005 nc=-2.6452] | val -0.62169 | lr 9.95e-04 |   82.3s (no improvement 1/15)
Epoch    8/150 | train -0.64898 [rh=0.0002 nh=-3.7375 rc=0.0004 nc=-2.7584] | val -0.63249 | lr 9.93e-04 |   93.8s ✓ best
Epoch    9/150 | train -0.66514 [rh=0.0002 nh=-3.7749 rc=0.0003 nc=-2.8818] | val -0.63016 | lr 9.91e-04 |  105.1s (no improvement 1/15)
Epoch   10/150 | train -0.66740 [rh=0.0003 nh=-3.8694 rc=0.0003 nc=-2.8108] | val -0.68490 | lr 9.89e-04 |  116.5s ✓ best
Epoch   11/150 | train -0.69336 [rh=0.0001 nh=-3.9174 rc=0.0002 nc=-3.0198] | val -0.71241 | lr 9.87e-04 |  128.0s ✓ best
Epoch   12/150 | train -0.71117 [rh=0.0001 nh=-4.0377 rc=0.0002 nc=-3.0774] | val -0.69045 | lr 9.84e-04 |  139.3s (no improvement 1/15)
Epoch   13/150 | train -0.71265 [rh=0.0002 nh=-3.9868 rc=0.0002 nc=-3.1432] | val -0.64926 | lr 9.82e-04 |  150.5s (no improvement 2/15)
Epoch   14/150 | train -0.71198 [rh=0.0001 nh=-4.0491 rc=0.0003 nc=-3.0744] | val -0.73032 | lr 9.79e-04 |  162.3s ✓ best
Epoch   15/150 | train -0.72842 [rh=0.0001 nh=-4.1698 rc=0.0002 nc=-3.1173] | val -0.71449 | lr 9.76e-04 |  174.3s (no improvement 1/15)
Epoch   16/150 | train -0.72719 [rh=0.0001 nh=-4.1651 rc=0.0002 nc=-3.1099] | val -0.74238 | lr 9.72e-04 |  185.7s ✓ best
Epoch   17/150 | train -0.73885 [rh=0.0001 nh=-4.2298 rc=0.0002 nc=-3.1616] | val -0.73050 | lr 9.69e-04 |  197.0s (no improvement 1/15)
Epoch   18/150 | train -0.74247 [rh=0.0001 nh=-4.1883 rc=0.0001 nc=-3.2387] | val -0.78963 | lr 9.65e-04 |  208.5s ✓ best
Epoch   19/150 | train -0.75708 [rh=0.0001 nh=-4.3171 rc=0.0001 nc=-3.2558] | val -0.77843 | lr 9.61e-04 |  219.7s (no improvement 1/15)
Epoch   20/150 | train -0.76435 [rh=0.0001 nh=-4.3085 rc=0.0001 nc=-3.3369] | val -0.70055 | lr 9.57e-04 |  231.0s (no improvement 2/15)
Epoch   21/150 | train -0.76600 [rh=0.0001 nh=-4.3603 rc=0.0001 nc=-3.3016] | val -0.76901 | lr 9.53e-04 |  242.2s (no improvement 3/15)
Epoch   22/150 | train -0.77995 [rh=0.0000 nh=-4.4264 rc=0.0001 nc=-3.3747] | val -0.74877 | lr 9.48e-04 |  253.5s (no improvement 4/15)
Epoch   23/150 | train -0.78250 [rh=0.0001 nh=-4.4363 rc=0.0001 nc=-3.3903] | val -0.78722 | lr 9.44e-04 |  264.8s (no improvement 5/15)
Epoch   24/150 | train -0.78491 [rh=0.0001 nh=-4.4158 rc=0.0001 nc=-3.4348] | val -0.76410 | lr 9.39e-04 |  276.3s (no improvement 6/15)
Epoch   25/150 | train -0.79213 [rh=0.0000 nh=-4.5182 rc=0.0001 nc=-3.4046] | val -0.75584 | lr 9.34e-04 |  288.4s (no improvement 7/15)
Epoch   26/150 | train -0.79151 [rh=0.0001 nh=-4.4708 rc=0.0001 nc=-3.4458] | val -0.79320 | lr 9.28e-04 |  299.8s ✓ best
Epoch   27/150 | train -0.80651 [rh=0.0000 nh=-4.5787 rc=0.0001 nc=-3.4876] | val -0.80303 | lr 9.23e-04 |  311.3s ✓ best
Epoch   28/150 | train -0.80865 [rh=0.0000 nh=-4.6060 rc=0.0001 nc=-3.4818] | val -0.81308 | lr 9.17e-04 |  322.8s ✓ best
Epoch   29/150 | train -0.80442 [rh=0.0000 nh=-4.6016 rc=0.0001 nc=-3.4440] | val -0.79000 | lr 9.11e-04 |  334.1s (no improvement 1/15)
Epoch   30/150 | train -0.81909 [rh=0.0000 nh=-4.6594 rc=0.0001 nc=-3.5327] | val -0.85819 | lr 9.05e-04 |  345.7s ✓ best
Epoch   31/150 | train -0.81734 [rh=0.0000 nh=-4.6255 rc=0.0001 nc=-3.5492] | val -0.82313 | lr 8.99e-04 |  357.0s (no improvement 1/15)
Epoch   32/150 | train -0.82127 [rh=0.0000 nh=-4.6819 rc=0.0001 nc=-3.5319] | val -0.83973 | lr 8.93e-04 |  368.3s (no improvement 2/15)
Epoch   33/150 | train -0.83546 [rh=0.0000 nh=-4.7798 rc=0.0001 nc=-3.5758] | val -0.80493 | lr 8.86e-04 |  379.6s (no improvement 3/15)
Epoch   34/150 | train -0.83346 [rh=0.0000 nh=-4.7257 rc=0.0001 nc=-3.6100] | val -0.77630 | lr 8.80e-04 |  390.9s (no improvement 4/15)
Epoch   35/150 | train -0.83012 [rh=0.0001 nh=-4.6813 rc=0.0001 nc=-3.6213] | val -0.84481 | lr 8.73e-04 |  402.7s (no improvement 5/15)
Epoch   36/150 | train -0.84309 [rh=0.0000 nh=-4.7947 rc=0.0001 nc=-3.6372] | val -0.83067 | lr 8.66e-04 |  414.8s (no improvement 6/15)
Epoch   37/150 | train -0.84503 [rh=0.0000 nh=-4.7916 rc=0.0001 nc=-3.6596] | val -0.86768 | lr 8.59e-04 |  426.3s ✓ best
Epoch   38/150 | train -0.85057 [rh=0.0000 nh=-4.8422 rc=0.0001 nc=-3.6644] | val -0.82690 | lr 8.51e-04 |  437.6s (no improvement 1/15)
Epoch   39/150 | train -0.85483 [rh=0.0000 nh=-4.8549 rc=0.0001 nc=-3.6943] | val -0.86605 | lr 8.44e-04 |  448.9s (no improvement 2/15)
Epoch   40/150 | train -0.85911 [rh=0.0000 nh=-4.8980 rc=0.0001 nc=-3.6940] | val -0.88159 | lr 8.36e-04 |  460.4s ✓ best
Epoch   41/150 | train -0.85249 [rh=0.0000 nh=-4.8168 rc=0.0001 nc=-3.7089] | val -0.86421 | lr 8.28e-04 |  471.7s (no improvement 1/15)
Epoch   42/150 | train -0.86678 [rh=0.0000 nh=-4.9013 rc=0.0001 nc=-3.7672] | val -0.83976 | lr 8.21e-04 |  483.0s (no improvement 2/15)
Epoch   43/150 | train -0.86419 [rh=0.0000 nh=-4.9065 rc=0.0001 nc=-3.7362] | val -0.83215 | lr 8.12e-04 |  494.3s (no improvement 3/15)
Epoch   44/150 | train -0.87704 [rh=0.0000 nh=-4.9666 rc=0.0000 nc=-3.8045] | val -0.86892 | lr 8.04e-04 |  505.6s (no improvement 4/15)
Epoch   45/150 | train -0.85912 [rh=0.0000 nh=-4.8898 rc=0.0001 nc=-3.7023] | val -0.84703 | lr 7.96e-04 |  516.9s (no improvement 5/15)
Epoch   46/150 | train -0.88045 [rh=0.0000 nh=-4.9910 rc=0.0000 nc=-3.8142] | val -0.87487 | lr 7.88e-04 |  529.0s (no improvement 6/15)
Epoch   47/150 | train -0.88257 [rh=0.0000 nh=-5.0170 rc=0.0000 nc=-3.8093] | val -0.89150 | lr 7.79e-04 |  540.5s ✓ best
Epoch   48/150 | train -0.88882 [rh=0.0000 nh=-5.0256 rc=0.0000 nc=-3.8632] | val -0.90837 | lr 7.70e-04 |  552.0s ✓ best
Epoch   49/150 | train -0.89133 [rh=0.0000 nh=-5.0532 rc=0.0000 nc=-3.8607] | val -0.85891 | lr 7.61e-04 |  563.3s (no improvement 1/15)
Epoch   50/150 | train -0.88493 [rh=0.0000 nh=-4.9712 rc=0.0000 nc=-3.8786] | val -0.87106 | lr 7.52e-04 |  574.6s (no improvement 2/15)
Epoch   51/150 | train -0.89869 [rh=0.0000 nh=-5.1096 rc=0.0000 nc=-3.8779] | val -0.89546 | lr 7.43e-04 |  585.9s (no improvement 3/15)
Epoch   52/150 | train -0.90768 [rh=0.0000 nh=-5.1556 rc=0.0000 nc=-3.9217] | val -0.87173 | lr 7.34e-04 |  597.2s (no improvement 4/15)
Epoch   53/150 | train -0.90745 [rh=0.0000 nh=-5.1176 rc=0.0000 nc=-3.9575] | val -0.92327 | lr 7.25e-04 |  608.6s ✓ best
Epoch   54/150 | train -0.91412 [rh=0.0000 nh=-5.1664 rc=0.0000 nc=-3.9752] | val -0.81220 | lr 7.16e-04 |  619.9s (no improvement 1/15)
Epoch   55/150 | train -0.88844 [rh=0.0000 nh=-5.0555 rc=0.0000 nc=-3.8296] | val -0.91331 | lr 7.06e-04 |  631.5s (no improvement 2/15)
Epoch   56/150 | train -0.92515 [rh=0.0000 nh=-5.2233 rc=0.0000 nc=-4.0286] | val -0.92699 | lr 6.97e-04 |  643.8s ✓ best
Epoch   57/150 | train -0.92496 [rh=0.0000 nh=-5.2306 rc=0.0000 nc=-4.0194] | val -0.89643 | lr 6.87e-04 |  655.1s (no improvement 1/15)
Epoch   58/150 | train -0.92210 [rh=0.0000 nh=-5.1904 rc=0.0000 nc=-4.0311] | val -0.91616 | lr 6.78e-04 |  666.4s (no improvement 2/15)
Epoch   59/150 | train -0.90242 [rh=0.0000 nh=-5.0715 rc=0.0000 nc=-3.9532] | val -0.92866 | lr 6.68e-04 |  677.9s ✓ best
Epoch   60/150 | train -0.93694 [rh=0.0000 nh=-5.3009 rc=0.0000 nc=-4.0689] | val -0.91987 | lr 6.58e-04 |  689.2s (no improvement 1/15)
Epoch   61/150 | train -0.92004 [rh=0.0000 nh=-5.1838 rc=0.0000 nc=-4.0170] | val -0.93786 | lr 6.48e-04 |  700.7s ✓ best
Epoch   62/150 | train -0.94631 [rh=0.0000 nh=-5.3429 rc=0.0000 nc=-4.1206] | val -0.92751 | lr 6.38e-04 |  712.0s (no improvement 1/15)
Epoch   63/150 | train -0.93508 [rh=0.0000 nh=-5.2750 rc=0.0000 nc=-4.0763] | val -0.93694 | lr 6.28e-04 |  723.3s (no improvement 2/15)
Epoch   64/150 | train -0.93664 [rh=0.0000 nh=-5.2502 rc=0.0000 nc=-4.1166] | val -0.86061 | lr 6.18e-04 |  734.6s (no improvement 3/15)
Epoch   65/150 | train -0.93960 [rh=0.0000 nh=-5.3548 rc=0.0000 nc=-4.0415] | val -0.94853 | lr 6.08e-04 |  746.0s ✓ best
Epoch   66/150 | train -0.94546 [rh=0.0000 nh=-5.3097 rc=0.0000 nc=-4.1452] | val -0.88344 | lr 5.98e-04 |  758.1s (no improvement 1/15)
Epoch   67/150 | train -0.94079 [rh=0.0000 nh=-5.3138 rc=0.0000 nc=-4.0944] | val -0.91861 | lr 5.88e-04 |  769.4s (no improvement 2/15)
Epoch   68/150 | train -0.94058 [rh=0.0000 nh=-5.2897 rc=0.0000 nc=-4.1165] | val -0.93878 | lr 5.77e-04 |  780.7s (no improvement 3/15)
Epoch   69/150 | train -0.94670 [rh=0.0000 nh=-5.3343 rc=0.0000 nc=-4.1330] | val -0.92007 | lr 5.67e-04 |  792.0s (no improvement 4/15)
Epoch   70/150 | train -0.96268 [rh=0.0000 nh=-5.3716 rc=0.0000 nc=-4.2555] | val -0.96617 | lr 5.57e-04 |  803.4s ✓ best
Epoch   71/150 | train -0.94842 [rh=0.0000 nh=-5.3395 rc=0.0000 nc=-4.1450] | val -0.94142 | lr 5.46e-04 |  814.8s (no improvement 1/15)
Epoch   72/150 | train -0.96283 [rh=0.0000 nh=-5.3876 rc=0.0000 nc=-4.2410] | val -0.97958 | lr 5.36e-04 |  826.2s ✓ best
Epoch   73/150 | train -0.97105 [rh=0.0000 nh=-5.4764 rc=0.0000 nc=-4.2344] | val -0.98293 | lr 5.26e-04 |  837.7s ✓ best
Epoch   74/150 | train -0.95792 [rh=0.0000 nh=-5.3852 rc=0.0000 nc=-4.1943] | val -0.93113 | lr 5.15e-04 |  849.0s (no improvement 1/15)
Epoch   75/150 | train -0.96566 [rh=0.0000 nh=-5.4379 rc=0.0000 nc=-4.2190] | val -0.97109 | lr 5.05e-04 |  860.3s (no improvement 2/15)
Epoch   76/150 | train -0.98095 [rh=0.0000 nh=-5.5293 rc=0.0000 nc=-4.2805] | val -0.95142 | lr 4.95e-04 |  872.4s (no improvement 3/15)
Epoch   77/150 | train -0.98091 [rh=0.0000 nh=-5.4862 rc=0.0000 nc=-4.3232] | val -0.95266 | lr 4.84e-04 |  884.5s (no improvement 4/15)
Epoch   78/150 | train -0.97607 [rh=0.0000 nh=-5.4389 rc=0.0000 nc=-4.3221] | val -0.97101 | lr 4.74e-04 |  895.8s (no improvement 5/15)
Epoch   79/150 | train -0.98491 [rh=0.0000 nh=-5.5478 rc=0.0000 nc=-4.3016] | val -0.99797 | lr 4.64e-04 |  907.2s ✓ best
Epoch   80/150 | train -0.99288 [rh=0.0000 nh=-5.5531 rc=0.0000 nc=-4.3759] | val -0.98486 | lr 4.53e-04 |  918.5s (no improvement 1/15)
Epoch   81/150 | train -0.98058 [rh=0.0000 nh=-5.4877 rc=0.0000 nc=-4.3183] | val -0.98089 | lr 4.43e-04 |  929.8s (no improvement 2/15)
Epoch   82/150 | train -1.00260 [rh=0.0000 nh=-5.6091 rc=0.0000 nc=-4.4171] | val -0.99635 | lr 4.33e-04 |  941.1s (no improvement 3/15)
Epoch   83/150 | train -0.99305 [rh=0.0000 nh=-5.6274 rc=0.0000 nc=-4.3034] | val -0.98514 | lr 4.22e-04 |  952.3s (no improvement 4/15)
Epoch   84/150 | train -0.99989 [rh=0.0000 nh=-5.6154 rc=0.0000 nc=-4.3837] | val -0.96651 | lr 4.12e-04 |  963.6s (no improvement 5/15)
Epoch   85/150 | train -1.00659 [rh=0.0000 nh=-5.6329 rc=0.0000 nc=-4.4332] | val -0.99093 | lr 4.02e-04 |  974.9s (no improvement 6/15)
Epoch   86/150 | train -1.00121 [rh=0.0000 nh=-5.5674 rc=0.0000 nc=-4.4449] | val -1.02821 | lr 3.92e-04 |  987.2s ✓ best
Epoch   87/150 | train -1.01131 [rh=0.0000 nh=-5.6846 rc=0.0000 nc=-4.4287] | val -1.02023 | lr 3.82e-04 |  999.2s (no improvement 1/15)
Epoch   88/150 | train -1.01826 [rh=0.0000 nh=-5.6518 rc=0.0000 nc=-4.5309] | val -1.01086 | lr 3.72e-04 | 1010.6s (no improvement 2/15)
Epoch   89/150 | train -1.01973 [rh=0.0000 nh=-5.6796 rc=0.0000 nc=-4.5178] | val -1.01060 | lr 3.62e-04 | 1021.9s (no improvement 3/15)
Epoch   90/150 | train -1.02571 [rh=0.0000 nh=-5.7455 rc=0.0000 nc=-4.5118] | val -1.03052 | lr 3.52e-04 | 1033.3s ✓ best
Epoch   91/150 | train -1.02359 [rh=0.0000 nh=-5.7206 rc=0.0000 nc=-4.5155] | val -0.98346 | lr 3.42e-04 | 1044.7s (no improvement 1/15)
Epoch   92/150 | train -1.02585 [rh=0.0000 nh=-5.7270 rc=0.0000 nc=-4.5317] | val -1.00866 | lr 3.32e-04 | 1055.9s (no improvement 2/15)
Epoch   93/150 | train -1.03568 [rh=0.0000 nh=-5.7769 rc=0.0000 nc=-4.5801] | val -1.03132 | lr 3.23e-04 | 1067.4s ✓ best
Epoch   94/150 | train -1.04021 [rh=0.0000 nh=-5.7909 rc=0.0000 nc=-4.6114] | val -1.03071 | lr 3.13e-04 | 1078.7s (no improvement 1/15)
Epoch   95/150 | train -1.04742 [rh=0.0000 nh=-5.8040 rc=0.0000 nc=-4.6704] | val -1.04643 | lr 3.04e-04 | 1090.2s ✓ best
Epoch   96/150 | train -1.04746 [rh=0.0000 nh=-5.8590 rc=0.0000 nc=-4.6157] | val -1.06252 | lr 2.94e-04 | 1102.0s ✓ best
Epoch   97/150 | train -1.05139 [rh=0.0000 nh=-5.8527 rc=0.0000 nc=-4.6613] | val -1.03884 | lr 2.85e-04 | 1114.0s (no improvement 1/15)
Epoch   98/150 | train -1.06098 [rh=0.0000 nh=-5.8798 rc=0.0000 nc=-4.7301] | val -1.05257 | lr 2.76e-04 | 1125.3s (no improvement 2/15)
Epoch   99/150 | train -1.06214 [rh=0.0000 nh=-5.9375 rc=0.0000 nc=-4.6840] | val -1.06496 | lr 2.67e-04 | 1136.8s ✓ best
Epoch  100/150 | train -1.07017 [rh=0.0000 nh=-5.9692 rc=0.0000 nc=-4.7327] | val -1.06314 | lr 2.57e-04 | 1148.1s (no improvement 1/15)
Epoch  101/150 | train -1.07255 [rh=0.0000 nh=-5.9311 rc=0.0000 nc=-4.7945] | val -1.06629 | lr 2.49e-04 | 1159.6s ✓ best
Epoch  102/150 | train -1.07228 [rh=0.0000 nh=-5.9732 rc=0.0000 nc=-4.7497] | val -1.05432 | lr 2.40e-04 | 1170.9s (no improvement 1/15)
Epoch  103/150 | train -1.07980 [rh=0.0000 nh=-5.9982 rc=0.0000 nc=-4.7999] | val -1.06630 | lr 2.31e-04 | 1182.4s ✓ best
Epoch  104/150 | train -1.08132 [rh=0.0000 nh=-6.0236 rc=0.0000 nc=-4.7897] | val -1.08880 | lr 2.22e-04 | 1193.9s ✓ best
Epoch  105/150 | train -1.09048 [rh=0.0000 nh=-6.0492 rc=0.0000 nc=-4.8557] | val -1.07061 | lr 2.14e-04 | 1205.2s (no improvement 1/15)
Epoch  106/150 | train -1.09048 [rh=0.0000 nh=-6.0751 rc=0.0000 nc=-4.8298] | val -1.08834 | lr 2.06e-04 | 1217.0s (no improvement 2/15)
Epoch  107/150 | train -1.09828 [rh=0.0000 nh=-6.0938 rc=0.0000 nc=-4.8891] | val -1.09120 | lr 1.98e-04 | 1229.3s ✓ best
Epoch  108/150 | train -1.10647 [rh=0.0000 nh=-6.0931 rc=0.0000 nc=-4.9717] | val -1.09110 | lr 1.89e-04 | 1240.6s (no improvement 1/15)
Epoch  109/150 | train -1.10546 [rh=0.0000 nh=-6.1548 rc=0.0000 nc=-4.8998] | val -1.11291 | lr 1.82e-04 | 1252.1s ✓ best
Epoch  110/150 | train -1.11059 [rh=0.0000 nh=-6.1524 rc=0.0000 nc=-4.9536] | val -1.10428 | lr 1.74e-04 | 1263.4s (no improvement 1/15)
Epoch  111/150 | train -1.11347 [rh=0.0000 nh=-6.2040 rc=0.0000 nc=-4.9308] | val -1.09223 | lr 1.66e-04 | 1274.7s (no improvement 2/15)
Epoch  112/150 | train -1.11994 [rh=0.0000 nh=-6.2003 rc=0.0000 nc=-4.9992] | val -1.11198 | lr 1.59e-04 | 1286.0s (no improvement 3/15)
Epoch  113/150 | train -1.12436 [rh=0.0000 nh=-6.1947 rc=0.0000 nc=-5.0490] | val -1.09632 | lr 1.51e-04 | 1297.3s (no improvement 4/15)
Epoch  114/150 | train -1.12421 [rh=0.0000 nh=-6.2655 rc=0.0000 nc=-4.9766] | val -1.11047 | lr 1.44e-04 | 1308.6s (no improvement 5/15)
Epoch  115/150 | train -1.13283 [rh=0.0000 nh=-6.2678 rc=0.0000 nc=-5.0606] | val -1.12475 | lr 1.37e-04 | 1320.1s ✓ best
Epoch  116/150 | train -1.13669 [rh=0.0000 nh=-6.2783 rc=0.0000 nc=-5.0887] | val -1.11999 | lr 1.30e-04 | 1331.7s (no improvement 1/15)
Epoch  117/150 | train -1.13975 [rh=0.0000 nh=-6.3291 rc=0.0000 nc=-5.0685] | val -1.13320 | lr 1.24e-04 | 1343.9s ✓ best
Epoch  118/150 | train -1.14442 [rh=0.0000 nh=-6.3388 rc=0.0000 nc=-5.1055] | val -1.13095 | lr 1.17e-04 | 1355.2s (no improvement 1/15)
Epoch  119/150 | train -1.15016 [rh=0.0000 nh=-6.3394 rc=0.0000 nc=-5.1623] | val -1.14487 | lr 1.11e-04 | 1366.7s ✓ best
Epoch  120/150 | train -1.15436 [rh=0.0000 nh=-6.3795 rc=0.0000 nc=-5.1641] | val -1.14985 | lr 1.05e-04 | 1378.2s ✓ best
Epoch  121/150 | train -1.15802 [rh=0.0000 nh=-6.4025 rc=0.0000 nc=-5.1778] | val -1.15923 | lr 9.85e-05 | 1389.7s ✓ best
Epoch  122/150 | train -1.16216 [rh=0.0000 nh=-6.4153 rc=0.0000 nc=-5.2063] | val -1.16570 | lr 9.27e-05 | 1401.3s ✓ best
Epoch  123/150 | train -1.16501 [rh=0.0000 nh=-6.4321 rc=0.0000 nc=-5.2180] | val -1.15201 | lr 8.71e-05 | 1412.6s (no improvement 1/15)
Epoch  124/150 | train -1.16803 [rh=0.0000 nh=-6.4508 rc=0.0000 nc=-5.2295] | val -1.15734 | lr 8.16e-05 | 1423.9s (no improvement 2/15)
Epoch  125/150 | train -1.17113 [rh=0.0000 nh=-6.4710 rc=0.0000 nc=-5.2403] | val -1.17242 | lr 7.63e-05 | 1435.4s ✓ best
Epoch  126/150 | train -1.17523 [rh=0.0000 nh=-6.4815 rc=0.0000 nc=-5.2708] | val -1.17149 | lr 7.12e-05 | 1446.7s (no improvement 1/15)
Epoch  127/150 | train -1.17857 [rh=0.0000 nh=-6.4965 rc=0.0000 nc=-5.2893] | val -1.17715 | lr 6.63e-05 | 1459.0s ✓ best
Epoch  128/150 | train -1.18181 [rh=0.0000 nh=-6.5156 rc=0.0000 nc=-5.3026] | val -1.18023 | lr 6.16e-05 | 1470.5s ✓ best
Epoch  129/150 | train -1.18462 [rh=0.0000 nh=-6.5300 rc=0.0000 nc=-5.3163] | val -1.18210 | lr 5.71e-05 | 1481.9s ✓ best
Epoch  130/150 | train -1.18760 [rh=0.0000 nh=-6.5397 rc=0.0000 nc=-5.3364] | val -1.18154 | lr 5.28e-05 | 1493.3s (no improvement 1/15)
Epoch  131/150 | train -1.18996 [rh=0.0000 nh=-6.5512 rc=0.0000 nc=-5.3484] | val -1.18084 | lr 4.87e-05 | 1504.6s (no improvement 2/15)
Epoch  132/150 | train -1.19256 [rh=0.0000 nh=-6.5675 rc=0.0000 nc=-5.3581] | val -1.18909 | lr 4.48e-05 | 1516.1s ✓ best
Epoch  133/150 | train -1.19508 [rh=0.0000 nh=-6.5791 rc=0.0000 nc=-5.3717] | val -1.19112 | lr 4.10e-05 | 1527.6s ✓ best
Epoch  134/150 | train -1.19758 [rh=0.0000 nh=-6.5866 rc=0.0000 nc=-5.3892] | val -1.19406 | lr 3.75e-05 | 1539.1s ✓ best
Epoch  135/150 | train -1.19924 [rh=0.0000 nh=-6.5959 rc=0.0000 nc=-5.3965] | val -1.19563 | lr 3.42e-05 | 1550.6s ✓ best
Epoch  136/150 | train -1.20144 [rh=0.0000 nh=-6.6077 rc=0.0000 nc=-5.4068] | val -1.19661 | lr 3.11e-05 | 1562.0s ✓ best
Epoch  137/150 | train -1.20316 [rh=0.0000 nh=-6.6165 rc=0.0000 nc=-5.4151] | val -1.19840 | lr 2.82e-05 | 1574.3s ✓ best
Epoch  138/150 | train -1.20483 [rh=0.0000 nh=-6.6234 rc=0.0000 nc=-5.4249] | val -1.20026 | lr 2.56e-05 | 1585.8s ✓ best
Epoch  139/150 | train -1.20643 [rh=0.0000 nh=-6.6309 rc=0.0000 nc=-5.4334] | val -1.20132 | lr 2.31e-05 | 1597.2s ✓ best
Epoch  140/150 | train -1.20787 [rh=0.0000 nh=-6.6378 rc=0.0000 nc=-5.4409] | val -1.20236 | lr 2.08e-05 | 1608.7s ✓ best
Epoch  141/150 | train -1.20910 [rh=0.0000 nh=-6.6436 rc=0.0000 nc=-5.4475] | val -1.20465 | lr 1.88e-05 | 1620.2s ✓ best
Epoch  142/150 | train -1.21033 [rh=0.0000 nh=-6.6492 rc=0.0000 nc=-5.4541] | val -1.20615 | lr 1.69e-05 | 1631.7s ✓ best
Epoch  143/150 | train -1.21126 [rh=0.0000 nh=-6.6535 rc=0.0000 nc=-5.4591] | val -1.20676 | lr 1.53e-05 | 1643.2s ✓ best
Epoch  144/150 | train -1.21212 [rh=0.0000 nh=-6.6569 rc=0.0000 nc=-5.4644] | val -1.20804 | lr 1.39e-05 | 1654.6s ✓ best
Epoch  145/150 | train -1.21288 [rh=0.0000 nh=-6.6612 rc=0.0000 nc=-5.4676] | val -1.20890 | lr 1.27e-05 | 1666.1s ✓ best
Epoch  146/150 | train -1.21357 [rh=0.0000 nh=-6.6650 rc=0.0000 nc=-5.4707] | val -1.20880 | lr 1.17e-05 | 1677.4s (no improvement 1/15)
Epoch  147/150 | train -1.21423 [rh=0.0000 nh=-6.6679 rc=0.0000 nc=-5.4744] | val -1.21051 | lr 1.10e-05 | 1690.0s ✓ best
Epoch  148/150 | train -1.21467 [rh=0.0000 nh=-6.6699 rc=0.0000 nc=-5.4769] | val -1.21041 | lr 1.04e-05 | 1702.1s (no improvement 1/15)
Epoch  149/150 | train -1.21506 [rh=0.0000 nh=-6.6714 rc=0.0000 nc=-5.4792] | val -1.21071 | lr 1.01e-05 | 1713.5s ✓ best
Epoch  150/150 | train -1.21539 [rh=0.0000 nh=-6.6744 rc=0.0000 nc=-5.4796] | val -1.21111 | lr 1.00e-05 | 1725.0s ✓ best
[train] Loss plot → surrogate_model_v3/runs/full_range/loss_curves.png
[train] Component loss plot → surrogate_model_v3/runs/full_range/loss_components.png

[train] Done.  Best val loss : -1.211110
[train] Best checkpoint  : surrogate_model_v3/runs/full_range/surrogate_best.pt
[train] Final checkpoint : surrogate_model_v3/runs/full_range/surrogate_final.pt
=== [2/6] mlp ===
/home/xysong/.conda/envs/RL/lib/python3.10/site-packages/torch/utils/data/dataloader.py:617: UserWarning: This DataLoader will create 2 worker processes in total. Our suggested max number of worker in current system is 1, which is smaller than what this DataLoader is going to create. Please be aware that excessive worker creation might get DataLoader running slow or even freeze, lower the worker number to avoid potential slowness/freeze if necessary.
  warnings.warn(
/home/xysong/.conda/envs/RL/lib/python3.10/site-packages/torch/utils/data/dataloader.py:617: UserWarning: This DataLoader will create 2 worker processes in total. Our suggested max number of worker in current system is 1, which is smaller than what this DataLoader is going to create. Please be aware that excessive worker creation might get DataLoader running slow or even freeze, lower the worker number to avoid potential slowness/freeze if necessary.
  warnings.warn(
[mlp.train] Output dir : baseline_surrogate/mlp/runs/full_range
[mlp.train] Device     : cuda
[dataset_v2] Loaded 5000 trajectories × 12 layers from DatasetV2_layer_12_samples_5000.pkl
[dataset_v2] Split → train 4000 | val 500 | test 500
[baseline_surrogate.data] State mean ∈ [162.8, 1853.1], std ∈ [31.4412, 893.7]
[baseline_surrogate.data] Laser power mean = 249.87 W, std = 89.44 W
[baseline_surrogate.data] Cool time    mean = 0.1005 s, std = 0.0314 s
[SingleStageFlatDataset] 48,000 transitions, state_dim=1053, layers 0–11
[SingleStageFlatDataset] 6,000 transitions, state_dim=1053, layers 0–11
[mlp.train] PlainMLPSurrogate params=1,872,925
[mlp.train] Epoch    1/150 | train 0.06410 | val 0.03233 |    4.8s ✓ best
[mlp.train] Epoch    2/150 | train 0.01656 | val 0.01401 |    8.7s ✓ best
[mlp.train] Epoch    3/150 | train 0.00785 | val 0.00693 |   12.8s ✓ best
[mlp.train] Epoch    4/150 | train 0.00632 | val 0.00505 |   16.8s ✓ best
[mlp.train] Epoch    5/150 | train 0.00517 | val 0.00315 |   20.7s ✓ best
[mlp.train] Epoch    6/150 | train 0.00425 | val 0.00309 |   24.3s ✓ best
[mlp.train] Epoch    7/150 | train 0.00362 | val 0.00282 |   28.2s ✓ best
[mlp.train] Epoch    8/150 | train 0.00315 | val 0.01230 |   32.2s (no improvement 1/15)
[mlp.train] Epoch    9/150 | train 0.00292 | val 0.00547 |   36.1s (no improvement 2/15)
[mlp.train] Epoch   10/150 | train 0.00306 | val 0.00584 |   39.8s (no improvement 3/15)
[mlp.train] Epoch   11/150 | train 0.00283 | val 0.00406 |   43.7s (no improvement 4/15)
[mlp.train] Epoch   12/150 | train 0.00230 | val 0.00175 |   47.4s ✓ best
[mlp.train] Epoch   13/150 | train 0.00183 | val 0.00145 |   51.4s ✓ best
[mlp.train] Epoch   14/150 | train 0.00209 | val 0.00123 |   55.1s ✓ best
[mlp.train] Epoch   15/150 | train 0.00198 | val 0.00145 |   59.1s (no improvement 1/15)
[mlp.train] Epoch   16/150 | train 0.00213 | val 0.00176 |   62.8s (no improvement 2/15)
[mlp.train] Epoch   17/150 | train 0.00185 | val 0.00192 |   66.8s (no improvement 3/15)
[mlp.train] Epoch   18/150 | train 0.00214 | val 0.00136 |   70.7s (no improvement 4/15)
[mlp.train] Epoch   19/150 | train 0.00163 | val 0.00289 |   74.6s (no improvement 5/15)
[mlp.train] Epoch   20/150 | train 0.00189 | val 0.00312 |   78.6s (no improvement 6/15)
[mlp.train] Epoch   21/150 | train 0.00225 | val 0.00260 |   82.5s (no improvement 7/15)
[mlp.train] Epoch   22/150 | train 0.00211 | val 0.00168 |   86.4s (no improvement 8/15)
[mlp.train] Epoch   23/150 | train 0.00110 | val 0.00080 |   90.4s ✓ best
[mlp.train] Epoch   24/150 | train 0.00117 | val 0.00130 |   94.4s (no improvement 1/15)
[mlp.train] Epoch   25/150 | train 0.00140 | val 0.00091 |   98.3s (no improvement 2/15)
[mlp.train] Epoch   26/150 | train 0.00127 | val 0.00071 |  102.3s ✓ best
[mlp.train] Epoch   27/150 | train 0.00182 | val 0.00087 |  106.2s (no improvement 1/15)
[mlp.train] Epoch   28/150 | train 0.00138 | val 0.00053 |  110.2s ✓ best
[mlp.train] Epoch   29/150 | train 0.00110 | val 0.00059 |  114.2s (no improvement 1/15)
[mlp.train] Epoch   30/150 | train 0.00101 | val 0.00101 |  118.1s (no improvement 2/15)
[mlp.train] Epoch   31/150 | train 0.00141 | val 0.00158 |  122.0s (no improvement 3/15)
[mlp.train] Epoch   32/150 | train 0.00107 | val 0.00057 |  126.0s (no improvement 4/15)
[mlp.train] Epoch   33/150 | train 0.00123 | val 0.00136 |  129.9s (no improvement 5/15)
[mlp.train] Epoch   34/150 | train 0.00102 | val 0.00098 |  133.8s (no improvement 6/15)
[mlp.train] Epoch   35/150 | train 0.00121 | val 0.00063 |  137.7s (no improvement 7/15)
[mlp.train] Epoch   36/150 | train 0.00118 | val 0.00073 |  141.6s (no improvement 8/15)
[mlp.train] Epoch   37/150 | train 0.00089 | val 0.00074 |  145.5s (no improvement 9/15)
[mlp.train] Epoch   38/150 | train 0.00095 | val 0.00059 |  149.5s (no improvement 10/15)
[mlp.train] Epoch   39/150 | train 0.00121 | val 0.00047 |  153.0s ✓ best
[mlp.train] Epoch   40/150 | train 0.00066 | val 0.00044 |  157.0s ✓ best
[mlp.train] Epoch   41/150 | train 0.00107 | val 0.00064 |  161.0s (no improvement 1/15)
[mlp.train] Epoch   42/150 | train 0.00089 | val 0.00321 |  164.9s (no improvement 2/15)
[mlp.train] Epoch   43/150 | train 0.00103 | val 0.00117 |  168.6s (no improvement 3/15)
[mlp.train] Epoch   44/150 | train 0.00066 | val 0.00038 |  172.6s ✓ best
[mlp.train] Epoch   45/150 | train 0.00071 | val 0.00128 |  176.5s (no improvement 1/15)
[mlp.train] Epoch   46/150 | train 0.00060 | val 0.00034 |  180.5s ✓ best
[mlp.train] Epoch   47/150 | train 0.00077 | val 0.00110 |  184.2s (no improvement 1/15)
[mlp.train] Epoch   48/150 | train 0.00062 | val 0.00084 |  188.1s (no improvement 2/15)
[mlp.train] Epoch   49/150 | train 0.00079 | val 0.00138 |  192.0s (no improvement 3/15)
[mlp.train] Epoch   50/150 | train 0.00130 | val 0.00138 |  196.0s (no improvement 4/15)
[mlp.train] Epoch   51/150 | train 0.00046 | val 0.00038 |  199.9s (no improvement 5/15)
[mlp.train] Epoch   52/150 | train 0.00049 | val 0.00038 |  203.6s (no improvement 6/15)
[mlp.train] Epoch   53/150 | train 0.00053 | val 0.00099 |  207.5s (no improvement 7/15)
[mlp.train] Epoch   54/150 | train 0.00050 | val 0.00073 |  211.5s (no improvement 8/15)
[mlp.train] Epoch   55/150 | train 0.00054 | val 0.00034 |  215.4s (no improvement 9/15)
[mlp.train] Epoch   56/150 | train 0.00065 | val 0.00033 |  219.4s ✓ best
[mlp.train] Epoch   57/150 | train 0.00045 | val 0.00028 |  223.0s ✓ best
[mlp.train] Epoch   58/150 | train 0.00062 | val 0.00063 |  227.0s (no improvement 1/15)
[mlp.train] Epoch   59/150 | train 0.00059 | val 0.00191 |  230.9s (no improvement 2/15)
[mlp.train] Epoch   60/150 | train 0.00046 | val 0.00050 |  234.8s (no improvement 3/15)
[mlp.train] Epoch   61/150 | train 0.00047 | val 0.00097 |  238.8s (no improvement 4/15)
[mlp.train] Epoch   62/150 | train 0.00039 | val 0.00088 |  242.5s (no improvement 5/15)
[mlp.train] Epoch   63/150 | train 0.00069 | val 0.00030 |  246.4s (no improvement 6/15)
[mlp.train] Epoch   64/150 | train 0.00041 | val 0.00016 |  250.4s ✓ best
[mlp.train] Epoch   65/150 | train 0.00042 | val 0.00043 |  254.4s (no improvement 1/15)
[mlp.train] Epoch   66/150 | train 0.00042 | val 0.00065 |  258.3s (no improvement 2/15)
[mlp.train] Epoch   67/150 | train 0.00044 | val 0.00017 |  262.1s (no improvement 3/15)
[mlp.train] Epoch   68/150 | train 0.00025 | val 0.00069 |  266.0s (no improvement 4/15)
[mlp.train] Epoch   69/150 | train 0.00047 | val 0.00031 |  269.9s (no improvement 5/15)
[mlp.train] Epoch   70/150 | train 0.00032 | val 0.00022 |  273.9s (no improvement 6/15)
[mlp.train] Epoch   71/150 | train 0.00033 | val 0.00146 |  277.8s (no improvement 7/15)
[mlp.train] Epoch   72/150 | train 0.00051 | val 0.00043 |  281.6s (no improvement 8/15)
[mlp.train] Epoch   73/150 | train 0.00026 | val 0.00027 |  285.5s (no improvement 9/15)
[mlp.train] Epoch   74/150 | train 0.00041 | val 0.00016 |  289.5s ✓ best
[mlp.train] Epoch   75/150 | train 0.00023 | val 0.00023 |  293.5s (no improvement 1/15)
[mlp.train] Epoch   76/150 | train 0.00038 | val 0.00016 |  297.4s (no improvement 2/15)
[mlp.train] Epoch   77/150 | train 0.00034 | val 0.00017 |  301.3s (no improvement 3/15)
[mlp.train] Epoch   78/150 | train 0.00028 | val 0.00063 |  305.3s (no improvement 4/15)
[mlp.train] Epoch   79/150 | train 0.00025 | val 0.00013 |  308.8s ✓ best
[mlp.train] Epoch   80/150 | train 0.00030 | val 0.00094 |  312.7s (no improvement 1/15)
[mlp.train] Epoch   81/150 | train 0.00028 | val 0.00017 |  316.6s (no improvement 2/15)
[mlp.train] Epoch   82/150 | train 0.00037 | val 0.00016 |  320.6s (no improvement 3/15)
[mlp.train] Epoch   83/150 | train 0.00027 | val 0.00014 |  324.5s (no improvement 4/15)
[mlp.train] Epoch   84/150 | train 0.00014 | val 0.00015 |  328.4s (no improvement 5/15)
[mlp.train] Epoch   85/150 | train 0.00031 | val 0.00011 |  332.4s ✓ best
[mlp.train] Epoch   86/150 | train 0.00021 | val 0.00022 |  336.3s (no improvement 1/15)
[mlp.train] Epoch   87/150 | train 0.00021 | val 0.00010 |  340.3s ✓ best
[mlp.train] Epoch   88/150 | train 0.00013 | val 0.00014 |  344.2s (no improvement 1/15)
[mlp.train] Epoch   89/150 | train 0.00020 | val 0.00062 |  348.2s (no improvement 2/15)
[mlp.train] Epoch   90/150 | train 0.00022 | val 0.00028 |  352.1s (no improvement 3/15)
[mlp.train] Epoch   91/150 | train 0.00018 | val 0.00009 |  356.1s ✓ best
[mlp.train] Epoch   92/150 | train 0.00019 | val 0.00010 |  359.7s (no improvement 1/15)
[mlp.train] Epoch   93/150 | train 0.00021 | val 0.00029 |  363.6s (no improvement 2/15)
[mlp.train] Epoch   94/150 | train 0.00017 | val 0.00011 |  367.5s (no improvement 3/15)
[mlp.train] Epoch   95/150 | train 0.00009 | val 0.00009 |  371.5s (no improvement 4/15)
[mlp.train] Epoch   96/150 | train 0.00014 | val 0.00007 |  375.4s ✓ best
[mlp.train] Epoch   97/150 | train 0.00010 | val 0.00024 |  379.4s (no improvement 1/15)
[mlp.train] Epoch   98/150 | train 0.00014 | val 0.00017 |  383.3s (no improvement 2/15)
[mlp.train] Epoch   99/150 | train 0.00010 | val 0.00024 |  387.2s (no improvement 3/15)
[mlp.train] Epoch  100/150 | train 0.00011 | val 0.00007 |  391.2s ✓ best
[mlp.train] Epoch  101/150 | train 0.00012 | val 0.00012 |  395.1s (no improvement 1/15)
[mlp.train] Epoch  102/150 | train 0.00010 | val 0.00008 |  399.1s (no improvement 2/15)
[mlp.train] Epoch  103/150 | train 0.00014 | val 0.00050 |  403.0s (no improvement 3/15)
[mlp.train] Epoch  104/150 | train 0.00011 | val 0.00005 |  407.0s ✓ best
[mlp.train] Epoch  105/150 | train 0.00010 | val 0.00006 |  411.0s (no improvement 1/15)
[mlp.train] Epoch  106/150 | train 0.00008 | val 0.00005 |  414.9s (no improvement 2/15)
[mlp.train] Epoch  107/150 | train 0.00007 | val 0.00015 |  418.4s (no improvement 3/15)
[mlp.train] Epoch  108/150 | train 0.00024 | val 0.00013 |  422.3s (no improvement 4/15)
[mlp.train] Epoch  109/150 | train 0.00007 | val 0.00005 |  426.3s ✓ best
[mlp.train] Epoch  110/150 | train 0.00006 | val 0.00004 |  430.3s ✓ best
[mlp.train] Epoch  111/150 | train 0.00005 | val 0.00006 |  433.9s (no improvement 1/15)
[mlp.train] Epoch  112/150 | train 0.00006 | val 0.00007 |  437.8s (no improvement 2/15)
[mlp.train] Epoch  113/150 | train 0.00009 | val 0.00005 |  441.8s (no improvement 3/15)
[mlp.train] Epoch  114/150 | train 0.00007 | val 0.00011 |  445.7s (no improvement 4/15)
[mlp.train] Epoch  115/150 | train 0.00005 | val 0.00004 |  449.6s ✓ best
[mlp.train] Epoch  116/150 | train 0.00004 | val 0.00004 |  453.6s (no improvement 1/15)
[mlp.train] Epoch  117/150 | train 0.00005 | val 0.00005 |  457.5s (no improvement 2/15)
[mlp.train] Epoch  118/150 | train 0.00004 | val 0.00004 |  461.4s (no improvement 3/15)
[mlp.train] Epoch  119/150 | train 0.00005 | val 0.00004 |  465.4s (no improvement 4/15)
[mlp.train] Epoch  120/150 | train 0.00004 | val 0.00006 |  469.3s (no improvement 5/15)
[mlp.train] Epoch  121/150 | train 0.00006 | val 0.00008 |  473.2s (no improvement 6/15)
[mlp.train] Epoch  122/150 | train 0.00005 | val 0.00004 |  477.2s ✓ best
[mlp.train] Epoch  123/150 | train 0.00004 | val 0.00003 |  481.2s ✓ best
[mlp.train] Epoch  124/150 | train 0.00004 | val 0.00004 |  484.7s (no improvement 1/15)
[mlp.train] Epoch  125/150 | train 0.00004 | val 0.00003 |  488.7s (no improvement 2/15)
[mlp.train] Epoch  126/150 | train 0.00006 | val 0.00003 |  492.7s ✓ best
[mlp.train] Epoch  127/150 | train 0.00004 | val 0.00003 |  496.6s (no improvement 1/15)
[mlp.train] Epoch  128/150 | train 0.00003 | val 0.00003 |  500.6s (no improvement 2/15)
[mlp.train] Epoch  129/150 | train 0.00003 | val 0.00003 |  504.5s (no improvement 3/15)
[mlp.train] Epoch  130/150 | train 0.00004 | val 0.00003 |  508.5s ✓ best
[mlp.train] Epoch  131/150 | train 0.00003 | val 0.00003 |  512.4s (no improvement 1/15)
[mlp.train] Epoch  132/150 | train 0.00003 | val 0.00003 |  516.3s ✓ best
[mlp.train] Epoch  133/150 | train 0.00003 | val 0.00004 |  520.2s (no improvement 1/15)
[mlp.train] Epoch  134/150 | train 0.00003 | val 0.00003 |  524.2s ✓ best
[mlp.train] Epoch  135/150 | train 0.00003 | val 0.00003 |  528.1s (no improvement 1/15)
[mlp.train] Epoch  136/150 | train 0.00003 | val 0.00003 |  532.1s (no improvement 2/15)
[mlp.train] Epoch  137/150 | train 0.00003 | val 0.00003 |  536.1s ✓ best
[mlp.train] Epoch  138/150 | train 0.00003 | val 0.00003 |  540.0s (no improvement 1/15)
[mlp.train] Epoch  139/150 | train 0.00003 | val 0.00002 |  544.0s ✓ best
[mlp.train] Epoch  140/150 | train 0.00002 | val 0.00003 |  547.9s (no improvement 1/15)
[mlp.train] Epoch  141/150 | train 0.00003 | val 0.00003 |  551.9s (no improvement 2/15)
[mlp.train] Epoch  142/150 | train 0.00003 | val 0.00003 |  555.8s (no improvement 3/15)
[mlp.train] Epoch  143/150 | train 0.00002 | val 0.00002 |  559.5s (no improvement 4/15)
[mlp.train] Epoch  144/150 | train 0.00002 | val 0.00002 |  563.5s ✓ best
[mlp.train] Epoch  145/150 | train 0.00002 | val 0.00002 |  567.5s ✓ best
[mlp.train] Epoch  146/150 | train 0.00002 | val 0.00003 |  571.5s (no improvement 1/15)
[mlp.train] Epoch  147/150 | train 0.00002 | val 0.00003 |  575.1s (no improvement 2/15)
[mlp.train] Epoch  148/150 | train 0.00002 | val 0.00002 |  579.1s (no improvement 3/15)
[mlp.train] Epoch  149/150 | train 0.00002 | val 0.00002 |  583.0s (no improvement 4/15)
[mlp.train] Epoch  150/150 | train 0.00002 | val 0.00003 |  587.0s (no improvement 5/15)
[mlp.train] Done. Best checkpoint: baseline_surrogate/mlp/runs/full_range/mlp_best.pt
=== [3/6] lstm ===
/home/xysong/.conda/envs/RL/lib/python3.10/site-packages/torch/utils/data/dataloader.py:617: UserWarning: This DataLoader will create 2 worker processes in total. Our suggested max number of worker in current system is 1, which is smaller than what this DataLoader is going to create. Please be aware that excessive worker creation might get DataLoader running slow or even freeze, lower the worker number to avoid potential slowness/freeze if necessary.
  warnings.warn(
/home/xysong/.conda/envs/RL/lib/python3.10/site-packages/torch/utils/data/dataloader.py:617: UserWarning: This DataLoader will create 2 worker processes in total. Our suggested max number of worker in current system is 1, which is smaller than what this DataLoader is going to create. Please be aware that excessive worker creation might get DataLoader running slow or even freeze, lower the worker number to avoid potential slowness/freeze if necessary.
  warnings.warn(
[lstm.train] Output dir : baseline_surrogate/lstm/runs/full_range
[lstm.train] Device     : cuda
[dataset_v2] Loaded 5000 trajectories × 12 layers from DatasetV2_layer_12_samples_5000.pkl
[dataset_v2] Split → train 4000 | val 500 | test 500
[baseline_surrogate.data] State mean ∈ [162.8, 1853.1], std ∈ [31.4412, 893.7]
[baseline_surrogate.data] Laser power mean = 249.87 W, std = 89.44 W
[baseline_surrogate.data] Cool time    mean = 0.1005 s, std = 0.0314 s
[SingleStageTrajectoryDataset] 4,000 trajectories, state_dim=1053
[SingleStageTrajectoryDataset] 500 trajectories, state_dim=1053
[lstm.train] LSTMSurrogate params=3,753,501
[lstm.train] Epoch    1/150 | train 0.16949 | val 0.03251 |    2.4s ✓ best
[lstm.train] Epoch    2/150 | train 0.02353 | val 0.01709 |    3.7s ✓ best
[lstm.train] Epoch    3/150 | train 0.01282 | val 0.00884 |    5.1s ✓ best
[lstm.train] Epoch    4/150 | train 0.00680 | val 0.00471 |    6.4s ✓ best
[lstm.train] Epoch    5/150 | train 0.00373 | val 0.00362 |    7.8s ✓ best
[lstm.train] Epoch    6/150 | train 0.00278 | val 0.00276 |    9.2s ✓ best
[lstm.train] Epoch    7/150 | train 0.00211 | val 0.00212 |   10.6s ✓ best
[lstm.train] Epoch    8/150 | train 0.00167 | val 0.00141 |   11.9s ✓ best
[lstm.train] Epoch    9/150 | train 0.00118 | val 0.00097 |   13.3s ✓ best
[lstm.train] Epoch   10/150 | train 0.00123 | val 0.00128 |   14.5s (no improvement 1/15)
[lstm.train] Epoch   11/150 | train 0.00082 | val 0.00061 |   15.9s ✓ best
[lstm.train] Epoch   12/150 | train 0.00086 | val 0.00064 |   17.2s (no improvement 1/15)
[lstm.train] Epoch   13/150 | train 0.00056 | val 0.00055 |   18.5s ✓ best
[lstm.train] Epoch   14/150 | train 0.00059 | val 0.00082 |   19.8s (no improvement 1/15)
[lstm.train] Epoch   15/150 | train 0.00061 | val 0.00047 |   21.2s ✓ best
[lstm.train] Epoch   16/150 | train 0.00044 | val 0.00168 |   22.4s (no improvement 1/15)
[lstm.train] Epoch   17/150 | train 0.00083 | val 0.00054 |   23.7s (no improvement 2/15)
[lstm.train] Epoch   18/150 | train 0.00044 | val 0.00080 |   24.9s (no improvement 3/15)
[lstm.train] Epoch   19/150 | train 0.00049 | val 0.00041 |   26.3s ✓ best
[lstm.train] Epoch   20/150 | train 0.00032 | val 0.00029 |   27.7s ✓ best
[lstm.train] Epoch   21/150 | train 0.00044 | val 0.00034 |   28.9s (no improvement 1/15)
[lstm.train] Epoch   22/150 | train 0.00028 | val 0.00031 |   30.2s (no improvement 2/15)
[lstm.train] Epoch   23/150 | train 0.00035 | val 0.00040 |   31.4s (no improvement 3/15)
[lstm.train] Epoch   24/150 | train 0.00038 | val 0.00035 |   32.7s (no improvement 4/15)
[lstm.train] Epoch   25/150 | train 0.00042 | val 0.00033 |   34.0s (no improvement 5/15)
[lstm.train] Epoch   26/150 | train 0.00028 | val 0.00022 |   35.3s ✓ best
[lstm.train] Epoch   27/150 | train 0.00027 | val 0.00020 |   36.7s ✓ best
[lstm.train] Epoch   28/150 | train 0.00025 | val 0.00026 |   38.0s (no improvement 1/15)
[lstm.train] Epoch   29/150 | train 0.00056 | val 0.00043 |   39.2s (no improvement 2/15)
[lstm.train] Epoch   30/150 | train 0.00025 | val 0.00022 |   40.5s (no improvement 3/15)
[lstm.train] Epoch   31/150 | train 0.00018 | val 0.00017 |   41.8s ✓ best
[lstm.train] Epoch   32/150 | train 0.00018 | val 0.00017 |   43.1s (no improvement 1/15)
[lstm.train] Epoch   33/150 | train 0.00026 | val 0.00030 |   44.4s (no improvement 2/15)
[lstm.train] Epoch   34/150 | train 0.00051 | val 0.00048 |   45.6s (no improvement 3/15)
[lstm.train] Epoch   35/150 | train 0.00022 | val 0.00014 |   47.0s ✓ best
[lstm.train] Epoch   36/150 | train 0.00013 | val 0.00013 |   48.4s ✓ best
[lstm.train] Epoch   37/150 | train 0.00014 | val 0.00014 |   49.7s (no improvement 1/15)
[lstm.train] Epoch   38/150 | train 0.00013 | val 0.00044 |   50.9s (no improvement 2/15)
[lstm.train] Epoch   39/150 | train 0.00026 | val 0.00019 |   52.2s (no improvement 3/15)
[lstm.train] Epoch   40/150 | train 0.00020 | val 0.00018 |   53.4s (no improvement 4/15)
[lstm.train] Epoch   41/150 | train 0.00015 | val 0.00014 |   54.7s (no improvement 5/15)
[lstm.train] Epoch   42/150 | train 0.00019 | val 0.00023 |   56.0s (no improvement 6/15)
[lstm.train] Epoch   43/150 | train 0.00016 | val 0.00013 |   57.2s (no improvement 7/15)
[lstm.train] Epoch   44/150 | train 0.00011 | val 0.00011 |   58.6s ✓ best
[lstm.train] Epoch   45/150 | train 0.00023 | val 0.00053 |   59.8s (no improvement 1/15)
[lstm.train] Epoch   46/150 | train 0.00019 | val 0.00010 |   61.2s ✓ best
[lstm.train] Epoch   47/150 | train 0.00011 | val 0.00009 |   62.6s ✓ best
[lstm.train] Epoch   48/150 | train 0.00011 | val 0.00012 |   63.9s (no improvement 1/15)
[lstm.train] Epoch   49/150 | train 0.00009 | val 0.00011 |   65.1s (no improvement 2/15)
[lstm.train] Epoch   50/150 | train 0.00013 | val 0.00018 |   66.4s (no improvement 3/15)
[lstm.train] Epoch   51/150 | train 0.00024 | val 0.00052 |   67.6s (no improvement 4/15)
[lstm.train] Epoch   52/150 | train 0.00024 | val 0.00019 |   68.9s (no improvement 5/15)
[lstm.train] Epoch   53/150 | train 0.00012 | val 0.00013 |   70.1s (no improvement 6/15)
[lstm.train] Epoch   54/150 | train 0.00011 | val 0.00012 |   71.4s (no improvement 7/15)
[lstm.train] Epoch   55/150 | train 0.00008 | val 0.00007 |   72.8s ✓ best
[lstm.train] Epoch   56/150 | train 0.00007 | val 0.00007 |   74.1s (no improvement 1/15)
[lstm.train] Epoch   57/150 | train 0.00007 | val 0.00007 |   75.3s (no improvement 2/15)
[lstm.train] Epoch   58/150 | train 0.00007 | val 0.00013 |   76.6s (no improvement 3/15)
[lstm.train] Epoch   59/150 | train 0.00014 | val 0.00018 |   77.9s (no improvement 4/15)
[lstm.train] Epoch   60/150 | train 0.00013 | val 0.00009 |   79.1s (no improvement 5/15)
[lstm.train] Epoch   61/150 | train 0.00009 | val 0.00010 |   80.4s (no improvement 6/15)
[lstm.train] Epoch   62/150 | train 0.00008 | val 0.00007 |   81.6s (no improvement 7/15)
[lstm.train] Epoch   63/150 | train 0.00006 | val 0.00006 |   83.0s ✓ best
[lstm.train] Epoch   64/150 | train 0.00006 | val 0.00006 |   84.3s (no improvement 1/15)
[lstm.train] Epoch   65/150 | train 0.00006 | val 0.00005 |   85.6s ✓ best
[lstm.train] Epoch   66/150 | train 0.00005 | val 0.00006 |   86.9s (no improvement 1/15)
[lstm.train] Epoch   67/150 | train 0.00005 | val 0.00005 |   88.2s (no improvement 2/15)
[lstm.train] Epoch   68/150 | train 0.00005 | val 0.00005 |   89.5s (no improvement 3/15)
[lstm.train] Epoch   69/150 | train 0.00005 | val 0.00006 |   90.7s (no improvement 4/15)
[lstm.train] Epoch   70/150 | train 0.00005 | val 0.00005 |   92.1s ✓ best
[lstm.train] Epoch   71/150 | train 0.00006 | val 0.00009 |   93.4s (no improvement 1/15)
[lstm.train] Epoch   72/150 | train 0.00008 | val 0.00006 |   94.7s (no improvement 2/15)
[lstm.train] Epoch   73/150 | train 0.00006 | val 0.00006 |   95.9s (no improvement 3/15)
[lstm.train] Epoch   74/150 | train 0.00007 | val 0.00008 |   97.2s (no improvement 4/15)
[lstm.train] Epoch   75/150 | train 0.00007 | val 0.00005 |   98.6s ✓ best
[lstm.train] Epoch   76/150 | train 0.00005 | val 0.00005 |  100.0s ✓ best
[lstm.train] Epoch   77/150 | train 0.00004 | val 0.00004 |  101.4s ✓ best
[lstm.train] Epoch   78/150 | train 0.00004 | val 0.00004 |  102.8s ✓ best
[lstm.train] Epoch   79/150 | train 0.00005 | val 0.00005 |  104.1s (no improvement 1/15)
[lstm.train] Epoch   80/150 | train 0.00004 | val 0.00004 |  105.4s (no improvement 2/15)
[lstm.train] Epoch   81/150 | train 0.00004 | val 0.00004 |  106.8s ✓ best
[lstm.train] Epoch   82/150 | train 0.00004 | val 0.00004 |  108.0s (no improvement 1/15)
[lstm.train] Epoch   83/150 | train 0.00004 | val 0.00004 |  109.3s (no improvement 2/15)
[lstm.train] Epoch   84/150 | train 0.00004 | val 0.00004 |  110.6s (no improvement 3/15)
[lstm.train] Epoch   85/150 | train 0.00004 | val 0.00004 |  111.9s ✓ best
[lstm.train] Epoch   86/150 | train 0.00004 | val 0.00004 |  113.2s (no improvement 1/15)
[lstm.train] Epoch   87/150 | train 0.00004 | val 0.00004 |  114.6s ✓ best
[lstm.train] Epoch   88/150 | train 0.00004 | val 0.00003 |  116.0s ✓ best
[lstm.train] Epoch   89/150 | train 0.00003 | val 0.00003 |  117.4s ✓ best
[lstm.train] Epoch   90/150 | train 0.00003 | val 0.00003 |  118.7s (no improvement 1/15)
[lstm.train] Epoch   91/150 | train 0.00003 | val 0.00004 |  120.0s (no improvement 2/15)
[lstm.train] Epoch   92/150 | train 0.00004 | val 0.00003 |  121.3s ✓ best
[lstm.train] Epoch   93/150 | train 0.00003 | val 0.00003 |  122.7s ✓ best
[lstm.train] Epoch   94/150 | train 0.00003 | val 0.00003 |  124.0s (no improvement 1/15)
[lstm.train] Epoch   95/150 | train 0.00003 | val 0.00003 |  125.3s (no improvement 2/15)
[lstm.train] Epoch   96/150 | train 0.00003 | val 0.00003 |  126.7s ✓ best
[lstm.train] Epoch   97/150 | train 0.00003 | val 0.00003 |  128.0s (no improvement 1/15)
[lstm.train] Epoch   98/150 | train 0.00003 | val 0.00003 |  129.3s (no improvement 2/15)
[lstm.train] Epoch   99/150 | train 0.00003 | val 0.00003 |  130.6s ✓ best
[lstm.train] Epoch  100/150 | train 0.00003 | val 0.00003 |  131.9s (no improvement 1/15)
[lstm.train] Epoch  101/150 | train 0.00003 | val 0.00003 |  133.3s ✓ best
[lstm.train] Epoch  102/150 | train 0.00003 | val 0.00003 |  134.6s (no improvement 1/15)
[lstm.train] Epoch  103/150 | train 0.00003 | val 0.00003 |  136.0s ✓ best
[lstm.train] Epoch  104/150 | train 0.00003 | val 0.00003 |  137.3s (no improvement 1/15)
[lstm.train] Epoch  105/150 | train 0.00003 | val 0.00003 |  138.6s ✓ best
[lstm.train] Epoch  106/150 | train 0.00003 | val 0.00003 |  140.0s ✓ best
[lstm.train] Epoch  107/150 | train 0.00003 | val 0.00003 |  141.4s ✓ best
[lstm.train] Epoch  108/150 | train 0.00003 | val 0.00003 |  142.8s ✓ best
[lstm.train] Epoch  109/150 | train 0.00003 | val 0.00003 |  144.2s ✓ best
[lstm.train] Epoch  110/150 | train 0.00003 | val 0.00003 |  145.5s (no improvement 1/15)
[lstm.train] Epoch  111/150 | train 0.00003 | val 0.00003 |  146.8s (no improvement 2/15)
[lstm.train] Epoch  112/150 | train 0.00002 | val 0.00002 |  148.2s ✓ best
[lstm.train] Epoch  113/150 | train 0.00002 | val 0.00002 |  149.6s ✓ best
[lstm.train] Epoch  114/150 | train 0.00002 | val 0.00002 |  151.0s ✓ best
[lstm.train] Epoch  115/150 | train 0.00002 | val 0.00002 |  152.3s ✓ best
[lstm.train] Epoch  116/150 | train 0.00002 | val 0.00002 |  153.6s (no improvement 1/15)
[lstm.train] Epoch  117/150 | train 0.00002 | val 0.00002 |  155.0s ✓ best
[lstm.train] Epoch  118/150 | train 0.00002 | val 0.00002 |  156.4s ✓ best
[lstm.train] Epoch  119/150 | train 0.00002 | val 0.00002 |  157.8s ✓ best
[lstm.train] Epoch  120/150 | train 0.00002 | val 0.00002 |  159.2s ✓ best
[lstm.train] Epoch  121/150 | train 0.00002 | val 0.00002 |  160.6s ✓ best
[lstm.train] Epoch  122/150 | train 0.00002 | val 0.00002 |  162.0s ✓ best
[lstm.train] Epoch  123/150 | train 0.00002 | val 0.00002 |  163.4s ✓ best
[lstm.train] Epoch  124/150 | train 0.00002 | val 0.00002 |  164.7s ✓ best
[lstm.train] Epoch  125/150 | train 0.00002 | val 0.00002 |  166.1s ✓ best
[lstm.train] Epoch  126/150 | train 0.00002 | val 0.00002 |  167.5s ✓ best
[lstm.train] Epoch  127/150 | train 0.00002 | val 0.00002 |  168.9s ✓ best
[lstm.train] Epoch  128/150 | train 0.00002 | val 0.00002 |  170.3s ✓ best
[lstm.train] Epoch  129/150 | train 0.00002 | val 0.00002 |  171.6s (no improvement 1/15)
[lstm.train] Epoch  130/150 | train 0.00002 | val 0.00002 |  173.0s ✓ best
[lstm.train] Epoch  131/150 | train 0.00002 | val 0.00002 |  174.4s ✓ best
[lstm.train] Epoch  132/150 | train 0.00002 | val 0.00002 |  175.8s ✓ best
[lstm.train] Epoch  133/150 | train 0.00002 | val 0.00002 |  177.1s (no improvement 1/15)
[lstm.train] Epoch  134/150 | train 0.00002 | val 0.00002 |  178.3s (no improvement 2/15)
[lstm.train] Epoch  135/150 | train 0.00002 | val 0.00002 |  179.7s ✓ best
[lstm.train] Epoch  136/150 | train 0.00002 | val 0.00002 |  181.0s (no improvement 1/15)
[lstm.train] Epoch  137/150 | train 0.00002 | val 0.00002 |  182.4s ✓ best
[lstm.train] Epoch  138/150 | train 0.00002 | val 0.00002 |  183.7s ✓ best
[lstm.train] Epoch  139/150 | train 0.00002 | val 0.00002 |  185.1s ✓ best
[lstm.train] Epoch  140/150 | train 0.00002 | val 0.00002 |  186.5s ✓ best
[lstm.train] Epoch  141/150 | train 0.00002 | val 0.00002 |  187.9s ✓ best
[lstm.train] Epoch  142/150 | train 0.00002 | val 0.00002 |  189.3s ✓ best
[lstm.train] Epoch  143/150 | train 0.00002 | val 0.00002 |  190.7s ✓ best
[lstm.train] Epoch  144/150 | train 0.00002 | val 0.00002 |  192.0s ✓ best
[lstm.train] Epoch  145/150 | train 0.00002 | val 0.00002 |  193.4s ✓ best
[lstm.train] Epoch  146/150 | train 0.00002 | val 0.00002 |  194.7s (no improvement 1/15)
[lstm.train] Epoch  147/150 | train 0.00002 | val 0.00002 |  196.0s (no improvement 2/15)
[lstm.train] Epoch  148/150 | train 0.00002 | val 0.00002 |  197.4s ✓ best
[lstm.train] Epoch  149/150 | train 0.00002 | val 0.00002 |  198.8s ✓ best
[lstm.train] Epoch  150/150 | train 0.00002 | val 0.00002 |  200.2s ✓ best
[lstm.train] Done. Best checkpoint: baseline_surrogate/lstm/runs/full_range/lstm_best.pt
=== [4/6] vanilla_ensemble ===
/home/xysong/.conda/envs/RL/lib/python3.10/site-packages/torch/utils/data/dataloader.py:617: UserWarning: This DataLoader will create 2 worker processes in total. Our suggested max number of worker in current system is 1, which is smaller than what this DataLoader is going to create. Please be aware that excessive worker creation might get DataLoader running slow or even freeze, lower the worker number to avoid potential slowness/freeze if necessary.
  warnings.warn(
/home/xysong/.conda/envs/RL/lib/python3.10/site-packages/torch/utils/data/dataloader.py:617: UserWarning: This DataLoader will create 2 worker processes in total. Our suggested max number of worker in current system is 1, which is smaller than what this DataLoader is going to create. Please be aware that excessive worker creation might get DataLoader running slow or even freeze, lower the worker number to avoid potential slowness/freeze if necessary.
  warnings.warn(
[vanilla_ensemble.train] Output dir : baseline_surrogate/vanilla_ensemble/runs/full_range
[vanilla_ensemble.train] Device     : cuda
[dataset_v2] Loaded 5000 trajectories × 12 layers from DatasetV2_layer_12_samples_5000.pkl
[dataset_v2] Split → train 4000 | val 500 | test 500
[baseline_surrogate.data] State mean ∈ [162.8, 1853.1], std ∈ [31.4412, 893.7]
[baseline_surrogate.data] Laser power mean = 249.87 W, std = 89.44 W
[baseline_surrogate.data] Cool time    mean = 0.1005 s, std = 0.0314 s
[SingleStageFlatDataset] 48,000 transitions, state_dim=1053, layers 0–11
[SingleStageFlatDataset] 6,000 transitions, state_dim=1053, layers 0–11
[vanilla_ensemble.train] VanillaDeepEnsembleSurrogate params=9,364,625
[vanilla_ensemble.train] Epoch    1/150 | train 0.06250 | val 0.02153 |    6.3s ✓ best
[vanilla_ensemble.train] Epoch    2/150 | train 0.01550 | val 0.01296 |   11.9s ✓ best
[vanilla_ensemble.train] Epoch    3/150 | train 0.00902 | val 0.00674 |   17.3s ✓ best
[vanilla_ensemble.train] Epoch    4/150 | train 0.00614 | val 0.00503 |   22.6s ✓ best
[vanilla_ensemble.train] Epoch    5/150 | train 0.00459 | val 0.00379 |   28.2s ✓ best
[vanilla_ensemble.train] Epoch    6/150 | train 0.00380 | val 0.00257 |   33.6s ✓ best
[vanilla_ensemble.train] Epoch    7/150 | train 0.00408 | val 0.00517 |   38.5s (no improvement 1/15)
[vanilla_ensemble.train] Epoch    8/150 | train 0.00323 | val 0.00238 |   44.2s ✓ best
[vanilla_ensemble.train] Epoch    9/150 | train 0.00301 | val 0.00264 |   49.5s (no improvement 1/15)
[vanilla_ensemble.train] Epoch   10/150 | train 0.00270 | val 0.00196 |   55.2s ✓ best
[vanilla_ensemble.train] Epoch   11/150 | train 0.00282 | val 0.00256 |   60.5s (no improvement 1/15)
[vanilla_ensemble.train] Epoch   12/150 | train 0.00224 | val 0.00157 |   65.9s ✓ best
[vanilla_ensemble.train] Epoch   13/150 | train 0.00212 | val 0.00326 |   71.2s (no improvement 1/15)
[vanilla_ensemble.train] Epoch   14/150 | train 0.00203 | val 0.00157 |   76.8s (no improvement 2/15)
[vanilla_ensemble.train] Epoch   15/150 | train 0.00217 | val 0.00280 |   82.1s (no improvement 3/15)
[vanilla_ensemble.train] Epoch   16/150 | train 0.00230 | val 0.00279 |   87.6s (no improvement 4/15)
[vanilla_ensemble.train] Epoch   17/150 | train 0.00211 | val 0.00337 |   92.7s (no improvement 5/15)
[vanilla_ensemble.train] Epoch   18/150 | train 0.00184 | val 0.00168 |   98.1s (no improvement 6/15)
[vanilla_ensemble.train] Epoch   19/150 | train 0.00239 | val 0.00160 |  103.0s (no improvement 7/15)
