============================================================
Job ID   : 51238660
Node     : gl1021
Started  : Mon Jun  1 16:13:28 EDT 2026
============================================================
Python : /home/xysong/.conda/envs/RL/bin/python
Torch  : 2.5.1+cu121
CUDA   : True
============================================================
/home/xysong/.conda/envs/RL/lib/python3.10/site-packages/torch/utils/data/dataloader.py:617: UserWarning: This DataLoader will create 6 worker processes in total. Our suggested max number of worker in current system is 1, which is smaller than what this DataLoader is going to create. Please be aware that excessive worker creation might get DataLoader running slow or even freeze, lower the worker number to avoid potential slowness/freeze if necessary.
  warnings.warn(
/home/xysong/.conda/envs/RL/lib/python3.10/site-packages/torch/utils/data/dataloader.py:617: UserWarning: This DataLoader will create 6 worker processes in total. Our suggested max number of worker in current system is 1, which is smaller than what this DataLoader is going to create. Please be aware that excessive worker creation might get DataLoader running slow or even freeze, lower the worker number to avoid potential slowness/freeze if necessary.
  warnings.warn(
[train] Output dir : surrogate_model_latent/runs/20260601_161335
[train] Device     : cuda
[dataset] Loaded 5000 trajectories × 12 layers from Dataset:layer_12_stepsize_10_samples_5000_150_400.pkl
[dataset] Split → train 4000 | val 500 | test 500
[dataset] State  mean ∈ [100.7, 4537.2], std  ∈ [42.6614, 1645.1]
[dataset] Action mean = 274.55 W, std = 75.11 W
[dataset] ROI weight table: (12, 1053), range [0.801, 4.219]  (square side 0.40→0.50 × min_dim)
[train] ROI weights loaded from mesh: /nfs/turbo/coe-sunwbgt/xysong/Offline-RL-Controller-in-AM/surrogate_model/mesh.mat
[LatentTrajectoryDataset] 4,000 trajectories, T=12, state_dim=1053
[LatentTrajectoryDataset] 500 trajectories, T=12, state_dim=1053
[train] EnsembleLatentDynamicsModel(state=1053, latent=32, action=1, K=5, n_layers=12, embed=8 | enc=676,384  trans×5=552,320  dec=677,405 | total=1,906,109)

[train] Starting training for up to 500 epochs (patience=30)
[train] Loss mode : rollout k=12
[train] Weights   → recon_st=1.0  recon_st1=1.0  rollout=0.2
[train] Ensemble  → K=5 members
--------------------------------------------------------------------------------
Epoch    1/500 | train 1.41640 [rs=0.7492 rs1=0.5426 ro=0.6230] | val 0.41923 | lr 1.00e-03 |    6.4s ✓ best
Epoch    2/500 | train 0.28086 [rs=0.1248 rs1=0.1220 ro=0.1703] | val 0.16957 | lr 1.00e-03 |   10.5s ✓ best
Epoch    3/500 | train 0.16289 [rs=0.0661 rs1=0.0762 ro=0.1029] | val 0.11465 | lr 1.00e-03 |   14.5s ✓ best
Epoch    4/500 | train 0.11937 [rs=0.0517 rs1=0.0553 ro=0.0618] | val 0.09097 | lr 1.00e-03 |   18.5s ✓ best
Epoch    5/500 | train 0.09615 [rs=0.0422 rs1=0.0446 ro=0.0465] | val 0.06962 | lr 1.00e-03 |   22.5s ✓ best
Epoch    6/500 | train 0.07623 [rs=0.0339 rs1=0.0353 ro=0.0354] | val 0.05501 | lr 1.00e-03 |   26.5s ✓ best
Epoch    7/500 | train 0.06219 [rs=0.0278 rs1=0.0286 ro=0.0291] | val 0.04550 | lr 1.00e-03 |   30.6s ✓ best
Epoch    8/500 | train 0.05301 [rs=0.0240 rs1=0.0240 ro=0.0252] | val 0.03314 | lr 9.99e-04 |   34.6s ✓ best
Epoch    9/500 | train 0.04050 [rs=0.0190 rs1=0.0178 ro=0.0185] | val 0.02441 | lr 9.99e-04 |   38.8s ✓ best
Epoch   10/500 | train 0.03614 [rs=0.0162 rs1=0.0165 ro=0.0175] | val 0.02012 | lr 9.99e-04 |   42.8s ✓ best
Epoch   11/500 | train 0.02920 [rs=0.0135 rs1=0.0132 ro=0.0126] | val 0.01810 | lr 9.99e-04 |   46.8s ✓ best
Epoch   12/500 | train 0.02652 [rs=0.0125 rs1=0.0119 ro=0.0106] | val 0.02442 | lr 9.99e-04 |   50.8s (no improvement 1/30)
Epoch   13/500 | train 0.02661 [rs=0.0124 rs1=0.0118 ro=0.0120] | val 0.01991 | lr 9.98e-04 |   54.7s (no improvement 2/30)
Epoch   14/500 | train 0.02464 [rs=0.0117 rs1=0.0109 ro=0.0100] | val 0.01481 | lr 9.98e-04 |   58.7s ✓ best
Epoch   15/500 | train 0.02251 [rs=0.0109 rs1=0.0099 ro=0.0087] | val 0.01373 | lr 9.98e-04 |   62.7s ✓ best
Epoch   16/500 | train 0.02066 [rs=0.0102 rs1=0.0090 ro=0.0075] | val 0.01304 | lr 9.98e-04 |   66.8s ✓ best
Epoch   17/500 | train 0.02028 [rs=0.0100 rs1=0.0088 ro=0.0076] | val 0.01444 | lr 9.97e-04 |   70.7s (no improvement 1/30)
Epoch   18/500 | train 0.02130 [rs=0.0104 rs1=0.0092 ro=0.0083] | val 0.01502 | lr 9.97e-04 |   74.6s (no improvement 2/30)
Epoch   19/500 | train 0.01822 [rs=0.0091 rs1=0.0078 ro=0.0065] | val 0.01067 | lr 9.96e-04 |   78.6s ✓ best
Epoch   20/500 | train 0.01686 [rs=0.0085 rs1=0.0071 ro=0.0060] | val 0.01168 | lr 9.96e-04 |   82.6s (no improvement 1/30)
Epoch   21/500 | train 0.01745 [rs=0.0087 rs1=0.0075 ro=0.0066] | val 0.01357 | lr 9.96e-04 |   86.5s (no improvement 2/30)
Epoch   22/500 | train 0.01765 [rs=0.0087 rs1=0.0076 ro=0.0068] | val 0.01005 | lr 9.95e-04 |   90.5s ✓ best
Epoch   23/500 | train 0.01530 [rs=0.0077 rs1=0.0064 ro=0.0056] | val 0.00948 | lr 9.95e-04 |   94.5s ✓ best
Epoch   24/500 | train 0.01472 [rs=0.0074 rs1=0.0062 ro=0.0054] | val 0.00837 | lr 9.94e-04 |   98.5s ✓ best
Epoch   25/500 | train 0.01349 [rs=0.0069 rs1=0.0057 ro=0.0047] | val 0.00768 | lr 9.94e-04 |  102.5s ✓ best
Epoch   26/500 | train 0.01563 [rs=0.0076 rs1=0.0067 ro=0.0063] | val 0.00924 | lr 9.93e-04 |  106.5s (no improvement 1/30)
Epoch   27/500 | train 0.01407 [rs=0.0070 rs1=0.0060 ro=0.0053] | val 0.00968 | lr 9.93e-04 |  110.6s (no improvement 2/30)
Epoch   28/500 | train 0.01297 [rs=0.0065 rs1=0.0055 ro=0.0050] | val 0.00720 | lr 9.92e-04 |  114.6s ✓ best
Epoch   29/500 | train 0.01134 [rs=0.0058 rs1=0.0047 ro=0.0039] | val 0.00634 | lr 9.92e-04 |  118.6s ✓ best
Epoch   30/500 | train 0.01084 [rs=0.0056 rs1=0.0045 ro=0.0037] | val 0.00693 | lr 9.91e-04 |  122.5s (no improvement 1/30)
Epoch   31/500 | train 0.01180 [rs=0.0059 rs1=0.0050 ro=0.0045] | val 0.00658 | lr 9.91e-04 |  126.4s (no improvement 2/30)
Epoch   32/500 | train 0.01065 [rs=0.0054 rs1=0.0045 ro=0.0040] | val 0.00652 | lr 9.90e-04 |  130.3s (no improvement 3/30)
Epoch   33/500 | train 0.01108 [rs=0.0055 rs1=0.0047 ro=0.0041] | val 0.00680 | lr 9.89e-04 |  134.3s (no improvement 4/30)
Epoch   34/500 | train 0.00990 [rs=0.0050 rs1=0.0042 ro=0.0035] | val 0.00561 | lr 9.89e-04 |  138.3s ✓ best
Epoch   35/500 | train 0.00944 [rs=0.0048 rs1=0.0040 ro=0.0035] | val 0.00598 | lr 9.88e-04 |  142.2s (no improvement 1/30)
Epoch   36/500 | train 0.00893 [rs=0.0045 rs1=0.0038 ro=0.0031] | val 0.01057 | lr 9.87e-04 |  146.2s (no improvement 2/30)
Epoch   37/500 | train 0.02070 [rs=0.0094 rs1=0.0093 ro=0.0100] | val 0.01337 | lr 9.87e-04 |  150.1s (no improvement 3/30)
Epoch   38/500 | train 0.01199 [rs=0.0059 rs1=0.0050 ro=0.0054] | val 0.00750 | lr 9.86e-04 |  154.0s (no improvement 4/30)
Epoch   39/500 | train 0.00925 [rs=0.0046 rs1=0.0039 ro=0.0034] | val 0.00605 | lr 9.85e-04 |  157.9s (no improvement 5/30)
Epoch   40/500 | train 0.00853 [rs=0.0043 rs1=0.0036 ro=0.0031] | val 0.00435 | lr 9.84e-04 |  161.9s ✓ best
Epoch   41/500 | train 0.00753 [rs=0.0038 rs1=0.0032 ro=0.0026] | val 0.00438 | lr 9.84e-04 |  165.8s (no improvement 1/30)
Epoch   42/500 | train 0.00772 [rs=0.0039 rs1=0.0033 ro=0.0027] | val 0.00527 | lr 9.83e-04 |  169.8s (no improvement 2/30)
Epoch   43/500 | train 0.00742 [rs=0.0037 rs1=0.0032 ro=0.0025] | val 0.00397 | lr 9.82e-04 |  173.8s ✓ best
Epoch   44/500 | train 0.00745 [rs=0.0037 rs1=0.0032 ro=0.0027] | val 0.00426 | lr 9.81e-04 |  177.7s (no improvement 1/30)
Epoch   45/500 | train 0.00764 [rs=0.0038 rs1=0.0033 ro=0.0027] | val 0.00541 | lr 9.80e-04 |  181.6s (no improvement 2/30)
Epoch   46/500 | train 0.00731 [rs=0.0036 rs1=0.0032 ro=0.0025] | val 0.00353 | lr 9.79e-04 |  185.8s ✓ best
Epoch   47/500 | train 0.00642 [rs=0.0032 rs1=0.0028 ro=0.0023] | val 0.00334 | lr 9.79e-04 |  189.8s ✓ best
Epoch   48/500 | train 0.01052 [rs=0.0050 rs1=0.0047 ro=0.0041] | val 0.01002 | lr 9.78e-04 |  193.8s (no improvement 1/30)
Epoch   49/500 | train 0.01143 [rs=0.0054 rs1=0.0050 ro=0.0050] | val 0.00519 | lr 9.77e-04 |  197.7s (no improvement 2/30)
Epoch   50/500 | train 0.00733 [rs=0.0037 rs1=0.0032 ro=0.0026] | val 0.00390 | lr 9.76e-04 |  201.6s (no improvement 3/30)
Epoch   51/500 | train 0.00621 [rs=0.0031 rs1=0.0027 ro=0.0022] | val 0.00351 | lr 9.75e-04 |  205.5s (no improvement 4/30)
Epoch   52/500 | train 0.00592 [rs=0.0030 rs1=0.0025 ro=0.0020] | val 0.00428 | lr 9.74e-04 |  209.4s (no improvement 5/30)
Epoch   53/500 | train 0.00645 [rs=0.0032 rs1=0.0028 ro=0.0022] | val 0.00434 | lr 9.73e-04 |  213.3s (no improvement 6/30)
Epoch   54/500 | train 0.00624 [rs=0.0031 rs1=0.0027 ro=0.0022] | val 0.00349 | lr 9.72e-04 |  217.3s (no improvement 7/30)
Epoch   55/500 | train 0.00559 [rs=0.0028 rs1=0.0024 ro=0.0019] | val 0.00341 | lr 9.71e-04 |  221.2s (no improvement 8/30)
Epoch   56/500 | train 0.00574 [rs=0.0028 rs1=0.0025 ro=0.0019] | val 0.00652 | lr 9.70e-04 |  225.1s (no improvement 9/30)
Epoch   57/500 | train 0.00704 [rs=0.0034 rs1=0.0031 ro=0.0026] | val 0.00510 | lr 9.69e-04 |  229.0s (no improvement 10/30)
Epoch   58/500 | train 0.00747 [rs=0.0035 rs1=0.0033 ro=0.0031] | val 0.00375 | lr 9.67e-04 |  233.0s (no improvement 11/30)
Epoch   59/500 | train 0.00592 [rs=0.0029 rs1=0.0026 ro=0.0020] | val 0.00448 | lr 9.66e-04 |  236.9s (no improvement 12/30)
Epoch   60/500 | train 0.00581 [rs=0.0029 rs1=0.0026 ro=0.0020] | val 0.00376 | lr 9.65e-04 |  240.8s (no improvement 13/30)
Epoch   61/500 | train 0.00579 [rs=0.0028 rs1=0.0025 ro=0.0021] | val 0.00590 | lr 9.64e-04 |  244.7s (no improvement 14/30)
Epoch   62/500 | train 0.00572 [rs=0.0028 rs1=0.0025 ro=0.0019] | val 0.00303 | lr 9.63e-04 |  248.7s ✓ best
Epoch   63/500 | train 0.00524 [rs=0.0026 rs1=0.0023 ro=0.0017] | val 0.00565 | lr 9.62e-04 |  252.7s (no improvement 1/30)
Epoch   64/500 | train 0.00591 [rs=0.0029 rs1=0.0026 ro=0.0021] | val 0.00386 | lr 9.61e-04 |  256.6s (no improvement 2/30)
Epoch   65/500 | train 0.00483 [rs=0.0024 rs1=0.0021 ro=0.0016] | val 0.00313 | lr 9.59e-04 |  260.7s (no improvement 3/30)
Epoch   66/500 | train 0.00491 [rs=0.0025 rs1=0.0021 ro=0.0016] | val 0.00264 | lr 9.58e-04 |  264.7s ✓ best
Epoch   67/500 | train 0.00536 [rs=0.0026 rs1=0.0024 ro=0.0017] | val 0.00395 | lr 9.57e-04 |  268.6s (no improvement 1/30)
Epoch   68/500 | train 0.00697 [rs=0.0033 rs1=0.0031 ro=0.0028] | val 0.00666 | lr 9.56e-04 |  272.5s (no improvement 2/30)
Epoch   69/500 | train 0.00648 [rs=0.0032 rs1=0.0029 ro=0.0021] | val 0.00280 | lr 9.54e-04 |  276.5s (no improvement 3/30)
Epoch   70/500 | train 0.00477 [rs=0.0024 rs1=0.0021 ro=0.0016] | val 0.00287 | lr 9.53e-04 |  280.4s (no improvement 4/30)
Epoch   71/500 | train 0.00449 [rs=0.0023 rs1=0.0020 ro=0.0014] | val 0.00269 | lr 9.52e-04 |  284.3s (no improvement 5/30)
Epoch   72/500 | train 0.00514 [rs=0.0025 rs1=0.0023 ro=0.0016] | val 0.00227 | lr 9.50e-04 |  288.3s ✓ best
Epoch   73/500 | train 0.00470 [rs=0.0023 rs1=0.0021 ro=0.0015] | val 0.00459 | lr 9.49e-04 |  292.2s (no improvement 1/30)
Epoch   74/500 | train 0.00506 [rs=0.0025 rs1=0.0022 ro=0.0016] | val 0.00435 | lr 9.47e-04 |  296.2s (no improvement 2/30)
Epoch   75/500 | train 0.00492 [rs=0.0024 rs1=0.0022 ro=0.0015] | val 0.00310 | lr 9.46e-04 |  300.1s (no improvement 3/30)
Epoch   76/500 | train 0.00507 [rs=0.0025 rs1=0.0022 ro=0.0016] | val 0.00392 | lr 9.45e-04 |  304.0s (no improvement 4/30)
Epoch   77/500 | train 0.00469 [rs=0.0023 rs1=0.0021 ro=0.0015] | val 0.00265 | lr 9.43e-04 |  307.9s (no improvement 5/30)
Epoch   78/500 | train 0.00425 [rs=0.0021 rs1=0.0019 ro=0.0013] | val 0.00256 | lr 9.42e-04 |  311.8s (no improvement 6/30)
Epoch   79/500 | train 0.00477 [rs=0.0023 rs1=0.0021 ro=0.0016] | val 0.00367 | lr 9.40e-04 |  315.7s (no improvement 7/30)
Epoch   80/500 | train 0.00399 [rs=0.0020 rs1=0.0017 ro=0.0012] | val 0.00241 | lr 9.39e-04 |  319.7s (no improvement 8/30)
Epoch   81/500 | train 0.00410 [rs=0.0020 rs1=0.0018 ro=0.0013] | val 0.00208 | lr 9.37e-04 |  323.7s ✓ best
Epoch   82/500 | train 0.00504 [rs=0.0025 rs1=0.0022 ro=0.0016] | val 0.00287 | lr 9.36e-04 |  327.6s (no improvement 1/30)
Epoch   83/500 | train 0.00447 [rs=0.0022 rs1=0.0020 ro=0.0015] | val 0.00297 | lr 9.34e-04 |  331.5s (no improvement 2/30)
Epoch   84/500 | train 0.00413 [rs=0.0021 rs1=0.0018 ro=0.0013] | val 0.00461 | lr 9.33e-04 |  335.5s (no improvement 3/30)
Epoch   85/500 | train 0.00497 [rs=0.0024 rs1=0.0022 ro=0.0018] | val 0.00414 | lr 9.31e-04 |  339.4s (no improvement 4/30)
Epoch   86/500 | train 0.00430 [rs=0.0021 rs1=0.0019 ro=0.0013] | val 0.00207 | lr 9.29e-04 |  343.4s ✓ best
Epoch   87/500 | train 0.00382 [rs=0.0019 rs1=0.0017 ro=0.0012] | val 0.00342 | lr 9.28e-04 |  347.3s (no improvement 1/30)
Epoch   88/500 | train 0.00423 [rs=0.0021 rs1=0.0019 ro=0.0014] | val 0.00210 | lr 9.26e-04 |  351.3s (no improvement 2/30)
Epoch   89/500 | train 0.00357 [rs=0.0018 rs1=0.0016 ro=0.0011] | val 0.00250 | lr 9.25e-04 |  355.2s (no improvement 3/30)
Epoch   90/500 | train 0.00419 [rs=0.0021 rs1=0.0019 ro=0.0013] | val 0.00408 | lr 9.23e-04 |  359.3s (no improvement 4/30)
Epoch   91/500 | train 0.00580 [rs=0.0028 rs1=0.0026 ro=0.0020] | val 0.00285 | lr 9.21e-04 |  363.2s (no improvement 5/30)
Epoch   92/500 | train 0.00444 [rs=0.0022 rs1=0.0019 ro=0.0015] | val 0.00265 | lr 9.20e-04 |  367.2s (no improvement 6/30)
Epoch   93/500 | train 0.00414 [rs=0.0021 rs1=0.0018 ro=0.0014] | val 0.00304 | lr 9.18e-04 |  371.1s (no improvement 7/30)
Epoch   94/500 | train 0.00360 [rs=0.0018 rs1=0.0016 ro=0.0011] | val 0.00260 | lr 9.16e-04 |  375.0s (no improvement 8/30)
Epoch   95/500 | train 0.00333 [rs=0.0017 rs1=0.0014 ro=0.0010] | val 0.00210 | lr 9.14e-04 |  378.9s (no improvement 9/30)
Epoch   96/500 | train 0.00355 [rs=0.0018 rs1=0.0016 ro=0.0011] | val 0.00199 | lr 9.13e-04 |  382.9s ✓ best
Epoch   97/500 | train 0.00642 [rs=0.0031 rs1=0.0029 ro=0.0020] | val 0.00335 | lr 9.11e-04 |  386.8s (no improvement 1/30)
Epoch   98/500 | train 0.00431 [rs=0.0022 rs1=0.0019 ro=0.0015] | val 0.00248 | lr 9.09e-04 |  390.8s (no improvement 2/30)
Epoch   99/500 | train 0.00329 [rs=0.0017 rs1=0.0014 ro=0.0010] | val 0.00216 | lr 9.07e-04 |  394.7s (no improvement 3/30)
Epoch  100/500 | train 0.00308 [rs=0.0016 rs1=0.0013 ro=0.0009] | val 0.00234 | lr 9.05e-04 |  398.6s (no improvement 4/30)
Epoch  101/500 | train 0.00372 [rs=0.0018 rs1=0.0016 ro=0.0012] | val 0.00174 | lr 9.04e-04 |  402.6s ✓ best
Epoch  102/500 | train 0.00343 [rs=0.0017 rs1=0.0015 ro=0.0011] | val 0.00297 | lr 9.02e-04 |  406.5s (no improvement 1/30)
Epoch  103/500 | train 0.00381 [rs=0.0019 rs1=0.0017 ro=0.0012] | val 0.00380 | lr 9.00e-04 |  410.5s (no improvement 2/30)
Epoch  104/500 | train 0.00331 [rs=0.0017 rs1=0.0014 ro=0.0011] | val 0.00187 | lr 8.98e-04 |  414.4s (no improvement 3/30)
Epoch  105/500 | train 0.00306 [rs=0.0015 rs1=0.0013 ro=0.0009] | val 0.00265 | lr 8.96e-04 |  418.3s (no improvement 4/30)
Epoch  106/500 | train 0.00334 [rs=0.0017 rs1=0.0015 ro=0.0010] | val 0.00177 | lr 8.94e-04 |  422.4s (no improvement 5/30)
Epoch  107/500 | train 0.00317 [rs=0.0016 rs1=0.0014 ro=0.0010] | val 0.00289 | lr 8.92e-04 |  426.3s (no improvement 6/30)
Epoch  108/500 | train 0.00358 [rs=0.0018 rs1=0.0016 ro=0.0011] | val 0.00295 | lr 8.90e-04 |  430.2s (no improvement 7/30)
Epoch  109/500 | train 0.00310 [rs=0.0015 rs1=0.0013 ro=0.0010] | val 0.00161 | lr 8.88e-04 |  434.3s ✓ best
Epoch  110/500 | train 0.00315 [rs=0.0016 rs1=0.0014 ro=0.0009] | val 0.00226 | lr 8.86e-04 |  438.2s (no improvement 1/30)
Epoch  111/500 | train 0.00301 [rs=0.0015 rs1=0.0013 ro=0.0009] | val 0.00185 | lr 8.84e-04 |  442.1s (no improvement 2/30)
Epoch  112/500 | train 0.00326 [rs=0.0016 rs1=0.0014 ro=0.0010] | val 0.00280 | lr 8.82e-04 |  446.0s (no improvement 3/30)
Epoch  113/500 | train 0.00404 [rs=0.0020 rs1=0.0018 ro=0.0013] | val 0.00155 | lr 8.80e-04 |  450.0s ✓ best
Epoch  114/500 | train 0.00266 [rs=0.0014 rs1=0.0011 ro=0.0008] | val 0.00147 | lr 8.78e-04 |  454.0s ✓ best
Epoch  115/500 | train 0.00284 [rs=0.0014 rs1=0.0012 ro=0.0009] | val 0.00213 | lr 8.76e-04 |  458.0s (no improvement 1/30)
Epoch  116/500 | train 0.00323 [rs=0.0016 rs1=0.0014 ro=0.0010] | val 0.00294 | lr 8.74e-04 |  461.9s (no improvement 2/30)
Epoch  117/500 | train 0.00378 [rs=0.0019 rs1=0.0017 ro=0.0012] | val 0.00236 | lr 8.72e-04 |  465.8s (no improvement 3/30)
Epoch  118/500 | train 0.00336 [rs=0.0017 rs1=0.0015 ro=0.0012] | val 0.00194 | lr 8.70e-04 |  469.7s (no improvement 4/30)
Epoch  119/500 | train 0.00255 [rs=0.0013 rs1=0.0011 ro=0.0007] | val 0.00149 | lr 8.68e-04 |  473.6s (no improvement 5/30)
Epoch  120/500 | train 0.00291 [rs=0.0015 rs1=0.0013 ro=0.0009] | val 0.00252 | lr 8.66e-04 |  477.6s (no improvement 6/30)
Epoch  121/500 | train 0.00310 [rs=0.0015 rs1=0.0014 ro=0.0010] | val 0.00243 | lr 8.64e-04 |  481.5s (no improvement 7/30)
Epoch  122/500 | train 0.00253 [rs=0.0013 rs1=0.0011 ro=0.0008] | val 0.00140 | lr 8.62e-04 |  485.5s ✓ best
Epoch  123/500 | train 0.00295 [rs=0.0015 rs1=0.0013 ro=0.0009] | val 0.00252 | lr 8.59e-04 |  489.4s (no improvement 1/30)
Epoch  124/500 | train 0.00318 [rs=0.0016 rs1=0.0014 ro=0.0010] | val 0.00172 | lr 8.57e-04 |  493.3s (no improvement 2/30)
Epoch  125/500 | train 0.00254 [rs=0.0013 rs1=0.0011 ro=0.0008] | val 0.00131 | lr 8.55e-04 |  497.5s ✓ best
Epoch  126/500 | train 0.00250 [rs=0.0013 rs1=0.0011 ro=0.0007] | val 0.00125 | lr 8.53e-04 |  501.6s ✓ best
Epoch  127/500 | train 0.00322 [rs=0.0016 rs1=0.0014 ro=0.0009] | val 0.00241 | lr 8.51e-04 |  505.5s (no improvement 1/30)
Epoch  128/500 | train 0.00310 [rs=0.0015 rs1=0.0014 ro=0.0010] | val 0.00256 | lr 8.48e-04 |  509.4s (no improvement 2/30)
Epoch  129/500 | train 0.00294 [rs=0.0015 rs1=0.0013 ro=0.0010] | val 0.00145 | lr 8.46e-04 |  513.3s (no improvement 3/30)
Epoch  130/500 | train 0.00243 [rs=0.0012 rs1=0.0010 ro=0.0007] | val 0.00150 | lr 8.44e-04 |  517.2s (no improvement 4/30)
Epoch  131/500 | train 0.00302 [rs=0.0015 rs1=0.0013 ro=0.0009] | val 0.00201 | lr 8.42e-04 |  521.2s (no improvement 5/30)
Epoch  132/500 | train 0.00264 [rs=0.0013 rs1=0.0012 ro=0.0008] | val 0.00212 | lr 8.39e-04 |  525.1s (no improvement 6/30)
Epoch  133/500 | train 0.00240 [rs=0.0012 rs1=0.0010 ro=0.0007] | val 0.00140 | lr 8.37e-04 |  529.0s (no improvement 7/30)
Epoch  134/500 | train 0.00248 [rs=0.0013 rs1=0.0011 ro=0.0007] | val 0.00124 | lr 8.35e-04 |  533.0s ✓ best
Epoch  135/500 | train 0.00209 [rs=0.0011 rs1=0.0009 ro=0.0006] | val 0.00153 | lr 8.32e-04 |  536.9s (no improvement 1/30)
Epoch  136/500 | train 0.00641 [rs=0.0030 rs1=0.0029 ro=0.0027] | val 0.00485 | lr 8.30e-04 |  540.8s (no improvement 2/30)
Epoch  137/500 | train 0.00363 [rs=0.0018 rs1=0.0016 ro=0.0013] | val 0.00182 | lr 8.28e-04 |  544.7s (no improvement 3/30)
Epoch  138/500 | train 0.00274 [rs=0.0014 rs1=0.0012 ro=0.0008] | val 0.00205 | lr 8.25e-04 |  548.7s (no improvement 4/30)
Epoch  139/500 | train 0.00237 [rs=0.0012 rs1=0.0010 ro=0.0007] | val 0.00132 | lr 8.23e-04 |  552.6s (no improvement 5/30)
Epoch  140/500 | train 0.00218 [rs=0.0011 rs1=0.0009 ro=0.0006] | val 0.00132 | lr 8.21e-04 |  556.5s (no improvement 6/30)
Epoch  141/500 | train 0.00228 [rs=0.0012 rs1=0.0010 ro=0.0006] | val 0.00119 | lr 8.18e-04 |  560.5s ✓ best
Epoch  142/500 | train 0.00219 [rs=0.0011 rs1=0.0010 ro=0.0006] | val 0.00237 | lr 8.16e-04 |  564.6s (no improvement 1/30)
Epoch  143/500 | train 0.00281 [rs=0.0014 rs1=0.0012 ro=0.0008] | val 0.00236 | lr 8.13e-04 |  568.5s (no improvement 2/30)
Epoch  144/500 | train 0.00266 [rs=0.0013 rs1=0.0012 ro=0.0009] | val 0.00157 | lr 8.11e-04 |  572.5s (no improvement 3/30)
Epoch  145/500 | train 0.00247 [rs=0.0012 rs1=0.0011 ro=0.0008] | val 0.00143 | lr 8.08e-04 |  576.4s (no improvement 4/30)
Epoch  146/500 | train 0.00248 [rs=0.0012 rs1=0.0011 ro=0.0008] | val 0.00163 | lr 8.06e-04 |  580.3s (no improvement 5/30)
Epoch  147/500 | train 0.00248 [rs=0.0012 rs1=0.0011 ro=0.0007] | val 0.00274 | lr 8.03e-04 |  584.2s (no improvement 6/30)
Epoch  148/500 | train 0.00246 [rs=0.0012 rs1=0.0011 ro=0.0008] | val 0.00214 | lr 8.01e-04 |  588.2s (no improvement 7/30)
Epoch  149/500 | train 0.00210 [rs=0.0011 rs1=0.0009 ro=0.0006] | val 0.00128 | lr 7.98e-04 |  592.1s (no improvement 8/30)
Epoch  150/500 | train 0.00231 [rs=0.0012 rs1=0.0010 ro=0.0006] | val 0.00285 | lr 7.96e-04 |  596.0s (no improvement 9/30)
Epoch  151/500 | train 0.00259 [rs=0.0013 rs1=0.0011 ro=0.0008] | val 0.00185 | lr 7.93e-04 |  599.9s (no improvement 10/30)
Epoch  152/500 | train 0.00201 [rs=0.0010 rs1=0.0009 ro=0.0006] | val 0.00134 | lr 7.91e-04 |  603.8s (no improvement 11/30)
Epoch  153/500 | train 0.00233 [rs=0.0012 rs1=0.0010 ro=0.0007] | val 0.00161 | lr 7.88e-04 |  607.8s (no improvement 12/30)
Epoch  154/500 | train 0.00253 [rs=0.0013 rs1=0.0011 ro=0.0008] | val 0.00127 | lr 7.86e-04 |  611.7s (no improvement 13/30)
Epoch  155/500 | train 0.00255 [rs=0.0013 rs1=0.0011 ro=0.0007] | val 0.00127 | lr 7.83e-04 |  615.6s (no improvement 14/30)
Epoch  156/500 | train 0.00179 [rs=0.0009 rs1=0.0008 ro=0.0005] | val 0.00161 | lr 7.81e-04 |  619.5s (no improvement 15/30)
Epoch  157/500 | train 0.00354 [rs=0.0017 rs1=0.0016 ro=0.0011] | val 0.00337 | lr 7.78e-04 |  623.6s (no improvement 16/30)
Epoch  158/500 | train 0.00306 [rs=0.0015 rs1=0.0013 ro=0.0012] | val 0.00154 | lr 7.75e-04 |  627.5s (no improvement 17/30)
Epoch  159/500 | train 0.00230 [rs=0.0011 rs1=0.0010 ro=0.0008] | val 0.00143 | lr 7.73e-04 |  631.4s (no improvement 18/30)
Epoch  160/500 | train 0.00189 [rs=0.0009 rs1=0.0008 ro=0.0006] | val 0.00122 | lr 7.70e-04 |  635.3s (no improvement 19/30)
Epoch  161/500 | train 0.00204 [rs=0.0010 rs1=0.0009 ro=0.0006] | val 0.00123 | lr 7.68e-04 |  639.3s (no improvement 20/30)
Epoch  162/500 | train 0.00212 [rs=0.0011 rs1=0.0009 ro=0.0006] | val 0.00101 | lr 7.65e-04 |  643.3s ✓ best
Epoch  163/500 | train 0.00171 [rs=0.0009 rs1=0.0008 ro=0.0005] | val 0.00151 | lr 7.62e-04 |  647.2s (no improvement 1/30)
Epoch  164/500 | train 0.00264 [rs=0.0013 rs1=0.0012 ro=0.0007] | val 0.00288 | lr 7.60e-04 |  651.2s (no improvement 2/30)
Epoch  165/500 | train 0.00246 [rs=0.0012 rs1=0.0011 ro=0.0008] | val 0.00126 | lr 7.57e-04 |  655.1s (no improvement 3/30)
Epoch  166/500 | train 0.00203 [rs=0.0010 rs1=0.0009 ro=0.0007] | val 0.00178 | lr 7.54e-04 |  659.0s (no improvement 4/30)
Epoch  167/500 | train 0.00229 [rs=0.0011 rs1=0.0010 ro=0.0006] | val 0.00163 | lr 7.52e-04 |  662.9s (no improvement 5/30)
Epoch  168/500 | train 0.00208 [rs=0.0010 rs1=0.0009 ro=0.0006] | val 0.00110 | lr 7.49e-04 |  666.9s (no improvement 6/30)
Epoch  169/500 | train 0.00230 [rs=0.0011 rs1=0.0010 ro=0.0007] | val 0.00178 | lr 7.46e-04 |  670.8s (no improvement 7/30)
Epoch  170/500 | train 0.00189 [rs=0.0009 rs1=0.0008 ro=0.0006] | val 0.00248 | lr 7.43e-04 |  674.8s (no improvement 8/30)
Epoch  171/500 | train 0.00241 [rs=0.0012 rs1=0.0011 ro=0.0008] | val 0.00223 | lr 7.41e-04 |  678.7s (no improvement 9/30)
Epoch  172/500 | train 0.00208 [rs=0.0010 rs1=0.0009 ro=0.0007] | val 0.00122 | lr 7.38e-04 |  682.6s (no improvement 10/30)
Epoch  173/500 | train 0.00185 [rs=0.0009 rs1=0.0008 ro=0.0006] | val 0.00108 | lr 7.35e-04 |  686.5s (no improvement 11/30)
Epoch  174/500 | train 0.00191 [rs=0.0009 rs1=0.0009 ro=0.0006] | val 0.00104 | lr 7.32e-04 |  690.4s (no improvement 12/30)
Epoch  175/500 | train 0.00171 [rs=0.0009 rs1=0.0008 ro=0.0005] | val 0.00133 | lr 7.30e-04 |  694.4s (no improvement 13/30)
Epoch  176/500 | train 0.00195 [rs=0.0010 rs1=0.0009 ro=0.0005] | val 0.00142 | lr 7.27e-04 |  698.3s (no improvement 14/30)
Epoch  177/500 | train 0.00175 [rs=0.0009 rs1=0.0008 ro=0.0005] | val 0.00092 | lr 7.24e-04 |  702.3s ✓ best
Epoch  178/500 | train 0.00163 [rs=0.0008 rs1=0.0007 ro=0.0005] | val 0.00274 | lr 7.21e-04 |  706.2s (no improvement 1/30)
Epoch  179/500 | train 0.00216 [rs=0.0011 rs1=0.0010 ro=0.0006] | val 0.00099 | lr 7.19e-04 |  710.2s (no improvement 2/30)
Epoch  180/500 | train 0.00191 [rs=0.0009 rs1=0.0009 ro=0.0006] | val 0.00134 | lr 7.16e-04 |  714.1s (no improvement 3/30)
Epoch  181/500 | train 0.00170 [rs=0.0008 rs1=0.0008 ro=0.0005] | val 0.00122 | lr 7.13e-04 |  718.0s (no improvement 4/30)
Epoch  182/500 | train 0.00186 [rs=0.0009 rs1=0.0008 ro=0.0006] | val 0.00129 | lr 7.10e-04 |  721.9s (no improvement 5/30)
Epoch  183/500 | train 0.00204 [rs=0.0010 rs1=0.0009 ro=0.0006] | val 0.00119 | lr 7.07e-04 |  726.1s (no improvement 6/30)
Epoch  184/500 | train 0.00156 [rs=0.0008 rs1=0.0007 ro=0.0005] | val 0.00111 | lr 7.04e-04 |  730.0s (no improvement 7/30)
Epoch  185/500 | train 0.00228 [rs=0.0011 rs1=0.0010 ro=0.0008] | val 0.00141 | lr 7.02e-04 |  733.9s (no improvement 8/30)
Epoch  186/500 | train 0.00160 [rs=0.0008 rs1=0.0007 ro=0.0005] | val 0.00089 | lr 6.99e-04 |  737.9s ✓ best
Epoch  187/500 | train 0.00166 [rs=0.0008 rs1=0.0007 ro=0.0004] | val 0.00090 | lr 6.96e-04 |  741.8s (no improvement 1/30)
Epoch  188/500 | train 0.00192 [rs=0.0010 rs1=0.0009 ro=0.0005] | val 0.00148 | lr 6.93e-04 |  745.8s (no improvement 2/30)
Epoch  189/500 | train 0.00179 [rs=0.0009 rs1=0.0008 ro=0.0005] | val 0.00120 | lr 6.90e-04 |  749.7s (no improvement 3/30)
Epoch  190/500 | train 0.00175 [rs=0.0009 rs1=0.0008 ro=0.0005] | val 0.00089 | lr 6.87e-04 |  753.6s (no improvement 4/30)
Epoch  191/500 | train 0.00153 [rs=0.0008 rs1=0.0007 ro=0.0004] | val 0.00108 | lr 6.84e-04 |  757.5s (no improvement 5/30)
Epoch  192/500 | train 0.00156 [rs=0.0008 rs1=0.0007 ro=0.0004] | val 0.00088 | lr 6.81e-04 |  761.5s ✓ best
Epoch  193/500 | train 0.00156 [rs=0.0008 rs1=0.0007 ro=0.0004] | val 0.00207 | lr 6.79e-04 |  765.4s (no improvement 1/30)
Epoch  194/500 | train 0.00154 [rs=0.0008 rs1=0.0007 ro=0.0004] | val 0.00076 | lr 6.76e-04 |  769.5s ✓ best
Epoch  195/500 | train 0.00197 [rs=0.0010 rs1=0.0009 ro=0.0006] | val 0.00131 | lr 6.73e-04 |  773.4s (no improvement 1/30)
Epoch  196/500 | train 0.00159 [rs=0.0008 rs1=0.0007 ro=0.0005] | val 0.00110 | lr 6.70e-04 |  777.3s (no improvement 2/30)
Epoch  197/500 | train 0.00170 [rs=0.0008 rs1=0.0008 ro=0.0005] | val 0.00086 | lr 6.67e-04 |  781.2s (no improvement 3/30)
Epoch  198/500 | train 0.00152 [rs=0.0007 rs1=0.0007 ro=0.0004] | val 0.00095 | lr 6.64e-04 |  785.2s (no improvement 4/30)
Epoch  199/500 | train 0.00156 [rs=0.0008 rs1=0.0007 ro=0.0005] | val 0.00081 | lr 6.61e-04 |  789.1s (no improvement 5/30)
Epoch  200/500 | train 0.00161 [rs=0.0008 rs1=0.0007 ro=0.0004] | val 0.00113 | lr 6.58e-04 |  793.0s (no improvement 6/30)
Epoch  201/500 | train 0.00145 [rs=0.0007 rs1=0.0007 ro=0.0004] | val 0.00135 | lr 6.55e-04 |  796.9s (no improvement 7/30)
Epoch  202/500 | train 0.00188 [rs=0.0009 rs1=0.0008 ro=0.0006] | val 0.00101 | lr 6.52e-04 |  800.9s (no improvement 8/30)
Epoch  203/500 | train 0.00149 [rs=0.0007 rs1=0.0007 ro=0.0004] | val 0.00194 | lr 6.49e-04 |  805.0s (no improvement 9/30)
Epoch  204/500 | train 0.00183 [rs=0.0009 rs1=0.0008 ro=0.0005] | val 0.00089 | lr 6.46e-04 |  808.9s (no improvement 10/30)
Epoch  205/500 | train 0.00138 [rs=0.0007 rs1=0.0006 ro=0.0004] | val 0.00089 | lr 6.43e-04 |  812.8s (no improvement 11/30)
Epoch  206/500 | train 0.00162 [rs=0.0008 rs1=0.0007 ro=0.0004] | val 0.00171 | lr 6.40e-04 |  816.7s (no improvement 12/30)
Epoch  207/500 | train 0.00139 [rs=0.0007 rs1=0.0006 ro=0.0004] | val 0.00096 | lr 6.37e-04 |  820.6s (no improvement 13/30)
Epoch  208/500 | train 0.00141 [rs=0.0007 rs1=0.0006 ro=0.0004] | val 0.00170 | lr 6.34e-04 |  824.5s (no improvement 14/30)
Epoch  209/500 | train 0.00169 [rs=0.0008 rs1=0.0008 ro=0.0005] | val 0.00183 | lr 6.31e-04 |  828.5s (no improvement 15/30)
Epoch  210/500 | train 0.00169 [rs=0.0008 rs1=0.0008 ro=0.0005] | val 0.00100 | lr 6.28e-04 |  832.4s (no improvement 16/30)
Epoch  211/500 | train 0.00128 [rs=0.0006 rs1=0.0006 ro=0.0004] | val 0.00080 | lr 6.25e-04 |  836.3s (no improvement 17/30)
Epoch  212/500 | train 0.00173 [rs=0.0009 rs1=0.0008 ro=0.0005] | val 0.00088 | lr 6.22e-04 |  840.2s (no improvement 18/30)
Epoch  213/500 | train 0.00129 [rs=0.0006 rs1=0.0006 ro=0.0004] | val 0.00089 | lr 6.19e-04 |  844.2s (no improvement 19/30)
Epoch  214/500 | train 0.00149 [rs=0.0007 rs1=0.0007 ro=0.0004] | val 0.00140 | lr 6.16e-04 |  848.1s (no improvement 20/30)
Epoch  215/500 | train 0.00158 [rs=0.0008 rs1=0.0007 ro=0.0005] | val 0.00145 | lr 6.13e-04 |  852.0s (no improvement 21/30)
Epoch  216/500 | train 0.00145 [rs=0.0007 rs1=0.0007 ro=0.0004] | val 0.00086 | lr 6.10e-04 |  855.9s (no improvement 22/30)
Epoch  217/500 | train 0.00155 [rs=0.0008 rs1=0.0007 ro=0.0004] | val 0.00078 | lr 6.07e-04 |  859.9s (no improvement 23/30)
Epoch  218/500 | train 0.00155 [rs=0.0007 rs1=0.0007 ro=0.0005] | val 0.00079 | lr 6.04e-04 |  863.8s (no improvement 24/30)
Epoch  219/500 | train 0.00118 [rs=0.0006 rs1=0.0005 ro=0.0003] | val 0.00075 | lr 6.01e-04 |  867.8s ✓ best
Epoch  220/500 | train 0.00159 [rs=0.0008 rs1=0.0007 ro=0.0004] | val 0.00107 | lr 5.98e-04 |  871.7s (no improvement 1/30)
Epoch  221/500 | train 0.00147 [rs=0.0007 rs1=0.0007 ro=0.0005] | val 0.00120 | lr 5.95e-04 |  875.6s (no improvement 2/30)
Epoch  222/500 | train 0.00135 [rs=0.0007 rs1=0.0006 ro=0.0004] | val 0.00123 | lr 5.92e-04 |  879.6s (no improvement 3/30)
Epoch  223/500 | train 0.00172 [rs=0.0008 rs1=0.0008 ro=0.0005] | val 0.00122 | lr 5.89e-04 |  883.5s (no improvement 4/30)
Epoch  224/500 | train 0.00170 [rs=0.0008 rs1=0.0008 ro=0.0005] | val 0.00091 | lr 5.86e-04 |  887.4s (no improvement 5/30)
Epoch  225/500 | train 0.00129 [rs=0.0006 rs1=0.0006 ro=0.0004] | val 0.00083 | lr 5.82e-04 |  891.5s (no improvement 6/30)
Epoch  226/500 | train 0.00139 [rs=0.0007 rs1=0.0006 ro=0.0003] | val 0.00513 | lr 5.79e-04 |  895.4s (no improvement 7/30)
Epoch  227/500 | train 0.00233 [rs=0.0011 rs1=0.0010 ro=0.0008] | val 0.00123 | lr 5.76e-04 |  899.3s (no improvement 8/30)
Epoch  228/500 | train 0.00138 [rs=0.0007 rs1=0.0006 ro=0.0004] | val 0.00092 | lr 5.73e-04 |  903.2s (no improvement 9/30)
Epoch  229/500 | train 0.00117 [rs=0.0006 rs1=0.0005 ro=0.0003] | val 0.00077 | lr 5.70e-04 |  907.1s (no improvement 10/30)
Epoch  230/500 | train 0.00146 [rs=0.0007 rs1=0.0007 ro=0.0004] | val 0.00105 | lr 5.67e-04 |  911.1s (no improvement 11/30)
Epoch  231/500 | train 0.00123 [rs=0.0006 rs1=0.0006 ro=0.0003] | val 0.00273 | lr 5.64e-04 |  915.0s (no improvement 12/30)
Epoch  232/500 | train 0.00231 [rs=0.0011 rs1=0.0010 ro=0.0008] | val 0.00137 | lr 5.61e-04 |  918.9s (no improvement 13/30)
Epoch  233/500 | train 0.00146 [rs=0.0007 rs1=0.0007 ro=0.0005] | val 0.00089 | lr 5.58e-04 |  922.8s (no improvement 14/30)
Epoch  234/500 | train 0.00125 [rs=0.0006 rs1=0.0006 ro=0.0003] | val 0.00140 | lr 5.55e-04 |  926.8s (no improvement 15/30)
Epoch  235/500 | train 0.00147 [rs=0.0007 rs1=0.0007 ro=0.0004] | val 0.00118 | lr 5.52e-04 |  930.7s (no improvement 16/30)
Epoch  236/500 | train 0.00138 [rs=0.0007 rs1=0.0006 ro=0.0004] | val 0.00100 | lr 5.48e-04 |  934.6s (no improvement 17/30)
Epoch  237/500 | train 0.00117 [rs=0.0006 rs1=0.0005 ro=0.0003] | val 0.00132 | lr 5.45e-04 |  938.5s (no improvement 18/30)
Epoch  238/500 | train 0.00120 [rs=0.0006 rs1=0.0005 ro=0.0003] | val 0.00077 | lr 5.42e-04 |  942.6s (no improvement 19/30)
Epoch  239/500 | train 0.00123 [rs=0.0006 rs1=0.0006 ro=0.0003] | val 0.00065 | lr 5.39e-04 |  946.6s ✓ best
Epoch  240/500 | train 0.00110 [rs=0.0005 rs1=0.0005 ro=0.0003] | val 0.00106 | lr 5.36e-04 |  950.5s (no improvement 1/30)
Epoch  241/500 | train 0.00201 [rs=0.0010 rs1=0.0009 ro=0.0006] | val 0.00182 | lr 5.33e-04 |  954.5s (no improvement 2/30)
Epoch  242/500 | train 0.00169 [rs=0.0008 rs1=0.0008 ro=0.0007] | val 0.00091 | lr 5.30e-04 |  958.4s (no improvement 3/30)
Epoch  243/500 | train 0.00114 [rs=0.0006 rs1=0.0005 ro=0.0003] | val 0.00067 | lr 5.27e-04 |  962.3s (no improvement 4/30)
Epoch  244/500 | train 0.00132 [rs=0.0007 rs1=0.0006 ro=0.0003] | val 0.00132 | lr 5.24e-04 |  966.3s (no improvement 5/30)
Epoch  245/500 | train 0.00132 [rs=0.0006 rs1=0.0006 ro=0.0004] | val 0.00075 | lr 5.21e-04 |  970.2s (no improvement 6/30)
Epoch  246/500 | train 0.00121 [rs=0.0006 rs1=0.0005 ro=0.0003] | val 0.00068 | lr 5.17e-04 |  974.1s (no improvement 7/30)
Epoch  247/500 | train 0.00108 [rs=0.0005 rs1=0.0005 ro=0.0003] | val 0.00138 | lr 5.14e-04 |  978.0s (no improvement 8/30)
Epoch  248/500 | train 0.00124 [rs=0.0006 rs1=0.0006 ro=0.0003] | val 0.00063 | lr 5.11e-04 |  982.1s ✓ best
Epoch  249/500 | train 0.00118 [rs=0.0006 rs1=0.0005 ro=0.0003] | val 0.00099 | lr 5.08e-04 |  986.0s (no improvement 1/30)
Epoch  250/500 | train 0.00125 [rs=0.0006 rs1=0.0006 ro=0.0003] | val 0.00082 | lr 5.05e-04 |  989.9s (no improvement 2/30)
Epoch  251/500 | train 0.00114 [rs=0.0006 rs1=0.0005 ro=0.0003] | val 0.00082 | lr 5.02e-04 |  993.8s (no improvement 3/30)
Epoch  252/500 | train 0.00121 [rs=0.0006 rs1=0.0006 ro=0.0003] | val 0.00069 | lr 4.99e-04 |  997.8s (no improvement 4/30)
Epoch  253/500 | train 0.00110 [rs=0.0005 rs1=0.0005 ro=0.0003] | val 0.00079 | lr 4.96e-04 | 1001.7s (no improvement 5/30)
Epoch  254/500 | train 0.00102 [rs=0.0005 rs1=0.0005 ro=0.0003] | val 0.00064 | lr 4.93e-04 | 1005.6s (no improvement 6/30)
Epoch  255/500 | train 0.00128 [rs=0.0007 rs1=0.0006 ro=0.0003] | val 0.00140 | lr 4.89e-04 | 1009.5s (no improvement 7/30)
Epoch  256/500 | train 0.00111 [rs=0.0005 rs1=0.0005 ro=0.0003] | val 0.00092 | lr 4.86e-04 | 1013.6s (no improvement 8/30)
Epoch  257/500 | train 0.00121 [rs=0.0006 rs1=0.0005 ro=0.0003] | val 0.00068 | lr 4.83e-04 | 1017.6s (no improvement 9/30)
Epoch  258/500 | train 0.00113 [rs=0.0006 rs1=0.0005 ro=0.0003] | val 0.00092 | lr 4.80e-04 | 1021.5s (no improvement 10/30)
Epoch  259/500 | train 0.00105 [rs=0.0005 rs1=0.0005 ro=0.0003] | val 0.00063 | lr 4.77e-04 | 1025.5s ✓ best
Epoch  260/500 | train 0.00124 [rs=0.0006 rs1=0.0006 ro=0.0003] | val 0.00134 | lr 4.74e-04 | 1029.4s (no improvement 1/30)
Epoch  261/500 | train 0.00140 [rs=0.0007 rs1=0.0006 ro=0.0004] | val 0.00083 | lr 4.71e-04 | 1033.4s (no improvement 2/30)
Epoch  262/500 | train 0.00120 [rs=0.0006 rs1=0.0005 ro=0.0004] | val 0.00090 | lr 4.68e-04 | 1037.3s (no improvement 3/30)
Epoch  263/500 | train 0.00112 [rs=0.0006 rs1=0.0005 ro=0.0003] | val 0.00077 | lr 4.65e-04 | 1041.2s (no improvement 4/30)
Epoch  264/500 | train 0.00100 [rs=0.0005 rs1=0.0005 ro=0.0002] | val 0.00073 | lr 4.62e-04 | 1045.1s (no improvement 5/30)
Epoch  265/500 | train 0.00099 [rs=0.0005 rs1=0.0005 ro=0.0002] | val 0.00074 | lr 4.58e-04 | 1049.1s (no improvement 6/30)
Epoch  266/500 | train 0.00116 [rs=0.0006 rs1=0.0005 ro=0.0002] | val 0.00096 | lr 4.55e-04 | 1053.0s (no improvement 7/30)
Epoch  267/500 | train 0.00123 [rs=0.0006 rs1=0.0006 ro=0.0004] | val 0.00067 | lr 4.52e-04 | 1056.9s (no improvement 8/30)
Epoch  268/500 | train 0.00111 [rs=0.0005 rs1=0.0005 ro=0.0003] | val 0.00077 | lr 4.49e-04 | 1060.8s (no improvement 9/30)
Epoch  269/500 | train 0.00115 [rs=0.0006 rs1=0.0005 ro=0.0003] | val 0.00069 | lr 4.46e-04 | 1064.7s (no improvement 10/30)
Epoch  270/500 | train 0.00098 [rs=0.0005 rs1=0.0004 ro=0.0003] | val 0.00058 | lr 4.43e-04 | 1068.8s ✓ best
Epoch  271/500 | train 0.00099 [rs=0.0005 rs1=0.0004 ro=0.0003] | val 0.00105 | lr 4.40e-04 | 1072.7s (no improvement 1/30)
Epoch  272/500 | train 0.00136 [rs=0.0007 rs1=0.0006 ro=0.0003] | val 0.00092 | lr 4.37e-04 | 1076.6s (no improvement 2/30)
Epoch  273/500 | train 0.00105 [rs=0.0005 rs1=0.0005 ro=0.0003] | val 0.00079 | lr 4.34e-04 | 1080.5s (no improvement 3/30)
Epoch  274/500 | train 0.00094 [rs=0.0005 rs1=0.0004 ro=0.0002] | val 0.00065 | lr 4.31e-04 | 1084.4s (no improvement 4/30)
Epoch  275/500 | train 0.00129 [rs=0.0006 rs1=0.0006 ro=0.0003] | val 0.00134 | lr 4.28e-04 | 1088.3s (no improvement 5/30)
Epoch  276/500 | train 0.00125 [rs=0.0006 rs1=0.0006 ro=0.0005] | val 0.00076 | lr 4.24e-04 | 1092.3s (no improvement 6/30)
Epoch  277/500 | train 0.00094 [rs=0.0005 rs1=0.0004 ro=0.0002] | val 0.00071 | lr 4.21e-04 | 1096.2s (no improvement 7/30)
Epoch  278/500 | train 0.00094 [rs=0.0005 rs1=0.0004 ro=0.0002] | val 0.00093 | lr 4.18e-04 | 1100.1s (no improvement 8/30)
Epoch  279/500 | train 0.00099 [rs=0.0005 rs1=0.0004 ro=0.0002] | val 0.00058 | lr 4.15e-04 | 1104.3s ✓ best
Epoch  280/500 | train 0.00093 [rs=0.0005 rs1=0.0004 ro=0.0002] | val 0.00062 | lr 4.12e-04 | 1108.2s (no improvement 1/30)
Epoch  281/500 | train 0.00097 [rs=0.0005 rs1=0.0004 ro=0.0002] | val 0.00056 | lr 4.09e-04 | 1112.2s ✓ best
