============================================================
Job ID   : 51076508
Node     : gl1020
Started  : Thu May 28 17:46:32 EDT 2026
============================================================
Python : /home/xysong/.conda/envs/RL/bin/python
Torch  : 2.5.1+cu121
CUDA   : True
============================================================
/home/xysong/.conda/envs/RL/lib/python3.10/site-packages/torch/utils/data/dataloader.py:617: UserWarning: This DataLoader will create 6 worker processes in total. Our suggested max number of worker in current system is 1, which is smaller than what this DataLoader is going to create. Please be aware that excessive worker creation might get DataLoader running slow or even freeze, lower the worker number to avoid potential slowness/freeze if necessary.
  warnings.warn(
/home/xysong/.conda/envs/RL/lib/python3.10/site-packages/torch/utils/data/dataloader.py:617: UserWarning: This DataLoader will create 6 worker processes in total. Our suggested max number of worker in current system is 1, which is smaller than what this DataLoader is going to create. Please be aware that excessive worker creation might get DataLoader running slow or even freeze, lower the worker number to avoid potential slowness/freeze if necessary.
  warnings.warn(
[train] Output dir : surrogate_model_latent/runs/20260528_174640
[train] Device     : cuda
[dataset] Loaded 5000 trajectories × 12 layers from Dataset:layer_12_stepsize_10_samples_5000_150_400.pkl
[dataset] Split → train 4000 | val 500 | test 500
[dataset] State  mean ∈ [100.7, 4537.2], std  ∈ [42.6614, 1645.1]
[dataset] Action mean = 274.55 W, std = 75.11 W
[dataset] ROI weight table: (12, 1053), range [0.801, 4.219]  (square side 0.40→0.50 × min_dim)
[train] ROI weights loaded from mesh: /nfs/turbo/coe-sunwbgt/xysong/Offline-RL-Controller-in-AM/surrogate_model/mesh.mat
[LatentTrajectoryDataset] 4,000 trajectories, T=12, state_dim=1053
[LatentTrajectoryDataset] 500 trajectories, T=12, state_dim=1053
[train] LatentDynamicsModel(state=1053, latent=32, action=1 | enc=676,384  trans=113,472  dec=677,405 | total=1,467,261)

[train] Starting training for up to 500 epochs (patience=30)
[train] Loss mode: rollout k=12
[train] Weights → recon_st=1.0  recon_st1=1.0  nll=0.1  rollout=0.1
--------------------------------------------------------------------------------
Epoch    1/500 | train 0.81427 [rs=0.4881 rs1=0.3702 nll=-0.8707 ro=0.4310] | val 0.04462 | lr 1.00e-03 |    5.5s ✓ best
Epoch    2/500 | train 0.00862 [rs=0.0681 rs1=0.0796 nll=-1.4933 ro=0.1021] | val -0.07079 | lr 1.00e-03 |    8.7s ✓ best
Epoch    3/500 | train -0.06786 [rs=0.0541 rs1=0.0605 nll=-1.8870 ro=0.0628] | val -0.12983 | lr 1.00e-03 |   11.9s ✓ best
Epoch    4/500 | train -0.08562 [rs=0.0505 rs1=0.0567 nll=-1.9991 ro=0.0715] | val -0.09769 | lr 1.00e-03 |   15.0s (no improvement 1/30)
Epoch    5/500 | train -0.12787 [rs=0.0246 rs1=0.0275 nll=-1.8410 ro=0.0416] | val -0.16327 | lr 1.00e-03 |   18.2s ✓ best
Epoch    6/500 | train -0.18151 [rs=0.0161 rs1=0.0190 nll=-2.1918 ro=0.0256] | val -0.23077 | lr 1.00e-03 |   21.4s ✓ best
Epoch    7/500 | train -0.19228 [rs=0.0164 rs1=0.0195 nll=-2.3124 ro=0.0301] | val -0.19311 | lr 1.00e-03 |   24.6s (no improvement 1/30)
Epoch    8/500 | train -0.18627 [rs=0.0154 rs1=0.0167 nll=-2.2068 ro=0.0223] | val -0.21621 | lr 9.99e-04 |   27.7s (no improvement 2/30)
Epoch    9/500 | train -0.20411 [rs=0.0131 rs1=0.0146 nll=-2.3339 ro=0.0156] | val -0.21780 | lr 9.99e-04 |   30.8s (no improvement 3/30)
Epoch   10/500 | train -0.20022 [rs=0.0134 rs1=0.0154 nll=-2.3114 ro=0.0210] | val -0.22541 | lr 9.99e-04 |   33.9s (no improvement 4/30)
Epoch   11/500 | train -0.19215 [rs=0.0136 rs1=0.0156 nll=-2.2374 ro=0.0231] | val -0.19653 | lr 9.99e-04 |   37.1s (no improvement 5/30)
Epoch   12/500 | train -0.20576 [rs=0.0124 rs1=0.0134 nll=-2.3324 ro=0.0166] | val -0.22057 | lr 9.99e-04 |   40.2s (no improvement 6/30)
Epoch   13/500 | train -0.19753 [rs=0.0117 rs1=0.0132 nll=-2.2427 ro=0.0184] | val -0.20165 | lr 9.98e-04 |   43.3s (no improvement 7/30)
Epoch   14/500 | train -0.19806 [rs=0.0112 rs1=0.0123 nll=-2.2332 ro=0.0178] | val -0.17222 | lr 9.98e-04 |   46.5s (no improvement 8/30)
Epoch   15/500 | train -0.17645 [rs=0.0128 rs1=0.0150 nll=-2.0699 ro=0.0277] | val -0.23051 | lr 9.98e-04 |   49.6s (no improvement 9/30)
Epoch   16/500 | train -0.21908 [rs=0.0093 rs1=0.0106 nll=-2.4020 ro=0.0117] | val -0.22708 | lr 9.98e-04 |   52.7s (no improvement 10/30)
Epoch   17/500 | train -0.20775 [rs=0.0098 rs1=0.0111 nll=-2.3000 ro=0.0143] | val -0.20079 | lr 9.97e-04 |   56.0s (no improvement 11/30)
Epoch   18/500 | train -0.20252 [rs=0.0107 rs1=0.0116 nll=-2.2633 ro=0.0158] | val -0.24456 | lr 9.97e-04 |   59.2s ✓ best
Epoch   19/500 | train -0.19826 [rs=0.0099 rs1=0.0107 nll=-2.2067 ro=0.0178] | val -0.21949 | lr 9.96e-04 |   62.4s (no improvement 1/30)
Epoch   20/500 | train -0.09631 [rs=0.0186 rs1=0.0227 nll=-1.4224 ro=0.0466] | val -0.13717 | lr 9.96e-04 |   65.5s (no improvement 2/30)
Epoch   21/500 | train -0.16811 [rs=0.0097 rs1=0.0119 nll=-1.9136 ro=0.0169] | val -0.20711 | lr 9.96e-04 |   68.6s (no improvement 3/30)
Epoch   22/500 | train -0.19212 [rs=0.0081 rs1=0.0095 nll=-2.1102 ro=0.0129] | val -0.17731 | lr 9.95e-04 |   71.7s (no improvement 4/30)
Epoch   23/500 | train -0.16898 [rs=0.0109 rs1=0.0111 nll=-1.9273 ro=0.0181] | val -0.13171 | lr 9.95e-04 |   74.9s (no improvement 5/30)
Epoch   24/500 | train -0.17432 [rs=0.0100 rs1=0.0115 nll=-1.9765 ro=0.0183] | val -0.20966 | lr 9.94e-04 |   78.0s (no improvement 6/30)
Epoch   25/500 | train -0.19836 [rs=0.0086 rs1=0.0099 nll=-2.1805 ro=0.0126] | val -0.14776 | lr 9.94e-04 |   81.1s (no improvement 7/30)
Epoch   26/500 | train -0.15877 [rs=0.0092 rs1=0.0106 nll=-1.8044 ro=0.0184] | val -0.16261 | lr 9.93e-04 |   84.2s (no improvement 8/30)
Epoch   27/500 | train -0.11004 [rs=0.0269 rs1=0.0233 nll=-1.6544 ro=0.0521] | val -0.07673 | lr 9.93e-04 |   87.4s (no improvement 9/30)
Epoch   28/500 | train -0.14013 [rs=0.0131 rs1=0.0136 nll=-1.6906 ro=0.0226] | val -0.20047 | lr 9.92e-04 |   90.5s (no improvement 10/30)
Epoch   29/500 | train -0.19441 [rs=0.0081 rs1=0.0084 nll=-2.1189 ro=0.0106] | val -0.20443 | lr 9.92e-04 |   93.7s (no improvement 11/30)
Epoch   30/500 | train -0.18764 [rs=0.0069 rs1=0.0077 nll=-2.0335 ro=0.0110] | val -0.20141 | lr 9.91e-04 |   96.8s (no improvement 12/30)
Epoch   31/500 | train -0.20776 [rs=0.0062 rs1=0.0077 nll=-2.2262 ro=0.0100] | val -0.23735 | lr 9.91e-04 |   99.9s (no improvement 13/30)
Epoch   32/500 | train -0.19940 [rs=0.0069 rs1=0.0077 nll=-2.1507 ro=0.0105] | val -0.20733 | lr 9.90e-04 |  103.1s (no improvement 14/30)
Epoch   33/500 | train -0.16021 [rs=0.0104 rs1=0.0113 nll=-1.8413 ro=0.0230] | val -0.12798 | lr 9.89e-04 |  106.2s (no improvement 15/30)
Epoch   34/500 | train -0.18541 [rs=0.0104 rs1=0.0110 nll=-2.0864 ro=0.0184] | val -0.21107 | lr 9.89e-04 |  109.3s (no improvement 16/30)
Epoch   35/500 | train -0.20806 [rs=0.0082 rs1=0.0083 nll=-2.2585 ro=0.0133] | val -0.20441 | lr 9.88e-04 |  112.5s (no improvement 17/30)
Epoch   36/500 | train -0.17420 [rs=0.0111 rs1=0.0098 nll=-1.9654 ro=0.0145] | val -0.15966 | lr 9.87e-04 |  115.6s (no improvement 18/30)
Epoch   37/500 | train -0.16825 [rs=0.0104 rs1=0.0090 nll=-1.8930 ro=0.0160] | val -0.20786 | lr 9.87e-04 |  118.7s (no improvement 19/30)
Epoch   38/500 | train -0.20384 [rs=0.0091 rs1=0.0083 nll=-2.2236 ro=0.0121] | val -0.19335 | lr 9.86e-04 |  121.9s (no improvement 20/30)
Epoch   39/500 | train -0.19950 [rs=0.0088 rs1=0.0085 nll=-2.1798 ro=0.0121] | val -0.17203 | lr 9.85e-04 |  125.0s (no improvement 21/30)
Epoch   40/500 | train -0.14990 [rs=0.0088 rs1=0.0093 nll=-1.6965 ro=0.0168] | val -0.20456 | lr 9.84e-04 |  128.1s (no improvement 22/30)
Epoch   41/500 | train -0.22760 [rs=0.0058 rs1=0.0069 nll=-2.4114 ro=0.0087] | val -0.25063 | lr 9.84e-04 |  131.3s ✓ best
Epoch   42/500 | train -0.22573 [rs=0.0075 rs1=0.0077 nll=-2.4215 ro=0.0119] | val -0.20358 | lr 9.83e-04 |  134.5s (no improvement 1/30)
Epoch   43/500 | train -0.18492 [rs=0.0127 rs1=0.0121 nll=-2.1190 ro=0.0216] | val -0.16216 | lr 9.82e-04 |  137.6s (no improvement 2/30)
Epoch   44/500 | train -0.18385 [rs=0.0087 rs1=0.0081 nll=-2.0197 ro=0.0127] | val -0.18874 | lr 9.81e-04 |  140.7s (no improvement 3/30)
Epoch   45/500 | train -0.21195 [rs=0.0065 rs1=0.0066 nll=-2.2590 ro=0.0087] | val -0.24012 | lr 9.80e-04 |  143.8s (no improvement 4/30)
Epoch   46/500 | train -0.22571 [rs=0.0061 rs1=0.0065 nll=-2.3923 ro=0.0093] | val -0.23265 | lr 9.79e-04 |  147.0s (no improvement 5/30)
Epoch   47/500 | train -0.21501 [rs=0.0067 rs1=0.0071 nll=-2.2970 ro=0.0093] | val -0.12045 | lr 9.79e-04 |  150.1s (no improvement 6/30)
Epoch   48/500 | train -0.17198 [rs=0.0094 rs1=0.0109 nll=-1.9480 ro=0.0261] | val -0.24173 | lr 9.78e-04 |  153.2s (no improvement 7/30)
Epoch   49/500 | train -0.20015 [rs=0.0072 rs1=0.0083 nll=-2.1709 ro=0.0142] | val -0.14333 | lr 9.77e-04 |  156.4s (no improvement 8/30)
Epoch   50/500 | train -0.19125 [rs=0.0075 rs1=0.0085 nll=-2.0883 ro=0.0150] | val -0.20971 | lr 9.76e-04 |  159.5s (no improvement 9/30)
Epoch   51/500 | train -0.22355 [rs=0.0087 rs1=0.0096 nll=-2.4352 ro=0.0161] | val -0.24535 | lr 9.75e-04 |  162.6s (no improvement 10/30)
Epoch   52/500 | train -0.25488 [rs=0.0061 rs1=0.0073 nll=-2.6941 ro=0.0113] | val -0.26565 | lr 9.74e-04 |  165.8s ✓ best
Epoch   53/500 | train -0.20942 [rs=0.0078 rs1=0.0079 nll=-2.2631 ro=0.0122] | val -0.23227 | lr 9.73e-04 |  169.0s (no improvement 1/30)
Epoch   54/500 | train -0.25111 [rs=0.0049 rs1=0.0056 nll=-2.6223 ro=0.0062] | val -0.26382 | lr 9.72e-04 |  172.1s (no improvement 2/30)
Epoch   55/500 | train -0.23805 [rs=0.0077 rs1=0.0079 nll=-2.5467 ro=0.0100] | val -0.22078 | lr 9.71e-04 |  175.2s (no improvement 3/30)
Epoch   56/500 | train -0.20975 [rs=0.0118 rs1=0.0124 nll=-2.3616 ro=0.0229] | val -0.21409 | lr 9.70e-04 |  178.3s (no improvement 4/30)
Epoch   57/500 | train -0.21097 [rs=0.0079 rs1=0.0074 nll=-2.2738 ro=0.0110] | val -0.22489 | lr 9.69e-04 |  181.5s (no improvement 5/30)
Epoch   58/500 | train -0.23764 [rs=0.0055 rs1=0.0064 nll=-2.5012 ro=0.0066] | val -0.26492 | lr 9.67e-04 |  184.6s (no improvement 6/30)
Epoch   59/500 | train -0.23022 [rs=0.0064 rs1=0.0066 nll=-2.4405 ro=0.0085] | val -0.22017 | lr 9.66e-04 |  187.9s (no improvement 7/30)
Epoch   60/500 | train -0.23083 [rs=0.0053 rs1=0.0060 nll=-2.4297 ro=0.0082] | val -0.24097 | lr 9.65e-04 |  191.0s (no improvement 8/30)
Epoch   61/500 | train -0.23641 [rs=0.0058 rs1=0.0061 nll=-2.4900 ro=0.0074] | val -0.24339 | lr 9.64e-04 |  194.1s (no improvement 9/30)
Epoch   62/500 | train -0.22215 [rs=0.0062 rs1=0.0066 nll=-2.3588 ro=0.0099] | val -0.21216 | lr 9.63e-04 |  197.3s (no improvement 10/30)
Epoch   63/500 | train -0.23311 [rs=0.0078 rs1=0.0085 nll=-2.5076 ro=0.0140] | val -0.25085 | lr 9.62e-04 |  200.4s (no improvement 11/30)
Epoch   64/500 | train -0.25032 [rs=0.0063 rs1=0.0065 nll=-2.6402 ro=0.0089] | val -0.27301 | lr 9.61e-04 |  203.6s ✓ best
Epoch   65/500 | train -0.23257 [rs=0.0107 rs1=0.0103 nll=-2.5538 ro=0.0178] | val -0.20298 | lr 9.59e-04 |  206.7s (no improvement 1/30)
Epoch   66/500 | train -0.21354 [rs=0.0070 rs1=0.0082 nll=-2.3012 ro=0.0133] | val -0.24745 | lr 9.58e-04 |  209.8s (no improvement 2/30)
Epoch   67/500 | train -0.23861 [rs=0.0058 rs1=0.0061 nll=-2.5136 ro=0.0084] | val -0.26418 | lr 9.57e-04 |  212.9s (no improvement 3/30)
Epoch   68/500 | train -0.26672 [rs=0.0058 rs1=0.0069 nll=-2.8041 ro=0.0102] | val -0.26779 | lr 9.56e-04 |  216.1s (no improvement 4/30)
Epoch   69/500 | train -0.21790 [rs=0.0059 rs1=0.0070 nll=-2.3211 ro=0.0132] | val -0.11822 | lr 9.54e-04 |  219.2s (no improvement 5/30)
Epoch   70/500 | train -0.17880 [rs=0.0092 rs1=0.0101 nll=-2.0031 ro=0.0213] | val -0.22919 | lr 9.53e-04 |  222.4s (no improvement 6/30)
Epoch   71/500 | train -0.25586 [rs=0.0050 rs1=0.0059 nll=-2.6773 ro=0.0093] | val -0.28242 | lr 9.52e-04 |  225.6s ✓ best
Epoch   72/500 | train -0.27903 [rs=0.0048 rs1=0.0057 nll=-2.9035 ro=0.0087] | val -0.26310 | lr 9.50e-04 |  228.7s (no improvement 1/30)
Epoch   73/500 | train -0.26451 [rs=0.0052 rs1=0.0059 nll=-2.7637 ro=0.0076] | val -0.26284 | lr 9.49e-04 |  231.9s (no improvement 2/30)
Epoch   74/500 | train -0.17785 [rs=0.0072 rs1=0.0074 nll=-1.9386 ro=0.0141] | val -0.18318 | lr 9.47e-04 |  235.0s (no improvement 3/30)
Epoch   75/500 | train -0.21699 [rs=0.0055 rs1=0.0062 nll=-2.2982 ro=0.0114] | val -0.25757 | lr 9.46e-04 |  238.1s (no improvement 4/30)
Epoch   76/500 | train -0.25077 [rs=0.0055 rs1=0.0057 nll=-2.6286 ro=0.0089] | val -0.25742 | lr 9.45e-04 |  241.3s (no improvement 5/30)
Epoch   77/500 | train -0.26482 [rs=0.0049 rs1=0.0058 nll=-2.7635 ro=0.0079] | val -0.24278 | lr 9.43e-04 |  244.4s (no improvement 6/30)
Epoch   78/500 | train -0.23392 [rs=0.0062 rs1=0.0066 nll=-2.4791 ro=0.0122] | val -0.26194 | lr 9.42e-04 |  247.5s (no improvement 7/30)
Epoch   79/500 | train -0.27680 [rs=0.0047 rs1=0.0055 nll=-2.8776 ro=0.0071] | val -0.25750 | lr 9.40e-04 |  250.7s (no improvement 8/30)
Epoch   80/500 | train -0.25949 [rs=0.0060 rs1=0.0065 nll=-2.7297 ro=0.0097] | val -0.27235 | lr 9.39e-04 |  253.8s (no improvement 9/30)
Epoch   81/500 | train -0.26515 [rs=0.0058 rs1=0.0058 nll=-2.7767 ro=0.0091] | val -0.28607 | lr 9.37e-04 |  257.0s ✓ best
Epoch   82/500 | train -0.28504 [rs=0.0043 rs1=0.0051 nll=-2.9511 ro=0.0065] | val -0.29184 | lr 9.36e-04 |  260.2s ✓ best
Epoch   83/500 | train -0.18164 [rs=0.0318 rs1=0.0292 nll=-2.4789 ro=0.0526] | val -0.00366 | lr 9.34e-04 |  263.3s (no improvement 1/30)
Epoch   84/500 | train -0.09920 [rs=0.0286 rs1=0.0302 nll=-1.6479 ro=0.0672] | val -0.18040 | lr 9.33e-04 |  266.4s (no improvement 2/30)
Epoch   85/500 | train -0.21830 [rs=0.0065 rs1=0.0066 nll=-2.3236 ro=0.0101] | val -0.24733 | lr 9.31e-04 |  269.6s (no improvement 3/30)
Epoch   86/500 | train -0.25302 [rs=0.0051 rs1=0.0055 nll=-2.6435 ro=0.0071] | val -0.27440 | lr 9.29e-04 |  272.7s (no improvement 4/30)
Epoch   87/500 | train -0.27266 [rs=0.0039 rs1=0.0044 nll=-2.8131 ro=0.0042] | val -0.27672 | lr 9.28e-04 |  275.8s (no improvement 5/30)
Epoch   88/500 | train -0.26596 [rs=0.0041 rs1=0.0047 nll=-2.7531 ro=0.0049] | val -0.27487 | lr 9.26e-04 |  279.0s (no improvement 6/30)
Epoch   89/500 | train -0.26058 [rs=0.0040 rs1=0.0045 nll=-2.6952 ro=0.0046] | val -0.24765 | lr 9.25e-04 |  282.1s (no improvement 7/30)
Epoch   90/500 | train -0.24084 [rs=0.0045 rs1=0.0051 nll=-2.5101 ro=0.0056] | val -0.25070 | lr 9.23e-04 |  285.2s (no improvement 8/30)
Epoch   91/500 | train -0.27141 [rs=0.0043 rs1=0.0050 nll=-2.8133 ro=0.0060] | val -0.27169 | lr 9.21e-04 |  288.3s (no improvement 9/30)
Epoch   92/500 | train -0.19741 [rs=0.0068 rs1=0.0066 nll=-2.1190 ro=0.0107] | val -0.20011 | lr 9.20e-04 |  291.5s (no improvement 10/30)
Epoch   93/500 | train -0.23957 [rs=0.0047 rs1=0.0052 nll=-2.5021 ro=0.0070] | val -0.27552 | lr 9.18e-04 |  294.6s (no improvement 11/30)
Epoch   94/500 | train -0.24211 [rs=0.0046 rs1=0.0052 nll=-2.5267 ro=0.0076] | val -0.25157 | lr 9.16e-04 |  297.7s (no improvement 12/30)
Epoch   95/500 | train -0.26511 [rs=0.0042 rs1=0.0048 nll=-2.7468 ro=0.0060] | val -0.27052 | lr 9.14e-04 |  300.9s (no improvement 13/30)
Epoch   96/500 | train -0.19190 [rs=0.0070 rs1=0.0071 nll=-2.0718 ro=0.0120] | val -0.19301 | lr 9.13e-04 |  304.0s (no improvement 14/30)
Epoch   97/500 | train -0.23577 [rs=0.0049 rs1=0.0054 nll=-2.4684 ro=0.0074] | val -0.26491 | lr 9.11e-04 |  307.2s (no improvement 15/30)
Epoch   98/500 | train -0.26334 [rs=0.0046 rs1=0.0048 nll=-2.7347 ro=0.0074] | val -0.26410 | lr 9.09e-04 |  310.3s (no improvement 16/30)
Epoch   99/500 | train -0.24278 [rs=0.0071 rs1=0.0067 nll=-2.5747 ro=0.0095] | val -0.25336 | lr 9.07e-04 |  313.4s (no improvement 17/30)
Epoch  100/500 | train -0.25408 [rs=0.0055 rs1=0.0053 nll=-2.6556 ro=0.0072] | val -0.23725 | lr 9.05e-04 |  316.5s (no improvement 18/30)
Epoch  101/500 | train -0.23053 [rs=0.0060 rs1=0.0063 nll=-2.4368 ro=0.0087] | val -0.25324 | lr 9.04e-04 |  319.7s (no improvement 19/30)
Epoch  102/500 | train -0.24597 [rs=0.0064 rs1=0.0080 nll=-2.6140 ro=0.0110] | val -0.23746 | lr 9.02e-04 |  323.0s (no improvement 20/30)
Epoch  103/500 | train -0.25395 [rs=0.0046 rs1=0.0050 nll=-2.6425 ro=0.0066] | val -0.28279 | lr 9.00e-04 |  326.1s (no improvement 21/30)
Epoch  104/500 | train -0.24961 [rs=0.0048 rs1=0.0052 nll=-2.6037 ro=0.0078] | val -0.19500 | lr 8.98e-04 |  329.2s (no improvement 22/30)
Epoch  105/500 | train -0.21148 [rs=0.0067 rs1=0.0069 nll=-2.2601 ro=0.0100] | val -0.24914 | lr 8.96e-04 |  332.4s (no improvement 23/30)
Epoch  106/500 | train -0.26344 [rs=0.0043 rs1=0.0048 nll=-2.7317 ro=0.0063] | val -0.27622 | lr 8.94e-04 |  335.5s (no improvement 24/30)
Epoch  107/500 | train -0.26883 [rs=0.0049 rs1=0.0047 nll=-2.7911 ro=0.0069] | val -0.26864 | lr 8.92e-04 |  338.6s (no improvement 25/30)
Epoch  108/500 | train -0.26361 [rs=0.0052 rs1=0.0050 nll=-2.7449 ro=0.0065] | val -0.25663 | lr 8.90e-04 |  341.7s (no improvement 26/30)
Epoch  109/500 | train -0.25179 [rs=0.0051 rs1=0.0050 nll=-2.6264 ro=0.0073] | val -0.26080 | lr 8.88e-04 |  344.9s (no improvement 27/30)
Epoch  110/500 | train -0.26523 [rs=0.0042 rs1=0.0045 nll=-2.7449 ro=0.0055] | val -0.26926 | lr 8.86e-04 |  348.0s (no improvement 28/30)
Epoch  111/500 | train -0.25747 [rs=0.0048 rs1=0.0045 nll=-2.6735 ro=0.0058] | val -0.24742 | lr 8.84e-04 |  351.1s (no improvement 29/30)
Epoch  112/500 | train -0.25815 [rs=0.0047 rs1=0.0050 nll=-2.6856 ro=0.0074] | val -0.27653 | lr 8.82e-04 |  354.2s (no improvement 30/30)
[train] Early stopping at epoch 112.
[train] Loss plot → surrogate_model_latent/runs/20260528_174640/loss_curves.png
[train] Component loss plot → surrogate_model_latent/runs/20260528_174640/loss_components.png

[train] Done.  Best val loss : -0.291836
[train] Best checkpoint  : surrogate_model_latent/runs/20260528_174640/latent_best.pt
[train] Final checkpoint : surrogate_model_latent/runs/20260528_174640/latent_final.pt
============================================================
Training finished: Thu May 28 17:52:39 EDT 2026  (exit code: 0)
============================================================
