============================================================
Job ID   : 51239982
Node     : gl1022
Started  : Mon Jun  1 16:28:52 EDT 2026
============================================================
Python : /home/xysong/.conda/envs/RL/bin/python
Torch  : 2.5.1+cu121
CUDA   : True
============================================================
/home/xysong/.conda/envs/RL/lib/python3.10/site-packages/torch/utils/data/dataloader.py:617: UserWarning: This DataLoader will create 6 worker processes in total. Our suggested max number of worker in current system is 1, which is smaller than what this DataLoader is going to create. Please be aware that excessive worker creation might get DataLoader running slow or even freeze, lower the worker number to avoid potential slowness/freeze if necessary.
  warnings.warn(
/home/xysong/.conda/envs/RL/lib/python3.10/site-packages/torch/utils/data/dataloader.py:617: UserWarning: This DataLoader will create 6 worker processes in total. Our suggested max number of worker in current system is 1, which is smaller than what this DataLoader is going to create. Please be aware that excessive worker creation might get DataLoader running slow or even freeze, lower the worker number to avoid potential slowness/freeze if necessary.
  warnings.warn(
[train] Output dir : surrogate_model_latent/runs/20260601_162903
[train] Device     : cuda
[dataset] Loaded 3000 trajectories × 12 layers from Dataset:layer_12_stepsize_10_samples_3000_150_400_lc.pkl
[dataset] Split → train 2400 | val 300 | test 300
[dataset] State  mean ∈ [87.0, 2983.3], std  ∈ [40.9028, 1045.7]
[dataset] Action mean = 274.57 W, std = 75.03 W
[dataset] ROI weight table: (12, 1053), range [0.801, 4.219]  (square side 0.40→0.50 × min_dim)
[train] ROI weights loaded from mesh: /nfs/turbo/coe-sunwbgt/xysong/Offline-RL-Controller-in-AM/surrogate_model/mesh.mat
[LatentTrajectoryDataset] 2,400 trajectories, T=12, state_dim=1053
[LatentTrajectoryDataset] 300 trajectories, T=12, state_dim=1053
[train] EnsembleLatentDynamicsModel(state=1053, latent=32, action=1, K=5, n_layers=12, embed=8 | enc=676,384  trans×5=552,320  dec=677,405 | total=1,906,109)

[train] Starting training for up to 500 epochs (patience=30)
[train] Loss mode : rollout k=12
[train] Weights   → recon_st=1.0  recon_st1=1.0  rollout=0.2
[train] Ensemble  → K=5 members
--------------------------------------------------------------------------------
Epoch    1/500 | train 1.96674 [rs=1.0901 rs1=0.7180 ro=0.7934] | val 0.87287 | lr 1.00e-03 |    5.3s ✓ best
Epoch    2/500 | train 0.59167 [rs=0.3119 rs1=0.2198 ro=0.2997] | val 0.43411 | lr 1.00e-03 |    8.1s ✓ best
Epoch    3/500 | train 0.31853 [rs=0.1319 rs1=0.1448 ro=0.2094] | val 0.23725 | lr 1.00e-03 |   10.9s ✓ best
Epoch    4/500 | train 0.20700 [rs=0.0824 rs1=0.0958 ro=0.1440] | val 0.16258 | lr 1.00e-03 |   13.8s ✓ best
Epoch    5/500 | train 0.16150 [rs=0.0682 rs1=0.0741 ro=0.0963] | val 0.12489 | lr 1.00e-03 |   16.6s ✓ best
Epoch    6/500 | train 0.13089 [rs=0.0573 rs1=0.0602 ro=0.0668] | val 0.10174 | lr 1.00e-03 |   19.4s ✓ best
Epoch    7/500 | train 0.11317 [rs=0.0502 rs1=0.0524 ro=0.0529] | val 0.08746 | lr 1.00e-03 |   22.2s ✓ best
Epoch    8/500 | train 0.09956 [rs=0.0446 rs1=0.0459 ro=0.0454] | val 0.07581 | lr 9.99e-04 |   25.0s ✓ best
Epoch    9/500 | train 0.08576 [rs=0.0389 rs1=0.0392 ro=0.0383] | val 0.06314 | lr 9.99e-04 |   27.8s ✓ best
Epoch   10/500 | train 0.07333 [rs=0.0336 rs1=0.0332 ro=0.0330] | val 0.05493 | lr 9.99e-04 |   30.5s ✓ best
Epoch   11/500 | train 0.06583 [rs=0.0299 rs1=0.0297 ro=0.0316] | val 0.04374 | lr 9.99e-04 |   33.3s ✓ best
Epoch   12/500 | train 0.05548 [rs=0.0253 rs1=0.0249 ro=0.0265] | val 0.03717 | lr 9.99e-04 |   36.1s ✓ best
Epoch   13/500 | train 0.04592 [rs=0.0209 rs1=0.0205 ro=0.0224] | val 0.02644 | lr 9.98e-04 |   39.0s ✓ best
Epoch   14/500 | train 0.04733 [rs=0.0207 rs1=0.0214 ro=0.0260] | val 0.02757 | lr 9.98e-04 |   41.7s (no improvement 1/30)
Epoch   15/500 | train 0.03829 [rs=0.0178 rs1=0.0170 ro=0.0173] | val 0.02251 | lr 9.98e-04 |   44.5s ✓ best
Epoch   16/500 | train 0.03273 [rs=0.0157 rs1=0.0144 ro=0.0133] | val 0.01878 | lr 9.98e-04 |   47.3s ✓ best
Epoch   17/500 | train 0.02999 [rs=0.0146 rs1=0.0131 ro=0.0114] | val 0.01702 | lr 9.97e-04 |   50.0s ✓ best
Epoch   18/500 | train 0.04464 [rs=0.0203 rs1=0.0199 ro=0.0223] | val 0.03009 | lr 9.97e-04 |   52.7s (no improvement 1/30)
Epoch   19/500 | train 0.03451 [rs=0.0165 rs1=0.0151 ro=0.0142] | val 0.01794 | lr 9.96e-04 |   55.4s (no improvement 2/30)
Epoch   20/500 | train 0.02872 [rs=0.0141 rs1=0.0124 ro=0.0107] | val 0.01812 | lr 9.96e-04 |   58.1s (no improvement 3/30)
Epoch   21/500 | train 0.02616 [rs=0.0131 rs1=0.0112 ro=0.0092] | val 0.01543 | lr 9.96e-04 |   60.9s ✓ best
Epoch   22/500 | train 0.02561 [rs=0.0129 rs1=0.0110 ro=0.0088] | val 0.01771 | lr 9.95e-04 |   63.6s (no improvement 1/30)
Epoch   23/500 | train 0.02376 [rs=0.0121 rs1=0.0100 ro=0.0079] | val 0.01292 | lr 9.95e-04 |   66.3s ✓ best
Epoch   24/500 | train 0.02452 [rs=0.0125 rs1=0.0104 ro=0.0082] | val 0.01759 | lr 9.94e-04 |   69.0s (no improvement 1/30)
Epoch   25/500 | train 0.02399 [rs=0.0121 rs1=0.0102 ro=0.0088] | val 0.01354 | lr 9.94e-04 |   71.7s (no improvement 2/30)
Epoch   26/500 | train 0.02249 [rs=0.0115 rs1=0.0094 ro=0.0076] | val 0.01228 | lr 9.93e-04 |   74.5s ✓ best
Epoch   27/500 | train 0.02081 [rs=0.0108 rs1=0.0087 ro=0.0067] | val 0.01341 | lr 9.93e-04 |   77.4s (no improvement 1/30)
Epoch   28/500 | train 0.01926 [rs=0.0101 rs1=0.0080 ro=0.0062] | val 0.01025 | lr 9.92e-04 |   80.2s ✓ best
Epoch   29/500 | train 0.01826 [rs=0.0095 rs1=0.0076 ro=0.0059] | val 0.00967 | lr 9.92e-04 |   82.9s ✓ best
Epoch   30/500 | train 0.01960 [rs=0.0101 rs1=0.0082 ro=0.0067] | val 0.01392 | lr 9.91e-04 |   85.6s (no improvement 1/30)
Epoch   31/500 | train 0.02059 [rs=0.0105 rs1=0.0086 ro=0.0075] | val 0.01312 | lr 9.91e-04 |   88.3s (no improvement 2/30)
Epoch   32/500 | train 0.01981 [rs=0.0101 rs1=0.0083 ro=0.0068] | val 0.01255 | lr 9.90e-04 |   91.0s (no improvement 3/30)
Epoch   33/500 | train 0.01889 [rs=0.0097 rs1=0.0079 ro=0.0066] | val 0.01151 | lr 9.89e-04 |   93.6s (no improvement 4/30)
Epoch   34/500 | train 0.01709 [rs=0.0089 rs1=0.0071 ro=0.0056] | val 0.01335 | lr 9.89e-04 |   96.3s (no improvement 5/30)
Epoch   35/500 | train 0.01617 [rs=0.0084 rs1=0.0067 ro=0.0054] | val 0.00879 | lr 9.88e-04 |   99.1s ✓ best
Epoch   36/500 | train 0.01506 [rs=0.0080 rs1=0.0062 ro=0.0047] | val 0.00830 | lr 9.87e-04 |  101.9s ✓ best
Epoch   37/500 | train 0.01539 [rs=0.0081 rs1=0.0063 ro=0.0050] | val 0.01108 | lr 9.87e-04 |  104.6s (no improvement 1/30)
Epoch   38/500 | train 0.01496 [rs=0.0078 rs1=0.0062 ro=0.0050] | val 0.00927 | lr 9.86e-04 |  107.3s (no improvement 2/30)
Epoch   39/500 | train 0.01483 [rs=0.0078 rs1=0.0061 ro=0.0049] | val 0.00772 | lr 9.85e-04 |  110.1s ✓ best
Epoch   40/500 | train 0.01475 [rs=0.0077 rs1=0.0061 ro=0.0048] | val 0.01113 | lr 9.84e-04 |  112.8s (no improvement 1/30)
Epoch   41/500 | train 0.01465 [rs=0.0076 rs1=0.0061 ro=0.0048] | val 0.00753 | lr 9.84e-04 |  115.5s ✓ best
Epoch   42/500 | train 0.01358 [rs=0.0072 rs1=0.0056 ro=0.0043] | val 0.00878 | lr 9.83e-04 |  118.2s (no improvement 1/30)
Epoch   43/500 | train 0.01416 [rs=0.0073 rs1=0.0059 ro=0.0047] | val 0.01367 | lr 9.82e-04 |  120.9s (no improvement 2/30)
Epoch   44/500 | train 0.01533 [rs=0.0078 rs1=0.0065 ro=0.0055] | val 0.01275 | lr 9.81e-04 |  123.6s (no improvement 3/30)
Epoch   45/500 | train 0.01503 [rs=0.0076 rs1=0.0063 ro=0.0057] | val 0.01246 | lr 9.80e-04 |  126.3s (no improvement 4/30)
Epoch   46/500 | train 0.01384 [rs=0.0071 rs1=0.0058 ro=0.0049] | val 0.00682 | lr 9.79e-04 |  129.1s ✓ best
Epoch   47/500 | train 0.01177 [rs=0.0062 rs1=0.0048 ro=0.0037] | val 0.00696 | lr 9.79e-04 |  131.8s (no improvement 1/30)
Epoch   48/500 | train 0.01183 [rs=0.0061 rs1=0.0049 ro=0.0038] | val 0.00830 | lr 9.78e-04 |  134.5s (no improvement 2/30)
Epoch   49/500 | train 0.01266 [rs=0.0065 rs1=0.0053 ro=0.0043] | val 0.00655 | lr 9.77e-04 |  137.3s ✓ best
Epoch   50/500 | train 0.01193 [rs=0.0061 rs1=0.0050 ro=0.0040] | val 0.00642 | lr 9.76e-04 |  140.0s ✓ best
Epoch   51/500 | train 0.01167 [rs=0.0060 rs1=0.0049 ro=0.0038] | val 0.01026 | lr 9.75e-04 |  142.7s (no improvement 1/30)
Epoch   52/500 | train 0.01252 [rs=0.0064 rs1=0.0053 ro=0.0042] | val 0.00607 | lr 9.74e-04 |  145.6s ✓ best
Epoch   53/500 | train 0.01157 [rs=0.0059 rs1=0.0049 ro=0.0039] | val 0.00639 | lr 9.73e-04 |  148.3s (no improvement 1/30)
Epoch   54/500 | train 0.01057 [rs=0.0055 rs1=0.0044 ro=0.0035] | val 0.00618 | lr 9.72e-04 |  151.0s (no improvement 2/30)
Epoch   55/500 | train 0.01018 [rs=0.0053 rs1=0.0043 ro=0.0033] | val 0.00784 | lr 9.71e-04 |  153.7s (no improvement 3/30)
Epoch   56/500 | train 0.01114 [rs=0.0056 rs1=0.0047 ro=0.0040] | val 0.00583 | lr 9.70e-04 |  156.4s ✓ best
Epoch   57/500 | train 0.00945 [rs=0.0049 rs1=0.0039 ro=0.0030] | val 0.00523 | lr 9.69e-04 |  159.2s ✓ best
Epoch   58/500 | train 0.00976 [rs=0.0050 rs1=0.0041 ro=0.0032] | val 0.00930 | lr 9.67e-04 |  161.9s (no improvement 1/30)
Epoch   59/500 | train 0.01706 [rs=0.0081 rs1=0.0075 ro=0.0073] | val 0.00996 | lr 9.66e-04 |  164.6s (no improvement 2/30)
Epoch   60/500 | train 0.01101 [rs=0.0055 rs1=0.0047 ro=0.0044] | val 0.00760 | lr 9.65e-04 |  167.3s (no improvement 3/30)
Epoch   61/500 | train 0.00956 [rs=0.0049 rs1=0.0040 ro=0.0032] | val 0.00466 | lr 9.64e-04 |  170.0s ✓ best
Epoch   62/500 | train 0.00904 [rs=0.0046 rs1=0.0038 ro=0.0030] | val 0.00579 | lr 9.63e-04 |  172.7s (no improvement 1/30)
Epoch   63/500 | train 0.00849 [rs=0.0044 rs1=0.0036 ro=0.0027] | val 0.00449 | lr 9.62e-04 |  175.5s ✓ best
Epoch   64/500 | train 0.00878 [rs=0.0045 rs1=0.0037 ro=0.0029] | val 0.00530 | lr 9.61e-04 |  178.2s (no improvement 1/30)
Epoch   65/500 | train 0.00967 [rs=0.0049 rs1=0.0041 ro=0.0031] | val 0.01658 | lr 9.59e-04 |  180.9s (no improvement 2/30)
Epoch   66/500 | train 0.01415 [rs=0.0071 rs1=0.0060 ro=0.0050] | val 0.00508 | lr 9.58e-04 |  183.5s (no improvement 3/30)
Epoch   67/500 | train 0.00971 [rs=0.0050 rs1=0.0040 ro=0.0032] | val 0.00601 | lr 9.57e-04 |  186.2s (no improvement 4/30)
Epoch   68/500 | train 0.00878 [rs=0.0045 rs1=0.0037 ro=0.0028] | val 0.00512 | lr 9.56e-04 |  188.9s (no improvement 5/30)
Epoch   69/500 | train 0.00825 [rs=0.0042 rs1=0.0035 ro=0.0026] | val 0.00491 | lr 9.54e-04 |  191.6s (no improvement 6/30)
Epoch   70/500 | train 0.00761 [rs=0.0039 rs1=0.0032 ro=0.0024] | val 0.00606 | lr 9.53e-04 |  194.3s (no improvement 7/30)
Epoch   71/500 | train 0.00820 [rs=0.0041 rs1=0.0035 ro=0.0027] | val 0.00464 | lr 9.52e-04 |  196.9s (no improvement 8/30)
Epoch   72/500 | train 0.00759 [rs=0.0039 rs1=0.0032 ro=0.0026] | val 0.00469 | lr 9.50e-04 |  199.6s (no improvement 9/30)
Epoch   73/500 | train 0.00805 [rs=0.0041 rs1=0.0035 ro=0.0026] | val 0.00611 | lr 9.49e-04 |  202.3s (no improvement 10/30)
Epoch   74/500 | train 0.00815 [rs=0.0041 rs1=0.0035 ro=0.0026] | val 0.00425 | lr 9.47e-04 |  205.0s ✓ best
Epoch   75/500 | train 0.00792 [rs=0.0040 rs1=0.0034 ro=0.0025] | val 0.00574 | lr 9.46e-04 |  207.8s (no improvement 1/30)
Epoch   76/500 | train 0.00806 [rs=0.0041 rs1=0.0034 ro=0.0024] | val 0.00650 | lr 9.45e-04 |  210.5s (no improvement 2/30)
Epoch   77/500 | train 0.00820 [rs=0.0042 rs1=0.0035 ro=0.0026] | val 0.00407 | lr 9.43e-04 |  213.4s ✓ best
Epoch   78/500 | train 0.00730 [rs=0.0037 rs1=0.0031 ro=0.0023] | val 0.00392 | lr 9.42e-04 |  216.1s ✓ best
Epoch   79/500 | train 0.00736 [rs=0.0037 rs1=0.0031 ro=0.0024] | val 0.00372 | lr 9.40e-04 |  218.9s ✓ best
Epoch   80/500 | train 0.00832 [rs=0.0041 rs1=0.0036 ro=0.0028] | val 0.00413 | lr 9.39e-04 |  221.6s (no improvement 1/30)
Epoch   81/500 | train 0.00801 [rs=0.0040 rs1=0.0035 ro=0.0028] | val 0.00347 | lr 9.37e-04 |  224.4s ✓ best
Epoch   82/500 | train 0.00725 [rs=0.0037 rs1=0.0031 ro=0.0023] | val 0.00352 | lr 9.36e-04 |  227.1s (no improvement 1/30)
Epoch   83/500 | train 0.00714 [rs=0.0036 rs1=0.0031 ro=0.0022] | val 0.00851 | lr 9.34e-04 |  229.7s (no improvement 2/30)
Epoch   84/500 | train 0.00773 [rs=0.0039 rs1=0.0033 ro=0.0025] | val 0.00569 | lr 9.33e-04 |  232.4s (no improvement 3/30)
Epoch   85/500 | train 0.00723 [rs=0.0036 rs1=0.0031 ro=0.0024] | val 0.00370 | lr 9.31e-04 |  235.1s (no improvement 4/30)
Epoch   86/500 | train 0.00645 [rs=0.0033 rs1=0.0028 ro=0.0020] | val 0.00334 | lr 9.29e-04 |  237.9s ✓ best
Epoch   87/500 | train 0.00676 [rs=0.0034 rs1=0.0029 ro=0.0021] | val 0.00436 | lr 9.28e-04 |  240.6s (no improvement 1/30)
Epoch   88/500 | train 0.00726 [rs=0.0037 rs1=0.0031 ro=0.0023] | val 0.00387 | lr 9.26e-04 |  243.3s (no improvement 2/30)
Epoch   89/500 | train 0.00711 [rs=0.0036 rs1=0.0031 ro=0.0024] | val 0.00477 | lr 9.25e-04 |  245.9s (no improvement 3/30)
Epoch   90/500 | train 0.00799 [rs=0.0040 rs1=0.0035 ro=0.0027] | val 0.00383 | lr 9.23e-04 |  248.6s (no improvement 4/30)
Epoch   91/500 | train 0.00813 [rs=0.0040 rs1=0.0035 ro=0.0028] | val 0.00504 | lr 9.21e-04 |  251.3s (no improvement 5/30)
Epoch   92/500 | train 0.00792 [rs=0.0039 rs1=0.0034 ro=0.0027] | val 0.00448 | lr 9.20e-04 |  254.0s (no improvement 6/30)
Epoch   93/500 | train 0.00719 [rs=0.0036 rs1=0.0031 ro=0.0023] | val 0.00476 | lr 9.18e-04 |  256.7s (no improvement 7/30)
Epoch   94/500 | train 0.00606 [rs=0.0031 rs1=0.0026 ro=0.0019] | val 0.00345 | lr 9.16e-04 |  259.4s (no improvement 8/30)
Epoch   95/500 | train 0.00621 [rs=0.0031 rs1=0.0027 ro=0.0020] | val 0.00554 | lr 9.14e-04 |  262.0s (no improvement 9/30)
Epoch   96/500 | train 0.00748 [rs=0.0037 rs1=0.0033 ro=0.0026] | val 0.00462 | lr 9.13e-04 |  264.7s (no improvement 10/30)
Epoch   97/500 | train 0.00635 [rs=0.0032 rs1=0.0027 ro=0.0020] | val 0.00382 | lr 9.11e-04 |  267.4s (no improvement 11/30)
Epoch   98/500 | train 0.00589 [rs=0.0030 rs1=0.0025 ro=0.0018] | val 0.00380 | lr 9.09e-04 |  270.1s (no improvement 12/30)
Epoch   99/500 | train 0.00670 [rs=0.0034 rs1=0.0029 ro=0.0021] | val 0.00355 | lr 9.07e-04 |  272.8s (no improvement 13/30)
Epoch  100/500 | train 0.00576 [rs=0.0030 rs1=0.0025 ro=0.0017] | val 0.00369 | lr 9.05e-04 |  275.4s (no improvement 14/30)
Epoch  101/500 | train 0.00601 [rs=0.0030 rs1=0.0026 ro=0.0019] | val 0.00301 | lr 9.04e-04 |  278.2s ✓ best
Epoch  102/500 | train 0.00712 [rs=0.0035 rs1=0.0031 ro=0.0024] | val 0.00382 | lr 9.02e-04 |  280.9s (no improvement 1/30)
Epoch  103/500 | train 0.00576 [rs=0.0029 rs1=0.0025 ro=0.0019] | val 0.00358 | lr 9.00e-04 |  283.7s (no improvement 2/30)
Epoch  104/500 | train 0.00540 [rs=0.0028 rs1=0.0023 ro=0.0016] | val 0.00317 | lr 8.98e-04 |  286.4s (no improvement 3/30)
Epoch  105/500 | train 0.00537 [rs=0.0028 rs1=0.0023 ro=0.0016] | val 0.00440 | lr 8.96e-04 |  289.1s (no improvement 4/30)
Epoch  106/500 | train 0.00521 [rs=0.0027 rs1=0.0022 ro=0.0016] | val 0.00373 | lr 8.94e-04 |  291.8s (no improvement 5/30)
Epoch  107/500 | train 0.01031 [rs=0.0050 rs1=0.0046 ro=0.0035] | val 0.01185 | lr 8.92e-04 |  294.5s (no improvement 6/30)
Epoch  108/500 | train 0.01321 [rs=0.0061 rs1=0.0059 ro=0.0060] | val 0.01175 | lr 8.90e-04 |  297.1s (no improvement 7/30)
Epoch  109/500 | train 0.01030 [rs=0.0050 rs1=0.0045 ro=0.0042] | val 0.00584 | lr 8.88e-04 |  299.8s (no improvement 8/30)
Epoch  110/500 | train 0.00722 [rs=0.0036 rs1=0.0031 ro=0.0024] | val 0.00414 | lr 8.86e-04 |  302.5s (no improvement 9/30)
Epoch  111/500 | train 0.00604 [rs=0.0031 rs1=0.0026 ro=0.0020] | val 0.00351 | lr 8.84e-04 |  305.2s (no improvement 10/30)
Epoch  112/500 | train 0.00623 [rs=0.0031 rs1=0.0027 ro=0.0020] | val 0.00402 | lr 8.82e-04 |  307.8s (no improvement 11/30)
Epoch  113/500 | train 0.00561 [rs=0.0029 rs1=0.0024 ro=0.0017] | val 0.00302 | lr 8.80e-04 |  310.5s (no improvement 12/30)
Epoch  114/500 | train 0.00506 [rs=0.0026 rs1=0.0022 ro=0.0014] | val 0.00292 | lr 8.78e-04 |  313.3s ✓ best
Epoch  115/500 | train 0.00505 [rs=0.0026 rs1=0.0022 ro=0.0015] | val 0.00304 | lr 8.76e-04 |  316.0s (no improvement 1/30)
Epoch  116/500 | train 0.00495 [rs=0.0025 rs1=0.0021 ro=0.0014] | val 0.00290 | lr 8.74e-04 |  318.8s ✓ best
Epoch  117/500 | train 0.00534 [rs=0.0027 rs1=0.0023 ro=0.0015] | val 0.00273 | lr 8.72e-04 |  321.6s ✓ best
Epoch  118/500 | train 0.00528 [rs=0.0027 rs1=0.0023 ro=0.0015] | val 0.00295 | lr 8.70e-04 |  324.3s (no improvement 1/30)
Epoch  119/500 | train 0.00491 [rs=0.0025 rs1=0.0021 ro=0.0015] | val 0.00318 | lr 8.68e-04 |  327.0s (no improvement 2/30)
Epoch  120/500 | train 0.00501 [rs=0.0026 rs1=0.0022 ro=0.0014] | val 0.00606 | lr 8.66e-04 |  329.7s (no improvement 3/30)
Epoch  121/500 | train 0.00536 [rs=0.0027 rs1=0.0023 ro=0.0016] | val 0.00286 | lr 8.64e-04 |  332.3s (no improvement 4/30)
Epoch  122/500 | train 0.00461 [rs=0.0024 rs1=0.0020 ro=0.0013] | val 0.00259 | lr 8.62e-04 |  335.1s ✓ best
Epoch  123/500 | train 0.00470 [rs=0.0024 rs1=0.0020 ro=0.0013] | val 0.00309 | lr 8.59e-04 |  337.9s (no improvement 1/30)
Epoch  124/500 | train 0.00511 [rs=0.0026 rs1=0.0022 ro=0.0015] | val 0.00272 | lr 8.57e-04 |  340.6s (no improvement 2/30)
Epoch  125/500 | train 0.00518 [rs=0.0026 rs1=0.0022 ro=0.0016] | val 0.00331 | lr 8.55e-04 |  343.3s (no improvement 3/30)
Epoch  126/500 | train 0.00593 [rs=0.0030 rs1=0.0026 ro=0.0018] | val 0.00305 | lr 8.53e-04 |  346.0s (no improvement 4/30)
Epoch  127/500 | train 0.00520 [rs=0.0026 rs1=0.0022 ro=0.0016] | val 0.00374 | lr 8.51e-04 |  348.6s (no improvement 5/30)
Epoch  128/500 | train 0.00493 [rs=0.0025 rs1=0.0021 ro=0.0014] | val 0.00276 | lr 8.48e-04 |  351.3s (no improvement 6/30)
Epoch  129/500 | train 0.00491 [rs=0.0025 rs1=0.0021 ro=0.0014] | val 0.00284 | lr 8.46e-04 |  354.0s (no improvement 7/30)
Epoch  130/500 | train 0.00623 [rs=0.0031 rs1=0.0027 ro=0.0020] | val 0.00280 | lr 8.44e-04 |  356.7s (no improvement 8/30)
Epoch  131/500 | train 0.00483 [rs=0.0025 rs1=0.0021 ro=0.0015] | val 0.00301 | lr 8.42e-04 |  359.4s (no improvement 9/30)
Epoch  132/500 | train 0.00520 [rs=0.0026 rs1=0.0023 ro=0.0015] | val 0.00321 | lr 8.39e-04 |  362.1s (no improvement 10/30)
Epoch  133/500 | train 0.00488 [rs=0.0025 rs1=0.0021 ro=0.0014] | val 0.00293 | lr 8.37e-04 |  364.8s (no improvement 11/30)
Epoch  134/500 | train 0.00483 [rs=0.0025 rs1=0.0021 ro=0.0014] | val 0.00442 | lr 8.35e-04 |  367.5s (no improvement 12/30)
Epoch  135/500 | train 0.00468 [rs=0.0024 rs1=0.0020 ro=0.0013] | val 0.00282 | lr 8.32e-04 |  370.1s (no improvement 13/30)
Epoch  136/500 | train 0.00466 [rs=0.0024 rs1=0.0020 ro=0.0013] | val 0.00243 | lr 8.30e-04 |  372.9s ✓ best
Epoch  137/500 | train 0.00497 [rs=0.0025 rs1=0.0022 ro=0.0014] | val 0.00433 | lr 8.28e-04 |  375.8s (no improvement 1/30)
Epoch  138/500 | train 0.00558 [rs=0.0028 rs1=0.0024 ro=0.0017] | val 0.00422 | lr 8.25e-04 |  378.5s (no improvement 2/30)
Epoch  139/500 | train 0.00509 [rs=0.0025 rs1=0.0022 ro=0.0016] | val 0.00374 | lr 8.23e-04 |  381.2s (no improvement 3/30)
Epoch  140/500 | train 0.00429 [rs=0.0022 rs1=0.0018 ro=0.0012] | val 0.00326 | lr 8.21e-04 |  383.8s (no improvement 4/30)
Epoch  141/500 | train 0.00437 [rs=0.0022 rs1=0.0019 ro=0.0013] | val 0.00252 | lr 8.18e-04 |  386.5s (no improvement 5/30)
Epoch  142/500 | train 0.00424 [rs=0.0022 rs1=0.0018 ro=0.0012] | val 0.00260 | lr 8.16e-04 |  389.2s (no improvement 6/30)
Epoch  143/500 | train 0.00490 [rs=0.0025 rs1=0.0021 ro=0.0014] | val 0.00234 | lr 8.13e-04 |  392.1s ✓ best
Epoch  144/500 | train 0.00426 [rs=0.0022 rs1=0.0018 ro=0.0012] | val 0.00253 | lr 8.11e-04 |  394.8s (no improvement 1/30)
Epoch  145/500 | train 0.00407 [rs=0.0021 rs1=0.0018 ro=0.0011] | val 0.00234 | lr 8.08e-04 |  397.5s ✓ best
Epoch  146/500 | train 0.00573 [rs=0.0029 rs1=0.0025 ro=0.0015] | val 0.00516 | lr 8.06e-04 |  400.2s (no improvement 1/30)
Epoch  147/500 | train 0.00635 [rs=0.0031 rs1=0.0028 ro=0.0023] | val 0.00396 | lr 8.03e-04 |  403.0s (no improvement 2/30)
Epoch  148/500 | train 0.00502 [rs=0.0026 rs1=0.0022 ro=0.0014] | val 0.00266 | lr 8.01e-04 |  405.7s (no improvement 3/30)
Epoch  149/500 | train 0.00430 [rs=0.0022 rs1=0.0018 ro=0.0012] | val 0.00452 | lr 7.98e-04 |  408.4s (no improvement 4/30)
Epoch  150/500 | train 0.00485 [rs=0.0025 rs1=0.0021 ro=0.0015] | val 0.00539 | lr 7.96e-04 |  411.1s (no improvement 5/30)
Epoch  151/500 | train 0.00458 [rs=0.0023 rs1=0.0020 ro=0.0013] | val 0.00299 | lr 7.93e-04 |  413.7s (no improvement 6/30)
Epoch  152/500 | train 0.00390 [rs=0.0020 rs1=0.0017 ro=0.0010] | val 0.00416 | lr 7.91e-04 |  416.4s (no improvement 7/30)
Epoch  153/500 | train 0.00445 [rs=0.0023 rs1=0.0019 ro=0.0013] | val 0.00223 | lr 7.88e-04 |  419.2s ✓ best
Epoch  154/500 | train 0.00389 [rs=0.0020 rs1=0.0017 ro=0.0010] | val 0.00564 | lr 7.86e-04 |  421.9s (no improvement 1/30)
Epoch  155/500 | train 0.00568 [rs=0.0028 rs1=0.0025 ro=0.0017] | val 0.00431 | lr 7.83e-04 |  424.6s (no improvement 2/30)
Epoch  156/500 | train 0.00436 [rs=0.0022 rs1=0.0019 ro=0.0013] | val 0.00256 | lr 7.81e-04 |  427.3s (no improvement 3/30)
Epoch  157/500 | train 0.00366 [rs=0.0019 rs1=0.0016 ro=0.0009] | val 0.00213 | lr 7.78e-04 |  430.1s ✓ best
Epoch  158/500 | train 0.00408 [rs=0.0021 rs1=0.0018 ro=0.0011] | val 0.00305 | lr 7.75e-04 |  432.8s (no improvement 1/30)
Epoch  159/500 | train 0.00407 [rs=0.0021 rs1=0.0018 ro=0.0011] | val 0.00314 | lr 7.73e-04 |  435.4s (no improvement 2/30)
Epoch  160/500 | train 0.00492 [rs=0.0025 rs1=0.0022 ro=0.0015] | val 0.00442 | lr 7.70e-04 |  438.1s (no improvement 3/30)
Epoch  161/500 | train 0.00508 [rs=0.0025 rs1=0.0022 ro=0.0016] | val 0.00301 | lr 7.68e-04 |  441.0s (no improvement 4/30)
Epoch  162/500 | train 0.00507 [rs=0.0025 rs1=0.0022 ro=0.0017] | val 0.00665 | lr 7.65e-04 |  443.6s (no improvement 5/30)
Epoch  163/500 | train 0.00529 [rs=0.0027 rs1=0.0023 ro=0.0016] | val 0.00481 | lr 7.62e-04 |  446.3s (no improvement 6/30)
Epoch  164/500 | train 0.00542 [rs=0.0027 rs1=0.0024 ro=0.0017] | val 0.00380 | lr 7.60e-04 |  449.0s (no improvement 7/30)
Epoch  165/500 | train 0.00386 [rs=0.0020 rs1=0.0017 ro=0.0011] | val 0.00255 | lr 7.57e-04 |  451.7s (no improvement 8/30)
Epoch  166/500 | train 0.00378 [rs=0.0020 rs1=0.0016 ro=0.0010] | val 0.00370 | lr 7.54e-04 |  454.4s (no improvement 9/30)
Epoch  167/500 | train 0.00378 [rs=0.0020 rs1=0.0016 ro=0.0010] | val 0.00243 | lr 7.52e-04 |  457.0s (no improvement 10/30)
Epoch  168/500 | train 0.00368 [rs=0.0019 rs1=0.0016 ro=0.0010] | val 0.00314 | lr 7.49e-04 |  459.7s (no improvement 11/30)
Epoch  169/500 | train 0.00353 [rs=0.0018 rs1=0.0015 ro=0.0009] | val 0.00309 | lr 7.46e-04 |  462.4s (no improvement 12/30)
Epoch  170/500 | train 0.00461 [rs=0.0024 rs1=0.0020 ro=0.0012] | val 0.00252 | lr 7.43e-04 |  465.1s (no improvement 13/30)
Epoch  171/500 | train 0.00376 [rs=0.0019 rs1=0.0016 ro=0.0009] | val 0.00220 | lr 7.41e-04 |  467.8s (no improvement 14/30)
Epoch  172/500 | train 0.00347 [rs=0.0018 rs1=0.0015 ro=0.0009] | val 0.00200 | lr 7.38e-04 |  470.5s ✓ best
Epoch  173/500 | train 0.00342 [rs=0.0018 rs1=0.0015 ro=0.0009] | val 0.00200 | lr 7.35e-04 |  473.2s (no improvement 1/30)
Epoch  174/500 | train 0.00378 [rs=0.0019 rs1=0.0016 ro=0.0010] | val 0.00214 | lr 7.32e-04 |  475.9s (no improvement 2/30)
Epoch  175/500 | train 0.00355 [rs=0.0018 rs1=0.0015 ro=0.0009] | val 0.00300 | lr 7.30e-04 |  478.6s (no improvement 3/30)
Epoch  176/500 | train 0.00367 [rs=0.0019 rs1=0.0016 ro=0.0009] | val 0.00224 | lr 7.27e-04 |  481.3s (no improvement 4/30)
Epoch  177/500 | train 0.00413 [rs=0.0021 rs1=0.0018 ro=0.0011] | val 0.00452 | lr 7.24e-04 |  483.9s (no improvement 5/30)
Epoch  178/500 | train 0.00617 [rs=0.0031 rs1=0.0027 ro=0.0018] | val 0.00541 | lr 7.21e-04 |  486.6s (no improvement 6/30)
Epoch  179/500 | train 0.00500 [rs=0.0025 rs1=0.0022 ro=0.0016] | val 0.00395 | lr 7.19e-04 |  489.3s (no improvement 7/30)
Epoch  180/500 | train 0.00533 [rs=0.0027 rs1=0.0023 ro=0.0015] | val 0.00556 | lr 7.16e-04 |  492.0s (no improvement 8/30)
Epoch  181/500 | train 0.00513 [rs=0.0026 rs1=0.0022 ro=0.0016] | val 0.00250 | lr 7.13e-04 |  494.6s (no improvement 9/30)
Epoch  182/500 | train 0.00396 [rs=0.0020 rs1=0.0017 ro=0.0012] | val 0.00271 | lr 7.10e-04 |  497.3s (no improvement 10/30)
Epoch  183/500 | train 0.00336 [rs=0.0017 rs1=0.0014 ro=0.0009] | val 0.00289 | lr 7.07e-04 |  500.0s (no improvement 11/30)
Epoch  184/500 | train 0.00334 [rs=0.0017 rs1=0.0014 ro=0.0009] | val 0.00212 | lr 7.04e-04 |  502.7s (no improvement 12/30)
Epoch  185/500 | train 0.00351 [rs=0.0018 rs1=0.0015 ro=0.0009] | val 0.00206 | lr 7.02e-04 |  505.4s (no improvement 13/30)
Epoch  186/500 | train 0.00321 [rs=0.0017 rs1=0.0014 ro=0.0008] | val 0.00199 | lr 6.99e-04 |  508.1s ✓ best
Epoch  187/500 | train 0.00308 [rs=0.0016 rs1=0.0013 ro=0.0008] | val 0.00185 | lr 6.96e-04 |  510.9s ✓ best
Epoch  188/500 | train 0.00586 [rs=0.0030 rs1=0.0026 ro=0.0014] | val 0.00231 | lr 6.93e-04 |  513.6s (no improvement 1/30)
Epoch  189/500 | train 0.00600 [rs=0.0029 rs1=0.0027 ro=0.0021] | val 0.00505 | lr 6.90e-04 |  516.3s (no improvement 2/30)
Epoch  190/500 | train 0.00434 [rs=0.0022 rs1=0.0019 ro=0.0014] | val 0.00228 | lr 6.87e-04 |  519.0s (no improvement 3/30)
Epoch  191/500 | train 0.00373 [rs=0.0019 rs1=0.0016 ro=0.0010] | val 0.00204 | lr 6.84e-04 |  521.6s (no improvement 4/30)
Epoch  192/500 | train 0.00332 [rs=0.0017 rs1=0.0014 ro=0.0009] | val 0.00211 | lr 6.81e-04 |  524.3s (no improvement 5/30)
Epoch  193/500 | train 0.00320 [rs=0.0017 rs1=0.0014 ro=0.0008] | val 0.00185 | lr 6.79e-04 |  527.0s (no improvement 6/30)
Epoch  194/500 | train 0.00320 [rs=0.0017 rs1=0.0014 ro=0.0008] | val 0.00180 | lr 6.76e-04 |  529.9s ✓ best
Epoch  195/500 | train 0.00307 [rs=0.0016 rs1=0.0013 ro=0.0008] | val 0.00280 | lr 6.73e-04 |  532.6s (no improvement 1/30)
Epoch  196/500 | train 0.00337 [rs=0.0017 rs1=0.0014 ro=0.0008] | val 0.00202 | lr 6.70e-04 |  535.3s (no improvement 2/30)
Epoch  197/500 | train 0.00303 [rs=0.0016 rs1=0.0013 ro=0.0008] | val 0.00228 | lr 6.67e-04 |  538.0s (no improvement 3/30)
Epoch  198/500 | train 0.00321 [rs=0.0017 rs1=0.0014 ro=0.0008] | val 0.00201 | lr 6.64e-04 |  540.7s (no improvement 4/30)
Epoch  199/500 | train 0.00312 [rs=0.0016 rs1=0.0013 ro=0.0008] | val 0.00238 | lr 6.61e-04 |  543.3s (no improvement 5/30)
Epoch  200/500 | train 0.00317 [rs=0.0016 rs1=0.0014 ro=0.0008] | val 0.00221 | lr 6.58e-04 |  546.0s (no improvement 6/30)
Epoch  201/500 | train 0.00476 [rs=0.0025 rs1=0.0021 ro=0.0011] | val 0.00223 | lr 6.55e-04 |  548.7s (no improvement 7/30)
Epoch  202/500 | train 0.00318 [rs=0.0016 rs1=0.0014 ro=0.0008] | val 0.00203 | lr 6.52e-04 |  551.4s (no improvement 8/30)
Epoch  203/500 | train 0.00305 [rs=0.0016 rs1=0.0013 ro=0.0008] | val 0.00208 | lr 6.49e-04 |  554.1s (no improvement 9/30)
Epoch  204/500 | train 0.00316 [rs=0.0016 rs1=0.0014 ro=0.0008] | val 0.00189 | lr 6.46e-04 |  556.8s (no improvement 10/30)
Epoch  205/500 | train 0.00285 [rs=0.0015 rs1=0.0012 ro=0.0007] | val 0.00248 | lr 6.43e-04 |  559.5s (no improvement 11/30)
Epoch  206/500 | train 0.00348 [rs=0.0018 rs1=0.0015 ro=0.0008] | val 0.00208 | lr 6.40e-04 |  562.1s (no improvement 12/30)
Epoch  207/500 | train 0.00335 [rs=0.0017 rs1=0.0015 ro=0.0008] | val 0.00166 | lr 6.37e-04 |  564.9s ✓ best
Epoch  208/500 | train 0.00408 [rs=0.0021 rs1=0.0018 ro=0.0010] | val 0.00165 | lr 6.34e-04 |  567.7s ✓ best
Epoch  209/500 | train 0.00323 [rs=0.0017 rs1=0.0014 ro=0.0009] | val 0.00290 | lr 6.31e-04 |  570.4s (no improvement 1/30)
Epoch  210/500 | train 0.00314 [rs=0.0016 rs1=0.0014 ro=0.0009] | val 0.00195 | lr 6.28e-04 |  573.1s (no improvement 2/30)
Epoch  211/500 | train 0.00299 [rs=0.0016 rs1=0.0013 ro=0.0007] | val 0.00178 | lr 6.25e-04 |  575.8s (no improvement 3/30)
Epoch  212/500 | train 0.00356 [rs=0.0018 rs1=0.0015 ro=0.0009] | val 0.00638 | lr 6.22e-04 |  578.5s (no improvement 4/30)
Epoch  213/500 | train 0.00555 [rs=0.0028 rs1=0.0025 ro=0.0016] | val 0.00510 | lr 6.19e-04 |  581.1s (no improvement 5/30)
Epoch  214/500 | train 0.00490 [rs=0.0024 rs1=0.0022 ro=0.0018] | val 0.00211 | lr 6.16e-04 |  583.8s (no improvement 6/30)
Epoch  215/500 | train 0.00351 [rs=0.0018 rs1=0.0015 ro=0.0011] | val 0.00291 | lr 6.13e-04 |  586.5s (no improvement 7/30)
Epoch  216/500 | train 0.00343 [rs=0.0018 rs1=0.0015 ro=0.0009] | val 0.00208 | lr 6.10e-04 |  589.2s (no improvement 8/30)
Epoch  217/500 | train 0.00310 [rs=0.0016 rs1=0.0013 ro=0.0009] | val 0.00232 | lr 6.07e-04 |  591.9s (no improvement 9/30)
Epoch  218/500 | train 0.00293 [rs=0.0015 rs1=0.0013 ro=0.0008] | val 0.00226 | lr 6.04e-04 |  594.6s (no improvement 10/30)
Epoch  219/500 | train 0.00280 [rs=0.0014 rs1=0.0012 ro=0.0007] | val 0.00193 | lr 6.01e-04 |  597.3s (no improvement 11/30)
Epoch  220/500 | train 0.00311 [rs=0.0016 rs1=0.0014 ro=0.0008] | val 0.00233 | lr 5.98e-04 |  600.1s (no improvement 12/30)
Epoch  221/500 | train 0.00298 [rs=0.0015 rs1=0.0013 ro=0.0008] | val 0.00221 | lr 5.95e-04 |  602.8s (no improvement 13/30)
Epoch  222/500 | train 0.00339 [rs=0.0018 rs1=0.0015 ro=0.0008] | val 0.00823 | lr 5.92e-04 |  605.5s (no improvement 14/30)
Epoch  223/500 | train 0.00466 [rs=0.0023 rs1=0.0021 ro=0.0014] | val 0.00189 | lr 5.89e-04 |  608.1s (no improvement 15/30)
Epoch  224/500 | train 0.00317 [rs=0.0016 rs1=0.0014 ro=0.0009] | val 0.00180 | lr 5.86e-04 |  610.8s (no improvement 16/30)
Epoch  225/500 | train 0.00265 [rs=0.0014 rs1=0.0011 ro=0.0008] | val 0.00202 | lr 5.82e-04 |  613.5s (no improvement 17/30)
Epoch  226/500 | train 0.00256 [rs=0.0013 rs1=0.0011 ro=0.0006] | val 0.00167 | lr 5.79e-04 |  616.2s (no improvement 18/30)
Epoch  227/500 | train 0.00288 [rs=0.0015 rs1=0.0013 ro=0.0007] | val 0.00150 | lr 5.76e-04 |  619.0s ✓ best
Epoch  228/500 | train 0.00259 [rs=0.0013 rs1=0.0011 ro=0.0007] | val 0.00196 | lr 5.73e-04 |  621.7s (no improvement 1/30)
Epoch  229/500 | train 0.00253 [rs=0.0013 rs1=0.0011 ro=0.0006] | val 0.00163 | lr 5.70e-04 |  624.4s (no improvement 2/30)
Epoch  230/500 | train 0.00382 [rs=0.0020 rs1=0.0017 ro=0.0008] | val 0.00182 | lr 5.67e-04 |  627.1s (no improvement 3/30)
Epoch  231/500 | train 0.00380 [rs=0.0019 rs1=0.0017 ro=0.0010] | val 0.00165 | lr 5.64e-04 |  629.7s (no improvement 4/30)
Epoch  232/500 | train 0.00263 [rs=0.0014 rs1=0.0011 ro=0.0007] | val 0.00165 | lr 5.61e-04 |  632.4s (no improvement 5/30)
Epoch  233/500 | train 0.00248 [rs=0.0013 rs1=0.0011 ro=0.0006] | val 0.00171 | lr 5.58e-04 |  635.1s (no improvement 6/30)
Epoch  234/500 | train 0.00248 [rs=0.0013 rs1=0.0011 ro=0.0006] | val 0.00159 | lr 5.55e-04 |  637.9s (no improvement 7/30)
Epoch  235/500 | train 0.00268 [rs=0.0014 rs1=0.0012 ro=0.0006] | val 0.00182 | lr 5.52e-04 |  640.6s (no improvement 8/30)
Epoch  236/500 | train 0.00258 [rs=0.0013 rs1=0.0011 ro=0.0006] | val 0.00206 | lr 5.48e-04 |  643.3s (no improvement 9/30)
Epoch  237/500 | train 0.00317 [rs=0.0016 rs1=0.0014 ro=0.0007] | val 0.00190 | lr 5.45e-04 |  646.0s (no improvement 10/30)
Epoch  238/500 | train 0.00233 [rs=0.0012 rs1=0.0010 ro=0.0006] | val 0.00190 | lr 5.42e-04 |  648.7s (no improvement 11/30)
Epoch  239/500 | train 0.00326 [rs=0.0017 rs1=0.0014 ro=0.0007] | val 0.00211 | lr 5.39e-04 |  651.3s (no improvement 12/30)
Epoch  240/500 | train 0.00310 [rs=0.0016 rs1=0.0014 ro=0.0007] | val 0.00151 | lr 5.36e-04 |  654.0s (no improvement 13/30)
Epoch  241/500 | train 0.00256 [rs=0.0013 rs1=0.0011 ro=0.0006] | val 0.00198 | lr 5.33e-04 |  656.7s (no improvement 14/30)
Epoch  242/500 | train 0.00274 [rs=0.0014 rs1=0.0012 ro=0.0007] | val 0.00131 | lr 5.30e-04 |  659.5s ✓ best
Epoch  243/500 | train 0.00221 [rs=0.0011 rs1=0.0010 ro=0.0006] | val 0.00124 | lr 5.27e-04 |  662.3s ✓ best
Epoch  244/500 | train 0.00256 [rs=0.0013 rs1=0.0011 ro=0.0006] | val 0.00206 | lr 5.24e-04 |  665.0s (no improvement 1/30)
Epoch  245/500 | train 0.00318 [rs=0.0017 rs1=0.0014 ro=0.0007] | val 0.00298 | lr 5.21e-04 |  667.7s (no improvement 2/30)
Epoch  246/500 | train 0.00296 [rs=0.0015 rs1=0.0013 ro=0.0007] | val 0.00180 | lr 5.17e-04 |  670.4s (no improvement 3/30)
Epoch  247/500 | train 0.00227 [rs=0.0012 rs1=0.0010 ro=0.0006] | val 0.00123 | lr 5.14e-04 |  673.1s ✓ best
Epoch  248/500 | train 0.00262 [rs=0.0014 rs1=0.0011 ro=0.0006] | val 0.00128 | lr 5.11e-04 |  675.8s (no improvement 1/30)
Epoch  249/500 | train 0.00248 [rs=0.0013 rs1=0.0011 ro=0.0006] | val 0.00225 | lr 5.08e-04 |  678.5s (no improvement 2/30)
Epoch  250/500 | train 0.00236 [rs=0.0012 rs1=0.0010 ro=0.0006] | val 0.00146 | lr 5.05e-04 |  681.2s (no improvement 3/30)
Epoch  251/500 | train 0.00241 [rs=0.0012 rs1=0.0011 ro=0.0006] | val 0.00182 | lr 5.02e-04 |  683.9s (no improvement 4/30)
Epoch  252/500 | train 0.00234 [rs=0.0012 rs1=0.0010 ro=0.0006] | val 0.00166 | lr 4.99e-04 |  686.6s (no improvement 5/30)
Epoch  253/500 | train 0.00208 [rs=0.0011 rs1=0.0009 ro=0.0006] | val 0.00214 | lr 4.96e-04 |  689.3s (no improvement 6/30)
Epoch  254/500 | train 0.00373 [rs=0.0019 rs1=0.0016 ro=0.0007] | val 0.00234 | lr 4.93e-04 |  691.9s (no improvement 7/30)
Epoch  255/500 | train 0.00236 [rs=0.0012 rs1=0.0010 ro=0.0006] | val 0.00128 | lr 4.89e-04 |  694.6s (no improvement 8/30)
Epoch  256/500 | train 0.00211 [rs=0.0011 rs1=0.0009 ro=0.0006] | val 0.00124 | lr 4.86e-04 |  697.5s (no improvement 9/30)
Epoch  257/500 | train 0.00217 [rs=0.0011 rs1=0.0009 ro=0.0006] | val 0.00116 | lr 4.83e-04 |  700.2s ✓ best
Epoch  258/500 | train 0.00213 [rs=0.0011 rs1=0.0009 ro=0.0006] | val 0.00103 | lr 4.80e-04 |  703.0s ✓ best
Epoch  259/500 | train 0.00251 [rs=0.0013 rs1=0.0011 ro=0.0006] | val 0.00114 | lr 4.77e-04 |  705.7s (no improvement 1/30)
Epoch  260/500 | train 0.00246 [rs=0.0013 rs1=0.0011 ro=0.0006] | val 0.00179 | lr 4.74e-04 |  708.4s (no improvement 2/30)
Epoch  261/500 | train 0.00233 [rs=0.0012 rs1=0.0010 ro=0.0006] | val 0.00156 | lr 4.71e-04 |  711.1s (no improvement 3/30)
Epoch  262/500 | train 0.00260 [rs=0.0013 rs1=0.0011 ro=0.0006] | val 0.00117 | lr 4.68e-04 |  713.8s (no improvement 4/30)
Epoch  263/500 | train 0.00209 [rs=0.0011 rs1=0.0009 ro=0.0006] | val 0.00158 | lr 4.65e-04 |  716.4s (no improvement 5/30)
Epoch  264/500 | train 0.00209 [rs=0.0011 rs1=0.0009 ro=0.0005] | val 0.00213 | lr 4.62e-04 |  719.1s (no improvement 6/30)
Epoch  265/500 | train 0.00240 [rs=0.0012 rs1=0.0011 ro=0.0006] | val 0.00094 | lr 4.58e-04 |  721.9s ✓ best
Epoch  266/500 | train 0.00214 [rs=0.0011 rs1=0.0009 ro=0.0005] | val 0.00105 | lr 4.55e-04 |  724.6s (no improvement 1/30)
Epoch  267/500 | train 0.00192 [rs=0.0010 rs1=0.0008 ro=0.0005] | val 0.00180 | lr 4.52e-04 |  727.3s (no improvement 2/30)
Epoch  268/500 | train 0.00203 [rs=0.0010 rs1=0.0009 ro=0.0005] | val 0.00144 | lr 4.49e-04 |  730.0s (no improvement 3/30)
Epoch  269/500 | train 0.00337 [rs=0.0018 rs1=0.0015 ro=0.0006] | val 0.00353 | lr 4.46e-04 |  732.6s (no improvement 4/30)
Epoch  270/500 | train 0.00264 [rs=0.0014 rs1=0.0012 ro=0.0007] | val 0.00122 | lr 4.43e-04 |  735.3s (no improvement 5/30)
Epoch  271/500 | train 0.00224 [rs=0.0011 rs1=0.0010 ro=0.0006] | val 0.00275 | lr 4.40e-04 |  738.0s (no improvement 6/30)
Epoch  272/500 | train 0.00223 [rs=0.0011 rs1=0.0010 ro=0.0006] | val 0.00100 | lr 4.37e-04 |  740.7s (no improvement 7/30)
Epoch  273/500 | train 0.00198 [rs=0.0010 rs1=0.0009 ro=0.0005] | val 0.00100 | lr 4.34e-04 |  743.4s (no improvement 8/30)
Epoch  274/500 | train 0.00186 [rs=0.0009 rs1=0.0008 ro=0.0005] | val 0.00130 | lr 4.31e-04 |  746.0s (no improvement 9/30)
Epoch  275/500 | train 0.00248 [rs=0.0013 rs1=0.0011 ro=0.0005] | val 0.00170 | lr 4.28e-04 |  748.7s (no improvement 10/30)
Epoch  276/500 | train 0.00223 [rs=0.0011 rs1=0.0010 ro=0.0006] | val 0.00190 | lr 4.24e-04 |  751.4s (no improvement 11/30)
Epoch  277/500 | train 0.00246 [rs=0.0013 rs1=0.0011 ro=0.0006] | val 0.00178 | lr 4.21e-04 |  754.1s (no improvement 12/30)
Epoch  278/500 | train 0.00206 [rs=0.0010 rs1=0.0009 ro=0.0005] | val 0.00091 | lr 4.18e-04 |  756.8s ✓ best
Epoch  279/500 | train 0.00173 [rs=0.0009 rs1=0.0008 ro=0.0005] | val 0.00091 | lr 4.15e-04 |  759.6s ✓ best
Epoch  280/500 | train 0.00175 [rs=0.0009 rs1=0.0008 ro=0.0005] | val 0.00113 | lr 4.12e-04 |  762.3s (no improvement 1/30)
Epoch  281/500 | train 0.00252 [rs=0.0013 rs1=0.0011 ro=0.0005] | val 0.00130 | lr 4.09e-04 |  765.0s (no improvement 2/30)
Epoch  282/500 | train 0.00185 [rs=0.0009 rs1=0.0008 ro=0.0005] | val 0.00107 | lr 4.06e-04 |  767.9s (no improvement 3/30)
Epoch  283/500 | train 0.00211 [rs=0.0011 rs1=0.0009 ro=0.0005] | val 0.00146 | lr 4.03e-04 |  770.6s (no improvement 4/30)
Epoch  284/500 | train 0.00216 [rs=0.0011 rs1=0.0010 ro=0.0005] | val 0.00101 | lr 4.00e-04 |  773.2s (no improvement 5/30)
Epoch  285/500 | train 0.00187 [rs=0.0009 rs1=0.0008 ro=0.0005] | val 0.00428 | lr 3.97e-04 |  775.9s (no improvement 6/30)
Epoch  286/500 | train 0.00314 [rs=0.0016 rs1=0.0014 ro=0.0006] | val 0.00115 | lr 3.94e-04 |  778.6s (no improvement 7/30)
Epoch  287/500 | train 0.00203 [rs=0.0010 rs1=0.0009 ro=0.0006] | val 0.00138 | lr 3.91e-04 |  781.3s (no improvement 8/30)
Epoch  288/500 | train 0.00183 [rs=0.0009 rs1=0.0008 ro=0.0005] | val 0.00086 | lr 3.88e-04 |  784.0s ✓ best
Epoch  289/500 | train 0.00198 [rs=0.0010 rs1=0.0009 ro=0.0005] | val 0.00191 | lr 3.85e-04 |  786.7s (no improvement 1/30)
Epoch  290/500 | train 0.00192 [rs=0.0010 rs1=0.0009 ro=0.0005] | val 0.00161 | lr 3.82e-04 |  789.4s (no improvement 2/30)
Epoch  291/500 | train 0.00193 [rs=0.0010 rs1=0.0009 ro=0.0005] | val 0.00139 | lr 3.79e-04 |  792.1s (no improvement 3/30)
Epoch  292/500 | train 0.00186 [rs=0.0009 rs1=0.0008 ro=0.0005] | val 0.00081 | lr 3.76e-04 |  794.9s ✓ best
Epoch  293/500 | train 0.00154 [rs=0.0008 rs1=0.0007 ro=0.0005] | val 0.00125 | lr 3.73e-04 |  797.6s (no improvement 1/30)
Epoch  294/500 | train 0.00236 [rs=0.0012 rs1=0.0010 ro=0.0005] | val 0.00085 | lr 3.70e-04 |  800.3s (no improvement 2/30)
Epoch  295/500 | train 0.00192 [rs=0.0010 rs1=0.0008 ro=0.0005] | val 0.00210 | lr 3.67e-04 |  802.9s (no improvement 3/30)
Epoch  296/500 | train 0.00187 [rs=0.0009 rs1=0.0008 ro=0.0005] | val 0.00101 | lr 3.64e-04 |  805.6s (no improvement 4/30)
Epoch  297/500 | train 0.00200 [rs=0.0010 rs1=0.0009 ro=0.0005] | val 0.00079 | lr 3.61e-04 |  808.4s ✓ best
Epoch  298/500 | train 0.00168 [rs=0.0008 rs1=0.0007 ro=0.0005] | val 0.00099 | lr 3.58e-04 |  811.1s (no improvement 1/30)
Epoch  299/500 | train 0.00174 [rs=0.0009 rs1=0.0008 ro=0.0005] | val 0.00222 | lr 3.55e-04 |  813.8s (no improvement 2/30)
Epoch  300/500 | train 0.00206 [rs=0.0010 rs1=0.0009 ro=0.0005] | val 0.00254 | lr 3.52e-04 |  816.4s (no improvement 3/30)
Epoch  301/500 | train 0.00213 [rs=0.0011 rs1=0.0009 ro=0.0005] | val 0.00077 | lr 3.49e-04 |  819.2s ✓ best
Epoch  302/500 | train 0.00171 [rs=0.0009 rs1=0.0008 ro=0.0005] | val 0.00076 | lr 3.46e-04 |  822.0s ✓ best
Epoch  303/500 | train 0.00151 [rs=0.0007 rs1=0.0007 ro=0.0005] | val 0.00069 | lr 3.43e-04 |  824.8s ✓ best
Epoch  304/500 | train 0.00155 [rs=0.0008 rs1=0.0007 ro=0.0004] | val 0.00170 | lr 3.40e-04 |  827.5s (no improvement 1/30)
Epoch  305/500 | train 0.00226 [rs=0.0012 rs1=0.0010 ro=0.0005] | val 0.00082 | lr 3.37e-04 |  830.2s (no improvement 2/30)
Epoch  306/500 | train 0.00172 [rs=0.0009 rs1=0.0008 ro=0.0005] | val 0.00178 | lr 3.34e-04 |  832.9s (no improvement 3/30)
Epoch  307/500 | train 0.00173 [rs=0.0009 rs1=0.0008 ro=0.0005] | val 0.00073 | lr 3.31e-04 |  835.6s (no improvement 4/30)
Epoch  308/500 | train 0.00144 [rs=0.0007 rs1=0.0006 ro=0.0004] | val 0.00080 | lr 3.29e-04 |  838.4s (no improvement 5/30)
Epoch  309/500 | train 0.00167 [rs=0.0008 rs1=0.0007 ro=0.0004] | val 0.00065 | lr 3.26e-04 |  841.2s ✓ best
Epoch  310/500 | train 0.00183 [rs=0.0009 rs1=0.0008 ro=0.0005] | val 0.00111 | lr 3.23e-04 |  843.9s (no improvement 1/30)
Epoch  311/500 | train 0.00164 [rs=0.0008 rs1=0.0007 ro=0.0005] | val 0.00114 | lr 3.20e-04 |  846.6s (no improvement 2/30)
Epoch  312/500 | train 0.00163 [rs=0.0008 rs1=0.0007 ro=0.0005] | val 0.00072 | lr 3.17e-04 |  849.2s (no improvement 3/30)
Epoch  313/500 | train 0.00155 [rs=0.0008 rs1=0.0007 ro=0.0004] | val 0.00065 | lr 3.14e-04 |  852.0s ✓ best
Epoch  314/500 | train 0.00151 [rs=0.0007 rs1=0.0007 ro=0.0004] | val 0.00075 | lr 3.11e-04 |  854.7s (no improvement 1/30)
Epoch  315/500 | train 0.00143 [rs=0.0007 rs1=0.0007 ro=0.0004] | val 0.00100 | lr 3.08e-04 |  857.4s (no improvement 2/30)
Epoch  316/500 | train 0.00167 [rs=0.0008 rs1=0.0007 ro=0.0004] | val 0.00060 | lr 3.06e-04 |  860.1s ✓ best
Epoch  317/500 | train 0.00174 [rs=0.0009 rs1=0.0008 ro=0.0004] | val 0.00090 | lr 3.03e-04 |  862.9s (no improvement 1/30)
Epoch  318/500 | train 0.00153 [rs=0.0008 rs1=0.0007 ro=0.0004] | val 0.00142 | lr 3.00e-04 |  865.5s (no improvement 2/30)
Epoch  319/500 | train 0.00180 [rs=0.0009 rs1=0.0008 ro=0.0005] | val 0.00240 | lr 2.97e-04 |  868.2s (no improvement 3/30)
Epoch  320/500 | train 0.00188 [rs=0.0010 rs1=0.0008 ro=0.0005] | val 0.00107 | lr 2.94e-04 |  870.9s (no improvement 4/30)
Epoch  321/500 | train 0.00174 [rs=0.0009 rs1=0.0008 ro=0.0005] | val 0.00098 | lr 2.91e-04 |  873.6s (no improvement 5/30)
Epoch  322/500 | train 0.00190 [rs=0.0010 rs1=0.0008 ro=0.0005] | val 0.00081 | lr 2.89e-04 |  876.2s (no improvement 6/30)
Epoch  323/500 | train 0.00154 [rs=0.0008 rs1=0.0007 ro=0.0004] | val 0.00090 | lr 2.86e-04 |  878.9s (no improvement 7/30)
Epoch  324/500 | train 0.00147 [rs=0.0007 rs1=0.0007 ro=0.0004] | val 0.00057 | lr 2.83e-04 |  881.7s ✓ best
Epoch  325/500 | train 0.00132 [rs=0.0006 rs1=0.0006 ro=0.0004] | val 0.00056 | lr 2.80e-04 |  884.5s ✓ best
Epoch  326/500 | train 0.00128 [rs=0.0006 rs1=0.0006 ro=0.0004] | val 0.00049 | lr 2.78e-04 |  887.3s ✓ best
Epoch  327/500 | train 0.00160 [rs=0.0008 rs1=0.0007 ro=0.0004] | val 0.00440 | lr 2.75e-04 |  890.0s (no improvement 1/30)
Epoch  328/500 | train 0.00249 [rs=0.0013 rs1=0.0011 ro=0.0005] | val 0.00105 | lr 2.72e-04 |  892.6s (no improvement 2/30)
Epoch  329/500 | train 0.00164 [rs=0.0008 rs1=0.0007 ro=0.0005] | val 0.00069 | lr 2.69e-04 |  895.3s (no improvement 3/30)
Epoch  330/500 | train 0.00138 [rs=0.0007 rs1=0.0006 ro=0.0004] | val 0.00062 | lr 2.67e-04 |  898.0s (no improvement 4/30)
Epoch  331/500 | train 0.00139 [rs=0.0007 rs1=0.0006 ro=0.0004] | val 0.00092 | lr 2.64e-04 |  900.8s (no improvement 5/30)
Epoch  332/500 | train 0.00130 [rs=0.0006 rs1=0.0006 ro=0.0004] | val 0.00053 | lr 2.61e-04 |  903.5s (no improvement 6/30)
Epoch  333/500 | train 0.00124 [rs=0.0006 rs1=0.0006 ro=0.0004] | val 0.00058 | lr 2.58e-04 |  906.2s (no improvement 7/30)
Epoch  334/500 | train 0.00121 [rs=0.0006 rs1=0.0006 ro=0.0004] | val 0.00060 | lr 2.56e-04 |  908.9s (no improvement 8/30)
Epoch  335/500 | train 0.00137 [rs=0.0007 rs1=0.0006 ro=0.0004] | val 0.00059 | lr 2.53e-04 |  911.6s (no improvement 9/30)
Epoch  336/500 | train 0.00188 [rs=0.0010 rs1=0.0008 ro=0.0004] | val 0.00280 | lr 2.50e-04 |  914.2s (no improvement 10/30)
Epoch  337/500 | train 0.00190 [rs=0.0010 rs1=0.0008 ro=0.0005] | val 0.00068 | lr 2.48e-04 |  916.9s (no improvement 11/30)
Epoch  338/500 | train 0.00137 [rs=0.0007 rs1=0.0006 ro=0.0004] | val 0.00056 | lr 2.45e-04 |  919.6s (no improvement 12/30)
Epoch  339/500 | train 0.00146 [rs=0.0007 rs1=0.0007 ro=0.0004] | val 0.00108 | lr 2.42e-04 |  922.3s (no improvement 13/30)
Epoch  340/500 | train 0.00151 [rs=0.0007 rs1=0.0007 ro=0.0004] | val 0.00051 | lr 2.40e-04 |  925.0s (no improvement 14/30)
Epoch  341/500 | train 0.00139 [rs=0.0007 rs1=0.0006 ro=0.0004] | val 0.00081 | lr 2.37e-04 |  927.7s (no improvement 15/30)
Epoch  342/500 | train 0.00126 [rs=0.0006 rs1=0.0006 ro=0.0004] | val 0.00052 | lr 2.35e-04 |  930.4s (no improvement 16/30)
Epoch  343/500 | train 0.00123 [rs=0.0006 rs1=0.0006 ro=0.0004] | val 0.00047 | lr 2.32e-04 |  933.1s ✓ best
Epoch  344/500 | train 0.00117 [rs=0.0006 rs1=0.0005 ro=0.0004] | val 0.00044 | lr 2.29e-04 |  935.9s ✓ best
Epoch  345/500 | train 0.00116 [rs=0.0005 rs1=0.0005 ro=0.0004] | val 0.00061 | lr 2.27e-04 |  938.7s (no improvement 1/30)
Epoch  346/500 | train 0.00130 [rs=0.0006 rs1=0.0006 ro=0.0004] | val 0.00047 | lr 2.24e-04 |  941.4s (no improvement 2/30)
Epoch  347/500 | train 0.00133 [rs=0.0006 rs1=0.0006 ro=0.0004] | val 0.00074 | lr 2.22e-04 |  944.1s (no improvement 3/30)
Epoch  348/500 | train 0.00122 [rs=0.0006 rs1=0.0006 ro=0.0004] | val 0.00066 | lr 2.19e-04 |  946.8s (no improvement 4/30)
Epoch  349/500 | train 0.00128 [rs=0.0006 rs1=0.0006 ro=0.0004] | val 0.00043 | lr 2.17e-04 |  949.9s ✓ best
Epoch  350/500 | train 0.00118 [rs=0.0006 rs1=0.0005 ro=0.0004] | val 0.00048 | lr 2.14e-04 |  952.6s (no improvement 1/30)
Epoch  351/500 | train 0.00121 [rs=0.0006 rs1=0.0006 ro=0.0004] | val 0.00054 | lr 2.12e-04 |  955.3s (no improvement 2/30)
Epoch  352/500 | train 0.00120 [rs=0.0006 rs1=0.0006 ro=0.0004] | val 0.00041 | lr 2.09e-04 |  958.0s ✓ best
Epoch  353/500 | train 0.00125 [rs=0.0006 rs1=0.0006 ro=0.0004] | val 0.00072 | lr 2.07e-04 |  960.7s (no improvement 1/30)
Epoch  354/500 | train 0.00121 [rs=0.0006 rs1=0.0006 ro=0.0004] | val 0.00043 | lr 2.04e-04 |  963.4s (no improvement 2/30)
Epoch  355/500 | train 0.00111 [rs=0.0005 rs1=0.0005 ro=0.0004] | val 0.00047 | lr 2.02e-04 |  966.1s (no improvement 3/30)
Epoch  356/500 | train 0.00113 [rs=0.0005 rs1=0.0005 ro=0.0004] | val 0.00043 | lr 1.99e-04 |  968.8s (no improvement 4/30)
Epoch  357/500 | train 0.00121 [rs=0.0006 rs1=0.0006 ro=0.0004] | val 0.00059 | lr 1.97e-04 |  971.5s (no improvement 5/30)
Epoch  358/500 | train 0.00113 [rs=0.0005 rs1=0.0005 ro=0.0004] | val 0.00039 | lr 1.94e-04 |  974.3s ✓ best
Epoch  359/500 | train 0.00112 [rs=0.0005 rs1=0.0005 ro=0.0004] | val 0.00039 | lr 1.92e-04 |  977.0s (no improvement 1/30)
Epoch  360/500 | train 0.00110 [rs=0.0005 rs1=0.0005 ro=0.0004] | val 0.00045 | lr 1.89e-04 |  979.7s (no improvement 2/30)
Epoch  361/500 | train 0.00114 [rs=0.0005 rs1=0.0005 ro=0.0004] | val 0.00040 | lr 1.87e-04 |  982.3s (no improvement 3/30)
Epoch  362/500 | train 0.00110 [rs=0.0005 rs1=0.0005 ro=0.0004] | val 0.00038 | lr 1.85e-04 |  985.2s ✓ best
Epoch  363/500 | train 0.00112 [rs=0.0005 rs1=0.0005 ro=0.0004] | val 0.00040 | lr 1.82e-04 |  987.9s (no improvement 1/30)
Epoch  364/500 | train 0.00109 [rs=0.0005 rs1=0.0005 ro=0.0004] | val 0.00040 | lr 1.80e-04 |  990.6s (no improvement 2/30)
Epoch  365/500 | train 0.00107 [rs=0.0005 rs1=0.0005 ro=0.0004] | val 0.00049 | lr 1.78e-04 |  993.3s (no improvement 3/30)
Epoch  366/500 | train 0.00123 [rs=0.0006 rs1=0.0006 ro=0.0004] | val 0.00036 | lr 1.75e-04 |  996.0s ✓ best
Epoch  367/500 | train 0.00115 [rs=0.0005 rs1=0.0005 ro=0.0004] | val 0.00042 | lr 1.73e-04 |  998.8s (no improvement 1/30)
Epoch  368/500 | train 0.00108 [rs=0.0005 rs1=0.0005 ro=0.0004] | val 0.00038 | lr 1.71e-04 | 1001.4s (no improvement 2/30)
Epoch  369/500 | train 0.00107 [rs=0.0005 rs1=0.0005 ro=0.0004] | val 0.00037 | lr 1.68e-04 | 1004.1s (no improvement 3/30)
Epoch  370/500 | train 0.00106 [rs=0.0005 rs1=0.0005 ro=0.0004] | val 0.00049 | lr 1.66e-04 | 1006.8s (no improvement 4/30)
Epoch  371/500 | train 0.00114 [rs=0.0005 rs1=0.0005 ro=0.0004] | val 0.00036 | lr 1.64e-04 | 1009.6s ✓ best
Epoch  372/500 | train 0.00109 [rs=0.0005 rs1=0.0005 ro=0.0004] | val 0.00065 | lr 1.62e-04 | 1012.3s (no improvement 1/30)
Epoch  373/500 | train 0.00120 [rs=0.0006 rs1=0.0006 ro=0.0004] | val 0.00049 | lr 1.59e-04 | 1014.9s (no improvement 2/30)
Epoch  374/500 | train 0.00111 [rs=0.0005 rs1=0.0005 ro=0.0004] | val 0.00039 | lr 1.57e-04 | 1017.6s (no improvement 3/30)
Epoch  375/500 | train 0.00105 [rs=0.0005 rs1=0.0005 ro=0.0004] | val 0.00037 | lr 1.55e-04 | 1020.3s (no improvement 4/30)
Epoch  376/500 | train 0.00107 [rs=0.0005 rs1=0.0005 ro=0.0004] | val 0.00043 | lr 1.53e-04 | 1023.0s (no improvement 5/30)
Epoch  377/500 | train 0.00105 [rs=0.0005 rs1=0.0005 ro=0.0004] | val 0.00037 | lr 1.51e-04 | 1025.7s (no improvement 6/30)
Epoch  378/500 | train 0.00105 [rs=0.0005 rs1=0.0005 ro=0.0004] | val 0.00039 | lr 1.48e-04 | 1028.4s (no improvement 7/30)
Epoch  379/500 | train 0.00103 [rs=0.0005 rs1=0.0005 ro=0.0004] | val 0.00037 | lr 1.46e-04 | 1031.1s (no improvement 8/30)
Epoch  380/500 | train 0.00103 [rs=0.0005 rs1=0.0005 ro=0.0004] | val 0.00036 | lr 1.44e-04 | 1033.8s ✓ best
Epoch  381/500 | train 0.00105 [rs=0.0005 rs1=0.0005 ro=0.0004] | val 0.00042 | lr 1.42e-04 | 1036.5s (no improvement 1/30)
Epoch  382/500 | train 0.00104 [rs=0.0005 rs1=0.0005 ro=0.0004] | val 0.00043 | lr 1.40e-04 | 1039.2s (no improvement 2/30)
Epoch  383/500 | train 0.00105 [rs=0.0005 rs1=0.0005 ro=0.0004] | val 0.00053 | lr 1.38e-04 | 1041.9s (no improvement 3/30)
Epoch  384/500 | train 0.00111 [rs=0.0005 rs1=0.0005 ro=0.0004] | val 0.00044 | lr 1.36e-04 | 1044.6s (no improvement 4/30)
Epoch  385/500 | train 0.00108 [rs=0.0005 rs1=0.0005 ro=0.0004] | val 0.00038 | lr 1.34e-04 | 1047.4s (no improvement 5/30)
Epoch  386/500 | train 0.00115 [rs=0.0005 rs1=0.0005 ro=0.0004] | val 0.00040 | lr 1.32e-04 | 1050.1s (no improvement 6/30)
Epoch  387/500 | train 0.00112 [rs=0.0005 rs1=0.0005 ro=0.0004] | val 0.00052 | lr 1.30e-04 | 1052.8s (no improvement 7/30)
Epoch  388/500 | train 0.00105 [rs=0.0005 rs1=0.0005 ro=0.0004] | val 0.00042 | lr 1.28e-04 | 1055.5s (no improvement 8/30)
Epoch  389/500 | train 0.00103 [rs=0.0005 rs1=0.0005 ro=0.0004] | val 0.00039 | lr 1.26e-04 | 1058.1s (no improvement 9/30)
Epoch  390/500 | train 0.00103 [rs=0.0005 rs1=0.0005 ro=0.0004] | val 0.00037 | lr 1.24e-04 | 1060.8s (no improvement 10/30)
Epoch  391/500 | train 0.00101 [rs=0.0005 rs1=0.0005 ro=0.0004] | val 0.00038 | lr 1.22e-04 | 1063.5s (no improvement 11/30)
Epoch  392/500 | train 0.00103 [rs=0.0005 rs1=0.0005 ro=0.0004] | val 0.00036 | lr 1.20e-04 | 1066.2s (no improvement 12/30)
Epoch  393/500 | train 0.00100 [rs=0.0005 rs1=0.0005 ro=0.0004] | val 0.00042 | lr 1.18e-04 | 1068.9s (no improvement 13/30)
Epoch  394/500 | train 0.00100 [rs=0.0005 rs1=0.0005 ro=0.0004] | val 0.00035 | lr 1.16e-04 | 1071.6s ✓ best
Epoch  395/500 | train 0.00100 [rs=0.0005 rs1=0.0005 ro=0.0004] | val 0.00034 | lr 1.14e-04 | 1074.4s ✓ best
Epoch  396/500 | train 0.00101 [rs=0.0005 rs1=0.0005 ro=0.0004] | val 0.00035 | lr 1.12e-04 | 1077.1s (no improvement 1/30)
Epoch  397/500 | train 0.00100 [rs=0.0005 rs1=0.0005 ro=0.0004] | val 0.00034 | lr 1.10e-04 | 1079.8s (no improvement 2/30)
Epoch  398/500 | train 0.00099 [rs=0.0005 rs1=0.0005 ro=0.0004] | val 0.00034 | lr 1.08e-04 | 1082.5s (no improvement 3/30)
Epoch  399/500 | train 0.00099 [rs=0.0005 rs1=0.0005 ro=0.0004] | val 0.00034 | lr 1.06e-04 | 1085.2s (no improvement 4/30)
Epoch  400/500 | train 0.00099 [rs=0.0005 rs1=0.0005 ro=0.0003] | val 0.00033 | lr 1.05e-04 | 1087.9s ✓ best
Epoch  401/500 | train 0.00101 [rs=0.0005 rs1=0.0005 ro=0.0004] | val 0.00034 | lr 1.03e-04 | 1090.6s (no improvement 1/30)
Epoch  402/500 | train 0.00100 [rs=0.0005 rs1=0.0005 ro=0.0004] | val 0.00035 | lr 1.01e-04 | 1093.3s (no improvement 2/30)
Epoch  403/500 | train 0.00098 [rs=0.0005 rs1=0.0005 ro=0.0004] | val 0.00035 | lr 9.91e-05 | 1096.0s (no improvement 3/30)
Epoch  404/500 | train 0.00097 [rs=0.0004 rs1=0.0005 ro=0.0004] | val 0.00034 | lr 9.74e-05 | 1098.7s (no improvement 4/30)
Epoch  405/500 | train 0.00098 [rs=0.0004 rs1=0.0005 ro=0.0004] | val 0.00034 | lr 9.56e-05 | 1101.4s (no improvement 5/30)
Epoch  406/500 | train 0.00099 [rs=0.0005 rs1=0.0005 ro=0.0004] | val 0.00035 | lr 9.39e-05 | 1104.0s (no improvement 6/30)
Epoch  407/500 | train 0.00100 [rs=0.0005 rs1=0.0005 ro=0.0004] | val 0.00035 | lr 9.21e-05 | 1106.7s (no improvement 7/30)
Epoch  408/500 | train 0.00098 [rs=0.0005 rs1=0.0005 ro=0.0003] | val 0.00034 | lr 9.04e-05 | 1109.4s (no improvement 8/30)
Epoch  409/500 | train 0.00099 [rs=0.0005 rs1=0.0005 ro=0.0004] | val 0.00034 | lr 8.87e-05 | 1112.1s (no improvement 9/30)
Epoch  410/500 | train 0.00098 [rs=0.0004 rs1=0.0005 ro=0.0004] | val 0.00033 | lr 8.71e-05 | 1114.9s (no improvement 10/30)
Epoch  411/500 | train 0.00098 [rs=0.0004 rs1=0.0005 ro=0.0003] | val 0.00036 | lr 8.54e-05 | 1117.6s (no improvement 11/30)
Epoch  412/500 | train 0.00098 [rs=0.0004 rs1=0.0005 ro=0.0003] | val 0.00041 | lr 8.38e-05 | 1120.3s (no improvement 12/30)
Epoch  413/500 | train 0.00098 [rs=0.0004 rs1=0.0005 ro=0.0003] | val 0.00033 | lr 8.21e-05 | 1123.1s ✓ best
Epoch  414/500 | train 0.00097 [rs=0.0004 rs1=0.0005 ro=0.0003] | val 0.00033 | lr 8.05e-05 | 1125.8s ✓ best
Epoch  415/500 | train 0.00096 [rs=0.0004 rs1=0.0005 ro=0.0003] | val 0.00037 | lr 7.89e-05 | 1128.5s (no improvement 1/30)
Epoch  416/500 | train 0.00097 [rs=0.0004 rs1=0.0005 ro=0.0003] | val 0.00034 | lr 7.74e-05 | 1131.2s (no improvement 2/30)
Epoch  417/500 | train 0.00097 [rs=0.0004 rs1=0.0005 ro=0.0003] | val 0.00033 | lr 7.58e-05 | 1133.9s (no improvement 3/30)
Epoch  418/500 | train 0.00097 [rs=0.0004 rs1=0.0005 ro=0.0003] | val 0.00038 | lr 7.43e-05 | 1136.6s (no improvement 4/30)
Epoch  419/500 | train 0.00097 [rs=0.0004 rs1=0.0005 ro=0.0003] | val 0.00032 | lr 7.27e-05 | 1139.3s ✓ best
Epoch  420/500 | train 0.00096 [rs=0.0004 rs1=0.0005 ro=0.0003] | val 0.00032 | lr 7.12e-05 | 1142.1s ✓ best
Epoch  421/500 | train 0.00097 [rs=0.0004 rs1=0.0005 ro=0.0003] | val 0.00035 | lr 6.97e-05 | 1144.8s (no improvement 1/30)
Epoch  422/500 | train 0.00096 [rs=0.0004 rs1=0.0005 ro=0.0003] | val 0.00033 | lr 6.83e-05 | 1147.5s (no improvement 2/30)
Epoch  423/500 | train 0.00096 [rs=0.0004 rs1=0.0005 ro=0.0003] | val 0.00032 | lr 6.68e-05 | 1150.2s (no improvement 3/30)
Epoch  424/500 | train 0.00096 [rs=0.0004 rs1=0.0005 ro=0.0003] | val 0.00036 | lr 6.54e-05 | 1152.9s (no improvement 4/30)
Epoch  425/500 | train 0.00096 [rs=0.0004 rs1=0.0005 ro=0.0003] | val 0.00032 | lr 6.40e-05 | 1155.6s ✓ best
Epoch  426/500 | train 0.00096 [rs=0.0004 rs1=0.0005 ro=0.0003] | val 0.00034 | lr 6.25e-05 | 1158.3s (no improvement 1/30)
Epoch  427/500 | train 0.00096 [rs=0.0004 rs1=0.0005 ro=0.0003] | val 0.00033 | lr 6.12e-05 | 1161.0s (no improvement 2/30)
Epoch  428/500 | train 0.00096 [rs=0.0004 rs1=0.0005 ro=0.0003] | val 0.00033 | lr 5.98e-05 | 1163.7s (no improvement 3/30)
Epoch  429/500 | train 0.00096 [rs=0.0004 rs1=0.0005 ro=0.0003] | val 0.00035 | lr 5.84e-05 | 1166.4s (no improvement 4/30)
Epoch  430/500 | train 0.00095 [rs=0.0004 rs1=0.0004 ro=0.0003] | val 0.00033 | lr 5.71e-05 | 1169.1s (no improvement 5/30)
Epoch  431/500 | train 0.00095 [rs=0.0004 rs1=0.0004 ro=0.0003] | val 0.00032 | lr 5.58e-05 | 1171.8s (no improvement 6/30)
Epoch  432/500 | train 0.00096 [rs=0.0004 rs1=0.0004 ro=0.0003] | val 0.00034 | lr 5.45e-05 | 1174.4s (no improvement 7/30)
Epoch  433/500 | train 0.00096 [rs=0.0004 rs1=0.0005 ro=0.0003] | val 0.00038 | lr 5.32e-05 | 1177.1s (no improvement 8/30)
Epoch  434/500 | train 0.00096 [rs=0.0004 rs1=0.0005 ro=0.0003] | val 0.00034 | lr 5.20e-05 | 1179.8s (no improvement 9/30)
Epoch  435/500 | train 0.00095 [rs=0.0004 rs1=0.0004 ro=0.0003] | val 0.00032 | lr 5.07e-05 | 1182.5s (no improvement 10/30)
Epoch  436/500 | train 0.00095 [rs=0.0004 rs1=0.0004 ro=0.0003] | val 0.00031 | lr 4.95e-05 | 1185.2s ✓ best
Epoch  437/500 | train 0.00095 [rs=0.0004 rs1=0.0004 ro=0.0003] | val 0.00032 | lr 4.83e-05 | 1187.9s (no improvement 1/30)
Epoch  438/500 | train 0.00095 [rs=0.0004 rs1=0.0004 ro=0.0003] | val 0.00032 | lr 4.71e-05 | 1190.8s (no improvement 2/30)
Epoch  439/500 | train 0.00094 [rs=0.0004 rs1=0.0004 ro=0.0003] | val 0.00032 | lr 4.59e-05 | 1193.5s (no improvement 3/30)
Epoch  440/500 | train 0.00096 [rs=0.0004 rs1=0.0004 ro=0.0003] | val 0.00032 | lr 4.48e-05 | 1196.1s (no improvement 4/30)
Epoch  441/500 | train 0.00096 [rs=0.0004 rs1=0.0005 ro=0.0003] | val 0.00032 | lr 4.36e-05 | 1198.8s (no improvement 5/30)
Epoch  442/500 | train 0.00095 [rs=0.0004 rs1=0.0004 ro=0.0003] | val 0.00033 | lr 4.25e-05 | 1201.5s (no improvement 6/30)
Epoch  443/500 | train 0.00094 [rs=0.0004 rs1=0.0004 ro=0.0003] | val 0.00035 | lr 4.14e-05 | 1204.2s (no improvement 7/30)
Epoch  444/500 | train 0.00095 [rs=0.0004 rs1=0.0004 ro=0.0003] | val 0.00031 | lr 4.03e-05 | 1206.9s ✓ best
Epoch  445/500 | train 0.00095 [rs=0.0004 rs1=0.0004 ro=0.0003] | val 0.00032 | lr 3.93e-05 | 1209.6s (no improvement 1/30)
Epoch  446/500 | train 0.00094 [rs=0.0004 rs1=0.0004 ro=0.0003] | val 0.00032 | lr 3.82e-05 | 1212.3s (no improvement 2/30)
Epoch  447/500 | train 0.00095 [rs=0.0004 rs1=0.0004 ro=0.0003] | val 0.00031 | lr 3.72e-05 | 1215.1s ✓ best
Epoch  448/500 | train 0.00095 [rs=0.0004 rs1=0.0004 ro=0.0003] | val 0.00032 | lr 3.62e-05 | 1217.8s (no improvement 1/30)
Epoch  449/500 | train 0.00094 [rs=0.0004 rs1=0.0004 ro=0.0003] | val 0.00033 | lr 3.52e-05 | 1220.5s (no improvement 2/30)
Epoch  450/500 | train 0.00094 [rs=0.0004 rs1=0.0004 ro=0.0003] | val 0.00034 | lr 3.42e-05 | 1223.2s (no improvement 3/30)
Epoch  451/500 | train 0.00094 [rs=0.0004 rs1=0.0004 ro=0.0003] | val 0.00031 | lr 3.33e-05 | 1225.8s (no improvement 4/30)
Epoch  452/500 | train 0.00094 [rs=0.0004 rs1=0.0004 ro=0.0003] | val 0.00032 | lr 3.23e-05 | 1228.5s (no improvement 5/30)
Epoch  453/500 | train 0.00093 [rs=0.0004 rs1=0.0004 ro=0.0003] | val 0.00033 | lr 3.14e-05 | 1231.2s (no improvement 6/30)
Epoch  454/500 | train 0.00094 [rs=0.0004 rs1=0.0004 ro=0.0003] | val 0.00032 | lr 3.05e-05 | 1233.9s (no improvement 7/30)
Epoch  455/500 | train 0.00093 [rs=0.0004 rs1=0.0004 ro=0.0003] | val 0.00032 | lr 2.97e-05 | 1236.6s (no improvement 8/30)
Epoch  456/500 | train 0.00093 [rs=0.0004 rs1=0.0004 ro=0.0003] | val 0.00031 | lr 2.88e-05 | 1239.4s ✓ best
Epoch  457/500 | train 0.00093 [rs=0.0004 rs1=0.0004 ro=0.0003] | val 0.00033 | lr 2.80e-05 | 1242.1s (no improvement 1/30)
Epoch  458/500 | train 0.00094 [rs=0.0004 rs1=0.0004 ro=0.0003] | val 0.00032 | lr 2.71e-05 | 1244.8s (no improvement 2/30)
Epoch  459/500 | train 0.00093 [rs=0.0004 rs1=0.0004 ro=0.0003] | val 0.00031 | lr 2.63e-05 | 1247.6s ✓ best
Epoch  460/500 | train 0.00093 [rs=0.0004 rs1=0.0004 ro=0.0003] | val 0.00032 | lr 2.56e-05 | 1250.3s (no improvement 1/30)
Epoch  461/500 | train 0.00093 [rs=0.0004 rs1=0.0004 ro=0.0003] | val 0.00031 | lr 2.48e-05 | 1253.0s (no improvement 2/30)
Epoch  462/500 | train 0.00093 [rs=0.0004 rs1=0.0004 ro=0.0003] | val 0.00032 | lr 2.40e-05 | 1255.7s (no improvement 3/30)
Epoch  463/500 | train 0.00093 [rs=0.0004 rs1=0.0004 ro=0.0003] | val 0.00032 | lr 2.33e-05 | 1258.3s (no improvement 4/30)
Epoch  464/500 | train 0.00093 [rs=0.0004 rs1=0.0004 ro=0.0003] | val 0.00033 | lr 2.26e-05 | 1261.0s (no improvement 5/30)
Epoch  465/500 | train 0.00093 [rs=0.0004 rs1=0.0004 ro=0.0003] | val 0.00031 | lr 2.19e-05 | 1263.8s ✓ best
Epoch  466/500 | train 0.00092 [rs=0.0004 rs1=0.0004 ro=0.0003] | val 0.00032 | lr 2.13e-05 | 1266.5s (no improvement 1/30)
Epoch  467/500 | train 0.00093 [rs=0.0004 rs1=0.0004 ro=0.0003] | val 0.00032 | lr 2.06e-05 | 1269.4s (no improvement 2/30)
Epoch  468/500 | train 0.00093 [rs=0.0004 rs1=0.0004 ro=0.0003] | val 0.00032 | lr 2.00e-05 | 1272.1s (no improvement 3/30)
Epoch  469/500 | train 0.00093 [rs=0.0004 rs1=0.0004 ro=0.0003] | val 0.00031 | lr 1.94e-05 | 1274.7s (no improvement 4/30)
Epoch  470/500 | train 0.00093 [rs=0.0004 rs1=0.0004 ro=0.0003] | val 0.00033 | lr 1.88e-05 | 1277.4s (no improvement 5/30)
Epoch  471/500 | train 0.00093 [rs=0.0004 rs1=0.0004 ro=0.0003] | val 0.00031 | lr 1.82e-05 | 1280.1s (no improvement 6/30)
Epoch  472/500 | train 0.00093 [rs=0.0004 rs1=0.0004 ro=0.0003] | val 0.00032 | lr 1.76e-05 | 1282.8s (no improvement 7/30)
Epoch  473/500 | train 0.00092 [rs=0.0004 rs1=0.0004 ro=0.0003] | val 0.00031 | lr 1.71e-05 | 1285.5s ✓ best
Epoch  474/500 | train 0.00093 [rs=0.0004 rs1=0.0004 ro=0.0003] | val 0.00031 | lr 1.66e-05 | 1288.2s (no improvement 1/30)
Epoch  475/500 | train 0.00093 [rs=0.0004 rs1=0.0004 ro=0.0003] | val 0.00031 | lr 1.61e-05 | 1290.9s (no improvement 2/30)
Epoch  476/500 | train 0.00092 [rs=0.0004 rs1=0.0004 ro=0.0003] | val 0.00032 | lr 1.56e-05 | 1293.6s (no improvement 3/30)
Epoch  477/500 | train 0.00092 [rs=0.0004 rs1=0.0004 ro=0.0003] | val 0.00031 | lr 1.52e-05 | 1296.3s (no improvement 4/30)
Epoch  478/500 | train 0.00092 [rs=0.0004 rs1=0.0004 ro=0.0003] | val 0.00032 | lr 1.47e-05 | 1299.0s (no improvement 5/30)
Epoch  479/500 | train 0.00092 [rs=0.0004 rs1=0.0004 ro=0.0003] | val 0.00031 | lr 1.43e-05 | 1301.6s (no improvement 6/30)
Epoch  480/500 | train 0.00092 [rs=0.0004 rs1=0.0004 ro=0.0003] | val 0.00032 | lr 1.39e-05 | 1304.3s (no improvement 7/30)
Epoch  481/500 | train 0.00093 [rs=0.0004 rs1=0.0004 ro=0.0003] | val 0.00032 | lr 1.35e-05 | 1307.0s (no improvement 8/30)
Epoch  482/500 | train 0.00092 [rs=0.0004 rs1=0.0004 ro=0.0003] | val 0.00032 | lr 1.32e-05 | 1309.7s (no improvement 9/30)
Epoch  483/500 | train 0.00093 [rs=0.0004 rs1=0.0004 ro=0.0003] | val 0.00032 | lr 1.28e-05 | 1312.4s (no improvement 10/30)
Epoch  484/500 | train 0.00093 [rs=0.0004 rs1=0.0004 ro=0.0003] | val 0.00031 | lr 1.25e-05 | 1315.1s (no improvement 11/30)
Epoch  485/500 | train 0.00092 [rs=0.0004 rs1=0.0004 ro=0.0003] | val 0.00031 | lr 1.22e-05 | 1317.9s (no improvement 12/30)
Epoch  486/500 | train 0.00092 [rs=0.0004 rs1=0.0004 ro=0.0003] | val 0.00033 | lr 1.19e-05 | 1320.6s (no improvement 13/30)
Epoch  487/500 | train 0.00092 [rs=0.0004 rs1=0.0004 ro=0.0003] | val 0.00032 | lr 1.17e-05 | 1323.3s (no improvement 14/30)
Epoch  488/500 | train 0.00092 [rs=0.0004 rs1=0.0004 ro=0.0003] | val 0.00032 | lr 1.14e-05 | 1326.0s (no improvement 15/30)
Epoch  489/500 | train 0.00092 [rs=0.0004 rs1=0.0004 ro=0.0003] | val 0.00032 | lr 1.12e-05 | 1328.7s (no improvement 16/30)
Epoch  490/500 | train 0.00092 [rs=0.0004 rs1=0.0004 ro=0.0003] | val 0.00031 | lr 1.10e-05 | 1331.4s (no improvement 17/30)
Epoch  491/500 | train 0.00092 [rs=0.0004 rs1=0.0004 ro=0.0003] | val 0.00033 | lr 1.08e-05 | 1334.0s (no improvement 18/30)
Epoch  492/500 | train 0.00092 [rs=0.0004 rs1=0.0004 ro=0.0003] | val 0.00032 | lr 1.06e-05 | 1336.7s (no improvement 19/30)
Epoch  493/500 | train 0.00092 [rs=0.0004 rs1=0.0004 ro=0.0003] | val 0.00032 | lr 1.05e-05 | 1339.4s (no improvement 20/30)
Epoch  494/500 | train 0.00092 [rs=0.0004 rs1=0.0004 ro=0.0003] | val 0.00031 | lr 1.04e-05 | 1342.1s (no improvement 21/30)
Epoch  495/500 | train 0.00092 [rs=0.0004 rs1=0.0004 ro=0.0003] | val 0.00031 | lr 1.02e-05 | 1344.8s (no improvement 22/30)
Epoch  496/500 | train 0.00092 [rs=0.0004 rs1=0.0004 ro=0.0003] | val 0.00031 | lr 1.02e-05 | 1347.5s (no improvement 23/30)
Epoch  497/500 | train 0.00092 [rs=0.0004 rs1=0.0004 ro=0.0003] | val 0.00031 | lr 1.01e-05 | 1350.2s (no improvement 24/30)
Epoch  498/500 | train 0.00092 [rs=0.0004 rs1=0.0004 ro=0.0003] | val 0.00032 | lr 1.00e-05 | 1352.9s (no improvement 25/30)
Epoch  499/500 | train 0.00092 [rs=0.0004 rs1=0.0004 ro=0.0003] | val 0.00031 | lr 1.00e-05 | 1355.5s (no improvement 26/30)
Epoch  500/500 | train 0.00092 [rs=0.0004 rs1=0.0004 ro=0.0003] | val 0.00032 | lr 1.00e-05 | 1358.2s (no improvement 27/30)
[train] Loss plot → surrogate_model_latent/runs/20260601_162903/loss_curves.png
[train] Component loss plot → surrogate_model_latent/runs/20260601_162903/loss_components.png

[train] Done.  Best val loss : 0.000308
[train] Best checkpoint  : surrogate_model_latent/runs/20260601_162903/latent_best.pt
[train] Final checkpoint : surrogate_model_latent/runs/20260601_162903/latent_final.pt
============================================================
Training finished: Mon Jun  1 16:51:48 EDT 2026  (exit code: 0)
============================================================
