============================================================
Job ID   : 51234422
Node     : gl1021
Started  : Mon Jun  1 15:20:36 EDT 2026
============================================================
Python : /home/xysong/.conda/envs/RL/bin/python
Torch  : 2.5.1+cu121
CUDA   : True
============================================================
/home/xysong/.conda/envs/RL/lib/python3.10/site-packages/torch/utils/data/dataloader.py:617: UserWarning: This DataLoader will create 6 worker processes in total. Our suggested max number of worker in current system is 1, which is smaller than what this DataLoader is going to create. Please be aware that excessive worker creation might get DataLoader running slow or even freeze, lower the worker number to avoid potential slowness/freeze if necessary.
  warnings.warn(
/home/xysong/.conda/envs/RL/lib/python3.10/site-packages/torch/utils/data/dataloader.py:617: UserWarning: This DataLoader will create 6 worker processes in total. Our suggested max number of worker in current system is 1, which is smaller than what this DataLoader is going to create. Please be aware that excessive worker creation might get DataLoader running slow or even freeze, lower the worker number to avoid potential slowness/freeze if necessary.
  warnings.warn(
[train] Output dir : surrogate_model_latent/runs/20260601_152047
[train] Device     : cuda
[dataset] Loaded 3000 trajectories × 12 layers from Dataset:layer_12_stepsize_10_samples_3000_150_400_lc.pkl
[dataset] Split → train 2400 | val 300 | test 300
[dataset] State  mean ∈ [87.0, 2983.3], std  ∈ [40.9028, 1045.7]
[dataset] Action mean = 274.57 W, std = 75.03 W
[dataset] ROI weight table: (12, 1053), range [0.801, 4.219]  (square side 0.40→0.50 × min_dim)
[train] ROI weights loaded from mesh: /nfs/turbo/coe-sunwbgt/xysong/Offline-RL-Controller-in-AM/surrogate_model/mesh.mat
[LatentTrajectoryDataset] 2,400 trajectories, T=12, state_dim=1053
[LatentTrajectoryDataset] 300 trajectories, T=12, state_dim=1053
[train] EnsembleLatentDynamicsModel(state=1053, latent=32, action=1, K=5 | enc=676,384  trans×5=546,720  dec=677,405 | total=1,900,509)

[train] Starting training for up to 500 epochs (patience=30)
[train] Loss mode : rollout k=12
[train] Weights   → recon_st=1.0  recon_st1=1.0  rollout=0.2
[train] Ensemble  → K=5 members
--------------------------------------------------------------------------------
Epoch    1/500 | train 1.97526 [rs=1.0985 rs1=0.7163 ro=0.8022] | val 0.89138 | lr 1.00e-03 |    4.8s ✓ best
Epoch    2/500 | train 0.61357 [rs=0.3297 rs1=0.2218 ro=0.3104] | val 0.30826 | lr 1.00e-03 |    7.4s ✓ best
Epoch    3/500 | train 0.30087 [rs=0.1212 rs1=0.1364 ro=0.2162] | val 0.21958 | lr 1.00e-03 |   10.0s ✓ best
Epoch    4/500 | train 0.20881 [rs=0.0805 rs1=0.0965 ro=0.1592] | val 0.16001 | lr 1.00e-03 |   12.7s ✓ best
Epoch    5/500 | train 0.15787 [rs=0.0647 rs1=0.0734 ro=0.0990] | val 0.12217 | lr 1.00e-03 |   15.3s ✓ best
Epoch    6/500 | train 0.13003 [rs=0.0552 rs1=0.0609 ro=0.0696] | val 0.10103 | lr 1.00e-03 |   17.9s ✓ best
Epoch    7/500 | train 0.11319 [rs=0.0490 rs1=0.0530 ro=0.0557] | val 0.08859 | lr 1.00e-03 |   20.5s ✓ best
Epoch    8/500 | train 0.09896 [rs=0.0427 rs1=0.0464 ro=0.0490] | val 0.07802 | lr 9.99e-04 |   23.1s ✓ best
Epoch    9/500 | train 0.08575 [rs=0.0369 rs1=0.0401 ro=0.0436] | val 0.06349 | lr 9.99e-04 |   25.7s ✓ best
Epoch   10/500 | train 0.07142 [rs=0.0310 rs1=0.0332 ro=0.0360] | val 0.04863 | lr 9.99e-04 |   28.3s ✓ best
Epoch   11/500 | train 0.05973 [rs=0.0260 rs1=0.0280 ro=0.0289] | val 0.03837 | lr 9.99e-04 |   30.9s ✓ best
Epoch   12/500 | train 0.05020 [rs=0.0219 rs1=0.0236 ro=0.0236] | val 0.03232 | lr 9.99e-04 |   33.5s ✓ best
Epoch   13/500 | train 0.05486 [rs=0.0220 rs1=0.0261 ro=0.0337] | val 0.02832 | lr 9.98e-04 |   36.1s ✓ best
