============================================================
Job ID   : 51077181
Node     : gl1009
Started  : Thu May 28 18:20:05 EDT 2026
============================================================
Python : /home/xysong/.conda/envs/RL/bin/python
Torch  : 2.5.1+cu121
CUDA   : True
============================================================
/home/xysong/.conda/envs/RL/lib/python3.10/site-packages/torch/utils/data/dataloader.py:617: UserWarning: This DataLoader will create 6 worker processes in total. Our suggested max number of worker in current system is 1, which is smaller than what this DataLoader is going to create. Please be aware that excessive worker creation might get DataLoader running slow or even freeze, lower the worker number to avoid potential slowness/freeze if necessary.
  warnings.warn(
/home/xysong/.conda/envs/RL/lib/python3.10/site-packages/torch/utils/data/dataloader.py:617: UserWarning: This DataLoader will create 6 worker processes in total. Our suggested max number of worker in current system is 1, which is smaller than what this DataLoader is going to create. Please be aware that excessive worker creation might get DataLoader running slow or even freeze, lower the worker number to avoid potential slowness/freeze if necessary.
  warnings.warn(
[train] Output dir : surrogate_model_latent/runs/20260528_182014
[train] Device     : cuda
[dataset] Loaded 5000 trajectories × 12 layers from Dataset:layer_12_stepsize_10_samples_5000_150_400.pkl
[dataset] Split → train 4000 | val 500 | test 500
[dataset] State  mean ∈ [100.7, 4537.2], std  ∈ [42.6614, 1645.1]
[dataset] Action mean = 274.55 W, std = 75.11 W
[dataset] ROI weight table: (12, 1053), range [0.801, 4.219]  (square side 0.40→0.50 × min_dim)
[train] ROI weights loaded from mesh: /nfs/turbo/coe-sunwbgt/xysong/Offline-RL-Controller-in-AM/surrogate_model/mesh.mat
[LatentTrajectoryDataset] 4,000 trajectories, T=12, state_dim=1053
[LatentTrajectoryDataset] 500 trajectories, T=12, state_dim=1053
[train] LatentDynamicsModel(state=1053, latent=32, action=1 | enc=676,384  trans=113,472  dec=677,405 | total=1,467,261)

[train] Starting training for up to 500 epochs (patience=30)
[train] Loss mode: rollout k=12
[train] Weights → recon_st=1.0  recon_st1=1.0  nll=0.2  rollout=0.2
--------------------------------------------------------------------------------
Epoch    1/500 | train 1.18368 [rs=0.8165 rs1=0.5792 nll=-1.6819 ro=0.6218] | val -0.10933 | lr 1.00e-03 |    5.1s ✓ best
Epoch    2/500 | train -0.22594 [rs=0.2113 rs1=0.1874 nll=-3.4009 ro=0.2780] | val -0.58286 | lr 1.00e-03 |    7.6s ✓ best
Epoch    3/500 | train -0.63215 [rs=0.0840 rs1=0.0994 nll=-4.2137 ro=0.1360] | val -0.79475 | lr 1.00e-03 |   10.1s ✓ best
Epoch    4/500 | train -0.78372 [rs=0.0648 rs1=0.0728 nll=-4.6966 ro=0.0900] | val -0.85827 | lr 1.00e-03 |   12.6s ✓ best
Epoch    5/500 | train -0.82539 [rs=0.0602 rs1=0.0650 nll=-4.8366 ro=0.0838] | val -0.87597 | lr 1.00e-03 |   15.1s ✓ best
Epoch    6/500 | train -0.83340 [rs=0.0621 rs1=0.0655 nll=-4.8887 ro=0.0840] | val -0.84107 | lr 1.00e-03 |   17.5s (no improvement 1/30)
Epoch    7/500 | train -0.84028 [rs=0.0576 rs1=0.0648 nll=-4.9049 ro=0.0918] | val -0.86172 | lr 1.00e-03 |   20.0s (no improvement 2/30)
Epoch    8/500 | train -0.77804 [rs=0.0704 rs1=0.0916 nll=-4.8786 ro=0.1784] | val -0.85005 | lr 9.99e-04 |   22.4s (no improvement 3/30)
Epoch    9/500 | train -0.83939 [rs=0.0564 rs1=0.0658 nll=-4.8915 ro=0.0839] | val -0.86321 | lr 9.99e-04 |   24.8s (no improvement 4/30)
Epoch   10/500 | train -0.87372 [rs=0.0466 rs1=0.0518 nll=-4.9163 ro=0.0557] | val -0.90364 | lr 9.99e-04 |   27.3s ✓ best
Epoch   11/500 | train -0.89359 [rs=0.0391 rs1=0.0432 nll=-4.9331 ro=0.0536] | val -0.84599 | lr 9.99e-04 |   29.8s (no improvement 1/30)
Epoch   12/500 | train -0.84436 [rs=0.0486 rs1=0.0576 nll=-4.8751 ro=0.1227] | val -0.89078 | lr 9.99e-04 |   32.2s (no improvement 2/30)
Epoch   13/500 | train -0.89852 [rs=0.0342 rs1=0.0374 nll=-4.9059 ro=0.0554] | val -0.94124 | lr 9.98e-04 |   34.7s ✓ best
Epoch   14/500 | train -0.92873 [rs=0.0249 rs1=0.0275 nll=-4.9378 ro=0.0324] | val -0.94624 | lr 9.98e-04 |   37.2s ✓ best
Epoch   15/500 | train -0.93420 [rs=0.0238 rs1=0.0267 nll=-4.9548 ro=0.0310] | val -0.95406 | lr 9.98e-04 |   39.7s ✓ best
Epoch   16/500 | train -0.94338 [rs=0.0208 rs1=0.0232 nll=-4.9614 ro=0.0244] | val -0.95567 | lr 9.98e-04 |   42.2s ✓ best
Epoch   17/500 | train -0.94480 [rs=0.0203 rs1=0.0227 nll=-4.9648 ro=0.0257] | val -0.95910 | lr 9.97e-04 |   44.7s ✓ best
Epoch   18/500 | train -0.92245 [rs=0.0280 rs1=0.0311 nll=-4.9571 ro=0.0492] | val -0.94213 | lr 9.97e-04 |   47.2s (no improvement 1/30)
Epoch   19/500 | train -0.93634 [rs=0.0208 rs1=0.0237 nll=-4.9444 ro=0.0401] | val -0.95867 | lr 9.96e-04 |   49.6s (no improvement 2/30)
Epoch   20/500 | train -0.95535 [rs=0.0142 rs1=0.0163 nll=-4.9514 ro=0.0220] | val -0.97102 | lr 9.96e-04 |   52.1s ✓ best
Epoch   21/500 | train -0.96353 [rs=0.0120 rs1=0.0137 nll=-4.9629 ro=0.0172] | val -0.97146 | lr 9.96e-04 |   54.6s ✓ best
Epoch   22/500 | train -0.94142 [rs=0.0180 rs1=0.0240 nll=-4.9588 ro=0.0417] | val -0.93014 | lr 9.95e-04 |   57.1s (no improvement 1/30)
Epoch   23/500 | train -0.94271 [rs=0.0150 rs1=0.0204 nll=-4.9326 ro=0.0420] | val -0.96439 | lr 9.95e-04 |   59.5s (no improvement 2/30)
Epoch   24/500 | train -0.96315 [rs=0.0111 rs1=0.0128 nll=-4.9542 ro=0.0190] | val -0.97701 | lr 9.94e-04 |   62.0s ✓ best
Epoch   25/500 | train -0.97132 [rs=0.0092 rs1=0.0107 nll=-4.9681 ro=0.0117] | val -0.98011 | lr 9.94e-04 |   64.5s ✓ best
Epoch   26/500 | train -0.97485 [rs=0.0085 rs1=0.0098 nll=-4.9753 ro=0.0093] | val -0.98269 | lr 9.93e-04 |   67.0s ✓ best
Epoch   27/500 | train -0.97449 [rs=0.0087 rs1=0.0101 nll=-4.9783 ro=0.0118] | val -0.98053 | lr 9.93e-04 |   69.4s (no improvement 1/30)
Epoch   28/500 | train -0.97727 [rs=0.0079 rs1=0.0091 nll=-4.9803 ro=0.0089] | val -0.98212 | lr 9.92e-04 |   72.1s (no improvement 2/30)
Epoch   29/500 | train -0.97301 [rs=0.0093 rs1=0.0109 nll=-4.9801 ro=0.0139] | val -0.97834 | lr 9.92e-04 |   74.5s (no improvement 3/30)
Epoch   30/500 | train -0.97377 [rs=0.0090 rs1=0.0105 nll=-4.9801 ro=0.0136] | val -0.98412 | lr 9.91e-04 |   77.0s ✓ best
Epoch   31/500 | train -0.97709 [rs=0.0079 rs1=0.0091 nll=-4.9807 ro=0.0104] | val -0.98031 | lr 9.91e-04 |   79.5s (no improvement 1/30)
Epoch   32/500 | train -0.97865 [rs=0.0074 rs1=0.0085 nll=-4.9819 ro=0.0093] | val -0.98261 | lr 9.90e-04 |   81.9s (no improvement 2/30)
Epoch   33/500 | train -0.97787 [rs=0.0076 rs1=0.0089 nll=-4.9828 ro=0.0111] | val -0.97906 | lr 9.89e-04 |   84.3s (no improvement 3/30)
Epoch   34/500 | train -0.96993 [rs=0.0103 rs1=0.0120 nll=-4.9785 ro=0.0172] | val -0.98191 | lr 9.89e-04 |   86.8s (no improvement 4/30)
Epoch   35/500 | train -0.97882 [rs=0.0071 rs1=0.0081 nll=-4.9798 ro=0.0094] | val -0.98360 | lr 9.88e-04 |   89.2s (no improvement 5/30)
Epoch   36/500 | train -0.97887 [rs=0.0071 rs1=0.0084 nll=-4.9822 ro=0.0104] | val -0.97993 | lr 9.87e-04 |   91.6s (no improvement 6/30)
Epoch   37/500 | train -0.97927 [rs=0.0070 rs1=0.0082 nll=-4.9831 ro=0.0105] | val -0.98700 | lr 9.87e-04 |   94.1s ✓ best
Epoch   38/500 | train -0.98124 [rs=0.0063 rs1=0.0074 nll=-4.9840 ro=0.0095] | val -0.98740 | lr 9.86e-04 |   96.6s ✓ best
Epoch   39/500 | train -0.98078 [rs=0.0065 rs1=0.0077 nll=-4.9841 ro=0.0093] | val -0.98729 | lr 9.85e-04 |   99.0s (no improvement 1/30)
Epoch   40/500 | train -0.98206 [rs=0.0060 rs1=0.0071 nll=-4.9847 ro=0.0089] | val -0.98282 | lr 9.84e-04 |  101.5s (no improvement 2/30)
Epoch   41/500 | train -0.98080 [rs=0.0064 rs1=0.0074 nll=-4.9840 ro=0.0109] | val -0.98756 | lr 9.84e-04 |  104.0s ✓ best
Epoch   42/500 | train -0.98394 [rs=0.0054 rs1=0.0064 nll=-4.9855 ro=0.0068] | val -0.98972 | lr 9.83e-04 |  106.5s ✓ best
Epoch   43/500 | train -0.98282 [rs=0.0059 rs1=0.0070 nll=-4.9864 ro=0.0079] | val -0.98766 | lr 9.82e-04 |  108.9s (no improvement 1/30)
Epoch   44/500 | train -0.98486 [rs=0.0051 rs1=0.0061 nll=-4.9869 ro=0.0067] | val -0.99025 | lr 9.81e-04 |  111.4s ✓ best
Epoch   45/500 | train -0.98209 [rs=0.0061 rs1=0.0074 nll=-4.9873 ro=0.0094] | val -0.98447 | lr 9.80e-04 |  113.9s (no improvement 1/30)
Epoch   46/500 | train -0.98409 [rs=0.0052 rs1=0.0064 nll=-4.9870 ro=0.0088] | val -0.99055 | lr 9.79e-04 |  116.4s ✓ best
Epoch   47/500 | train -0.98579 [rs=0.0048 rs1=0.0058 nll=-4.9874 ro=0.0059] | val -0.98839 | lr 9.79e-04 |  118.8s (no improvement 1/30)
Epoch   48/500 | train -0.98647 [rs=0.0045 rs1=0.0056 nll=-4.9882 ro=0.0055] | val -0.98924 | lr 9.78e-04 |  121.3s (no improvement 2/30)
Epoch   49/500 | train -0.98460 [rs=0.0051 rs1=0.0063 nll=-4.9884 ro=0.0083] | val -0.98294 | lr 9.77e-04 |  123.7s (no improvement 3/30)
Epoch   50/500 | train -0.98341 [rs=0.0052 rs1=0.0066 nll=-4.9858 ro=0.0097] | val -0.98578 | lr 9.76e-04 |  126.1s (no improvement 4/30)
Epoch   51/500 | train -0.98654 [rs=0.0044 rs1=0.0054 nll=-4.9877 ro=0.0060] | val -0.99018 | lr 9.75e-04 |  128.6s (no improvement 5/30)
Epoch   52/500 | train -0.98601 [rs=0.0047 rs1=0.0058 nll=-4.9891 ro=0.0063] | val -0.98866 | lr 9.74e-04 |  131.0s (no improvement 6/30)
Epoch   53/500 | train -0.98645 [rs=0.0046 rs1=0.0057 nll=-4.9890 ro=0.0055] | val -0.99164 | lr 9.73e-04 |  133.5s ✓ best
Epoch   54/500 | train -0.98705 [rs=0.0042 rs1=0.0054 nll=-4.9895 ro=0.0060] | val -0.98872 | lr 9.72e-04 |  136.0s (no improvement 1/30)
Epoch   55/500 | train -0.98669 [rs=0.0044 rs1=0.0056 nll=-4.9893 ro=0.0060] | val -0.99234 | lr 9.71e-04 |  138.4s ✓ best
Epoch   56/500 | train -0.98888 [rs=0.0037 rs1=0.0046 nll=-4.9900 ro=0.0044] | val -0.99091 | lr 9.70e-04 |  140.9s (no improvement 1/30)
Epoch   57/500 | train -0.98761 [rs=0.0041 rs1=0.0052 nll=-4.9906 ro=0.0058] | val -0.99261 | lr 9.69e-04 |  143.4s ✓ best
Epoch   58/500 | train -0.98804 [rs=0.0039 rs1=0.0050 nll=-4.9904 ro=0.0057] | val -0.99311 | lr 9.67e-04 |  145.9s ✓ best
Epoch   59/500 | train -0.98665 [rs=0.0045 rs1=0.0057 nll=-4.9903 ro=0.0062] | val -0.99260 | lr 9.66e-04 |  148.3s (no improvement 1/30)
Epoch   60/500 | train -0.98903 [rs=0.0036 rs1=0.0046 nll=-4.9906 ro=0.0046] | val -0.99033 | lr 9.65e-04 |  150.8s (no improvement 2/30)
Epoch   61/500 | train -0.98954 [rs=0.0034 rs1=0.0044 nll=-4.9911 ro=0.0047] | val -0.99180 | lr 9.64e-04 |  153.2s (no improvement 3/30)
Epoch   62/500 | train -0.98751 [rs=0.0041 rs1=0.0055 nll=-4.9908 ro=0.0055] | val -0.99244 | lr 9.63e-04 |  155.7s (no improvement 4/30)
Epoch   63/500 | train -0.98839 [rs=0.0038 rs1=0.0049 nll=-4.9906 ro=0.0050] | val -0.99319 | lr 9.62e-04 |  158.2s ✓ best
Epoch   64/500 | train -0.98872 [rs=0.0037 rs1=0.0047 nll=-4.9909 ro=0.0055] | val -0.99235 | lr 9.61e-04 |  160.6s (no improvement 1/30)
Epoch   65/500 | train -0.99035 [rs=0.0031 rs1=0.0041 nll=-4.9915 ro=0.0039] | val -0.98966 | lr 9.59e-04 |  163.1s (no improvement 2/30)
Epoch   66/500 | train -0.98773 [rs=0.0040 rs1=0.0053 nll=-4.9913 ro=0.0061] | val -0.99231 | lr 9.58e-04 |  165.5s (no improvement 3/30)
Epoch   67/500 | train -0.98997 [rs=0.0032 rs1=0.0043 nll=-4.9917 ro=0.0044] | val -0.99392 | lr 9.57e-04 |  168.0s ✓ best
Epoch   68/500 | train -0.99071 [rs=0.0030 rs1=0.0039 nll=-4.9920 ro=0.0039] | val -0.99209 | lr 9.56e-04 |  170.4s (no improvement 1/30)
Epoch   69/500 | train -0.99009 [rs=0.0032 rs1=0.0042 nll=-4.9922 ro=0.0045] | val -0.99040 | lr 9.54e-04 |  172.9s (no improvement 2/30)
Epoch   70/500 | train -0.98694 [rs=0.0044 rs1=0.0056 nll=-4.9917 ro=0.0071] | val -0.99320 | lr 9.53e-04 |  175.3s (no improvement 3/30)
Epoch   71/500 | train -0.98938 [rs=0.0035 rs1=0.0044 nll=-4.9912 ro=0.0049] | val -0.99099 | lr 9.52e-04 |  177.8s (no improvement 4/30)
Epoch   72/500 | train -0.98997 [rs=0.0032 rs1=0.0042 nll=-4.9915 ro=0.0046] | val -0.99356 | lr 9.50e-04 |  180.2s (no improvement 5/30)
Epoch   73/500 | train -0.99097 [rs=0.0028 rs1=0.0038 nll=-4.9922 ro=0.0041] | val -0.99301 | lr 9.49e-04 |  182.7s (no improvement 6/30)
Epoch   74/500 | train -0.98959 [rs=0.0033 rs1=0.0046 nll=-4.9919 ro=0.0046] | val -0.99331 | lr 9.47e-04 |  185.1s (no improvement 7/30)
Epoch   75/500 | train -0.99077 [rs=0.0029 rs1=0.0040 nll=-4.9925 ro=0.0042] | val -0.99345 | lr 9.46e-04 |  187.5s (no improvement 8/30)
Epoch   76/500 | train -0.99147 [rs=0.0027 rs1=0.0036 nll=-4.9927 ro=0.0035] | val -0.99061 | lr 9.45e-04 |  190.0s (no improvement 9/30)
Epoch   77/500 | train -0.99138 [rs=0.0027 rs1=0.0038 nll=-4.9929 ro=0.0036] | val -0.99517 | lr 9.43e-04 |  192.5s ✓ best
Epoch   78/500 | train -0.98662 [rs=0.0044 rs1=0.0059 nll=-4.9922 ro=0.0076] | val -0.99387 | lr 9.42e-04 |  194.9s (no improvement 1/30)
Epoch   79/500 | train -0.99120 [rs=0.0027 rs1=0.0037 nll=-4.9921 ro=0.0043] | val -0.99499 | lr 9.40e-04 |  197.4s (no improvement 2/30)
Epoch   80/500 | train -0.99271 [rs=0.0022 rs1=0.0031 nll=-4.9929 ro=0.0030] | val -0.99515 | lr 9.39e-04 |  199.8s (no improvement 3/30)
Epoch   81/500 | train -0.99274 [rs=0.0022 rs1=0.0032 nll=-4.9935 ro=0.0029] | val -0.99302 | lr 9.37e-04 |  202.2s (no improvement 4/30)
Epoch   82/500 | train -0.98745 [rs=0.0040 rs1=0.0056 nll=-4.9920 ro=0.0070] | val -0.99144 | lr 9.36e-04 |  204.7s (no improvement 5/30)
Epoch   83/500 | train -0.99228 [rs=0.0023 rs1=0.0032 nll=-4.9922 ro=0.0033] | val -0.99524 | lr 9.34e-04 |  207.2s ✓ best
Epoch   84/500 | train -0.99122 [rs=0.0028 rs1=0.0039 nll=-4.9932 ro=0.0039] | val -0.99018 | lr 9.33e-04 |  209.6s (no improvement 1/30)
Epoch   85/500 | train -0.99177 [rs=0.0026 rs1=0.0035 nll=-4.9929 ro=0.0037] | val -0.99359 | lr 9.31e-04 |  212.1s (no improvement 2/30)
Epoch   86/500 | train -0.99192 [rs=0.0025 rs1=0.0035 nll=-4.9933 ro=0.0033] | val -0.99355 | lr 9.29e-04 |  214.5s (no improvement 3/30)
Epoch   87/500 | train -0.99047 [rs=0.0030 rs1=0.0042 nll=-4.9934 ro=0.0046] | val -0.99188 | lr 9.28e-04 |  217.0s (no improvement 4/30)
Epoch   88/500 | train -0.99113 [rs=0.0028 rs1=0.0038 nll=-4.9931 ro=0.0042] | val -0.99165 | lr 9.26e-04 |  219.4s (no improvement 5/30)
Epoch   89/500 | train -0.99176 [rs=0.0026 rs1=0.0035 nll=-4.9935 ro=0.0040] | val -0.99387 | lr 9.25e-04 |  221.8s (no improvement 6/30)
Epoch   90/500 | train -0.98899 [rs=0.0034 rs1=0.0049 nll=-4.9924 ro=0.0061] | val -0.99457 | lr 9.23e-04 |  224.3s (no improvement 7/30)
Epoch   91/500 | train -0.99246 [rs=0.0023 rs1=0.0032 nll=-4.9928 ro=0.0032] | val -0.99527 | lr 9.21e-04 |  226.8s ✓ best
Epoch   92/500 | train -0.99335 [rs=0.0020 rs1=0.0029 nll=-4.9938 ro=0.0027] | val -0.99557 | lr 9.20e-04 |  229.3s ✓ best
Epoch   93/500 | train -0.98633 [rs=0.0048 rs1=0.0062 nll=-4.9933 ro=0.0070] | val -0.95523 | lr 9.18e-04 |  231.7s (no improvement 1/30)
Epoch   94/500 | train -0.97567 [rs=0.0090 rs1=0.0096 nll=-4.9830 ro=0.0113] | val -0.98797 | lr 9.16e-04 |  234.2s (no improvement 2/30)
Epoch   95/500 | train -0.98942 [rs=0.0031 rs1=0.0039 nll=-4.9870 ro=0.0050] | val -0.99257 | lr 9.14e-04 |  236.6s (no improvement 3/30)
Epoch   96/500 | train -0.99206 [rs=0.0023 rs1=0.0031 nll=-4.9912 ro=0.0040] | val -0.99457 | lr 9.13e-04 |  239.1s (no improvement 4/30)
Epoch   97/500 | train -0.99326 [rs=0.0020 rs1=0.0028 nll=-4.9931 ro=0.0027] | val -0.99434 | lr 9.11e-04 |  241.5s (no improvement 5/30)
Epoch   98/500 | train -0.99337 [rs=0.0020 rs1=0.0028 nll=-4.9938 ro=0.0030] | val -0.99524 | lr 9.09e-04 |  244.0s (no improvement 6/30)
Epoch   99/500 | train -0.99191 [rs=0.0024 rs1=0.0037 nll=-4.9939 ro=0.0040] | val -0.98840 | lr 9.07e-04 |  246.6s (no improvement 7/30)
Epoch  100/500 | train -0.99183 [rs=0.0025 rs1=0.0035 nll=-4.9934 ro=0.0045] | val -0.99532 | lr 9.05e-04 |  249.0s (no improvement 8/30)
Epoch  101/500 | train -0.99350 [rs=0.0019 rs1=0.0028 nll=-4.9939 ro=0.0026] | val -0.99428 | lr 9.04e-04 |  251.5s (no improvement 9/30)
Epoch  102/500 | train -0.99350 [rs=0.0020 rs1=0.0029 nll=-4.9945 ro=0.0027] | val -0.99595 | lr 9.02e-04 |  253.9s ✓ best
Epoch  103/500 | train -0.99429 [rs=0.0017 rs1=0.0025 nll=-4.9949 ro=0.0023] | val -0.99583 | lr 9.00e-04 |  256.4s (no improvement 1/30)
Epoch  104/500 | train -0.99051 [rs=0.0029 rs1=0.0044 nll=-4.9944 ro=0.0053] | val -0.99484 | lr 8.98e-04 |  258.8s (no improvement 2/30)
Epoch  105/500 | train -0.99308 [rs=0.0021 rs1=0.0030 nll=-4.9938 ro=0.0033] | val -0.99509 | lr 8.96e-04 |  261.3s (no improvement 3/30)
Epoch  106/500 | train -0.99413 [rs=0.0017 rs1=0.0026 nll=-4.9946 ro=0.0025] | val -0.99616 | lr 8.94e-04 |  263.8s ✓ best
Epoch  107/500 | train -0.99432 [rs=0.0017 rs1=0.0025 nll=-4.9950 ro=0.0023] | val -0.99611 | lr 8.92e-04 |  266.2s (no improvement 1/30)
Epoch  108/500 | train -0.99125 [rs=0.0028 rs1=0.0040 nll=-4.9946 ro=0.0042] | val -0.99501 | lr 8.90e-04 |  268.7s (no improvement 2/30)
Epoch  109/500 | train -0.99439 [rs=0.0016 rs1=0.0025 nll=-4.9949 ro=0.0024] | val -0.99616 | lr 8.88e-04 |  271.1s (no improvement 3/30)
Epoch  110/500 | train -0.99353 [rs=0.0019 rs1=0.0029 nll=-4.9950 ro=0.0030] | val -0.99514 | lr 8.86e-04 |  273.5s (no improvement 4/30)
Epoch  111/500 | train -0.99369 [rs=0.0019 rs1=0.0028 nll=-4.9951 ro=0.0027] | val -0.99643 | lr 8.84e-04 |  276.0s ✓ best
Epoch  112/500 | train -0.99432 [rs=0.0017 rs1=0.0026 nll=-4.9953 ro=0.0023] | val -0.99568 | lr 8.82e-04 |  278.5s (no improvement 1/30)
Epoch  113/500 | train -0.99369 [rs=0.0019 rs1=0.0029 nll=-4.9953 ro=0.0030] | val -0.99584 | lr 8.80e-04 |  280.9s (no improvement 2/30)
Epoch  114/500 | train -0.99340 [rs=0.0020 rs1=0.0030 nll=-4.9953 ro=0.0032] | val -0.99558 | lr 8.78e-04 |  283.3s (no improvement 3/30)
Epoch  115/500 | train -0.99328 [rs=0.0021 rs1=0.0031 nll=-4.9953 ro=0.0029] | val -0.99503 | lr 8.76e-04 |  285.8s (no improvement 4/30)
Epoch  116/500 | train -0.99343 [rs=0.0020 rs1=0.0029 nll=-4.9950 ro=0.0033] | val -0.99507 | lr 8.74e-04 |  288.2s (no improvement 5/30)
Epoch  117/500 | train -0.99422 [rs=0.0018 rs1=0.0026 nll=-4.9953 ro=0.0023] | val -0.99532 | lr 8.72e-04 |  290.7s (no improvement 6/30)
Epoch  118/500 | train -0.99383 [rs=0.0018 rs1=0.0028 nll=-4.9951 ro=0.0028] | val -0.99624 | lr 8.70e-04 |  293.1s (no improvement 7/30)
Epoch  119/500 | train -0.99367 [rs=0.0020 rs1=0.0029 nll=-4.9954 ro=0.0027] | val -0.99648 | lr 8.68e-04 |  295.6s ✓ best
Epoch  120/500 | train -0.99423 [rs=0.0018 rs1=0.0026 nll=-4.9954 ro=0.0026] | val -0.99533 | lr 8.66e-04 |  298.1s (no improvement 1/30)
Epoch  121/500 | train -0.99436 [rs=0.0017 rs1=0.0025 nll=-4.9955 ro=0.0027] | val -0.99305 | lr 8.64e-04 |  300.5s (no improvement 2/30)
Epoch  122/500 | train -0.99283 [rs=0.0023 rs1=0.0032 nll=-4.9950 ro=0.0035] | val -0.99378 | lr 8.62e-04 |  302.9s (no improvement 3/30)
Epoch  123/500 | train -0.99383 [rs=0.0018 rs1=0.0026 nll=-4.9946 ro=0.0037] | val -0.99581 | lr 8.59e-04 |  305.4s (no improvement 4/30)
Epoch  124/500 | train -0.99396 [rs=0.0018 rs1=0.0027 nll=-4.9954 ro=0.0028] | val -0.99392 | lr 8.57e-04 |  307.8s (no improvement 5/30)
Epoch  125/500 | train -0.99187 [rs=0.0025 rs1=0.0038 nll=-4.9949 ro=0.0040] | val -0.99446 | lr 8.55e-04 |  310.3s (no improvement 6/30)
Epoch  126/500 | train -0.99456 [rs=0.0016 rs1=0.0024 nll=-4.9951 ro=0.0021] | val -0.99533 | lr 8.53e-04 |  312.7s (no improvement 7/30)
Epoch  127/500 | train -0.99472 [rs=0.0016 rs1=0.0024 nll=-4.9955 ro=0.0020] | val -0.99668 | lr 8.51e-04 |  315.2s ✓ best
Epoch  128/500 | train -0.99519 [rs=0.0014 rs1=0.0022 nll=-4.9958 ro=0.0018] | val -0.99395 | lr 8.48e-04 |  317.6s (no improvement 1/30)
Epoch  129/500 | train -0.99297 [rs=0.0022 rs1=0.0032 nll=-4.9953 ro=0.0033] | val -0.99682 | lr 8.46e-04 |  320.1s ✓ best
Epoch  130/500 | train -0.99502 [rs=0.0014 rs1=0.0022 nll=-4.9955 ro=0.0024] | val -0.99687 | lr 8.44e-04 |  322.6s ✓ best
Epoch  131/500 | train -0.99557 [rs=0.0013 rs1=0.0020 nll=-4.9958 ro=0.0017] | val -0.99685 | lr 8.42e-04 |  325.1s (no improvement 1/30)
Epoch  132/500 | train -0.99573 [rs=0.0012 rs1=0.0019 nll=-4.9961 ro=0.0016] | val -0.99490 | lr 8.39e-04 |  327.5s (no improvement 2/30)
Epoch  133/500 | train -0.98410 [rs=0.0052 rs1=0.0072 nll=-4.9907 ro=0.0084] | val -0.99099 | lr 8.37e-04 |  330.0s (no improvement 3/30)
Epoch  134/500 | train -0.99234 [rs=0.0020 rs1=0.0029 nll=-4.9907 ro=0.0048] | val -0.99533 | lr 8.35e-04 |  332.4s (no improvement 4/30)
Epoch  135/500 | train -0.99496 [rs=0.0014 rs1=0.0021 nll=-4.9945 ro=0.0020] | val -0.99648 | lr 8.32e-04 |  334.8s (no improvement 5/30)
Epoch  136/500 | train -0.99547 [rs=0.0013 rs1=0.0020 nll=-4.9954 ro=0.0016] | val -0.99673 | lr 8.30e-04 |  337.3s (no improvement 6/30)
Epoch  137/500 | train -0.99549 [rs=0.0013 rs1=0.0020 nll=-4.9958 ro=0.0017] | val -0.99713 | lr 8.28e-04 |  339.8s ✓ best
Epoch  138/500 | train -0.99578 [rs=0.0012 rs1=0.0019 nll=-4.9961 ro=0.0015] | val -0.99659 | lr 8.25e-04 |  342.2s (no improvement 1/30)
Epoch  139/500 | train -0.99442 [rs=0.0017 rs1=0.0026 nll=-4.9960 ro=0.0023] | val -0.99273 | lr 8.23e-04 |  344.7s (no improvement 2/30)
Epoch  140/500 | train -0.99459 [rs=0.0017 rs1=0.0025 nll=-4.9959 ro=0.0020] | val -0.99387 | lr 8.21e-04 |  347.1s (no improvement 3/30)
Epoch  141/500 | train -0.99481 [rs=0.0016 rs1=0.0024 nll=-4.9960 ro=0.0023] | val -0.99598 | lr 8.18e-04 |  349.6s (no improvement 4/30)
Epoch  142/500 | train -0.99501 [rs=0.0015 rs1=0.0023 nll=-4.9961 ro=0.0021] | val -0.99535 | lr 8.16e-04 |  352.0s (no improvement 5/30)
Epoch  143/500 | train -0.99564 [rs=0.0013 rs1=0.0020 nll=-4.9961 ro=0.0015] | val -0.99724 | lr 8.13e-04 |  354.5s ✓ best
Epoch  144/500 | train -0.99461 [rs=0.0017 rs1=0.0026 nll=-4.9962 ro=0.0020] | val -0.99447 | lr 8.11e-04 |  356.9s (no improvement 1/30)
Epoch  145/500 | train -0.99454 [rs=0.0017 rs1=0.0025 nll=-4.9959 ro=0.0023] | val -0.99699 | lr 8.08e-04 |  359.4s (no improvement 2/30)
Epoch  146/500 | train -0.99522 [rs=0.0014 rs1=0.0022 nll=-4.9961 ro=0.0019] | val -0.99561 | lr 8.06e-04 |  361.8s (no improvement 3/30)
Epoch  147/500 | train -0.99473 [rs=0.0017 rs1=0.0025 nll=-4.9961 ro=0.0019] | val -0.99584 | lr 8.03e-04 |  364.3s (no improvement 4/30)
Epoch  148/500 | train -0.99591 [rs=0.0012 rs1=0.0018 nll=-4.9963 ro=0.0014] | val -0.99722 | lr 8.01e-04 |  366.7s (no improvement 5/30)
Epoch  149/500 | train -0.99532 [rs=0.0013 rs1=0.0022 nll=-4.9963 ro=0.0022] | val -0.99692 | lr 7.98e-04 |  369.2s (no improvement 6/30)
Epoch  150/500 | train -0.99560 [rs=0.0013 rs1=0.0020 nll=-4.9964 ro=0.0017] | val -0.99524 | lr 7.96e-04 |  371.6s (no improvement 7/30)
Epoch  151/500 | train -0.99571 [rs=0.0013 rs1=0.0020 nll=-4.9964 ro=0.0017] | val -0.99657 | lr 7.93e-04 |  374.0s (no improvement 8/30)
Epoch  152/500 | train -0.99312 [rs=0.0020 rs1=0.0034 nll=-4.9959 ro=0.0033] | val -0.99291 | lr 7.91e-04 |  376.5s (no improvement 9/30)
Epoch  153/500 | train -0.99459 [rs=0.0016 rs1=0.0023 nll=-4.9953 ro=0.0028] | val -0.99659 | lr 7.88e-04 |  378.9s (no improvement 10/30)
Epoch  154/500 | train -0.99552 [rs=0.0013 rs1=0.0020 nll=-4.9958 ro=0.0016] | val -0.99520 | lr 7.86e-04 |  381.4s (no improvement 11/30)
Epoch  155/500 | train -0.99540 [rs=0.0014 rs1=0.0020 nll=-4.9961 ro=0.0019] | val -0.99727 | lr 7.83e-04 |  383.9s ✓ best
Epoch  156/500 | train -0.99577 [rs=0.0013 rs1=0.0019 nll=-4.9963 ro=0.0015] | val -0.99709 | lr 7.81e-04 |  386.3s (no improvement 1/30)
Epoch  157/500 | train -0.99610 [rs=0.0012 rs1=0.0017 nll=-4.9966 ro=0.0015] | val -0.99655 | lr 7.78e-04 |  388.8s (no improvement 2/30)
Epoch  158/500 | train -0.99501 [rs=0.0015 rs1=0.0024 nll=-4.9965 ro=0.0017] | val -0.98978 | lr 7.75e-04 |  391.2s (no improvement 3/30)
Epoch  159/500 | train -0.99393 [rs=0.0020 rs1=0.0027 nll=-4.9960 ro=0.0028] | val -0.99583 | lr 7.73e-04 |  393.6s (no improvement 4/30)
Epoch  160/500 | train -0.99613 [rs=0.0011 rs1=0.0017 nll=-4.9962 ro=0.0014] | val -0.99743 | lr 7.70e-04 |  396.1s ✓ best
Epoch  161/500 | train -0.99628 [rs=0.0011 rs1=0.0017 nll=-4.9967 ro=0.0013] | val -0.99771 | lr 7.68e-04 |  398.6s ✓ best
Epoch  162/500 | train -0.99565 [rs=0.0012 rs1=0.0021 nll=-4.9966 ro=0.0014] | val -0.98187 | lr 7.65e-04 |  401.1s (no improvement 1/30)
Epoch  163/500 | train -0.99325 [rs=0.0022 rs1=0.0031 nll=-4.9951 ro=0.0022] | val -0.99697 | lr 7.62e-04 |  403.5s (no improvement 2/30)
Epoch  164/500 | train -0.99612 [rs=0.0011 rs1=0.0017 nll=-4.9961 ro=0.0018] | val -0.99743 | lr 7.60e-04 |  406.0s (no improvement 3/30)
Epoch  165/500 | train -0.99670 [rs=0.0010 rs1=0.0015 nll=-4.9967 ro=0.0011] | val -0.99757 | lr 7.57e-04 |  408.4s (no improvement 4/30)
Epoch  166/500 | train -0.99404 [rs=0.0018 rs1=0.0027 nll=-4.9964 ro=0.0036] | val -0.99466 | lr 7.54e-04 |  410.9s (no improvement 5/30)
Epoch  167/500 | train -0.99451 [rs=0.0016 rs1=0.0023 nll=-4.9953 ro=0.0029] | val -0.99622 | lr 7.52e-04 |  413.3s (no improvement 6/30)
Epoch  168/500 | train -0.99633 [rs=0.0011 rs1=0.0016 nll=-4.9963 ro=0.0013] | val -0.99744 | lr 7.49e-04 |  415.8s (no improvement 7/30)
Epoch  169/500 | train -0.99617 [rs=0.0011 rs1=0.0018 nll=-4.9966 ro=0.0015] | val -0.99737 | lr 7.46e-04 |  418.2s (no improvement 8/30)
Epoch  170/500 | train -0.99566 [rs=0.0013 rs1=0.0021 nll=-4.9967 ro=0.0016] | val -0.99443 | lr 7.43e-04 |  420.6s (no improvement 9/30)
Epoch  171/500 | train -0.99629 [rs=0.0011 rs1=0.0017 nll=-4.9967 ro=0.0013] | val -0.99763 | lr 7.41e-04 |  423.1s (no improvement 10/30)
Epoch  172/500 | train -0.99690 [rs=0.0009 rs1=0.0014 nll=-4.9970 ro=0.0010] | val -0.99790 | lr 7.38e-04 |  425.8s ✓ best
Epoch  173/500 | train -0.99243 [rs=0.0023 rs1=0.0036 nll=-4.9956 ro=0.0040] | val -0.99203 | lr 7.35e-04 |  428.2s (no improvement 1/30)
Epoch  174/500 | train -0.99428 [rs=0.0017 rs1=0.0024 nll=-4.9951 ro=0.0030] | val -0.99653 | lr 7.32e-04 |  430.7s (no improvement 2/30)
Epoch  175/500 | train -0.99632 [rs=0.0011 rs1=0.0016 nll=-4.9964 ro=0.0013] | val -0.99770 | lr 7.30e-04 |  433.1s (no improvement 3/30)
Epoch  176/500 | train -0.99687 [rs=0.0009 rs1=0.0014 nll=-4.9969 ro=0.0010] | val -0.99767 | lr 7.27e-04 |  435.5s (no improvement 4/30)
Epoch  177/500 | train -0.99672 [rs=0.0009 rs1=0.0015 nll=-4.9970 ro=0.0011] | val -0.99154 | lr 7.24e-04 |  438.0s (no improvement 5/30)
Epoch  178/500 | train -0.99387 [rs=0.0020 rs1=0.0030 nll=-4.9964 ro=0.0022] | val -0.99573 | lr 7.21e-04 |  440.4s (no improvement 6/30)
Epoch  179/500 | train -0.99612 [rs=0.0012 rs1=0.0017 nll=-4.9966 ro=0.0015] | val -0.99722 | lr 7.19e-04 |  442.9s (no improvement 7/30)
Epoch  180/500 | train -0.99632 [rs=0.0011 rs1=0.0017 nll=-4.9967 ro=0.0014] | val -0.99724 | lr 7.16e-04 |  445.3s (no improvement 8/30)
Epoch  181/500 | train -0.99689 [rs=0.0009 rs1=0.0014 nll=-4.9971 ro=0.0011] | val -0.99760 | lr 7.13e-04 |  447.7s (no improvement 9/30)
Epoch  182/500 | train -0.99506 [rs=0.0015 rs1=0.0024 nll=-4.9967 ro=0.0021] | val -0.99468 | lr 7.10e-04 |  450.2s (no improvement 10/30)
Epoch  183/500 | train -0.99609 [rs=0.0011 rs1=0.0017 nll=-4.9965 ro=0.0017] | val -0.99689 | lr 7.07e-04 |  452.6s (no improvement 11/30)
Epoch  184/500 | train -0.99681 [rs=0.0009 rs1=0.0015 nll=-4.9970 ro=0.0011] | val -0.99775 | lr 7.04e-04 |  455.0s (no improvement 12/30)
Epoch  185/500 | train -0.99692 [rs=0.0009 rs1=0.0014 nll=-4.9971 ro=0.0010] | val -0.99673 | lr 7.02e-04 |  457.5s (no improvement 13/30)
Epoch  186/500 | train -0.99630 [rs=0.0011 rs1=0.0018 nll=-4.9971 ro=0.0013] | val -0.99599 | lr 6.99e-04 |  459.9s (no improvement 14/30)
Epoch  187/500 | train -0.99623 [rs=0.0011 rs1=0.0018 nll=-4.9970 ro=0.0013] | val -0.99728 | lr 6.96e-04 |  462.4s (no improvement 15/30)
Epoch  188/500 | train -0.99705 [rs=0.0009 rs1=0.0013 nll=-4.9972 ro=0.0012] | val -0.99750 | lr 6.93e-04 |  464.8s (no improvement 16/30)
Epoch  189/500 | train -0.99635 [rs=0.0011 rs1=0.0018 nll=-4.9972 ro=0.0011] | val -0.99668 | lr 6.90e-04 |  467.2s (no improvement 17/30)
Epoch  190/500 | train -0.99645 [rs=0.0011 rs1=0.0017 nll=-4.9972 ro=0.0011] | val -0.99702 | lr 6.87e-04 |  469.7s (no improvement 18/30)
Epoch  191/500 | train -0.99664 [rs=0.0009 rs1=0.0016 nll=-4.9972 ro=0.0015] | val -0.99716 | lr 6.84e-04 |  472.1s (no improvement 19/30)
Epoch  192/500 | train -0.99627 [rs=0.0012 rs1=0.0017 nll=-4.9971 ro=0.0012] | val -0.99710 | lr 6.81e-04 |  474.6s (no improvement 20/30)
Epoch  193/500 | train -0.99699 [rs=0.0009 rs1=0.0013 nll=-4.9973 ro=0.0012] | val -0.99510 | lr 6.79e-04 |  477.0s (no improvement 21/30)
Epoch  194/500 | train -0.99458 [rs=0.0017 rs1=0.0026 nll=-4.9964 ro=0.0018] | val -0.99635 | lr 6.76e-04 |  479.4s (no improvement 22/30)
Epoch  195/500 | train -0.99639 [rs=0.0011 rs1=0.0016 nll=-4.9970 ro=0.0014] | val -0.99726 | lr 6.73e-04 |  481.9s (no improvement 23/30)
Epoch  196/500 | train -0.99708 [rs=0.0008 rs1=0.0013 nll=-4.9972 ro=0.0010] | val -0.99793 | lr 6.70e-04 |  484.4s ✓ best
Epoch  197/500 | train -0.99690 [rs=0.0009 rs1=0.0015 nll=-4.9973 ro=0.0010] | val -0.99792 | lr 6.67e-04 |  486.8s (no improvement 1/30)
Epoch  198/500 | train -0.99722 [rs=0.0008 rs1=0.0013 nll=-4.9974 ro=0.0010] | val -0.99788 | lr 6.64e-04 |  489.3s (no improvement 2/30)
Epoch  199/500 | train -0.99508 [rs=0.0016 rs1=0.0024 nll=-4.9970 ro=0.0016] | val -0.99714 | lr 6.61e-04 |  491.7s (no improvement 3/30)
Epoch  200/500 | train -0.99664 [rs=0.0010 rs1=0.0015 nll=-4.9972 ro=0.0015] | val -0.99740 | lr 6.58e-04 |  494.1s (no improvement 4/30)
Epoch  201/500 | train -0.99710 [rs=0.0008 rs1=0.0013 nll=-4.9973 ro=0.0012] | val -0.99764 | lr 6.55e-04 |  496.6s (no improvement 5/30)
Epoch  202/500 | train -0.99647 [rs=0.0010 rs1=0.0017 nll=-4.9973 ro=0.0013] | val -0.99451 | lr 6.52e-04 |  499.0s (no improvement 6/30)
Epoch  203/500 | train -0.99639 [rs=0.0011 rs1=0.0017 nll=-4.9972 ro=0.0016] | val -0.99784 | lr 6.49e-04 |  501.5s (no improvement 7/30)
Epoch  204/500 | train -0.99638 [rs=0.0011 rs1=0.0018 nll=-4.9973 ro=0.0011] | val -0.99728 | lr 6.46e-04 |  503.9s (no improvement 8/30)
Epoch  205/500 | train -0.99709 [rs=0.0009 rs1=0.0013 nll=-4.9975 ro=0.0009] | val -0.99729 | lr 6.43e-04 |  506.3s (no improvement 9/30)
Epoch  206/500 | train -0.99741 [rs=0.0007 rs1=0.0012 nll=-4.9976 ro=0.0008] | val -0.99828 | lr 6.40e-04 |  508.8s ✓ best
Epoch  207/500 | train -0.99660 [rs=0.0010 rs1=0.0017 nll=-4.9974 ro=0.0010] | val -0.99809 | lr 6.37e-04 |  511.3s (no improvement 1/30)
Epoch  208/500 | train -0.99737 [rs=0.0008 rs1=0.0012 nll=-4.9976 ro=0.0009] | val -0.99706 | lr 6.34e-04 |  513.7s (no improvement 2/30)
Epoch  209/500 | train -0.99679 [rs=0.0009 rs1=0.0016 nll=-4.9975 ro=0.0011] | val -0.99804 | lr 6.31e-04 |  516.1s (no improvement 3/30)
Epoch  210/500 | train -0.99736 [rs=0.0008 rs1=0.0012 nll=-4.9976 ro=0.0008] | val -0.99823 | lr 6.28e-04 |  518.6s (no improvement 4/30)
Epoch  211/500 | train -0.99652 [rs=0.0010 rs1=0.0017 nll=-4.9975 ro=0.0011] | val -0.99803 | lr 6.25e-04 |  521.0s (no improvement 5/30)
Epoch  212/500 | train -0.99627 [rs=0.0011 rs1=0.0016 nll=-4.9973 ro=0.0020] | val -0.99707 | lr 6.22e-04 |  523.5s (no improvement 6/30)
Epoch  213/500 | train -0.99725 [rs=0.0008 rs1=0.0012 nll=-4.9973 ro=0.0009] | val -0.99792 | lr 6.19e-04 |  525.9s (no improvement 7/30)
Epoch  214/500 | train -0.99729 [rs=0.0008 rs1=0.0013 nll=-4.9976 ro=0.0009] | val -0.99751 | lr 6.16e-04 |  528.4s (no improvement 8/30)
Epoch  215/500 | train -0.99677 [rs=0.0010 rs1=0.0016 nll=-4.9976 ro=0.0010] | val -0.99678 | lr 6.13e-04 |  530.8s (no improvement 9/30)
Epoch  216/500 | train -0.99682 [rs=0.0010 rs1=0.0015 nll=-4.9976 ro=0.0010] | val -0.99759 | lr 6.10e-04 |  533.2s (no improvement 10/30)
Epoch  217/500 | train -0.99738 [rs=0.0008 rs1=0.0012 nll=-4.9978 ro=0.0008] | val -0.99835 | lr 6.07e-04 |  535.7s ✓ best
Epoch  218/500 | train -0.99756 [rs=0.0007 rs1=0.0011 nll=-4.9978 ro=0.0007] | val -0.99818 | lr 6.04e-04 |  538.2s (no improvement 1/30)
Epoch  219/500 | train -0.99759 [rs=0.0007 rs1=0.0011 nll=-4.9978 ro=0.0008] | val -0.99821 | lr 6.01e-04 |  540.6s (no improvement 2/30)
Epoch  220/500 | train -0.99591 [rs=0.0013 rs1=0.0021 nll=-4.9975 ro=0.0012] | val -0.99757 | lr 5.98e-04 |  543.0s (no improvement 3/30)
Epoch  221/500 | train -0.99741 [rs=0.0008 rs1=0.0012 nll=-4.9977 ro=0.0009] | val -0.99832 | lr 5.95e-04 |  545.5s (no improvement 4/30)
Epoch  222/500 | train -0.99748 [rs=0.0007 rs1=0.0012 nll=-4.9978 ro=0.0008] | val -0.99809 | lr 5.92e-04 |  547.9s (no improvement 5/30)
Epoch  223/500 | train -0.99752 [rs=0.0007 rs1=0.0012 nll=-4.9979 ro=0.0008] | val -0.99817 | lr 5.89e-04 |  550.3s (no improvement 6/30)
Epoch  224/500 | train -0.99741 [rs=0.0007 rs1=0.0012 nll=-4.9979 ro=0.0009] | val -0.99708 | lr 5.86e-04 |  552.8s (no improvement 7/30)
Epoch  225/500 | train -0.99671 [rs=0.0010 rs1=0.0016 nll=-4.9977 ro=0.0012] | val -0.99753 | lr 5.82e-04 |  555.2s (no improvement 8/30)
Epoch  226/500 | train -0.99735 [rs=0.0008 rs1=0.0013 nll=-4.9978 ro=0.0008] | val -0.99810 | lr 5.79e-04 |  557.7s (no improvement 9/30)
Epoch  227/500 | train -0.99712 [rs=0.0009 rs1=0.0014 nll=-4.9979 ro=0.0010] | val -0.99763 | lr 5.76e-04 |  560.1s (no improvement 10/30)
Epoch  228/500 | train -0.99706 [rs=0.0009 rs1=0.0014 nll=-4.9978 ro=0.0010] | val -0.99824 | lr 5.73e-04 |  562.5s (no improvement 11/30)
Epoch  229/500 | train -0.99752 [rs=0.0008 rs1=0.0011 nll=-4.9977 ro=0.0008] | val -0.99848 | lr 5.70e-04 |  565.0s ✓ best
Epoch  230/500 | train -0.99694 [rs=0.0010 rs1=0.0015 nll=-4.9979 ro=0.0010] | val -0.99790 | lr 5.67e-04 |  567.5s (no improvement 1/30)
Epoch  231/500 | train -0.99723 [rs=0.0008 rs1=0.0013 nll=-4.9978 ro=0.0011] | val -0.99805 | lr 5.64e-04 |  569.9s (no improvement 2/30)
Epoch  232/500 | train -0.99752 [rs=0.0007 rs1=0.0012 nll=-4.9978 ro=0.0007] | val -0.99747 | lr 5.61e-04 |  572.3s (no improvement 3/30)
Epoch  233/500 | train -0.99740 [rs=0.0007 rs1=0.0012 nll=-4.9978 ro=0.0009] | val -0.99841 | lr 5.58e-04 |  574.8s (no improvement 4/30)
Epoch  234/500 | train -0.99757 [rs=0.0007 rs1=0.0011 nll=-4.9979 ro=0.0009] | val -0.99818 | lr 5.55e-04 |  577.2s (no improvement 5/30)
Epoch  235/500 | train -0.99778 [rs=0.0007 rs1=0.0010 nll=-4.9980 ro=0.0006] | val -0.99774 | lr 5.52e-04 |  579.7s (no improvement 6/30)
Epoch  236/500 | train -0.99698 [rs=0.0009 rs1=0.0015 nll=-4.9979 ro=0.0010] | val -0.99760 | lr 5.48e-04 |  582.1s (no improvement 7/30)
Epoch  237/500 | train -0.99771 [rs=0.0007 rs1=0.0011 nll=-4.9980 ro=0.0008] | val -0.99801 | lr 5.45e-04 |  584.5s (no improvement 8/30)
Epoch  238/500 | train -0.99725 [rs=0.0008 rs1=0.0013 nll=-4.9978 ro=0.0009] | val -0.99727 | lr 5.42e-04 |  587.0s (no improvement 9/30)
Epoch  239/500 | train -0.99740 [rs=0.0008 rs1=0.0012 nll=-4.9978 ro=0.0010] | val -0.99842 | lr 5.39e-04 |  589.4s (no improvement 10/30)
Epoch  240/500 | train -0.99695 [rs=0.0010 rs1=0.0015 nll=-4.9979 ro=0.0010] | val -0.99821 | lr 5.36e-04 |  591.9s (no improvement 11/30)
Epoch  241/500 | train -0.99711 [rs=0.0009 rs1=0.0013 nll=-4.9978 ro=0.0013] | val -0.99831 | lr 5.33e-04 |  594.3s (no improvement 12/30)
Epoch  242/500 | train -0.99779 [rs=0.0007 rs1=0.0010 nll=-4.9979 ro=0.0006] | val -0.99826 | lr 5.30e-04 |  596.7s (no improvement 13/30)
Epoch  243/500 | train -0.99747 [rs=0.0007 rs1=0.0012 nll=-4.9980 ro=0.0009] | val -0.99762 | lr 5.27e-04 |  599.4s (no improvement 14/30)
Epoch  244/500 | train -0.99732 [rs=0.0008 rs1=0.0013 nll=-4.9981 ro=0.0008] | val -0.99736 | lr 5.24e-04 |  601.8s (no improvement 15/30)
Epoch  245/500 | train -0.99757 [rs=0.0007 rs1=0.0012 nll=-4.9981 ro=0.0007] | val -0.99785 | lr 5.21e-04 |  604.2s (no improvement 16/30)
Epoch  246/500 | train -0.99757 [rs=0.0007 rs1=0.0012 nll=-4.9981 ro=0.0008] | val -0.99808 | lr 5.17e-04 |  606.7s (no improvement 17/30)
Epoch  247/500 | train -0.99771 [rs=0.0007 rs1=0.0011 nll=-4.9981 ro=0.0007] | val -0.99824 | lr 5.14e-04 |  609.1s (no improvement 18/30)
Epoch  248/500 | train -0.99786 [rs=0.0006 rs1=0.0010 nll=-4.9982 ro=0.0006] | val -0.99768 | lr 5.11e-04 |  611.5s (no improvement 19/30)
Epoch  249/500 | train -0.99753 [rs=0.0007 rs1=0.0012 nll=-4.9982 ro=0.0006] | val -0.99832 | lr 5.08e-04 |  614.0s (no improvement 20/30)
Epoch  250/500 | train -0.99797 [rs=0.0006 rs1=0.0010 nll=-4.9982 ro=0.0006] | val -0.99859 | lr 5.05e-04 |  616.5s ✓ best
Epoch  251/500 | train -0.99760 [rs=0.0008 rs1=0.0012 nll=-4.9982 ro=0.0006] | val -0.99842 | lr 5.02e-04 |  618.9s (no improvement 1/30)
Epoch  252/500 | train -0.99797 [rs=0.0006 rs1=0.0009 nll=-4.9982 ro=0.0007] | val -0.99817 | lr 4.99e-04 |  621.4s (no improvement 2/30)
Epoch  253/500 | train -0.99708 [rs=0.0009 rs1=0.0014 nll=-4.9981 ro=0.0011] | val -0.99803 | lr 4.96e-04 |  623.8s (no improvement 3/30)
Epoch  254/500 | train -0.99785 [rs=0.0006 rs1=0.0010 nll=-4.9982 ro=0.0007] | val -0.99857 | lr 4.93e-04 |  626.2s (no improvement 4/30)
Epoch  255/500 | train -0.99751 [rs=0.0008 rs1=0.0012 nll=-4.9982 ro=0.0008] | val -0.99791 | lr 4.89e-04 |  628.7s (no improvement 5/30)
Epoch  256/500 | train -0.99769 [rs=0.0007 rs1=0.0011 nll=-4.9982 ro=0.0007] | val -0.99816 | lr 4.86e-04 |  631.1s (no improvement 6/30)
Epoch  257/500 | train -0.99784 [rs=0.0006 rs1=0.0010 nll=-4.9982 ro=0.0007] | val -0.99839 | lr 4.83e-04 |  633.5s (no improvement 7/30)
Epoch  258/500 | train -0.99807 [rs=0.0006 rs1=0.0009 nll=-4.9983 ro=0.0006] | val -0.99858 | lr 4.80e-04 |  636.0s (no improvement 8/30)
Epoch  259/500 | train -0.99744 [rs=0.0008 rs1=0.0013 nll=-4.9981 ro=0.0008] | val -0.99792 | lr 4.77e-04 |  638.4s (no improvement 9/30)
Epoch  260/500 | train -0.99776 [rs=0.0007 rs1=0.0010 nll=-4.9981 ro=0.0008] | val -0.99855 | lr 4.74e-04 |  640.9s (no improvement 10/30)
Epoch  261/500 | train -0.99772 [rs=0.0007 rs1=0.0011 nll=-4.9982 ro=0.0007] | val -0.99820 | lr 4.71e-04 |  643.3s (no improvement 11/30)
Epoch  262/500 | train -0.99769 [rs=0.0007 rs1=0.0011 nll=-4.9982 ro=0.0007] | val -0.99860 | lr 4.68e-04 |  645.8s ✓ best
Epoch  263/500 | train -0.99761 [rs=0.0008 rs1=0.0011 nll=-4.9983 ro=0.0007] | val -0.99852 | lr 4.65e-04 |  648.2s (no improvement 1/30)
Epoch  264/500 | train -0.99786 [rs=0.0006 rs1=0.0010 nll=-4.9983 ro=0.0008] | val -0.99850 | lr 4.62e-04 |  650.7s (no improvement 2/30)
Epoch  265/500 | train -0.99796 [rs=0.0006 rs1=0.0010 nll=-4.9983 ro=0.0007] | val -0.99790 | lr 4.58e-04 |  653.1s (no improvement 3/30)
Epoch  266/500 | train -0.99759 [rs=0.0007 rs1=0.0012 nll=-4.9982 ro=0.0007] | val -0.99847 | lr 4.55e-04 |  655.6s (no improvement 4/30)
Epoch  267/500 | train -0.99792 [rs=0.0006 rs1=0.0010 nll=-4.9983 ro=0.0007] | val -0.99857 | lr 4.52e-04 |  658.0s (no improvement 5/30)
Epoch  268/500 | train -0.99795 [rs=0.0006 rs1=0.0010 nll=-4.9983 ro=0.0006] | val -0.99861 | lr 4.49e-04 |  660.5s ✓ best
Epoch  269/500 | train -0.99791 [rs=0.0006 rs1=0.0010 nll=-4.9983 ro=0.0006] | val -0.99660 | lr 4.46e-04 |  662.9s (no improvement 1/30)
Epoch  270/500 | train -0.99762 [rs=0.0007 rs1=0.0011 nll=-4.9983 ro=0.0007] | val -0.99828 | lr 4.43e-04 |  665.4s (no improvement 2/30)
Epoch  271/500 | train -0.99810 [rs=0.0006 rs1=0.0009 nll=-4.9984 ro=0.0006] | val -0.99840 | lr 4.40e-04 |  667.8s (no improvement 3/30)
Epoch  272/500 | train -0.99803 [rs=0.0006 rs1=0.0009 nll=-4.9984 ro=0.0006] | val -0.99859 | lr 4.37e-04 |  670.3s (no improvement 4/30)
Epoch  273/500 | train -0.99803 [rs=0.0006 rs1=0.0009 nll=-4.9984 ro=0.0006] | val -0.99787 | lr 4.34e-04 |  672.7s (no improvement 5/30)
Epoch  274/500 | train -0.99736 [rs=0.0008 rs1=0.0013 nll=-4.9983 ro=0.0010] | val -0.99851 | lr 4.31e-04 |  675.1s (no improvement 6/30)
Epoch  275/500 | train -0.99792 [rs=0.0006 rs1=0.0010 nll=-4.9983 ro=0.0006] | val -0.99845 | lr 4.28e-04 |  677.6s (no improvement 7/30)
Epoch  276/500 | train -0.99794 [rs=0.0006 rs1=0.0010 nll=-4.9984 ro=0.0006] | val -0.99874 | lr 4.24e-04 |  680.1s ✓ best
Epoch  277/500 | train -0.99824 [rs=0.0005 rs1=0.0008 nll=-4.9984 ro=0.0005] | val -0.99839 | lr 4.21e-04 |  682.5s (no improvement 1/30)
Epoch  278/500 | train -0.99816 [rs=0.0006 rs1=0.0008 nll=-4.9985 ro=0.0007] | val -0.99879 | lr 4.18e-04 |  685.0s ✓ best
Epoch  279/500 | train -0.99793 [rs=0.0007 rs1=0.0010 nll=-4.9985 ro=0.0005] | val -0.99744 | lr 4.15e-04 |  687.5s (no improvement 1/30)
Epoch  280/500 | train -0.99772 [rs=0.0007 rs1=0.0011 nll=-4.9983 ro=0.0009] | val -0.99768 | lr 4.12e-04 |  689.9s (no improvement 2/30)
Epoch  281/500 | train -0.99752 [rs=0.0008 rs1=0.0012 nll=-4.9983 ro=0.0010] | val -0.99871 | lr 4.09e-04 |  692.3s (no improvement 3/30)
Epoch  282/500 | train -0.99807 [rs=0.0006 rs1=0.0009 nll=-4.9984 ro=0.0006] | val -0.99799 | lr 4.06e-04 |  694.8s (no improvement 4/30)
Epoch  283/500 | train -0.99798 [rs=0.0006 rs1=0.0009 nll=-4.9984 ro=0.0007] | val -0.99868 | lr 4.03e-04 |  697.2s (no improvement 5/30)
Epoch  284/500 | train -0.99809 [rs=0.0006 rs1=0.0009 nll=-4.9984 ro=0.0006] | val -0.99870 | lr 4.00e-04 |  699.6s (no improvement 6/30)
Epoch  285/500 | train -0.99822 [rs=0.0005 rs1=0.0008 nll=-4.9984 ro=0.0006] | val -0.99879 | lr 3.97e-04 |  702.1s ✓ best
Epoch  286/500 | train -0.99813 [rs=0.0005 rs1=0.0009 nll=-4.9985 ro=0.0006] | val -0.99831 | lr 3.94e-04 |  704.6s (no improvement 1/30)
Epoch  287/500 | train -0.99790 [rs=0.0007 rs1=0.0010 nll=-4.9985 ro=0.0005] | val -0.99817 | lr 3.91e-04 |  707.0s (no improvement 2/30)
Epoch  288/500 | train -0.99790 [rs=0.0006 rs1=0.0010 nll=-4.9984 ro=0.0007] | val -0.99855 | lr 3.88e-04 |  709.5s (no improvement 3/30)
Epoch  289/500 | train -0.99812 [rs=0.0006 rs1=0.0009 nll=-4.9985 ro=0.0006] | val -0.99842 | lr 3.85e-04 |  711.9s (no improvement 4/30)
Epoch  290/500 | train -0.99824 [rs=0.0005 rs1=0.0008 nll=-4.9985 ro=0.0005] | val -0.99862 | lr 3.82e-04 |  714.3s (no improvement 5/30)
Epoch  291/500 | train -0.99811 [rs=0.0006 rs1=0.0009 nll=-4.9985 ro=0.0005] | val -0.99853 | lr 3.79e-04 |  716.8s (no improvement 6/30)
Epoch  292/500 | train -0.99815 [rs=0.0005 rs1=0.0009 nll=-4.9985 ro=0.0006] | val -0.99865 | lr 3.76e-04 |  719.2s (no improvement 7/30)
Epoch  293/500 | train -0.99811 [rs=0.0006 rs1=0.0009 nll=-4.9985 ro=0.0005] | val -0.99868 | lr 3.73e-04 |  721.7s (no improvement 8/30)
Epoch  294/500 | train -0.99813 [rs=0.0006 rs1=0.0009 nll=-4.9986 ro=0.0006] | val -0.99778 | lr 3.70e-04 |  724.1s (no improvement 9/30)
Epoch  295/500 | train -0.99784 [rs=0.0007 rs1=0.0011 nll=-4.9985 ro=0.0006] | val -0.99805 | lr 3.67e-04 |  726.5s (no improvement 10/30)
Epoch  296/500 | train -0.99789 [rs=0.0007 rs1=0.0010 nll=-4.9984 ro=0.0007] | val -0.99865 | lr 3.64e-04 |  729.0s (no improvement 11/30)
Epoch  297/500 | train -0.99831 [rs=0.0005 rs1=0.0008 nll=-4.9986 ro=0.0006] | val -0.99864 | lr 3.61e-04 |  731.4s (no improvement 12/30)
Epoch  298/500 | train -0.99822 [rs=0.0005 rs1=0.0008 nll=-4.9985 ro=0.0006] | val -0.99851 | lr 3.58e-04 |  733.9s (no improvement 13/30)
Epoch  299/500 | train -0.99824 [rs=0.0005 rs1=0.0008 nll=-4.9986 ro=0.0005] | val -0.99884 | lr 3.55e-04 |  736.4s ✓ best
Epoch  300/500 | train -0.99821 [rs=0.0005 rs1=0.0009 nll=-4.9986 ro=0.0005] | val -0.99863 | lr 3.52e-04 |  738.8s (no improvement 1/30)
Epoch  301/500 | train -0.99783 [rs=0.0007 rs1=0.0011 nll=-4.9986 ro=0.0006] | val -0.99847 | lr 3.49e-04 |  741.3s (no improvement 2/30)
Epoch  302/500 | train -0.99783 [rs=0.0007 rs1=0.0011 nll=-4.9985 ro=0.0007] | val -0.99845 | lr 3.46e-04 |  743.7s (no improvement 3/30)
Epoch  303/500 | train -0.99819 [rs=0.0005 rs1=0.0009 nll=-4.9985 ro=0.0006] | val -0.99859 | lr 3.43e-04 |  746.1s (no improvement 4/30)
Epoch  304/500 | train -0.99838 [rs=0.0005 rs1=0.0008 nll=-4.9986 ro=0.0005] | val -0.99887 | lr 3.40e-04 |  748.6s ✓ best
Epoch  305/500 | train -0.99817 [rs=0.0005 rs1=0.0009 nll=-4.9986 ro=0.0006] | val -0.99864 | lr 3.37e-04 |  751.1s (no improvement 1/30)
Epoch  306/500 | train -0.99832 [rs=0.0005 rs1=0.0008 nll=-4.9986 ro=0.0005] | val -0.99889 | lr 3.34e-04 |  753.6s ✓ best
Epoch  307/500 | train -0.99844 [rs=0.0005 rs1=0.0008 nll=-4.9987 ro=0.0004] | val -0.99892 | lr 3.31e-04 |  756.1s ✓ best
Epoch  308/500 | train -0.99837 [rs=0.0005 rs1=0.0008 nll=-4.9987 ro=0.0004] | val -0.99847 | lr 3.29e-04 |  758.5s (no improvement 1/30)
Epoch  309/500 | train -0.99840 [rs=0.0005 rs1=0.0008 nll=-4.9987 ro=0.0004] | val -0.99887 | lr 3.26e-04 |  761.0s (no improvement 2/30)
Epoch  310/500 | train -0.99789 [rs=0.0007 rs1=0.0010 nll=-4.9986 ro=0.0006] | val -0.99879 | lr 3.23e-04 |  763.4s (no improvement 3/30)
Epoch  311/500 | train -0.99821 [rs=0.0005 rs1=0.0009 nll=-4.9986 ro=0.0006] | val -0.99847 | lr 3.20e-04 |  765.9s (no improvement 4/30)
Epoch  312/500 | train -0.99832 [rs=0.0005 rs1=0.0008 nll=-4.9986 ro=0.0005] | val -0.99863 | lr 3.17e-04 |  768.3s (no improvement 5/30)
Epoch  313/500 | train -0.99831 [rs=0.0005 rs1=0.0008 nll=-4.9986 ro=0.0005] | val -0.99888 | lr 3.14e-04 |  770.7s (no improvement 6/30)
Epoch  314/500 | train -0.99832 [rs=0.0005 rs1=0.0008 nll=-4.9987 ro=0.0004] | val -0.99892 | lr 3.11e-04 |  773.3s ✓ best
Epoch  315/500 | train -0.99838 [rs=0.0005 rs1=0.0008 nll=-4.9987 ro=0.0005] | val -0.99892 | lr 3.08e-04 |  775.8s ✓ best
Epoch  316/500 | train -0.99828 [rs=0.0005 rs1=0.0008 nll=-4.9987 ro=0.0005] | val -0.99879 | lr 3.06e-04 |  778.4s (no improvement 1/30)
Epoch  317/500 | train -0.99832 [rs=0.0005 rs1=0.0008 nll=-4.9987 ro=0.0005] | val -0.99862 | lr 3.03e-04 |  780.9s (no improvement 2/30)
Epoch  318/500 | train -0.99829 [rs=0.0005 rs1=0.0008 nll=-4.9987 ro=0.0005] | val -0.99842 | lr 3.00e-04 |  783.3s (no improvement 3/30)
Epoch  319/500 | train -0.99823 [rs=0.0005 rs1=0.0009 nll=-4.9987 ro=0.0006] | val -0.99882 | lr 2.97e-04 |  785.7s (no improvement 4/30)
Epoch  320/500 | train -0.99848 [rs=0.0004 rs1=0.0007 nll=-4.9987 ro=0.0004] | val -0.99890 | lr 2.94e-04 |  788.2s (no improvement 5/30)
Epoch  321/500 | train -0.99845 [rs=0.0005 rs1=0.0007 nll=-4.9988 ro=0.0004] | val -0.99876 | lr 2.91e-04 |  790.6s (no improvement 6/30)
Epoch  322/500 | train -0.99849 [rs=0.0004 rs1=0.0007 nll=-4.9988 ro=0.0004] | val -0.99895 | lr 2.89e-04 |  793.1s ✓ best
Epoch  323/500 | train -0.99842 [rs=0.0005 rs1=0.0008 nll=-4.9988 ro=0.0004] | val -0.99867 | lr 2.86e-04 |  795.5s (no improvement 1/30)
Epoch  324/500 | train -0.99831 [rs=0.0005 rs1=0.0009 nll=-4.9987 ro=0.0004] | val -0.99820 | lr 2.83e-04 |  798.0s (no improvement 2/30)
Epoch  325/500 | train -0.99830 [rs=0.0005 rs1=0.0008 nll=-4.9987 ro=0.0005] | val -0.99890 | lr 2.80e-04 |  800.4s (no improvement 3/30)
Epoch  326/500 | train -0.99851 [rs=0.0004 rs1=0.0007 nll=-4.9988 ro=0.0004] | val -0.99876 | lr 2.78e-04 |  802.8s (no improvement 4/30)
Epoch  327/500 | train -0.99852 [rs=0.0004 rs1=0.0007 nll=-4.9988 ro=0.0004] | val -0.99900 | lr 2.75e-04 |  805.3s ✓ best
Epoch  328/500 | train -0.99856 [rs=0.0004 rs1=0.0007 nll=-4.9988 ro=0.0004] | val -0.99879 | lr 2.72e-04 |  807.8s (no improvement 1/30)
Epoch  329/500 | train -0.99822 [rs=0.0005 rs1=0.0009 nll=-4.9987 ro=0.0005] | val -0.99850 | lr 2.69e-04 |  810.2s (no improvement 2/30)
Epoch  330/500 | train -0.99846 [rs=0.0005 rs1=0.0007 nll=-4.9988 ro=0.0004] | val -0.99892 | lr 2.67e-04 |  812.7s (no improvement 3/30)
Epoch  331/500 | train -0.99858 [rs=0.0004 rs1=0.0007 nll=-4.9988 ro=0.0004] | val -0.99880 | lr 2.64e-04 |  815.1s (no improvement 4/30)
Epoch  332/500 | train -0.99851 [rs=0.0004 rs1=0.0007 nll=-4.9988 ro=0.0004] | val -0.99892 | lr 2.61e-04 |  817.5s (no improvement 5/30)
Epoch  333/500 | train -0.99855 [rs=0.0004 rs1=0.0007 nll=-4.9988 ro=0.0004] | val -0.99896 | lr 2.58e-04 |  820.0s (no improvement 6/30)
Epoch  334/500 | train -0.99858 [rs=0.0004 rs1=0.0007 nll=-4.9988 ro=0.0004] | val -0.99895 | lr 2.56e-04 |  822.4s (no improvement 7/30)
Epoch  335/500 | train -0.99848 [rs=0.0004 rs1=0.0008 nll=-4.9988 ro=0.0004] | val -0.99869 | lr 2.53e-04 |  824.9s (no improvement 8/30)
Epoch  336/500 | train -0.99848 [rs=0.0005 rs1=0.0008 nll=-4.9988 ro=0.0004] | val -0.99878 | lr 2.50e-04 |  827.3s (no improvement 9/30)
Epoch  337/500 | train -0.99837 [rs=0.0005 rs1=0.0008 nll=-4.9988 ro=0.0004] | val -0.99882 | lr 2.48e-04 |  829.7s (no improvement 10/30)
Epoch  338/500 | train -0.99854 [rs=0.0004 rs1=0.0007 nll=-4.9988 ro=0.0004] | val -0.99891 | lr 2.45e-04 |  832.2s (no improvement 11/30)
Epoch  339/500 | train -0.99844 [rs=0.0005 rs1=0.0008 nll=-4.9988 ro=0.0005] | val -0.99798 | lr 2.42e-04 |  834.6s (no improvement 12/30)
Epoch  340/500 | train -0.99827 [rs=0.0005 rs1=0.0009 nll=-4.9988 ro=0.0005] | val -0.99863 | lr 2.40e-04 |  837.1s (no improvement 13/30)
Epoch  341/500 | train -0.99850 [rs=0.0004 rs1=0.0007 nll=-4.9988 ro=0.0004] | val -0.99901 | lr 2.37e-04 |  839.6s ✓ best
Epoch  342/500 | train -0.99842 [rs=0.0005 rs1=0.0008 nll=-4.9989 ro=0.0004] | val -0.99892 | lr 2.35e-04 |  842.0s (no improvement 1/30)
Epoch  343/500 | train -0.99851 [rs=0.0004 rs1=0.0007 nll=-4.9988 ro=0.0004] | val -0.99895 | lr 2.32e-04 |  844.5s (no improvement 2/30)
Epoch  344/500 | train -0.99851 [rs=0.0004 rs1=0.0007 nll=-4.9988 ro=0.0004] | val -0.99899 | lr 2.29e-04 |  846.9s (no improvement 3/30)
Epoch  345/500 | train -0.99864 [rs=0.0004 rs1=0.0007 nll=-4.9989 ro=0.0004] | val -0.99883 | lr 2.27e-04 |  849.3s (no improvement 4/30)
Epoch  346/500 | train -0.99858 [rs=0.0004 rs1=0.0007 nll=-4.9989 ro=0.0004] | val -0.99899 | lr 2.24e-04 |  851.8s (no improvement 5/30)
Epoch  347/500 | train -0.99847 [rs=0.0005 rs1=0.0008 nll=-4.9989 ro=0.0004] | val -0.99851 | lr 2.22e-04 |  854.2s (no improvement 6/30)
Epoch  348/500 | train -0.99855 [rs=0.0004 rs1=0.0007 nll=-4.9989 ro=0.0004] | val -0.99894 | lr 2.19e-04 |  856.7s (no improvement 7/30)
Epoch  349/500 | train -0.99860 [rs=0.0004 rs1=0.0007 nll=-4.9989 ro=0.0004] | val -0.99906 | lr 2.17e-04 |  859.2s ✓ best
Epoch  350/500 | train -0.99860 [rs=0.0004 rs1=0.0007 nll=-4.9989 ro=0.0004] | val -0.99900 | lr 2.14e-04 |  861.6s (no improvement 1/30)
Epoch  351/500 | train -0.99861 [rs=0.0004 rs1=0.0007 nll=-4.9989 ro=0.0003] | val -0.99892 | lr 2.12e-04 |  864.1s (no improvement 2/30)
Epoch  352/500 | train -0.99862 [rs=0.0004 rs1=0.0007 nll=-4.9989 ro=0.0003] | val -0.99908 | lr 2.09e-04 |  866.6s ✓ best
Epoch  353/500 | train -0.99868 [rs=0.0004 rs1=0.0007 nll=-4.9989 ro=0.0003] | val -0.99899 | lr 2.07e-04 |  869.0s (no improvement 1/30)
Epoch  354/500 | train -0.99862 [rs=0.0004 rs1=0.0007 nll=-4.9989 ro=0.0003] | val -0.99905 | lr 2.04e-04 |  871.4s (no improvement 2/30)
Epoch  355/500 | train -0.99861 [rs=0.0004 rs1=0.0007 nll=-4.9989 ro=0.0003] | val -0.99885 | lr 2.02e-04 |  873.9s (no improvement 3/30)
Epoch  356/500 | train -0.99857 [rs=0.0004 rs1=0.0007 nll=-4.9989 ro=0.0004] | val -0.99897 | lr 1.99e-04 |  876.3s (no improvement 4/30)
Epoch  357/500 | train -0.99866 [rs=0.0004 rs1=0.0007 nll=-4.9989 ro=0.0004] | val -0.99905 | lr 1.97e-04 |  878.8s (no improvement 5/30)
Epoch  358/500 | train -0.99867 [rs=0.0004 rs1=0.0007 nll=-4.9989 ro=0.0003] | val -0.99907 | lr 1.94e-04 |  881.2s (no improvement 6/30)
Epoch  359/500 | train -0.99863 [rs=0.0004 rs1=0.0007 nll=-4.9989 ro=0.0004] | val -0.99909 | lr 1.92e-04 |  883.7s ✓ best
Epoch  360/500 | train -0.99864 [rs=0.0004 rs1=0.0007 nll=-4.9990 ro=0.0003] | val -0.99903 | lr 1.89e-04 |  886.2s (no improvement 1/30)
Epoch  361/500 | train -0.99869 [rs=0.0004 rs1=0.0007 nll=-4.9990 ro=0.0003] | val -0.99898 | lr 1.87e-04 |  888.6s (no improvement 2/30)
Epoch  362/500 | train -0.99863 [rs=0.0004 rs1=0.0007 nll=-4.9989 ro=0.0004] | val -0.99899 | lr 1.85e-04 |  891.0s (no improvement 3/30)
Epoch  363/500 | train -0.99869 [rs=0.0004 rs1=0.0007 nll=-4.9990 ro=0.0003] | val -0.99897 | lr 1.82e-04 |  893.5s (no improvement 4/30)
Epoch  364/500 | train -0.99868 [rs=0.0004 rs1=0.0007 nll=-4.9990 ro=0.0003] | val -0.99902 | lr 1.80e-04 |  895.9s (no improvement 5/30)
Epoch  365/500 | train -0.99875 [rs=0.0004 rs1=0.0006 nll=-4.9990 ro=0.0003] | val -0.99912 | lr 1.78e-04 |  898.4s ✓ best
Epoch  366/500 | train -0.99869 [rs=0.0004 rs1=0.0007 nll=-4.9990 ro=0.0003] | val -0.99909 | lr 1.75e-04 |  900.9s (no improvement 1/30)
Epoch  367/500 | train -0.99877 [rs=0.0003 rs1=0.0006 nll=-4.9990 ro=0.0003] | val -0.99909 | lr 1.73e-04 |  903.3s (no improvement 2/30)
Epoch  368/500 | train -0.99873 [rs=0.0004 rs1=0.0006 nll=-4.9990 ro=0.0003] | val -0.99906 | lr 1.71e-04 |  905.8s (no improvement 3/30)
Epoch  369/500 | train -0.99876 [rs=0.0004 rs1=0.0006 nll=-4.9990 ro=0.0003] | val -0.99913 | lr 1.68e-04 |  908.3s ✓ best
Epoch  370/500 | train -0.99871 [rs=0.0004 rs1=0.0007 nll=-4.9990 ro=0.0003] | val -0.99872 | lr 1.66e-04 |  910.7s (no improvement 1/30)
Epoch  371/500 | train -0.99853 [rs=0.0005 rs1=0.0008 nll=-4.9990 ro=0.0003] | val -0.99895 | lr 1.64e-04 |  913.2s (no improvement 2/30)
Epoch  372/500 | train -0.99871 [rs=0.0004 rs1=0.0007 nll=-4.9990 ro=0.0003] | val -0.99914 | lr 1.62e-04 |  915.7s ✓ best
Epoch  373/500 | train -0.99877 [rs=0.0004 rs1=0.0006 nll=-4.9990 ro=0.0003] | val -0.99909 | lr 1.59e-04 |  918.1s (no improvement 1/30)
Epoch  374/500 | train -0.99857 [rs=0.0004 rs1=0.0007 nll=-4.9990 ro=0.0003] | val -0.99904 | lr 1.57e-04 |  920.6s (no improvement 2/30)
Epoch  375/500 | train -0.99864 [rs=0.0004 rs1=0.0007 nll=-4.9990 ro=0.0004] | val -0.99902 | lr 1.55e-04 |  923.0s (no improvement 3/30)
Epoch  376/500 | train -0.99873 [rs=0.0004 rs1=0.0006 nll=-4.9990 ro=0.0003] | val -0.99914 | lr 1.53e-04 |  925.5s ✓ best
Epoch  377/500 | train -0.99870 [rs=0.0004 rs1=0.0007 nll=-4.9990 ro=0.0003] | val -0.99913 | lr 1.51e-04 |  928.0s (no improvement 1/30)
Epoch  378/500 | train -0.99871 [rs=0.0004 rs1=0.0007 nll=-4.9990 ro=0.0003] | val -0.99915 | lr 1.48e-04 |  930.5s ✓ best
Epoch  379/500 | train -0.99865 [rs=0.0004 rs1=0.0007 nll=-4.9990 ro=0.0004] | val -0.99890 | lr 1.46e-04 |  932.9s (no improvement 1/30)
Epoch  380/500 | train -0.99864 [rs=0.0004 rs1=0.0007 nll=-4.9990 ro=0.0003] | val -0.99898 | lr 1.44e-04 |  935.3s (no improvement 2/30)
Epoch  381/500 | train -0.99869 [rs=0.0004 rs1=0.0007 nll=-4.9990 ro=0.0004] | val -0.99906 | lr 1.42e-04 |  937.8s (no improvement 3/30)
Epoch  382/500 | train -0.99876 [rs=0.0004 rs1=0.0006 nll=-4.9990 ro=0.0004] | val -0.99914 | lr 1.40e-04 |  940.2s (no improvement 4/30)
Epoch  383/500 | train -0.99880 [rs=0.0003 rs1=0.0006 nll=-4.9990 ro=0.0003] | val -0.99917 | lr 1.38e-04 |  942.7s ✓ best
Epoch  384/500 | train -0.99881 [rs=0.0003 rs1=0.0006 nll=-4.9990 ro=0.0003] | val -0.99918 | lr 1.36e-04 |  945.2s ✓ best
Epoch  385/500 | train -0.99878 [rs=0.0003 rs1=0.0006 nll=-4.9990 ro=0.0003] | val -0.99916 | lr 1.34e-04 |  947.7s (no improvement 1/30)
Epoch  386/500 | train -0.99865 [rs=0.0004 rs1=0.0007 nll=-4.9990 ro=0.0003] | val -0.99917 | lr 1.32e-04 |  950.3s (no improvement 2/30)
Epoch  387/500 | train -0.99882 [rs=0.0003 rs1=0.0006 nll=-4.9991 ro=0.0003] | val -0.99917 | lr 1.30e-04 |  952.7s (no improvement 3/30)
Epoch  388/500 | train -0.99882 [rs=0.0003 rs1=0.0006 nll=-4.9991 ro=0.0003] | val -0.99915 | lr 1.28e-04 |  955.2s (no improvement 4/30)
Epoch  389/500 | train -0.99881 [rs=0.0003 rs1=0.0006 nll=-4.9991 ro=0.0003] | val -0.99917 | lr 1.26e-04 |  957.6s (no improvement 5/30)
Epoch  390/500 | train -0.99873 [rs=0.0004 rs1=0.0006 nll=-4.9991 ro=0.0003] | val -0.99915 | lr 1.24e-04 |  960.0s (no improvement 6/30)
Epoch  391/500 | train -0.99880 [rs=0.0003 rs1=0.0006 nll=-4.9991 ro=0.0003] | val -0.99917 | lr 1.22e-04 |  962.5s (no improvement 7/30)
Epoch  392/500 | train -0.99884 [rs=0.0003 rs1=0.0006 nll=-4.9991 ro=0.0003] | val -0.99916 | lr 1.20e-04 |  964.9s (no improvement 8/30)
Epoch  393/500 | train -0.99882 [rs=0.0003 rs1=0.0006 nll=-4.9991 ro=0.0003] | val -0.99918 | lr 1.18e-04 |  967.4s ✓ best
Epoch  394/500 | train -0.99885 [rs=0.0003 rs1=0.0006 nll=-4.9991 ro=0.0003] | val -0.99920 | lr 1.16e-04 |  969.9s ✓ best
Epoch  395/500 | train -0.99883 [rs=0.0003 rs1=0.0006 nll=-4.9991 ro=0.0003] | val -0.99915 | lr 1.14e-04 |  972.3s (no improvement 1/30)
Epoch  396/500 | train -0.99884 [rs=0.0003 rs1=0.0006 nll=-4.9991 ro=0.0003] | val -0.99909 | lr 1.12e-04 |  974.8s (no improvement 2/30)
Epoch  397/500 | train -0.99871 [rs=0.0004 rs1=0.0007 nll=-4.9991 ro=0.0003] | val -0.99910 | lr 1.10e-04 |  977.2s (no improvement 3/30)
Epoch  398/500 | train -0.99884 [rs=0.0003 rs1=0.0006 nll=-4.9991 ro=0.0003] | val -0.99922 | lr 1.08e-04 |  979.7s ✓ best
Epoch  399/500 | train -0.99887 [rs=0.0003 rs1=0.0006 nll=-4.9991 ro=0.0003] | val -0.99923 | lr 1.06e-04 |  982.2s ✓ best
Epoch  400/500 | train -0.99884 [rs=0.0003 rs1=0.0006 nll=-4.9991 ro=0.0003] | val -0.99913 | lr 1.05e-04 |  984.6s (no improvement 1/30)
Epoch  401/500 | train -0.99881 [rs=0.0003 rs1=0.0006 nll=-4.9991 ro=0.0003] | val -0.99921 | lr 1.03e-04 |  987.0s (no improvement 2/30)
Epoch  402/500 | train -0.99886 [rs=0.0003 rs1=0.0006 nll=-4.9991 ro=0.0003] | val -0.99915 | lr 1.01e-04 |  989.5s (no improvement 3/30)
Epoch  403/500 | train -0.99882 [rs=0.0003 rs1=0.0006 nll=-4.9991 ro=0.0003] | val -0.99908 | lr 9.91e-05 |  991.9s (no improvement 4/30)
Epoch  404/500 | train -0.99880 [rs=0.0003 rs1=0.0006 nll=-4.9991 ro=0.0003] | val -0.99919 | lr 9.74e-05 |  994.3s (no improvement 5/30)
Epoch  405/500 | train -0.99884 [rs=0.0003 rs1=0.0006 nll=-4.9991 ro=0.0003] | val -0.99921 | lr 9.56e-05 |  996.8s (no improvement 6/30)
Epoch  406/500 | train -0.99888 [rs=0.0003 rs1=0.0006 nll=-4.9991 ro=0.0003] | val -0.99922 | lr 9.39e-05 |  999.2s (no improvement 7/30)
Epoch  407/500 | train -0.99888 [rs=0.0003 rs1=0.0006 nll=-4.9991 ro=0.0003] | val -0.99925 | lr 9.21e-05 | 1001.7s ✓ best
Epoch  408/500 | train -0.99888 [rs=0.0003 rs1=0.0006 nll=-4.9991 ro=0.0003] | val -0.99923 | lr 9.04e-05 | 1004.1s (no improvement 1/30)
Epoch  409/500 | train -0.99887 [rs=0.0003 rs1=0.0006 nll=-4.9991 ro=0.0003] | val -0.99921 | lr 8.87e-05 | 1006.6s (no improvement 2/30)
Epoch  410/500 | train -0.99889 [rs=0.0003 rs1=0.0006 nll=-4.9991 ro=0.0003] | val -0.99925 | lr 8.71e-05 | 1009.0s (no improvement 3/30)
Epoch  411/500 | train -0.99890 [rs=0.0003 rs1=0.0006 nll=-4.9991 ro=0.0003] | val -0.99924 | lr 8.54e-05 | 1011.5s (no improvement 4/30)
Epoch  412/500 | train -0.99888 [rs=0.0003 rs1=0.0006 nll=-4.9991 ro=0.0003] | val -0.99919 | lr 8.38e-05 | 1013.9s (no improvement 5/30)
Epoch  413/500 | train -0.99887 [rs=0.0003 rs1=0.0006 nll=-4.9991 ro=0.0003] | val -0.99914 | lr 8.21e-05 | 1016.3s (no improvement 6/30)
Epoch  414/500 | train -0.99886 [rs=0.0003 rs1=0.0006 nll=-4.9991 ro=0.0003] | val -0.99919 | lr 8.05e-05 | 1018.8s (no improvement 7/30)
Epoch  415/500 | train -0.99886 [rs=0.0003 rs1=0.0006 nll=-4.9991 ro=0.0003] | val -0.99924 | lr 7.89e-05 | 1021.2s (no improvement 8/30)
Epoch  416/500 | train -0.99889 [rs=0.0003 rs1=0.0006 nll=-4.9991 ro=0.0003] | val -0.99924 | lr 7.74e-05 | 1023.6s (no improvement 9/30)
Epoch  417/500 | train -0.99890 [rs=0.0003 rs1=0.0006 nll=-4.9991 ro=0.0003] | val -0.99925 | lr 7.58e-05 | 1026.1s ✓ best
Epoch  418/500 | train -0.99890 [rs=0.0003 rs1=0.0006 nll=-4.9991 ro=0.0003] | val -0.99923 | lr 7.43e-05 | 1028.5s (no improvement 1/30)
Epoch  419/500 | train -0.99884 [rs=0.0003 rs1=0.0006 nll=-4.9991 ro=0.0003] | val -0.99913 | lr 7.27e-05 | 1031.0s (no improvement 2/30)
Epoch  420/500 | train -0.99890 [rs=0.0003 rs1=0.0006 nll=-4.9991 ro=0.0003] | val -0.99925 | lr 7.12e-05 | 1033.5s ✓ best
Epoch  421/500 | train -0.99890 [rs=0.0003 rs1=0.0006 nll=-4.9991 ro=0.0003] | val -0.99926 | lr 6.97e-05 | 1036.0s ✓ best
Epoch  422/500 | train -0.99890 [rs=0.0003 rs1=0.0006 nll=-4.9991 ro=0.0003] | val -0.99926 | lr 6.83e-05 | 1038.5s ✓ best
Epoch  423/500 | train -0.99890 [rs=0.0003 rs1=0.0006 nll=-4.9991 ro=0.0003] | val -0.99926 | lr 6.68e-05 | 1040.9s (no improvement 1/30)
Epoch  424/500 | train -0.99891 [rs=0.0003 rs1=0.0006 nll=-4.9991 ro=0.0003] | val -0.99922 | lr 6.54e-05 | 1043.4s (no improvement 2/30)
Epoch  425/500 | train -0.99892 [rs=0.0003 rs1=0.0006 nll=-4.9991 ro=0.0003] | val -0.99911 | lr 6.40e-05 | 1045.8s (no improvement 3/30)
Epoch  426/500 | train -0.99889 [rs=0.0003 rs1=0.0006 nll=-4.9991 ro=0.0003] | val -0.99927 | lr 6.25e-05 | 1048.3s ✓ best
Epoch  427/500 | train -0.99890 [rs=0.0003 rs1=0.0006 nll=-4.9991 ro=0.0003] | val -0.99927 | lr 6.12e-05 | 1050.7s (no improvement 1/30)
Epoch  428/500 | train -0.99893 [rs=0.0003 rs1=0.0006 nll=-4.9991 ro=0.0003] | val -0.99928 | lr 5.98e-05 | 1053.2s ✓ best
Epoch  429/500 | train -0.99892 [rs=0.0003 rs1=0.0006 nll=-4.9991 ro=0.0003] | val -0.99927 | lr 5.84e-05 | 1055.6s (no improvement 1/30)
Epoch  430/500 | train -0.99891 [rs=0.0003 rs1=0.0006 nll=-4.9991 ro=0.0003] | val -0.99929 | lr 5.71e-05 | 1058.1s ✓ best
Epoch  431/500 | train -0.99892 [rs=0.0003 rs1=0.0006 nll=-4.9991 ro=0.0003] | val -0.99921 | lr 5.58e-05 | 1060.6s (no improvement 1/30)
Epoch  432/500 | train -0.99892 [rs=0.0003 rs1=0.0006 nll=-4.9992 ro=0.0003] | val -0.99926 | lr 5.45e-05 | 1063.0s (no improvement 2/30)
Epoch  433/500 | train -0.99893 [rs=0.0003 rs1=0.0006 nll=-4.9991 ro=0.0003] | val -0.99928 | lr 5.32e-05 | 1065.5s (no improvement 3/30)
Epoch  434/500 | train -0.99893 [rs=0.0003 rs1=0.0006 nll=-4.9992 ro=0.0003] | val -0.99927 | lr 5.20e-05 | 1067.9s (no improvement 4/30)
Epoch  435/500 | train -0.99889 [rs=0.0003 rs1=0.0006 nll=-4.9991 ro=0.0003] | val -0.99926 | lr 5.07e-05 | 1070.3s (no improvement 5/30)
Epoch  436/500 | train -0.99893 [rs=0.0003 rs1=0.0006 nll=-4.9992 ro=0.0003] | val -0.99928 | lr 4.95e-05 | 1072.8s (no improvement 6/30)
Epoch  437/500 | train -0.99893 [rs=0.0003 rs1=0.0006 nll=-4.9992 ro=0.0003] | val -0.99925 | lr 4.83e-05 | 1075.2s (no improvement 7/30)
Epoch  438/500 | train -0.99894 [rs=0.0003 rs1=0.0006 nll=-4.9992 ro=0.0003] | val -0.99929 | lr 4.71e-05 | 1077.7s ✓ best
Epoch  439/500 | train -0.99894 [rs=0.0003 rs1=0.0005 nll=-4.9992 ro=0.0003] | val -0.99929 | lr 4.59e-05 | 1080.2s (no improvement 1/30)
Epoch  440/500 | train -0.99894 [rs=0.0003 rs1=0.0006 nll=-4.9992 ro=0.0003] | val -0.99928 | lr 4.48e-05 | 1082.6s (no improvement 2/30)
Epoch  441/500 | train -0.99894 [rs=0.0003 rs1=0.0006 nll=-4.9992 ro=0.0003] | val -0.99930 | lr 4.36e-05 | 1085.1s ✓ best
Epoch  442/500 | train -0.99895 [rs=0.0003 rs1=0.0006 nll=-4.9992 ro=0.0003] | val -0.99926 | lr 4.25e-05 | 1087.6s (no improvement 1/30)
Epoch  443/500 | train -0.99891 [rs=0.0003 rs1=0.0006 nll=-4.9992 ro=0.0003] | val -0.99928 | lr 4.14e-05 | 1090.0s (no improvement 2/30)
Epoch  444/500 | train -0.99893 [rs=0.0003 rs1=0.0006 nll=-4.9992 ro=0.0003] | val -0.99921 | lr 4.03e-05 | 1092.4s (no improvement 3/30)
Epoch  445/500 | train -0.99895 [rs=0.0003 rs1=0.0005 nll=-4.9992 ro=0.0003] | val -0.99929 | lr 3.93e-05 | 1094.9s (no improvement 4/30)
Epoch  446/500 | train -0.99894 [rs=0.0003 rs1=0.0005 nll=-4.9992 ro=0.0003] | val -0.99927 | lr 3.82e-05 | 1097.3s (no improvement 5/30)
Epoch  447/500 | train -0.99894 [rs=0.0003 rs1=0.0006 nll=-4.9992 ro=0.0003] | val -0.99928 | lr 3.72e-05 | 1099.8s (no improvement 6/30)
Epoch  448/500 | train -0.99894 [rs=0.0003 rs1=0.0006 nll=-4.9992 ro=0.0003] | val -0.99930 | lr 3.62e-05 | 1102.2s ✓ best
Epoch  449/500 | train -0.99896 [rs=0.0003 rs1=0.0005 nll=-4.9992 ro=0.0003] | val -0.99931 | lr 3.52e-05 | 1104.8s ✓ best
Epoch  450/500 | train -0.99896 [rs=0.0003 rs1=0.0005 nll=-4.9992 ro=0.0003] | val -0.99929 | lr 3.42e-05 | 1107.2s (no improvement 1/30)
Epoch  451/500 | train -0.99897 [rs=0.0003 rs1=0.0005 nll=-4.9992 ro=0.0003] | val -0.99931 | lr 3.33e-05 | 1109.7s ✓ best
Epoch  452/500 | train -0.99897 [rs=0.0003 rs1=0.0005 nll=-4.9992 ro=0.0003] | val -0.99931 | lr 3.23e-05 | 1112.1s (no improvement 1/30)
Epoch  453/500 | train -0.99896 [rs=0.0003 rs1=0.0005 nll=-4.9992 ro=0.0003] | val -0.99931 | lr 3.14e-05 | 1114.6s ✓ best
Epoch  454/500 | train -0.99897 [rs=0.0003 rs1=0.0005 nll=-4.9992 ro=0.0003] | val -0.99931 | lr 3.05e-05 | 1117.1s (no improvement 1/30)
Epoch  455/500 | train -0.99897 [rs=0.0003 rs1=0.0005 nll=-4.9992 ro=0.0003] | val -0.99931 | lr 2.97e-05 | 1119.5s (no improvement 2/30)
Epoch  456/500 | train -0.99898 [rs=0.0003 rs1=0.0005 nll=-4.9992 ro=0.0003] | val -0.99932 | lr 2.88e-05 | 1122.0s ✓ best
Epoch  457/500 | train -0.99898 [rs=0.0003 rs1=0.0005 nll=-4.9992 ro=0.0003] | val -0.99931 | lr 2.80e-05 | 1124.7s (no improvement 1/30)
Epoch  458/500 | train -0.99897 [rs=0.0003 rs1=0.0005 nll=-4.9992 ro=0.0003] | val -0.99932 | lr 2.71e-05 | 1127.1s ✓ best
Epoch  459/500 | train -0.99897 [rs=0.0003 rs1=0.0005 nll=-4.9992 ro=0.0003] | val -0.99932 | lr 2.63e-05 | 1129.6s (no improvement 1/30)
Epoch  460/500 | train -0.99897 [rs=0.0003 rs1=0.0005 nll=-4.9992 ro=0.0003] | val -0.99932 | lr 2.56e-05 | 1132.0s (no improvement 2/30)
Epoch  461/500 | train -0.99898 [rs=0.0003 rs1=0.0005 nll=-4.9992 ro=0.0003] | val -0.99932 | lr 2.48e-05 | 1134.5s ✓ best
Epoch  462/500 | train -0.99897 [rs=0.0003 rs1=0.0005 nll=-4.9992 ro=0.0003] | val -0.99931 | lr 2.40e-05 | 1137.0s (no improvement 1/30)
Epoch  463/500 | train -0.99898 [rs=0.0003 rs1=0.0005 nll=-4.9992 ro=0.0003] | val -0.99932 | lr 2.33e-05 | 1139.4s (no improvement 2/30)
Epoch  464/500 | train -0.99897 [rs=0.0003 rs1=0.0005 nll=-4.9992 ro=0.0003] | val -0.99933 | lr 2.26e-05 | 1141.9s ✓ best
Epoch  465/500 | train -0.99898 [rs=0.0003 rs1=0.0005 nll=-4.9992 ro=0.0003] | val -0.99930 | lr 2.19e-05 | 1144.4s (no improvement 1/30)
Epoch  466/500 | train -0.99898 [rs=0.0003 rs1=0.0005 nll=-4.9992 ro=0.0003] | val -0.99928 | lr 2.13e-05 | 1146.8s (no improvement 2/30)
Epoch  467/500 | train -0.99897 [rs=0.0003 rs1=0.0005 nll=-4.9992 ro=0.0003] | val -0.99932 | lr 2.06e-05 | 1149.2s (no improvement 3/30)
Epoch  468/500 | train -0.99898 [rs=0.0003 rs1=0.0005 nll=-4.9992 ro=0.0003] | val -0.99932 | lr 2.00e-05 | 1151.7s (no improvement 4/30)
Epoch  469/500 | train -0.99898 [rs=0.0003 rs1=0.0005 nll=-4.9992 ro=0.0003] | val -0.99932 | lr 1.94e-05 | 1154.1s (no improvement 5/30)
Epoch  470/500 | train -0.99898 [rs=0.0003 rs1=0.0005 nll=-4.9992 ro=0.0003] | val -0.99933 | lr 1.88e-05 | 1156.6s ✓ best
Epoch  471/500 | train -0.99898 [rs=0.0003 rs1=0.0005 nll=-4.9992 ro=0.0003] | val -0.99933 | lr 1.82e-05 | 1159.1s (no improvement 1/30)
Epoch  472/500 | train -0.99899 [rs=0.0003 rs1=0.0005 nll=-4.9992 ro=0.0003] | val -0.99933 | lr 1.76e-05 | 1161.5s (no improvement 2/30)
Epoch  473/500 | train -0.99898 [rs=0.0003 rs1=0.0005 nll=-4.9992 ro=0.0003] | val -0.99933 | lr 1.71e-05 | 1164.0s ✓ best
Epoch  474/500 | train -0.99899 [rs=0.0003 rs1=0.0005 nll=-4.9992 ro=0.0003] | val -0.99933 | lr 1.66e-05 | 1166.5s (no improvement 1/30)
Epoch  475/500 | train -0.99898 [rs=0.0003 rs1=0.0005 nll=-4.9992 ro=0.0003] | val -0.99929 | lr 1.61e-05 | 1168.9s (no improvement 2/30)
Epoch  476/500 | train -0.99897 [rs=0.0003 rs1=0.0005 nll=-4.9992 ro=0.0003] | val -0.99931 | lr 1.56e-05 | 1171.3s (no improvement 3/30)
Epoch  477/500 | train -0.99898 [rs=0.0003 rs1=0.0005 nll=-4.9992 ro=0.0003] | val -0.99931 | lr 1.52e-05 | 1173.8s (no improvement 4/30)
Epoch  478/500 | train -0.99899 [rs=0.0003 rs1=0.0005 nll=-4.9992 ro=0.0003] | val -0.99933 | lr 1.47e-05 | 1176.3s ✓ best
Epoch  479/500 | train -0.99899 [rs=0.0003 rs1=0.0005 nll=-4.9992 ro=0.0003] | val -0.99934 | lr 1.43e-05 | 1178.8s ✓ best
Epoch  480/500 | train -0.99899 [rs=0.0003 rs1=0.0005 nll=-4.9992 ro=0.0003] | val -0.99934 | lr 1.39e-05 | 1181.2s (no improvement 1/30)
Epoch  481/500 | train -0.99900 [rs=0.0003 rs1=0.0005 nll=-4.9992 ro=0.0003] | val -0.99933 | lr 1.35e-05 | 1183.7s (no improvement 2/30)
Epoch  482/500 | train -0.99899 [rs=0.0003 rs1=0.0005 nll=-4.9992 ro=0.0003] | val -0.99933 | lr 1.32e-05 | 1186.1s (no improvement 3/30)
Epoch  483/500 | train -0.99900 [rs=0.0003 rs1=0.0005 nll=-4.9992 ro=0.0003] | val -0.99933 | lr 1.28e-05 | 1188.6s (no improvement 4/30)
Epoch  484/500 | train -0.99900 [rs=0.0003 rs1=0.0005 nll=-4.9992 ro=0.0003] | val -0.99933 | lr 1.25e-05 | 1191.0s (no improvement 5/30)
Epoch  485/500 | train -0.99899 [rs=0.0003 rs1=0.0005 nll=-4.9992 ro=0.0003] | val -0.99934 | lr 1.22e-05 | 1193.5s (no improvement 6/30)
Epoch  486/500 | train -0.99899 [rs=0.0003 rs1=0.0005 nll=-4.9992 ro=0.0003] | val -0.99934 | lr 1.19e-05 | 1195.9s (no improvement 7/30)
Epoch  487/500 | train -0.99900 [rs=0.0003 rs1=0.0005 nll=-4.9992 ro=0.0003] | val -0.99933 | lr 1.17e-05 | 1198.3s (no improvement 8/30)
Epoch  488/500 | train -0.99900 [rs=0.0003 rs1=0.0005 nll=-4.9992 ro=0.0003] | val -0.99933 | lr 1.14e-05 | 1200.8s (no improvement 9/30)
Epoch  489/500 | train -0.99900 [rs=0.0003 rs1=0.0005 nll=-4.9992 ro=0.0003] | val -0.99934 | lr 1.12e-05 | 1203.3s ✓ best
Epoch  490/500 | train -0.99901 [rs=0.0003 rs1=0.0005 nll=-4.9992 ro=0.0003] | val -0.99932 | lr 1.10e-05 | 1205.7s (no improvement 1/30)
Epoch  491/500 | train -0.99900 [rs=0.0003 rs1=0.0005 nll=-4.9992 ro=0.0003] | val -0.99934 | lr 1.08e-05 | 1208.2s (no improvement 2/30)
Epoch  492/500 | train -0.99900 [rs=0.0003 rs1=0.0005 nll=-4.9992 ro=0.0003] | val -0.99934 | lr 1.06e-05 | 1210.7s ✓ best
Epoch  493/500 | train -0.99900 [rs=0.0003 rs1=0.0005 nll=-4.9992 ro=0.0003] | val -0.99934 | lr 1.05e-05 | 1213.1s (no improvement 1/30)
Epoch  494/500 | train -0.99900 [rs=0.0003 rs1=0.0005 nll=-4.9992 ro=0.0003] | val -0.99934 | lr 1.04e-05 | 1215.6s ✓ best
Epoch  495/500 | train -0.99900 [rs=0.0003 rs1=0.0005 nll=-4.9992 ro=0.0003] | val -0.99934 | lr 1.02e-05 | 1218.1s (no improvement 1/30)
Epoch  496/500 | train -0.99900 [rs=0.0003 rs1=0.0005 nll=-4.9992 ro=0.0003] | val -0.99935 | lr 1.02e-05 | 1220.6s ✓ best
Epoch  497/500 | train -0.99901 [rs=0.0003 rs1=0.0005 nll=-4.9992 ro=0.0003] | val -0.99934 | lr 1.01e-05 | 1223.0s (no improvement 1/30)
Epoch  498/500 | train -0.99900 [rs=0.0003 rs1=0.0005 nll=-4.9992 ro=0.0003] | val -0.99934 | lr 1.00e-05 | 1225.5s (no improvement 2/30)
Epoch  499/500 | train -0.99900 [rs=0.0003 rs1=0.0005 nll=-4.9992 ro=0.0003] | val -0.99934 | lr 1.00e-05 | 1227.9s (no improvement 3/30)
Epoch  500/500 | train -0.99900 [rs=0.0003 rs1=0.0005 nll=-4.9992 ro=0.0003] | val -0.99934 | lr 1.00e-05 | 1230.3s (no improvement 4/30)
[train] Loss plot → surrogate_model_latent/runs/20260528_182014/loss_curves.png
[train] Component loss plot → surrogate_model_latent/runs/20260528_182014/loss_components.png

[train] Done.  Best val loss : -0.999346
[train] Best checkpoint  : surrogate_model_latent/runs/20260528_182014/latent_best.pt
[train] Final checkpoint : surrogate_model_latent/runs/20260528_182014/latent_final.pt
============================================================
Training finished: Thu May 28 18:40:52 EDT 2026  (exit code: 0)
============================================================
