============================================================
Job ID   : 51283966
Node     : gl1023
Started  : Tue Jun  2 12:58:12 EDT 2026
============================================================
Python : /home/xysong/.conda/envs/RL/bin/python
Torch  : 2.5.1+cu121
CUDA   : True
============================================================
/home/xysong/.conda/envs/RL/lib/python3.10/site-packages/torch/utils/data/dataloader.py:617: UserWarning: This DataLoader will create 6 worker processes in total. Our suggested max number of worker in current system is 1, which is smaller than what this DataLoader is going to create. Please be aware that excessive worker creation might get DataLoader running slow or even freeze, lower the worker number to avoid potential slowness/freeze if necessary.
  warnings.warn(
/home/xysong/.conda/envs/RL/lib/python3.10/site-packages/torch/utils/data/dataloader.py:617: UserWarning: This DataLoader will create 6 worker processes in total. Our suggested max number of worker in current system is 1, which is smaller than what this DataLoader is going to create. Please be aware that excessive worker creation might get DataLoader running slow or even freeze, lower the worker number to avoid potential slowness/freeze if necessary.
  warnings.warn(
[train] Output dir : surrogate_model_latent/runs/20260602_125822
[train] Device     : cuda
[dataset] Loaded 500 trajectories × 12 layers from Dataset:layer_12_stepsize_10_samples_500_150_400_lc.pkl
[dataset] Split → train 400 | val 50 | test 50
[dataset] State  mean ∈ [87.2, 3004.4], std  ∈ [40.8378, 1052.6]
[dataset] Action mean = 276.50 W, std = 75.21 W
[dataset] ROI weight table: (12, 1053), range [0.801, 4.219]  (square side 0.40→0.50 × min_dim)
[train] ROI weights loaded from mesh: /nfs/turbo/coe-sunwbgt/xysong/Offline-RL-Controller-in-AM/surrogate_model/mesh.mat
[LatentTrajectoryDataset] 400 trajectories, T=12, state_dim=1053
[LatentTrajectoryDataset] 50 trajectories, T=12, state_dim=1053
[train] EnsembleLatentDynamicsModel(state=1053, latent=32, action=1, K=5, n_layers=12, embed=8 | enc=676,384  trans×5=552,320  dec=677,405 | total=1,906,109)

[train] Starting training for up to 500 epochs (patience=30)
[train] Loss mode : rollout k=12
[train] Weights   → recon_st=1.0  recon_st1=1.0  rollout=0.2
[train] Ensemble  → K=5 members
--------------------------------------------------------------------------------
Epoch    1/500 | train 3.10079 [rs=1.6539 rs1=1.2031 ro=1.2192] | val 2.46592 | lr 1.00e-03 |    3.1s ✓ best
Epoch    2/500 | train 2.30283 [rs=1.2777 rs1=0.8395 ro=0.9281] | val 1.92545 | lr 1.00e-03 |    4.3s ✓ best
Epoch    3/500 | train 1.85808 [rs=1.0430 rs1=0.6543 ro=0.8043] | val 1.50785 | lr 1.00e-03 |    5.5s ✓ best
Epoch    4/500 | train 1.43905 [rs=0.8301 rs1=0.4977 ro=0.5562] | val 1.15026 | lr 1.00e-03 |    6.7s ✓ best
Epoch    5/500 | train 1.10566 [rs=0.6315 rs1=0.3821 ro=0.4605] | val 0.86714 | lr 1.00e-03 |    7.9s ✓ best
Epoch    6/500 | train 0.85466 [rs=0.4820 rs1=0.2962 ro=0.3821] | val 0.68830 | lr 1.00e-03 |    9.2s ✓ best
Epoch    7/500 | train 0.68389 [rs=0.3765 rs1=0.2422 ro=0.3259] | val 0.53889 | lr 1.00e-03 |   10.4s ✓ best
Epoch    8/500 | train 0.55708 [rs=0.2922 rs1=0.2076 ro=0.2863] | val 0.49470 | lr 9.99e-04 |   11.6s ✓ best
Epoch    9/500 | train 0.50870 [rs=0.2485 rs1=0.2032 ro=0.2851] | val 0.36425 | lr 9.99e-04 |   12.8s ✓ best
Epoch   10/500 | train 0.39426 [rs=0.1888 rs1=0.1638 ro=0.2084] | val 0.34461 | lr 9.99e-04 |   14.1s ✓ best
Epoch   11/500 | train 0.36518 [rs=0.1544 rs1=0.1624 ro=0.2417] | val 0.27539 | lr 9.99e-04 |   15.3s ✓ best
Epoch   12/500 | train 0.30387 [rs=0.1247 rs1=0.1352 ro=0.2200] | val 0.27155 | lr 9.99e-04 |   16.5s ✓ best
Epoch   13/500 | train 0.27718 [rs=0.1160 rs1=0.1248 ro=0.1817] | val 0.24432 | lr 9.98e-04 |   17.7s ✓ best
Epoch   14/500 | train 0.25880 [rs=0.1041 rs1=0.1219 ro=0.1639] | val 0.23433 | lr 9.98e-04 |   19.0s ✓ best
Epoch   15/500 | train 0.24249 [rs=0.0947 rs1=0.1151 ro=0.1635] | val 0.18965 | lr 9.98e-04 |   20.2s ✓ best
Epoch   16/500 | train 0.22000 [rs=0.0861 rs1=0.1017 ro=0.1611] | val 0.17803 | lr 9.98e-04 |   21.4s ✓ best
Epoch   17/500 | train 0.20139 [rs=0.0794 rs1=0.0962 ro=0.1293] | val 0.17266 | lr 9.97e-04 |   22.6s ✓ best
Epoch   18/500 | train 0.19296 [rs=0.0791 rs1=0.0907 ro=0.1156] | val 0.16175 | lr 9.97e-04 |   23.9s ✓ best
Epoch   19/500 | train 0.18189 [rs=0.0749 rs1=0.0836 ro=0.1171] | val 0.13875 | lr 9.96e-04 |   25.1s ✓ best
Epoch   20/500 | train 0.17033 [rs=0.0724 rs1=0.0788 ro=0.0953] | val 0.13943 | lr 9.96e-04 |   26.2s (no improvement 1/30)
Epoch   21/500 | train 0.16827 [rs=0.0674 rs1=0.0758 ro=0.1254] | val 0.13326 | lr 9.96e-04 |   27.6s ✓ best
Epoch   22/500 | train 0.15389 [rs=0.0645 rs1=0.0707 ro=0.0937] | val 0.13324 | lr 9.95e-04 |   28.8s ✓ best
Epoch   23/500 | train 0.15243 [rs=0.0651 rs1=0.0697 ro=0.0882] | val 0.11906 | lr 9.95e-04 |   30.0s ✓ best
Epoch   24/500 | train 0.14186 [rs=0.0605 rs1=0.0644 ro=0.0850] | val 0.11224 | lr 9.94e-04 |   31.2s ✓ best
Epoch   25/500 | train 0.13566 [rs=0.0592 rs1=0.0626 ro=0.0689] | val 0.11087 | lr 9.94e-04 |   32.5s ✓ best
Epoch   26/500 | train 0.13333 [rs=0.0580 rs1=0.0623 ro=0.0655] | val 0.10840 | lr 9.93e-04 |   33.7s ✓ best
Epoch   27/500 | train 0.12793 [rs=0.0553 rs1=0.0594 ro=0.0659] | val 0.10127 | lr 9.93e-04 |   34.9s ✓ best
Epoch   28/500 | train 0.12327 [rs=0.0543 rs1=0.0572 ro=0.0586] | val 0.09992 | lr 9.92e-04 |   36.1s ✓ best
Epoch   29/500 | train 0.12332 [rs=0.0533 rs1=0.0575 ro=0.0624] | val 0.09458 | lr 9.92e-04 |   37.4s ✓ best
Epoch   30/500 | train 0.11691 [rs=0.0511 rs1=0.0544 ro=0.0573] | val 0.09739 | lr 9.91e-04 |   38.5s (no improvement 1/30)
Epoch   31/500 | train 0.11489 [rs=0.0510 rs1=0.0533 ro=0.0528] | val 0.08946 | lr 9.91e-04 |   39.7s ✓ best
Epoch   32/500 | train 0.11044 [rs=0.0486 rs1=0.0514 ro=0.0522] | val 0.08860 | lr 9.90e-04 |   41.0s ✓ best
Epoch   33/500 | train 0.10841 [rs=0.0478 rs1=0.0501 ro=0.0526] | val 0.09015 | lr 9.89e-04 |   42.1s (no improvement 1/30)
Epoch   34/500 | train 0.10827 [rs=0.0476 rs1=0.0502 ro=0.0523] | val 0.08778 | lr 9.89e-04 |   43.3s ✓ best
Epoch   35/500 | train 0.10406 [rs=0.0460 rs1=0.0483 ro=0.0488] | val 0.08165 | lr 9.88e-04 |   44.5s ✓ best
Epoch   36/500 | train 0.10434 [rs=0.0454 rs1=0.0482 ro=0.0539] | val 0.07885 | lr 9.87e-04 |   45.8s ✓ best
Epoch   37/500 | train 0.09749 [rs=0.0434 rs1=0.0451 ro=0.0447] | val 0.08719 | lr 9.87e-04 |   46.9s (no improvement 1/30)
Epoch   38/500 | train 0.10317 [rs=0.0453 rs1=0.0478 ro=0.0504] | val 0.07731 | lr 9.86e-04 |   48.1s ✓ best
Epoch   39/500 | train 0.09345 [rs=0.0415 rs1=0.0431 ro=0.0445] | val 0.07340 | lr 9.85e-04 |   49.3s ✓ best
Epoch   40/500 | train 0.09287 [rs=0.0414 rs1=0.0430 ro=0.0424] | val 0.06992 | lr 9.84e-04 |   50.6s ✓ best
Epoch   41/500 | train 0.08746 [rs=0.0390 rs1=0.0402 ro=0.0410] | val 0.07126 | lr 9.84e-04 |   51.7s (no improvement 1/30)
Epoch   42/500 | train 0.08526 [rs=0.0382 rs1=0.0389 ro=0.0407] | val 0.06428 | lr 9.83e-04 |   52.9s ✓ best
Epoch   43/500 | train 0.08172 [rs=0.0367 rs1=0.0375 ro=0.0374] | val 0.06183 | lr 9.82e-04 |   54.1s ✓ best
Epoch   44/500 | train 0.07819 [rs=0.0351 rs1=0.0358 ro=0.0362] | val 0.06089 | lr 9.81e-04 |   55.4s ✓ best
Epoch   45/500 | train 0.07590 [rs=0.0343 rs1=0.0345 ro=0.0354] | val 0.05762 | lr 9.80e-04 |   56.6s ✓ best
Epoch   46/500 | train 0.07447 [rs=0.0339 rs1=0.0339 ro=0.0336] | val 0.05551 | lr 9.79e-04 |   57.8s ✓ best
Epoch   47/500 | train 0.07241 [rs=0.0329 rs1=0.0328 ro=0.0336] | val 0.05316 | lr 9.79e-04 |   59.0s ✓ best
Epoch   48/500 | train 0.06897 [rs=0.0315 rs1=0.0312 ro=0.0314] | val 0.05329 | lr 9.78e-04 |   60.2s (no improvement 1/30)
Epoch   49/500 | train 0.06709 [rs=0.0306 rs1=0.0303 ro=0.0305] | val 0.04991 | lr 9.77e-04 |   61.4s ✓ best
Epoch   50/500 | train 0.06582 [rs=0.0300 rs1=0.0297 ro=0.0305] | val 0.04951 | lr 9.76e-04 |   62.6s ✓ best
Epoch   51/500 | train 0.06722 [rs=0.0302 rs1=0.0302 ro=0.0336] | val 0.04830 | lr 9.75e-04 |   63.8s ✓ best
Epoch   52/500 | train 0.06440 [rs=0.0293 rs1=0.0290 ro=0.0305] | val 0.04542 | lr 9.74e-04 |   65.1s ✓ best
Epoch   53/500 | train 0.06085 [rs=0.0279 rs1=0.0272 ro=0.0283] | val 0.04905 | lr 9.73e-04 |   66.2s (no improvement 1/30)
Epoch   54/500 | train 0.06218 [rs=0.0279 rs1=0.0280 ro=0.0317] | val 0.04567 | lr 9.72e-04 |   67.3s (no improvement 2/30)
Epoch   55/500 | train 0.05891 [rs=0.0269 rs1=0.0265 ro=0.0274] | val 0.03992 | lr 9.71e-04 |   68.5s ✓ best
Epoch   56/500 | train 0.05529 [rs=0.0254 rs1=0.0248 ro=0.0254] | val 0.04348 | lr 9.70e-04 |   69.7s (no improvement 1/30)
Epoch   57/500 | train 0.06485 [rs=0.0287 rs1=0.0295 ro=0.0334] | val 0.05489 | lr 9.69e-04 |   70.8s (no improvement 2/30)
Epoch   58/500 | train 0.06946 [rs=0.0294 rs1=0.0318 ro=0.0416] | val 0.03538 | lr 9.67e-04 |   72.0s ✓ best
Epoch   59/500 | train 0.05222 [rs=0.0241 rs1=0.0234 ro=0.0237] | val 0.04302 | lr 9.66e-04 |   73.2s (no improvement 1/30)
Epoch   60/500 | train 0.05238 [rs=0.0234 rs1=0.0233 ro=0.0281] | val 0.03226 | lr 9.65e-04 |   74.4s ✓ best
Epoch   61/500 | train 0.05021 [rs=0.0228 rs1=0.0225 ro=0.0245] | val 0.03278 | lr 9.64e-04 |   75.5s (no improvement 1/30)
Epoch   62/500 | train 0.04831 [rs=0.0220 rs1=0.0217 ro=0.0232] | val 0.03373 | lr 9.63e-04 |   76.7s (no improvement 2/30)
Epoch   63/500 | train 0.04725 [rs=0.0213 rs1=0.0211 ro=0.0241] | val 0.03147 | lr 9.62e-04 |   77.9s ✓ best
Epoch   64/500 | train 0.04287 [rs=0.0195 rs1=0.0191 ro=0.0212] | val 0.02970 | lr 9.61e-04 |   79.1s ✓ best
Epoch   65/500 | train 0.04574 [rs=0.0206 rs1=0.0206 ro=0.0226] | val 0.02566 | lr 9.59e-04 |   80.3s ✓ best
Epoch   66/500 | train 0.04201 [rs=0.0189 rs1=0.0188 ro=0.0216] | val 0.04020 | lr 9.58e-04 |   81.5s (no improvement 1/30)
Epoch   67/500 | train 0.04545 [rs=0.0200 rs1=0.0206 ro=0.0241] | val 0.02442 | lr 9.57e-04 |   82.7s ✓ best
Epoch   68/500 | train 0.04266 [rs=0.0191 rs1=0.0193 ro=0.0213] | val 0.02759 | lr 9.56e-04 |   83.8s (no improvement 1/30)
Epoch   69/500 | train 0.04002 [rs=0.0178 rs1=0.0182 ro=0.0201] | val 0.03311 | lr 9.54e-04 |   84.9s (no improvement 2/30)
Epoch   70/500 | train 0.04383 [rs=0.0195 rs1=0.0200 ro=0.0220] | val 0.02392 | lr 9.53e-04 |   86.2s ✓ best
Epoch   71/500 | train 0.03714 [rs=0.0173 rs1=0.0165 ro=0.0167] | val 0.02426 | lr 9.52e-04 |   87.3s (no improvement 1/30)
Epoch   72/500 | train 0.03708 [rs=0.0170 rs1=0.0165 ro=0.0180] | val 0.02436 | lr 9.50e-04 |   88.4s (no improvement 2/30)
Epoch   73/500 | train 0.03887 [rs=0.0181 rs1=0.0172 ro=0.0179] | val 0.02550 | lr 9.49e-04 |   89.5s (no improvement 3/30)
Epoch   74/500 | train 0.03495 [rs=0.0165 rs1=0.0154 ro=0.0150] | val 0.02213 | lr 9.47e-04 |   90.7s ✓ best
Epoch   75/500 | train 0.03715 [rs=0.0172 rs1=0.0165 ro=0.0171] | val 0.02028 | lr 9.46e-04 |   92.0s ✓ best
Epoch   76/500 | train 0.03384 [rs=0.0161 rs1=0.0150 ro=0.0141] | val 0.02798 | lr 9.45e-04 |   93.1s (no improvement 1/30)
Epoch   77/500 | train 0.03765 [rs=0.0177 rs1=0.0167 ro=0.0160] | val 0.02036 | lr 9.43e-04 |   94.2s (no improvement 2/30)
Epoch   78/500 | train 0.03239 [rs=0.0153 rs1=0.0144 ro=0.0135] | val 0.01874 | lr 9.42e-04 |   95.5s ✓ best
Epoch   79/500 | train 0.03160 [rs=0.0151 rs1=0.0139 ro=0.0130] | val 0.02000 | lr 9.40e-04 |   96.6s (no improvement 1/30)
Epoch   80/500 | train 0.03177 [rs=0.0151 rs1=0.0141 ro=0.0128] | val 0.01966 | lr 9.39e-04 |   97.7s (no improvement 2/30)
Epoch   81/500 | train 0.03040 [rs=0.0146 rs1=0.0134 ro=0.0123] | val 0.01739 | lr 9.37e-04 |   99.0s ✓ best
Epoch   82/500 | train 0.03164 [rs=0.0153 rs1=0.0138 ro=0.0123] | val 0.01844 | lr 9.36e-04 |  100.1s (no improvement 1/30)
Epoch   83/500 | train 0.03100 [rs=0.0150 rs1=0.0136 ro=0.0123] | val 0.01708 | lr 9.34e-04 |  101.3s ✓ best
Epoch   84/500 | train 0.02957 [rs=0.0143 rs1=0.0130 ro=0.0114] | val 0.01921 | lr 9.33e-04 |  102.5s (no improvement 1/30)
Epoch   85/500 | train 0.02928 [rs=0.0143 rs1=0.0128 ro=0.0110] | val 0.01645 | lr 9.31e-04 |  103.7s ✓ best
Epoch   86/500 | train 0.02887 [rs=0.0142 rs1=0.0125 ro=0.0107] | val 0.01693 | lr 9.29e-04 |  104.8s (no improvement 1/30)
Epoch   87/500 | train 0.03000 [rs=0.0144 rs1=0.0132 ro=0.0119] | val 0.01601 | lr 9.28e-04 |  106.0s ✓ best
Epoch   88/500 | train 0.02806 [rs=0.0138 rs1=0.0122 ro=0.0105] | val 0.01788 | lr 9.26e-04 |  107.2s (no improvement 1/30)
Epoch   89/500 | train 0.02836 [rs=0.0139 rs1=0.0123 ro=0.0107] | val 0.02014 | lr 9.25e-04 |  108.3s (no improvement 2/30)
Epoch   90/500 | train 0.02978 [rs=0.0146 rs1=0.0130 ro=0.0112] | val 0.01886 | lr 9.23e-04 |  109.4s (no improvement 3/30)
Epoch   91/500 | train 0.02772 [rs=0.0137 rs1=0.0121 ro=0.0098] | val 0.01591 | lr 9.21e-04 |  110.6s ✓ best
Epoch   92/500 | train 0.02675 [rs=0.0133 rs1=0.0115 ro=0.0095] | val 0.01546 | lr 9.20e-04 |  111.9s ✓ best
Epoch   93/500 | train 0.02798 [rs=0.0140 rs1=0.0120 ro=0.0099] | val 0.01509 | lr 9.18e-04 |  113.1s ✓ best
Epoch   94/500 | train 0.02665 [rs=0.0132 rs1=0.0115 ro=0.0096] | val 0.01565 | lr 9.16e-04 |  114.2s (no improvement 1/30)
Epoch   95/500 | train 0.02609 [rs=0.0129 rs1=0.0113 ro=0.0095] | val 0.01599 | lr 9.14e-04 |  115.3s (no improvement 2/30)
Epoch   96/500 | train 0.02601 [rs=0.0130 rs1=0.0112 ro=0.0093] | val 0.01802 | lr 9.13e-04 |  116.5s (no improvement 3/30)
Epoch   97/500 | train 0.02742 [rs=0.0138 rs1=0.0118 ro=0.0094] | val 0.01893 | lr 9.11e-04 |  117.6s (no improvement 4/30)
Epoch   98/500 | train 0.02864 [rs=0.0141 rs1=0.0124 ro=0.0102] | val 0.02175 | lr 9.09e-04 |  118.7s (no improvement 5/30)
Epoch   99/500 | train 0.02867 [rs=0.0138 rs1=0.0125 ro=0.0120] | val 0.01546 | lr 9.07e-04 |  119.9s (no improvement 6/30)
Epoch  100/500 | train 0.02550 [rs=0.0128 rs1=0.0109 ro=0.0092] | val 0.01777 | lr 9.05e-04 |  121.0s (no improvement 7/30)
Epoch  101/500 | train 0.03102 [rs=0.0151 rs1=0.0136 ro=0.0117] | val 0.01956 | lr 9.04e-04 |  122.1s (no improvement 8/30)
Epoch  102/500 | train 0.02919 [rs=0.0145 rs1=0.0127 ro=0.0103] | val 0.01607 | lr 9.02e-04 |  123.2s (no improvement 9/30)
Epoch  103/500 | train 0.02611 [rs=0.0131 rs1=0.0113 ro=0.0086] | val 0.01829 | lr 9.00e-04 |  124.4s (no improvement 10/30)
Epoch  104/500 | train 0.02605 [rs=0.0128 rs1=0.0113 ro=0.0100] | val 0.01385 | lr 8.98e-04 |  125.6s ✓ best
Epoch  105/500 | train 0.02538 [rs=0.0128 rs1=0.0108 ro=0.0087] | val 0.01578 | lr 8.96e-04 |  126.8s (no improvement 1/30)
Epoch  106/500 | train 0.02587 [rs=0.0127 rs1=0.0112 ro=0.0101] | val 0.01367 | lr 8.94e-04 |  128.0s ✓ best
Epoch  107/500 | train 0.02402 [rs=0.0121 rs1=0.0102 ro=0.0085] | val 0.01773 | lr 8.92e-04 |  129.2s (no improvement 1/30)
Epoch  108/500 | train 0.02606 [rs=0.0134 rs1=0.0111 ro=0.0080] | val 0.01509 | lr 8.90e-04 |  130.3s (no improvement 2/30)
Epoch  109/500 | train 0.02364 [rs=0.0120 rs1=0.0100 ro=0.0082] | val 0.01395 | lr 8.88e-04 |  131.4s (no improvement 3/30)
Epoch  110/500 | train 0.02431 [rs=0.0121 rs1=0.0104 ro=0.0091] | val 0.01467 | lr 8.86e-04 |  132.5s (no improvement 4/30)
Epoch  111/500 | train 0.02383 [rs=0.0121 rs1=0.0102 ro=0.0077] | val 0.01694 | lr 8.84e-04 |  133.7s (no improvement 5/30)
Epoch  112/500 | train 0.02467 [rs=0.0123 rs1=0.0106 ro=0.0089] | val 0.01342 | lr 8.82e-04 |  134.9s ✓ best
Epoch  113/500 | train 0.02294 [rs=0.0116 rs1=0.0098 ro=0.0076] | val 0.01423 | lr 8.80e-04 |  136.0s (no improvement 1/30)
Epoch  114/500 | train 0.02404 [rs=0.0120 rs1=0.0102 ro=0.0092] | val 0.01297 | lr 8.78e-04 |  137.2s ✓ best
Epoch  115/500 | train 0.02250 [rs=0.0113 rs1=0.0096 ro=0.0080] | val 0.01488 | lr 8.76e-04 |  138.4s (no improvement 1/30)
Epoch  116/500 | train 0.02288 [rs=0.0117 rs1=0.0097 ro=0.0076] | val 0.01310 | lr 8.74e-04 |  139.5s (no improvement 2/30)
Epoch  117/500 | train 0.02224 [rs=0.0114 rs1=0.0094 ro=0.0073] | val 0.01325 | lr 8.72e-04 |  140.6s (no improvement 3/30)
Epoch  118/500 | train 0.02344 [rs=0.0118 rs1=0.0099 ro=0.0086] | val 0.01268 | lr 8.70e-04 |  141.8s ✓ best
Epoch  119/500 | train 0.02270 [rs=0.0117 rs1=0.0096 ro=0.0070] | val 0.01240 | lr 8.68e-04 |  143.0s ✓ best
Epoch  120/500 | train 0.02154 [rs=0.0111 rs1=0.0090 ro=0.0072] | val 0.01361 | lr 8.66e-04 |  144.2s (no improvement 1/30)
Epoch  121/500 | train 0.02173 [rs=0.0111 rs1=0.0091 ro=0.0077] | val 0.01226 | lr 8.64e-04 |  145.4s ✓ best
Epoch  122/500 | train 0.02091 [rs=0.0107 rs1=0.0087 ro=0.0071] | val 0.01254 | lr 8.62e-04 |  146.5s (no improvement 1/30)
Epoch  123/500 | train 0.02138 [rs=0.0110 rs1=0.0090 ro=0.0068] | val 0.01256 | lr 8.59e-04 |  147.7s (no improvement 2/30)
Epoch  124/500 | train 0.02086 [rs=0.0108 rs1=0.0087 ro=0.0069] | val 0.01182 | lr 8.57e-04 |  148.9s ✓ best
Epoch  125/500 | train 0.02088 [rs=0.0108 rs1=0.0087 ro=0.0070] | val 0.01307 | lr 8.55e-04 |  150.0s (no improvement 1/30)
Epoch  126/500 | train 0.02118 [rs=0.0110 rs1=0.0089 ro=0.0067] | val 0.01367 | lr 8.53e-04 |  151.1s (no improvement 2/30)
Epoch  127/500 | train 0.02059 [rs=0.0106 rs1=0.0087 ro=0.0067] | val 0.01255 | lr 8.51e-04 |  152.3s (no improvement 3/30)
Epoch  128/500 | train 0.02110 [rs=0.0109 rs1=0.0089 ro=0.0068] | val 0.01257 | lr 8.48e-04 |  153.4s (no improvement 4/30)
Epoch  129/500 | train 0.02083 [rs=0.0107 rs1=0.0088 ro=0.0069] | val 0.01459 | lr 8.46e-04 |  154.5s (no improvement 5/30)
Epoch  130/500 | train 0.02120 [rs=0.0108 rs1=0.0089 ro=0.0076] | val 0.01193 | lr 8.44e-04 |  155.6s (no improvement 6/30)
Epoch  131/500 | train 0.01971 [rs=0.0102 rs1=0.0082 ro=0.0066] | val 0.01204 | lr 8.42e-04 |  156.8s (no improvement 7/30)
Epoch  132/500 | train 0.02176 [rs=0.0110 rs1=0.0092 ro=0.0075] | val 0.01281 | lr 8.39e-04 |  157.9s (no improvement 8/30)
Epoch  133/500 | train 0.02107 [rs=0.0106 rs1=0.0089 ro=0.0075] | val 0.01110 | lr 8.37e-04 |  159.1s ✓ best
Epoch  134/500 | train 0.02093 [rs=0.0109 rs1=0.0087 ro=0.0064] | val 0.01078 | lr 8.35e-04 |  160.3s ✓ best
Epoch  135/500 | train 0.01950 [rs=0.0101 rs1=0.0081 ro=0.0065] | val 0.01110 | lr 8.32e-04 |  161.5s (no improvement 1/30)
Epoch  136/500 | train 0.01940 [rs=0.0101 rs1=0.0080 ro=0.0064] | val 0.01363 | lr 8.30e-04 |  162.6s (no improvement 2/30)
Epoch  137/500 | train 0.01987 [rs=0.0104 rs1=0.0082 ro=0.0064] | val 0.01115 | lr 8.28e-04 |  163.7s (no improvement 3/30)
Epoch  138/500 | train 0.01905 [rs=0.0099 rs1=0.0079 ro=0.0063] | val 0.01158 | lr 8.25e-04 |  164.9s (no improvement 4/30)
Epoch  139/500 | train 0.02034 [rs=0.0105 rs1=0.0085 ro=0.0067] | val 0.01146 | lr 8.23e-04 |  166.0s (no improvement 5/30)
Epoch  140/500 | train 0.02084 [rs=0.0109 rs1=0.0087 ro=0.0065] | val 0.01529 | lr 8.21e-04 |  167.1s (no improvement 6/30)
Epoch  141/500 | train 0.02005 [rs=0.0103 rs1=0.0084 ro=0.0066] | val 0.01054 | lr 8.18e-04 |  168.3s ✓ best
Epoch  142/500 | train 0.02019 [rs=0.0104 rs1=0.0085 ro=0.0063] | val 0.01195 | lr 8.16e-04 |  169.5s (no improvement 1/30)
Epoch  143/500 | train 0.02007 [rs=0.0104 rs1=0.0084 ro=0.0063] | val 0.02304 | lr 8.13e-04 |  170.6s (no improvement 2/30)
Epoch  144/500 | train 0.02371 [rs=0.0120 rs1=0.0101 ro=0.0084] | val 0.01183 | lr 8.11e-04 |  171.8s (no improvement 3/30)
Epoch  145/500 | train 0.02294 [rs=0.0118 rs1=0.0098 ro=0.0069] | val 0.01110 | lr 8.08e-04 |  172.9s (no improvement 4/30)
Epoch  146/500 | train 0.02178 [rs=0.0110 rs1=0.0092 ro=0.0077] | val 0.01534 | lr 8.06e-04 |  174.0s (no improvement 5/30)
Epoch  147/500 | train 0.02057 [rs=0.0106 rs1=0.0086 ro=0.0069] | val 0.01347 | lr 8.03e-04 |  175.1s (no improvement 6/30)
Epoch  148/500 | train 0.02080 [rs=0.0105 rs1=0.0088 ro=0.0076] | val 0.01701 | lr 8.01e-04 |  176.2s (no improvement 7/30)
Epoch  149/500 | train 0.02113 [rs=0.0109 rs1=0.0089 ro=0.0068] | val 0.01005 | lr 7.98e-04 |  177.4s ✓ best
Epoch  150/500 | train 0.01909 [rs=0.0099 rs1=0.0080 ro=0.0060] | val 0.01023 | lr 7.96e-04 |  178.6s (no improvement 1/30)
Epoch  151/500 | train 0.01889 [rs=0.0097 rs1=0.0079 ro=0.0064] | val 0.01087 | lr 7.93e-04 |  179.7s (no improvement 2/30)
Epoch  152/500 | train 0.01804 [rs=0.0093 rs1=0.0075 ro=0.0060] | val 0.01056 | lr 7.91e-04 |  180.8s (no improvement 3/30)
Epoch  153/500 | train 0.01859 [rs=0.0097 rs1=0.0077 ro=0.0058] | val 0.01498 | lr 7.88e-04 |  182.0s (no improvement 4/30)
Epoch  154/500 | train 0.01873 [rs=0.0097 rs1=0.0079 ro=0.0061] | val 0.01035 | lr 7.86e-04 |  183.1s (no improvement 5/30)
Epoch  155/500 | train 0.01791 [rs=0.0093 rs1=0.0074 ro=0.0059] | val 0.01111 | lr 7.83e-04 |  184.2s (no improvement 6/30)
Epoch  156/500 | train 0.01812 [rs=0.0093 rs1=0.0076 ro=0.0063] | val 0.00944 | lr 7.81e-04 |  185.4s ✓ best
Epoch  157/500 | train 0.01738 [rs=0.0091 rs1=0.0072 ro=0.0057] | val 0.00963 | lr 7.78e-04 |  186.6s (no improvement 1/30)
Epoch  158/500 | train 0.01663 [rs=0.0087 rs1=0.0069 ro=0.0055] | val 0.00935 | lr 7.75e-04 |  187.8s ✓ best
Epoch  159/500 | train 0.01660 [rs=0.0086 rs1=0.0069 ro=0.0057] | val 0.00942 | lr 7.73e-04 |  188.9s (no improvement 1/30)
Epoch  160/500 | train 0.01631 [rs=0.0085 rs1=0.0067 ro=0.0052] | val 0.00990 | lr 7.70e-04 |  190.1s (no improvement 2/30)
Epoch  161/500 | train 0.01669 [rs=0.0087 rs1=0.0069 ro=0.0054] | val 0.00933 | lr 7.68e-04 |  191.3s ✓ best
Epoch  162/500 | train 0.01627 [rs=0.0085 rs1=0.0067 ro=0.0052] | val 0.00877 | lr 7.65e-04 |  192.5s ✓ best
Epoch  163/500 | train 0.01605 [rs=0.0083 rs1=0.0066 ro=0.0054] | val 0.00905 | lr 7.62e-04 |  193.6s (no improvement 1/30)
Epoch  164/500 | train 0.01561 [rs=0.0081 rs1=0.0065 ro=0.0052] | val 0.00884 | lr 7.60e-04 |  194.8s (no improvement 2/30)
Epoch  165/500 | train 0.01612 [rs=0.0085 rs1=0.0066 ro=0.0052] | val 0.00985 | lr 7.57e-04 |  195.9s (no improvement 3/30)
Epoch  166/500 | train 0.01653 [rs=0.0087 rs1=0.0068 ro=0.0052] | val 0.00944 | lr 7.54e-04 |  197.0s (no improvement 4/30)
Epoch  167/500 | train 0.01684 [rs=0.0087 rs1=0.0070 ro=0.0056] | val 0.01088 | lr 7.52e-04 |  198.2s (no improvement 5/30)
Epoch  168/500 | train 0.01841 [rs=0.0094 rs1=0.0077 ro=0.0064] | val 0.00942 | lr 7.49e-04 |  199.3s (no improvement 6/30)
Epoch  169/500 | train 0.01620 [rs=0.0084 rs1=0.0067 ro=0.0054] | val 0.01161 | lr 7.46e-04 |  200.4s (no improvement 7/30)
Epoch  170/500 | train 0.01751 [rs=0.0089 rs1=0.0073 ro=0.0061] | val 0.01008 | lr 7.43e-04 |  201.5s (no improvement 8/30)
Epoch  171/500 | train 0.01610 [rs=0.0084 rs1=0.0066 ro=0.0052] | val 0.00984 | lr 7.41e-04 |  202.7s (no improvement 9/30)
Epoch  172/500 | train 0.01648 [rs=0.0085 rs1=0.0069 ro=0.0055] | val 0.00925 | lr 7.38e-04 |  203.8s (no improvement 10/30)
Epoch  173/500 | train 0.01633 [rs=0.0084 rs1=0.0068 ro=0.0057] | val 0.00952 | lr 7.35e-04 |  204.9s (no improvement 11/30)
Epoch  174/500 | train 0.01622 [rs=0.0085 rs1=0.0067 ro=0.0054] | val 0.01047 | lr 7.32e-04 |  206.0s (no improvement 12/30)
Epoch  175/500 | train 0.01546 [rs=0.0081 rs1=0.0064 ro=0.0050] | val 0.00885 | lr 7.30e-04 |  207.2s (no improvement 13/30)
Epoch  176/500 | train 0.01633 [rs=0.0085 rs1=0.0068 ro=0.0054] | val 0.01034 | lr 7.27e-04 |  208.3s (no improvement 14/30)
Epoch  177/500 | train 0.01586 [rs=0.0082 rs1=0.0066 ro=0.0052] | val 0.00883 | lr 7.24e-04 |  209.4s (no improvement 15/30)
Epoch  178/500 | train 0.01578 [rs=0.0082 rs1=0.0065 ro=0.0051] | val 0.00845 | lr 7.21e-04 |  210.6s ✓ best
Epoch  179/500 | train 0.01537 [rs=0.0081 rs1=0.0063 ro=0.0048] | val 0.00907 | lr 7.19e-04 |  211.8s (no improvement 1/30)
Epoch  180/500 | train 0.01512 [rs=0.0080 rs1=0.0062 ro=0.0048] | val 0.00866 | lr 7.16e-04 |  212.9s (no improvement 2/30)
Epoch  181/500 | train 0.01511 [rs=0.0079 rs1=0.0062 ro=0.0050] | val 0.01019 | lr 7.13e-04 |  214.0s (no improvement 3/30)
Epoch  182/500 | train 0.01534 [rs=0.0081 rs1=0.0063 ro=0.0046] | val 0.00912 | lr 7.10e-04 |  215.2s (no improvement 4/30)
Epoch  183/500 | train 0.01474 [rs=0.0077 rs1=0.0061 ro=0.0047] | val 0.00875 | lr 7.07e-04 |  216.3s (no improvement 5/30)
Epoch  184/500 | train 0.01464 [rs=0.0078 rs1=0.0059 ro=0.0047] | val 0.00837 | lr 7.04e-04 |  217.6s ✓ best
Epoch  185/500 | train 0.01445 [rs=0.0076 rs1=0.0059 ro=0.0047] | val 0.00827 | lr 7.02e-04 |  218.8s ✓ best
Epoch  186/500 | train 0.01454 [rs=0.0076 rs1=0.0060 ro=0.0047] | val 0.01008 | lr 6.99e-04 |  220.0s (no improvement 1/30)
Epoch  187/500 | train 0.01525 [rs=0.0080 rs1=0.0063 ro=0.0050] | val 0.00840 | lr 6.96e-04 |  221.1s (no improvement 2/30)
Epoch  188/500 | train 0.01441 [rs=0.0076 rs1=0.0059 ro=0.0046] | val 0.00799 | lr 6.93e-04 |  222.3s ✓ best
Epoch  189/500 | train 0.01496 [rs=0.0079 rs1=0.0061 ro=0.0048] | val 0.00919 | lr 6.90e-04 |  223.5s (no improvement 1/30)
Epoch  190/500 | train 0.01440 [rs=0.0076 rs1=0.0060 ro=0.0044] | val 0.00892 | lr 6.87e-04 |  224.6s (no improvement 2/30)
Epoch  191/500 | train 0.01489 [rs=0.0078 rs1=0.0061 ro=0.0047] | val 0.01091 | lr 6.84e-04 |  225.7s (no improvement 3/30)
Epoch  192/500 | train 0.01462 [rs=0.0077 rs1=0.0060 ro=0.0047] | val 0.00792 | lr 6.81e-04 |  226.9s ✓ best
Epoch  193/500 | train 0.01448 [rs=0.0076 rs1=0.0059 ro=0.0046] | val 0.00829 | lr 6.79e-04 |  228.1s (no improvement 1/30)
Epoch  194/500 | train 0.01409 [rs=0.0074 rs1=0.0058 ro=0.0045] | val 0.00837 | lr 6.76e-04 |  229.2s (no improvement 2/30)
Epoch  195/500 | train 0.01406 [rs=0.0074 rs1=0.0057 ro=0.0045] | val 0.00766 | lr 6.73e-04 |  230.4s ✓ best
Epoch  196/500 | train 0.01398 [rs=0.0074 rs1=0.0057 ro=0.0045] | val 0.00924 | lr 6.70e-04 |  231.5s (no improvement 1/30)
Epoch  197/500 | train 0.01421 [rs=0.0075 rs1=0.0059 ro=0.0044] | val 0.00847 | lr 6.67e-04 |  232.7s (no improvement 2/30)
Epoch  198/500 | train 0.01395 [rs=0.0073 rs1=0.0057 ro=0.0044] | val 0.00772 | lr 6.64e-04 |  233.8s (no improvement 3/30)
Epoch  199/500 | train 0.01409 [rs=0.0074 rs1=0.0058 ro=0.0047] | val 0.00773 | lr 6.61e-04 |  234.9s (no improvement 4/30)
Epoch  200/500 | train 0.01395 [rs=0.0073 rs1=0.0057 ro=0.0045] | val 0.00913 | lr 6.58e-04 |  236.1s (no improvement 5/30)
Epoch  201/500 | train 0.01366 [rs=0.0072 rs1=0.0056 ro=0.0043] | val 0.00764 | lr 6.55e-04 |  237.3s ✓ best
Epoch  202/500 | train 0.01413 [rs=0.0074 rs1=0.0058 ro=0.0043] | val 0.00745 | lr 6.52e-04 |  238.5s ✓ best
Epoch  203/500 | train 0.01362 [rs=0.0071 rs1=0.0056 ro=0.0043] | val 0.00786 | lr 6.49e-04 |  239.6s (no improvement 1/30)
Epoch  204/500 | train 0.01315 [rs=0.0069 rs1=0.0054 ro=0.0042] | val 0.00795 | lr 6.46e-04 |  240.7s (no improvement 2/30)
Epoch  205/500 | train 0.01347 [rs=0.0070 rs1=0.0056 ro=0.0043] | val 0.00843 | lr 6.43e-04 |  241.9s (no improvement 3/30)
Epoch  206/500 | train 0.01343 [rs=0.0071 rs1=0.0055 ro=0.0043] | val 0.00741 | lr 6.40e-04 |  243.1s ✓ best
Epoch  207/500 | train 0.01342 [rs=0.0071 rs1=0.0055 ro=0.0041] | val 0.00739 | lr 6.37e-04 |  244.3s ✓ best
Epoch  208/500 | train 0.01369 [rs=0.0072 rs1=0.0056 ro=0.0043] | val 0.01004 | lr 6.34e-04 |  245.4s (no improvement 1/30)
Epoch  209/500 | train 0.01369 [rs=0.0071 rs1=0.0057 ro=0.0046] | val 0.00778 | lr 6.31e-04 |  246.6s (no improvement 2/30)
Epoch  210/500 | train 0.01396 [rs=0.0072 rs1=0.0058 ro=0.0044] | val 0.00736 | lr 6.28e-04 |  247.8s ✓ best
Epoch  211/500 | train 0.01363 [rs=0.0072 rs1=0.0056 ro=0.0042] | val 0.00880 | lr 6.25e-04 |  248.9s (no improvement 1/30)
Epoch  212/500 | train 0.01343 [rs=0.0070 rs1=0.0056 ro=0.0041] | val 0.00840 | lr 6.22e-04 |  250.0s (no improvement 2/30)
Epoch  213/500 | train 0.01354 [rs=0.0071 rs1=0.0056 ro=0.0043] | val 0.00849 | lr 6.19e-04 |  251.2s (no improvement 3/30)
Epoch  214/500 | train 0.01357 [rs=0.0071 rs1=0.0056 ro=0.0042] | val 0.00720 | lr 6.16e-04 |  252.4s ✓ best
Epoch  215/500 | train 0.01347 [rs=0.0071 rs1=0.0055 ro=0.0042] | val 0.00744 | lr 6.13e-04 |  253.5s (no improvement 1/30)
Epoch  216/500 | train 0.01305 [rs=0.0069 rs1=0.0054 ro=0.0040] | val 0.00785 | lr 6.10e-04 |  254.6s (no improvement 2/30)
Epoch  217/500 | train 0.01279 [rs=0.0067 rs1=0.0053 ro=0.0040] | val 0.00698 | lr 6.07e-04 |  255.9s ✓ best
Epoch  218/500 | train 0.01311 [rs=0.0069 rs1=0.0054 ro=0.0041] | val 0.00805 | lr 6.04e-04 |  257.0s (no improvement 1/30)
Epoch  219/500 | train 0.01319 [rs=0.0070 rs1=0.0054 ro=0.0040] | val 0.00740 | lr 6.01e-04 |  258.1s (no improvement 2/30)
Epoch  220/500 | train 0.01301 [rs=0.0069 rs1=0.0053 ro=0.0040] | val 0.00718 | lr 5.98e-04 |  259.2s (no improvement 3/30)
Epoch  221/500 | train 0.01266 [rs=0.0067 rs1=0.0052 ro=0.0039] | val 0.00750 | lr 5.95e-04 |  260.4s (no improvement 4/30)
Epoch  222/500 | train 0.01266 [rs=0.0067 rs1=0.0052 ro=0.0039] | val 0.00759 | lr 5.92e-04 |  261.5s (no improvement 5/30)
Epoch  223/500 | train 0.01245 [rs=0.0065 rs1=0.0051 ro=0.0040] | val 0.00749 | lr 5.89e-04 |  262.6s (no improvement 6/30)
Epoch  224/500 | train 0.01234 [rs=0.0065 rs1=0.0051 ro=0.0039] | val 0.00720 | lr 5.86e-04 |  263.7s (no improvement 7/30)
Epoch  225/500 | train 0.01234 [rs=0.0065 rs1=0.0051 ro=0.0039] | val 0.00707 | lr 5.82e-04 |  264.9s (no improvement 8/30)
Epoch  226/500 | train 0.01254 [rs=0.0066 rs1=0.0051 ro=0.0039] | val 0.00683 | lr 5.79e-04 |  266.1s ✓ best
Epoch  227/500 | train 0.01233 [rs=0.0065 rs1=0.0051 ro=0.0039] | val 0.00731 | lr 5.76e-04 |  267.2s (no improvement 1/30)
Epoch  228/500 | train 0.01227 [rs=0.0064 rs1=0.0051 ro=0.0039] | val 0.00714 | lr 5.73e-04 |  268.3s (no improvement 2/30)
Epoch  229/500 | train 0.01217 [rs=0.0064 rs1=0.0050 ro=0.0038] | val 0.00754 | lr 5.70e-04 |  269.5s (no improvement 3/30)
Epoch  230/500 | train 0.01225 [rs=0.0065 rs1=0.0050 ro=0.0038] | val 0.00681 | lr 5.67e-04 |  270.7s ✓ best
Epoch  231/500 | train 0.01233 [rs=0.0065 rs1=0.0051 ro=0.0039] | val 0.00712 | lr 5.64e-04 |  271.8s (no improvement 1/30)
Epoch  232/500 | train 0.01212 [rs=0.0064 rs1=0.0050 ro=0.0038] | val 0.00674 | lr 5.61e-04 |  273.0s ✓ best
Epoch  233/500 | train 0.01221 [rs=0.0064 rs1=0.0050 ro=0.0038] | val 0.00701 | lr 5.58e-04 |  274.2s (no improvement 1/30)
Epoch  234/500 | train 0.01221 [rs=0.0064 rs1=0.0050 ro=0.0038] | val 0.00654 | lr 5.55e-04 |  275.4s ✓ best
Epoch  235/500 | train 0.01212 [rs=0.0063 rs1=0.0050 ro=0.0038] | val 0.00692 | lr 5.52e-04 |  276.5s (no improvement 1/30)
Epoch  236/500 | train 0.01198 [rs=0.0063 rs1=0.0050 ro=0.0037] | val 0.00725 | lr 5.48e-04 |  277.7s (no improvement 2/30)
Epoch  237/500 | train 0.01197 [rs=0.0062 rs1=0.0050 ro=0.0038] | val 0.00690 | lr 5.45e-04 |  278.8s (no improvement 3/30)
Epoch  238/500 | train 0.01241 [rs=0.0065 rs1=0.0052 ro=0.0039] | val 0.00863 | lr 5.42e-04 |  279.9s (no improvement 4/30)
Epoch  239/500 | train 0.01225 [rs=0.0064 rs1=0.0051 ro=0.0039] | val 0.00645 | lr 5.39e-04 |  281.1s ✓ best
Epoch  240/500 | train 0.01257 [rs=0.0066 rs1=0.0052 ro=0.0039] | val 0.00666 | lr 5.36e-04 |  282.2s (no improvement 1/30)
Epoch  241/500 | train 0.01199 [rs=0.0063 rs1=0.0050 ro=0.0037] | val 0.00848 | lr 5.33e-04 |  283.4s (no improvement 2/30)
Epoch  242/500 | train 0.01266 [rs=0.0065 rs1=0.0053 ro=0.0041] | val 0.00648 | lr 5.30e-04 |  284.5s (no improvement 3/30)
Epoch  243/500 | train 0.01210 [rs=0.0063 rs1=0.0050 ro=0.0040] | val 0.00743 | lr 5.27e-04 |  285.6s (no improvement 4/30)
Epoch  244/500 | train 0.01206 [rs=0.0063 rs1=0.0050 ro=0.0038] | val 0.00705 | lr 5.24e-04 |  286.8s (no improvement 5/30)
Epoch  245/500 | train 0.01209 [rs=0.0063 rs1=0.0050 ro=0.0037] | val 0.00670 | lr 5.21e-04 |  287.9s (no improvement 6/30)
Epoch  246/500 | train 0.01188 [rs=0.0062 rs1=0.0049 ro=0.0037] | val 0.00654 | lr 5.17e-04 |  289.0s (no improvement 7/30)
Epoch  247/500 | train 0.01182 [rs=0.0062 rs1=0.0049 ro=0.0038] | val 0.00714 | lr 5.14e-04 |  290.1s (no improvement 8/30)
Epoch  248/500 | train 0.01202 [rs=0.0062 rs1=0.0050 ro=0.0039] | val 0.00724 | lr 5.11e-04 |  291.3s (no improvement 9/30)
Epoch  249/500 | train 0.01170 [rs=0.0062 rs1=0.0048 ro=0.0036] | val 0.00674 | lr 5.08e-04 |  292.4s (no improvement 10/30)
Epoch  250/500 | train 0.01184 [rs=0.0061 rs1=0.0050 ro=0.0037] | val 0.00714 | lr 5.05e-04 |  293.5s (no improvement 11/30)
Epoch  251/500 | train 0.01190 [rs=0.0062 rs1=0.0050 ro=0.0040] | val 0.00667 | lr 5.02e-04 |  294.6s (no improvement 12/30)
Epoch  252/500 | train 0.01148 [rs=0.0060 rs1=0.0047 ro=0.0039] | val 0.00637 | lr 4.99e-04 |  295.9s ✓ best
Epoch  253/500 | train 0.01136 [rs=0.0059 rs1=0.0047 ro=0.0036] | val 0.00677 | lr 4.96e-04 |  297.0s (no improvement 1/30)
Epoch  254/500 | train 0.01155 [rs=0.0061 rs1=0.0048 ro=0.0035] | val 0.00766 | lr 4.93e-04 |  298.1s (no improvement 2/30)
Epoch  255/500 | train 0.01125 [rs=0.0058 rs1=0.0047 ro=0.0037] | val 0.00615 | lr 4.89e-04 |  299.3s ✓ best
Epoch  256/500 | train 0.01189 [rs=0.0061 rs1=0.0050 ro=0.0039] | val 0.00632 | lr 4.86e-04 |  300.6s (no improvement 1/30)
Epoch  257/500 | train 0.01109 [rs=0.0058 rs1=0.0046 ro=0.0036] | val 0.00701 | lr 4.83e-04 |  301.7s (no improvement 2/30)
Epoch  258/500 | train 0.01121 [rs=0.0058 rs1=0.0047 ro=0.0035] | val 0.00633 | lr 4.80e-04 |  302.8s (no improvement 3/30)
Epoch  259/500 | train 0.01109 [rs=0.0057 rs1=0.0047 ro=0.0035] | val 0.00626 | lr 4.77e-04 |  304.0s (no improvement 4/30)
Epoch  260/500 | train 0.01108 [rs=0.0057 rs1=0.0047 ro=0.0036] | val 0.00609 | lr 4.74e-04 |  305.2s ✓ best
Epoch  261/500 | train 0.01112 [rs=0.0058 rs1=0.0046 ro=0.0035] | val 0.00622 | lr 4.71e-04 |  306.3s (no improvement 1/30)
Epoch  262/500 | train 0.01103 [rs=0.0057 rs1=0.0046 ro=0.0035] | val 0.00668 | lr 4.68e-04 |  307.4s (no improvement 2/30)
Epoch  263/500 | train 0.01105 [rs=0.0058 rs1=0.0046 ro=0.0035] | val 0.00617 | lr 4.65e-04 |  308.6s (no improvement 3/30)
Epoch  264/500 | train 0.01100 [rs=0.0057 rs1=0.0046 ro=0.0034] | val 0.00601 | lr 4.62e-04 |  309.8s ✓ best
Epoch  265/500 | train 0.01099 [rs=0.0057 rs1=0.0046 ro=0.0035] | val 0.00668 | lr 4.58e-04 |  310.9s (no improvement 1/30)
Epoch  266/500 | train 0.01090 [rs=0.0056 rs1=0.0046 ro=0.0034] | val 0.00607 | lr 4.55e-04 |  312.0s (no improvement 2/30)
Epoch  267/500 | train 0.01081 [rs=0.0056 rs1=0.0045 ro=0.0034] | val 0.00630 | lr 4.52e-04 |  313.2s (no improvement 3/30)
Epoch  268/500 | train 0.01080 [rs=0.0056 rs1=0.0045 ro=0.0034] | val 0.00597 | lr 4.49e-04 |  314.4s ✓ best
Epoch  269/500 | train 0.01096 [rs=0.0057 rs1=0.0046 ro=0.0034] | val 0.00627 | lr 4.46e-04 |  315.5s (no improvement 1/30)
Epoch  270/500 | train 0.01071 [rs=0.0055 rs1=0.0045 ro=0.0034] | val 0.00597 | lr 4.43e-04 |  316.6s (no improvement 2/30)
Epoch  271/500 | train 0.01070 [rs=0.0055 rs1=0.0045 ro=0.0033] | val 0.00652 | lr 4.40e-04 |  317.8s (no improvement 3/30)
Epoch  272/500 | train 0.01078 [rs=0.0056 rs1=0.0045 ro=0.0034] | val 0.00634 | lr 4.37e-04 |  318.9s (no improvement 4/30)
Epoch  273/500 | train 0.01085 [rs=0.0056 rs1=0.0045 ro=0.0035] | val 0.00601 | lr 4.34e-04 |  320.0s (no improvement 5/30)
Epoch  274/500 | train 0.01055 [rs=0.0055 rs1=0.0044 ro=0.0034] | val 0.00615 | lr 4.31e-04 |  321.2s (no improvement 6/30)
Epoch  275/500 | train 0.01054 [rs=0.0054 rs1=0.0044 ro=0.0034] | val 0.00570 | lr 4.28e-04 |  322.3s ✓ best
Epoch  276/500 | train 0.01064 [rs=0.0056 rs1=0.0044 ro=0.0033] | val 0.00607 | lr 4.24e-04 |  323.5s (no improvement 1/30)
Epoch  277/500 | train 0.01047 [rs=0.0054 rs1=0.0044 ro=0.0033] | val 0.00572 | lr 4.21e-04 |  324.6s (no improvement 2/30)
Epoch  278/500 | train 0.01058 [rs=0.0055 rs1=0.0044 ro=0.0033] | val 0.00647 | lr 4.18e-04 |  325.7s (no improvement 3/30)
Epoch  279/500 | train 0.01050 [rs=0.0055 rs1=0.0044 ro=0.0033] | val 0.00578 | lr 4.15e-04 |  326.9s (no improvement 4/30)
Epoch  280/500 | train 0.01055 [rs=0.0055 rs1=0.0044 ro=0.0033] | val 0.00641 | lr 4.12e-04 |  328.0s (no improvement 5/30)
Epoch  281/500 | train 0.01051 [rs=0.0055 rs1=0.0044 ro=0.0032] | val 0.00554 | lr 4.09e-04 |  329.2s ✓ best
Epoch  282/500 | train 0.01040 [rs=0.0054 rs1=0.0044 ro=0.0033] | val 0.00617 | lr 4.06e-04 |  330.3s (no improvement 1/30)
Epoch  283/500 | train 0.01051 [rs=0.0055 rs1=0.0044 ro=0.0033] | val 0.00586 | lr 4.03e-04 |  331.5s (no improvement 2/30)
Epoch  284/500 | train 0.01037 [rs=0.0053 rs1=0.0044 ro=0.0033] | val 0.00573 | lr 4.00e-04 |  332.6s (no improvement 3/30)
Epoch  285/500 | train 0.01052 [rs=0.0054 rs1=0.0044 ro=0.0033] | val 0.00567 | lr 3.97e-04 |  333.7s (no improvement 4/30)
Epoch  286/500 | train 0.01035 [rs=0.0054 rs1=0.0043 ro=0.0032] | val 0.00612 | lr 3.94e-04 |  334.9s (no improvement 5/30)
Epoch  287/500 | train 0.01015 [rs=0.0053 rs1=0.0042 ro=0.0032] | val 0.00553 | lr 3.91e-04 |  336.1s ✓ best
Epoch  288/500 | train 0.01029 [rs=0.0053 rs1=0.0043 ro=0.0032] | val 0.00638 | lr 3.88e-04 |  337.2s (no improvement 1/30)
Epoch  289/500 | train 0.01026 [rs=0.0053 rs1=0.0043 ro=0.0033] | val 0.00569 | lr 3.85e-04 |  338.3s (no improvement 2/30)
Epoch  290/500 | train 0.01038 [rs=0.0054 rs1=0.0043 ro=0.0033] | val 0.00576 | lr 3.82e-04 |  339.5s (no improvement 3/30)
Epoch  291/500 | train 0.01033 [rs=0.0054 rs1=0.0043 ro=0.0032] | val 0.00583 | lr 3.79e-04 |  340.6s (no improvement 4/30)
Epoch  292/500 | train 0.00992 [rs=0.0051 rs1=0.0042 ro=0.0032] | val 0.00567 | lr 3.76e-04 |  341.7s (no improvement 5/30)
Epoch  293/500 | train 0.00986 [rs=0.0051 rs1=0.0041 ro=0.0032] | val 0.00578 | lr 3.73e-04 |  342.8s (no improvement 6/30)
Epoch  294/500 | train 0.01013 [rs=0.0053 rs1=0.0042 ro=0.0032] | val 0.00548 | lr 3.70e-04 |  344.1s ✓ best
Epoch  295/500 | train 0.01009 [rs=0.0052 rs1=0.0042 ro=0.0032] | val 0.00621 | lr 3.67e-04 |  345.2s (no improvement 1/30)
Epoch  296/500 | train 0.00996 [rs=0.0051 rs1=0.0042 ro=0.0032] | val 0.00551 | lr 3.64e-04 |  346.3s (no improvement 2/30)
Epoch  297/500 | train 0.01003 [rs=0.0052 rs1=0.0041 ro=0.0032] | val 0.00591 | lr 3.61e-04 |  347.5s (no improvement 3/30)
Epoch  298/500 | train 0.01008 [rs=0.0052 rs1=0.0042 ro=0.0032] | val 0.00557 | lr 3.58e-04 |  348.6s (no improvement 4/30)
Epoch  299/500 | train 0.01000 [rs=0.0052 rs1=0.0042 ro=0.0033] | val 0.00587 | lr 3.55e-04 |  349.7s (no improvement 5/30)
Epoch  300/500 | train 0.00988 [rs=0.0051 rs1=0.0041 ro=0.0033] | val 0.00535 | lr 3.52e-04 |  350.9s ✓ best
Epoch  301/500 | train 0.00978 [rs=0.0050 rs1=0.0041 ro=0.0032] | val 0.00640 | lr 3.49e-04 |  352.1s (no improvement 1/30)
Epoch  302/500 | train 0.01011 [rs=0.0052 rs1=0.0042 ro=0.0032] | val 0.00519 | lr 3.46e-04 |  353.3s ✓ best
Epoch  303/500 | train 0.01019 [rs=0.0053 rs1=0.0042 ro=0.0033] | val 0.00628 | lr 3.43e-04 |  354.4s (no improvement 1/30)
Epoch  304/500 | train 0.01003 [rs=0.0052 rs1=0.0042 ro=0.0032] | val 0.00574 | lr 3.40e-04 |  355.5s (no improvement 2/30)
Epoch  305/500 | train 0.01011 [rs=0.0053 rs1=0.0042 ro=0.0033] | val 0.00650 | lr 3.37e-04 |  356.7s (no improvement 3/30)
Epoch  306/500 | train 0.01053 [rs=0.0054 rs1=0.0044 ro=0.0034] | val 0.00542 | lr 3.34e-04 |  357.8s (no improvement 4/30)
Epoch  307/500 | train 0.01011 [rs=0.0052 rs1=0.0043 ro=0.0034] | val 0.00652 | lr 3.31e-04 |  358.9s (no improvement 5/30)
Epoch  308/500 | train 0.01007 [rs=0.0052 rs1=0.0043 ro=0.0032] | val 0.00516 | lr 3.29e-04 |  360.1s ✓ best
Epoch  309/500 | train 0.01000 [rs=0.0052 rs1=0.0042 ro=0.0031] | val 0.00629 | lr 3.26e-04 |  361.2s (no improvement 1/30)
Epoch  310/500 | train 0.00985 [rs=0.0051 rs1=0.0041 ro=0.0032] | val 0.00523 | lr 3.23e-04 |  362.4s (no improvement 2/30)
Epoch  311/500 | train 0.00975 [rs=0.0050 rs1=0.0041 ro=0.0032] | val 0.00541 | lr 3.20e-04 |  363.5s (no improvement 3/30)
Epoch  312/500 | train 0.00967 [rs=0.0050 rs1=0.0041 ro=0.0032] | val 0.00525 | lr 3.17e-04 |  364.6s (no improvement 4/30)
Epoch  313/500 | train 0.00950 [rs=0.0049 rs1=0.0040 ro=0.0031] | val 0.00545 | lr 3.14e-04 |  365.7s (no improvement 5/30)
Epoch  314/500 | train 0.00961 [rs=0.0049 rs1=0.0041 ro=0.0031] | val 0.00559 | lr 3.11e-04 |  366.8s (no improvement 6/30)
Epoch  315/500 | train 0.00963 [rs=0.0050 rs1=0.0041 ro=0.0031] | val 0.00508 | lr 3.08e-04 |  368.0s ✓ best
Epoch  316/500 | train 0.00962 [rs=0.0050 rs1=0.0041 ro=0.0031] | val 0.00534 | lr 3.06e-04 |  369.2s (no improvement 1/30)
Epoch  317/500 | train 0.00962 [rs=0.0050 rs1=0.0040 ro=0.0030] | val 0.00516 | lr 3.03e-04 |  370.3s (no improvement 2/30)
Epoch  318/500 | train 0.00946 [rs=0.0049 rs1=0.0040 ro=0.0030] | val 0.00530 | lr 3.00e-04 |  371.4s (no improvement 3/30)
Epoch  319/500 | train 0.00966 [rs=0.0050 rs1=0.0040 ro=0.0030] | val 0.00512 | lr 2.97e-04 |  372.6s (no improvement 4/30)
Epoch  320/500 | train 0.00945 [rs=0.0048 rs1=0.0040 ro=0.0031] | val 0.00630 | lr 2.94e-04 |  373.7s (no improvement 5/30)
Epoch  321/500 | train 0.00955 [rs=0.0049 rs1=0.0040 ro=0.0031] | val 0.00498 | lr 2.91e-04 |  374.9s ✓ best
Epoch  322/500 | train 0.00956 [rs=0.0049 rs1=0.0040 ro=0.0031] | val 0.00593 | lr 2.89e-04 |  376.0s (no improvement 1/30)
Epoch  323/500 | train 0.00956 [rs=0.0049 rs1=0.0040 ro=0.0031] | val 0.00501 | lr 2.86e-04 |  377.2s (no improvement 2/30)
Epoch  324/500 | train 0.00972 [rs=0.0050 rs1=0.0041 ro=0.0032] | val 0.00525 | lr 2.83e-04 |  378.3s (no improvement 3/30)
Epoch  325/500 | train 0.00953 [rs=0.0049 rs1=0.0040 ro=0.0031] | val 0.00500 | lr 2.80e-04 |  379.4s (no improvement 4/30)
Epoch  326/500 | train 0.00950 [rs=0.0049 rs1=0.0040 ro=0.0030] | val 0.00507 | lr 2.78e-04 |  380.5s (no improvement 5/30)
Epoch  327/500 | train 0.00954 [rs=0.0049 rs1=0.0040 ro=0.0030] | val 0.00560 | lr 2.75e-04 |  381.7s (no improvement 6/30)
Epoch  328/500 | train 0.00943 [rs=0.0048 rs1=0.0040 ro=0.0030] | val 0.00493 | lr 2.72e-04 |  382.9s ✓ best
Epoch  329/500 | train 0.00943 [rs=0.0048 rs1=0.0040 ro=0.0030] | val 0.00633 | lr 2.69e-04 |  384.0s (no improvement 1/30)
Epoch  330/500 | train 0.00948 [rs=0.0049 rs1=0.0040 ro=0.0031] | val 0.00502 | lr 2.67e-04 |  385.3s (no improvement 2/30)
Epoch  331/500 | train 0.00943 [rs=0.0048 rs1=0.0040 ro=0.0030] | val 0.00590 | lr 2.64e-04 |  386.4s (no improvement 3/30)
Epoch  332/500 | train 0.00937 [rs=0.0048 rs1=0.0040 ro=0.0030] | val 0.00498 | lr 2.61e-04 |  387.5s (no improvement 4/30)
Epoch  333/500 | train 0.00927 [rs=0.0048 rs1=0.0039 ro=0.0030] | val 0.00533 | lr 2.58e-04 |  388.6s (no improvement 5/30)
Epoch  334/500 | train 0.00925 [rs=0.0048 rs1=0.0039 ro=0.0030] | val 0.00530 | lr 2.56e-04 |  389.8s (no improvement 6/30)
Epoch  335/500 | train 0.00935 [rs=0.0048 rs1=0.0039 ro=0.0030] | val 0.00517 | lr 2.53e-04 |  390.9s (no improvement 7/30)
Epoch  336/500 | train 0.00925 [rs=0.0048 rs1=0.0039 ro=0.0030] | val 0.00530 | lr 2.50e-04 |  392.0s (no improvement 8/30)
Epoch  337/500 | train 0.00920 [rs=0.0047 rs1=0.0039 ro=0.0029] | val 0.00495 | lr 2.48e-04 |  393.2s (no improvement 9/30)
Epoch  338/500 | train 0.00907 [rs=0.0047 rs1=0.0038 ro=0.0029] | val 0.00531 | lr 2.45e-04 |  394.3s (no improvement 10/30)
Epoch  339/500 | train 0.00922 [rs=0.0048 rs1=0.0039 ro=0.0029] | val 0.00498 | lr 2.42e-04 |  395.4s (no improvement 11/30)
Epoch  340/500 | train 0.00921 [rs=0.0047 rs1=0.0039 ro=0.0030] | val 0.00489 | lr 2.40e-04 |  396.6s ✓ best
Epoch  341/500 | train 0.00902 [rs=0.0046 rs1=0.0038 ro=0.0030] | val 0.00562 | lr 2.37e-04 |  397.8s (no improvement 1/30)
Epoch  342/500 | train 0.00915 [rs=0.0047 rs1=0.0039 ro=0.0030] | val 0.00493 | lr 2.35e-04 |  398.9s (no improvement 2/30)
Epoch  343/500 | train 0.00923 [rs=0.0047 rs1=0.0039 ro=0.0031] | val 0.00534 | lr 2.32e-04 |  400.0s (no improvement 3/30)
Epoch  344/500 | train 0.00909 [rs=0.0046 rs1=0.0039 ro=0.0030] | val 0.00486 | lr 2.29e-04 |  401.2s ✓ best
Epoch  345/500 | train 0.00932 [rs=0.0048 rs1=0.0039 ro=0.0029] | val 0.00522 | lr 2.27e-04 |  402.4s (no improvement 1/30)
Epoch  346/500 | train 0.00919 [rs=0.0047 rs1=0.0039 ro=0.0029] | val 0.00513 | lr 2.24e-04 |  403.5s (no improvement 2/30)
Epoch  347/500 | train 0.00912 [rs=0.0047 rs1=0.0038 ro=0.0029] | val 0.00486 | lr 2.22e-04 |  404.6s (no improvement 3/30)
Epoch  348/500 | train 0.00902 [rs=0.0046 rs1=0.0038 ro=0.0029] | val 0.00508 | lr 2.19e-04 |  405.7s (no improvement 4/30)
Epoch  349/500 | train 0.00908 [rs=0.0047 rs1=0.0038 ro=0.0029] | val 0.00478 | lr 2.17e-04 |  407.0s ✓ best
Epoch  350/500 | train 0.00908 [rs=0.0047 rs1=0.0038 ro=0.0029] | val 0.00501 | lr 2.14e-04 |  408.1s (no improvement 1/30)
Epoch  351/500 | train 0.00917 [rs=0.0047 rs1=0.0039 ro=0.0030] | val 0.00492 | lr 2.12e-04 |  409.2s (no improvement 2/30)
Epoch  352/500 | train 0.00921 [rs=0.0048 rs1=0.0039 ro=0.0029] | val 0.00492 | lr 2.09e-04 |  410.3s (no improvement 3/30)
Epoch  353/500 | train 0.00925 [rs=0.0048 rs1=0.0039 ro=0.0029] | val 0.00488 | lr 2.07e-04 |  411.5s (no improvement 4/30)
Epoch  354/500 | train 0.00924 [rs=0.0048 rs1=0.0039 ro=0.0029] | val 0.00483 | lr 2.04e-04 |  412.6s (no improvement 5/30)
Epoch  355/500 | train 0.00901 [rs=0.0047 rs1=0.0038 ro=0.0029] | val 0.00511 | lr 2.02e-04 |  413.7s (no improvement 6/30)
Epoch  356/500 | train 0.00898 [rs=0.0046 rs1=0.0038 ro=0.0029] | val 0.00476 | lr 1.99e-04 |  414.9s ✓ best
Epoch  357/500 | train 0.00896 [rs=0.0046 rs1=0.0037 ro=0.0029] | val 0.00511 | lr 1.97e-04 |  416.1s (no improvement 1/30)
Epoch  358/500 | train 0.00884 [rs=0.0045 rs1=0.0037 ro=0.0029] | val 0.00475 | lr 1.94e-04 |  417.3s ✓ best
Epoch  359/500 | train 0.00884 [rs=0.0045 rs1=0.0037 ro=0.0029] | val 0.00477 | lr 1.92e-04 |  418.4s (no improvement 1/30)
Epoch  360/500 | train 0.00905 [rs=0.0047 rs1=0.0038 ro=0.0029] | val 0.00505 | lr 1.89e-04 |  419.6s (no improvement 2/30)
Epoch  361/500 | train 0.00880 [rs=0.0045 rs1=0.0037 ro=0.0028] | val 0.00478 | lr 1.87e-04 |  420.7s (no improvement 3/30)
Epoch  362/500 | train 0.00890 [rs=0.0046 rs1=0.0038 ro=0.0029] | val 0.00499 | lr 1.85e-04 |  421.8s (no improvement 4/30)
Epoch  363/500 | train 0.00885 [rs=0.0045 rs1=0.0037 ro=0.0028] | val 0.00476 | lr 1.82e-04 |  422.9s (no improvement 5/30)
Epoch  364/500 | train 0.00883 [rs=0.0045 rs1=0.0037 ro=0.0028] | val 0.00461 | lr 1.80e-04 |  424.1s ✓ best
Epoch  365/500 | train 0.00871 [rs=0.0044 rs1=0.0037 ro=0.0028] | val 0.00502 | lr 1.78e-04 |  425.3s (no improvement 1/30)
Epoch  366/500 | train 0.00874 [rs=0.0045 rs1=0.0037 ro=0.0028] | val 0.00458 | lr 1.75e-04 |  426.5s ✓ best
Epoch  367/500 | train 0.00889 [rs=0.0045 rs1=0.0038 ro=0.0029] | val 0.00486 | lr 1.73e-04 |  427.6s (no improvement 1/30)
Epoch  368/500 | train 0.00879 [rs=0.0045 rs1=0.0037 ro=0.0029] | val 0.00518 | lr 1.71e-04 |  428.8s (no improvement 2/30)
Epoch  369/500 | train 0.00877 [rs=0.0045 rs1=0.0037 ro=0.0028] | val 0.00465 | lr 1.68e-04 |  429.9s (no improvement 3/30)
Epoch  370/500 | train 0.00873 [rs=0.0045 rs1=0.0037 ro=0.0028] | val 0.00494 | lr 1.66e-04 |  431.0s (no improvement 4/30)
Epoch  371/500 | train 0.00872 [rs=0.0045 rs1=0.0037 ro=0.0028] | val 0.00481 | lr 1.64e-04 |  432.2s (no improvement 5/30)
Epoch  372/500 | train 0.00862 [rs=0.0044 rs1=0.0037 ro=0.0028] | val 0.00458 | lr 1.62e-04 |  433.3s ✓ best
Epoch  373/500 | train 0.00875 [rs=0.0045 rs1=0.0037 ro=0.0028] | val 0.00468 | lr 1.59e-04 |  434.5s (no improvement 1/30)
Epoch  374/500 | train 0.00868 [rs=0.0045 rs1=0.0037 ro=0.0028] | val 0.00488 | lr 1.57e-04 |  435.6s (no improvement 2/30)
Epoch  375/500 | train 0.00866 [rs=0.0044 rs1=0.0037 ro=0.0028] | val 0.00474 | lr 1.55e-04 |  436.8s (no improvement 3/30)
Epoch  376/500 | train 0.00869 [rs=0.0045 rs1=0.0037 ro=0.0028] | val 0.00460 | lr 1.53e-04 |  437.9s (no improvement 4/30)
Epoch  377/500 | train 0.00872 [rs=0.0045 rs1=0.0037 ro=0.0028] | val 0.00461 | lr 1.51e-04 |  439.0s (no improvement 5/30)
Epoch  378/500 | train 0.00861 [rs=0.0044 rs1=0.0036 ro=0.0028] | val 0.00495 | lr 1.48e-04 |  440.1s (no improvement 6/30)
Epoch  379/500 | train 0.00859 [rs=0.0044 rs1=0.0037 ro=0.0028] | val 0.00457 | lr 1.46e-04 |  441.3s ✓ best
Epoch  380/500 | train 0.00853 [rs=0.0044 rs1=0.0036 ro=0.0028] | val 0.00467 | lr 1.44e-04 |  442.5s (no improvement 1/30)
Epoch  381/500 | train 0.00860 [rs=0.0044 rs1=0.0036 ro=0.0028] | val 0.00492 | lr 1.42e-04 |  443.6s (no improvement 2/30)
Epoch  382/500 | train 0.00859 [rs=0.0044 rs1=0.0036 ro=0.0029] | val 0.00451 | lr 1.40e-04 |  444.8s ✓ best
Epoch  383/500 | train 0.00865 [rs=0.0044 rs1=0.0037 ro=0.0028] | val 0.00463 | lr 1.38e-04 |  446.0s (no improvement 1/30)
Epoch  384/500 | train 0.00860 [rs=0.0044 rs1=0.0036 ro=0.0029] | val 0.00486 | lr 1.36e-04 |  447.1s (no improvement 2/30)
Epoch  385/500 | train 0.00858 [rs=0.0044 rs1=0.0036 ro=0.0028] | val 0.00459 | lr 1.34e-04 |  448.2s (no improvement 3/30)
Epoch  386/500 | train 0.00852 [rs=0.0043 rs1=0.0037 ro=0.0028] | val 0.00442 | lr 1.32e-04 |  449.4s ✓ best
Epoch  387/500 | train 0.00844 [rs=0.0043 rs1=0.0036 ro=0.0028] | val 0.00487 | lr 1.30e-04 |  450.6s (no improvement 1/30)
Epoch  388/500 | train 0.00856 [rs=0.0044 rs1=0.0036 ro=0.0028] | val 0.00473 | lr 1.28e-04 |  451.7s (no improvement 2/30)
Epoch  389/500 | train 0.00865 [rs=0.0045 rs1=0.0036 ro=0.0029] | val 0.00451 | lr 1.26e-04 |  452.8s (no improvement 3/30)
Epoch  390/500 | train 0.00870 [rs=0.0045 rs1=0.0037 ro=0.0028] | val 0.00471 | lr 1.24e-04 |  454.0s (no improvement 4/30)
Epoch  391/500 | train 0.00851 [rs=0.0043 rs1=0.0036 ro=0.0028] | val 0.00475 | lr 1.22e-04 |  455.1s (no improvement 5/30)
Epoch  392/500 | train 0.00858 [rs=0.0044 rs1=0.0036 ro=0.0028] | val 0.00458 | lr 1.20e-04 |  456.2s (no improvement 6/30)
Epoch  393/500 | train 0.00858 [rs=0.0044 rs1=0.0036 ro=0.0027] | val 0.00454 | lr 1.18e-04 |  457.3s (no improvement 7/30)
Epoch  394/500 | train 0.00855 [rs=0.0044 rs1=0.0036 ro=0.0028] | val 0.00469 | lr 1.16e-04 |  458.5s (no improvement 8/30)
Epoch  395/500 | train 0.00870 [rs=0.0044 rs1=0.0037 ro=0.0028] | val 0.00459 | lr 1.14e-04 |  459.6s (no improvement 9/30)
Epoch  396/500 | train 0.00837 [rs=0.0042 rs1=0.0036 ro=0.0028] | val 0.00450 | lr 1.12e-04 |  460.7s (no improvement 10/30)
Epoch  397/500 | train 0.00846 [rs=0.0043 rs1=0.0036 ro=0.0028] | val 0.00469 | lr 1.10e-04 |  461.8s (no improvement 11/30)
Epoch  398/500 | train 0.00853 [rs=0.0044 rs1=0.0036 ro=0.0028] | val 0.00481 | lr 1.08e-04 |  463.0s (no improvement 12/30)
Epoch  399/500 | train 0.00854 [rs=0.0043 rs1=0.0036 ro=0.0028] | val 0.00453 | lr 1.06e-04 |  464.1s (no improvement 13/30)
Epoch  400/500 | train 0.00854 [rs=0.0044 rs1=0.0036 ro=0.0028] | val 0.00454 | lr 1.05e-04 |  465.2s (no improvement 14/30)
Epoch  401/500 | train 0.00836 [rs=0.0043 rs1=0.0035 ro=0.0027] | val 0.00474 | lr 1.03e-04 |  466.4s (no improvement 15/30)
Epoch  402/500 | train 0.00838 [rs=0.0043 rs1=0.0036 ro=0.0028] | val 0.00453 | lr 1.01e-04 |  467.5s (no improvement 16/30)
Epoch  403/500 | train 0.00846 [rs=0.0043 rs1=0.0036 ro=0.0027] | val 0.00435 | lr 9.91e-05 |  468.7s ✓ best
Epoch  404/500 | train 0.00844 [rs=0.0043 rs1=0.0036 ro=0.0028] | val 0.00447 | lr 9.74e-05 |  469.9s (no improvement 1/30)
Epoch  405/500 | train 0.00839 [rs=0.0042 rs1=0.0036 ro=0.0028] | val 0.00484 | lr 9.56e-05 |  471.0s (no improvement 2/30)
Epoch  406/500 | train 0.00838 [rs=0.0043 rs1=0.0036 ro=0.0028] | val 0.00448 | lr 9.39e-05 |  472.1s (no improvement 3/30)
Epoch  407/500 | train 0.00840 [rs=0.0043 rs1=0.0036 ro=0.0027] | val 0.00445 | lr 9.21e-05 |  473.3s (no improvement 4/30)
Epoch  408/500 | train 0.00850 [rs=0.0043 rs1=0.0036 ro=0.0028] | val 0.00458 | lr 9.04e-05 |  474.4s (no improvement 5/30)
Epoch  409/500 | train 0.00837 [rs=0.0043 rs1=0.0036 ro=0.0028] | val 0.00453 | lr 8.87e-05 |  475.5s (no improvement 6/30)
Epoch  410/500 | train 0.00835 [rs=0.0042 rs1=0.0036 ro=0.0027] | val 0.00443 | lr 8.71e-05 |  476.6s (no improvement 7/30)
Epoch  411/500 | train 0.00841 [rs=0.0043 rs1=0.0036 ro=0.0028] | val 0.00439 | lr 8.54e-05 |  477.9s (no improvement 8/30)
Epoch  412/500 | train 0.00842 [rs=0.0043 rs1=0.0036 ro=0.0027] | val 0.00449 | lr 8.38e-05 |  479.0s (no improvement 9/30)
Epoch  413/500 | train 0.00834 [rs=0.0043 rs1=0.0035 ro=0.0028] | val 0.00463 | lr 8.21e-05 |  480.1s (no improvement 10/30)
Epoch  414/500 | train 0.00837 [rs=0.0043 rs1=0.0035 ro=0.0027] | val 0.00446 | lr 8.05e-05 |  481.3s (no improvement 11/30)
Epoch  415/500 | train 0.00831 [rs=0.0042 rs1=0.0035 ro=0.0027] | val 0.00440 | lr 7.89e-05 |  482.4s (no improvement 12/30)
Epoch  416/500 | train 0.00837 [rs=0.0043 rs1=0.0035 ro=0.0027] | val 0.00449 | lr 7.74e-05 |  483.5s (no improvement 13/30)
Epoch  417/500 | train 0.00832 [rs=0.0042 rs1=0.0035 ro=0.0027] | val 0.00449 | lr 7.58e-05 |  484.6s (no improvement 14/30)
Epoch  418/500 | train 0.00837 [rs=0.0043 rs1=0.0036 ro=0.0027] | val 0.00447 | lr 7.43e-05 |  485.7s (no improvement 15/30)
Epoch  419/500 | train 0.00835 [rs=0.0042 rs1=0.0036 ro=0.0027] | val 0.00450 | lr 7.27e-05 |  486.9s (no improvement 16/30)
Epoch  420/500 | train 0.00838 [rs=0.0043 rs1=0.0035 ro=0.0027] | val 0.00458 | lr 7.12e-05 |  488.0s (no improvement 17/30)
Epoch  421/500 | train 0.00832 [rs=0.0042 rs1=0.0035 ro=0.0027] | val 0.00444 | lr 6.97e-05 |  489.1s (no improvement 18/30)
Epoch  422/500 | train 0.00823 [rs=0.0042 rs1=0.0035 ro=0.0027] | val 0.00441 | lr 6.83e-05 |  490.2s (no improvement 19/30)
Epoch  423/500 | train 0.00842 [rs=0.0043 rs1=0.0036 ro=0.0027] | val 0.00449 | lr 6.68e-05 |  491.4s (no improvement 20/30)
Epoch  424/500 | train 0.00825 [rs=0.0042 rs1=0.0035 ro=0.0027] | val 0.00454 | lr 6.54e-05 |  492.5s (no improvement 21/30)
Epoch  425/500 | train 0.00842 [rs=0.0043 rs1=0.0036 ro=0.0027] | val 0.00454 | lr 6.40e-05 |  493.6s (no improvement 22/30)
Epoch  426/500 | train 0.00822 [rs=0.0042 rs1=0.0035 ro=0.0027] | val 0.00444 | lr 6.25e-05 |  494.8s (no improvement 23/30)
Epoch  427/500 | train 0.00837 [rs=0.0043 rs1=0.0035 ro=0.0027] | val 0.00444 | lr 6.12e-05 |  495.9s (no improvement 24/30)
Epoch  428/500 | train 0.00841 [rs=0.0043 rs1=0.0036 ro=0.0027] | val 0.00451 | lr 5.98e-05 |  497.0s (no improvement 25/30)
Epoch  429/500 | train 0.00827 [rs=0.0042 rs1=0.0035 ro=0.0027] | val 0.00453 | lr 5.84e-05 |  498.1s (no improvement 26/30)
Epoch  430/500 | train 0.00834 [rs=0.0043 rs1=0.0035 ro=0.0027] | val 0.00444 | lr 5.71e-05 |  499.3s (no improvement 27/30)
Epoch  431/500 | train 0.00825 [rs=0.0042 rs1=0.0035 ro=0.0027] | val 0.00443 | lr 5.58e-05 |  500.4s (no improvement 28/30)
Epoch  432/500 | train 0.00832 [rs=0.0042 rs1=0.0035 ro=0.0028] | val 0.00450 | lr 5.45e-05 |  501.5s (no improvement 29/30)
Epoch  433/500 | train 0.00830 [rs=0.0042 rs1=0.0035 ro=0.0027] | val 0.00449 | lr 5.32e-05 |  502.6s (no improvement 30/30)
[train] Early stopping at epoch 433.
[train] Loss plot → surrogate_model_latent/runs/20260602_125822/loss_curves.png
[train] Component loss plot → surrogate_model_latent/runs/20260602_125822/loss_components.png

[train] Done.  Best val loss : 0.004346
[train] Best checkpoint  : surrogate_model_latent/runs/20260602_125822/latent_best.pt
[train] Final checkpoint : surrogate_model_latent/runs/20260602_125822/latent_final.pt
============================================================
Training finished: Tue Jun  2 13:06:50 EDT 2026  (exit code: 0)
============================================================
