============================================================
Job ID   : 51077208
Node     : gl1003
Started  : Thu May 28 18:22:48 EDT 2026
============================================================
Python : /home/xysong/.conda/envs/RL/bin/python
Torch  : 2.5.1+cu121
CUDA   : True
============================================================
/home/xysong/.conda/envs/RL/lib/python3.10/site-packages/torch/utils/data/dataloader.py:617: UserWarning: This DataLoader will create 6 worker processes in total. Our suggested max number of worker in current system is 1, which is smaller than what this DataLoader is going to create. Please be aware that excessive worker creation might get DataLoader running slow or even freeze, lower the worker number to avoid potential slowness/freeze if necessary.
  warnings.warn(
/home/xysong/.conda/envs/RL/lib/python3.10/site-packages/torch/utils/data/dataloader.py:617: UserWarning: This DataLoader will create 6 worker processes in total. Our suggested max number of worker in current system is 1, which is smaller than what this DataLoader is going to create. Please be aware that excessive worker creation might get DataLoader running slow or even freeze, lower the worker number to avoid potential slowness/freeze if necessary.
  warnings.warn(
[train] Output dir : surrogate_model_latent/runs/20260528_182259
[train] Device     : cuda
[dataset] Loaded 3000 trajectories × 12 layers from Dataset:layer_12_stepsize_10_samples_3000_150_400_lc.pkl
[dataset] Split → train 2400 | val 300 | test 300
[dataset] State  mean ∈ [87.0, 2983.3], std  ∈ [40.9028, 1045.7]
[dataset] Action mean = 274.57 W, std = 75.03 W
[dataset] ROI weight table: (12, 1053), range [0.801, 4.219]  (square side 0.40→0.50 × min_dim)
[train] ROI weights loaded from mesh: /nfs/turbo/coe-sunwbgt/xysong/Offline-RL-Controller-in-AM/surrogate_model/mesh.mat
[LatentTrajectoryDataset] 2,400 trajectories, T=12, state_dim=1053
[LatentTrajectoryDataset] 300 trajectories, T=12, state_dim=1053
[train] LatentDynamicsModel(state=1053, latent=32, action=1 | enc=676,384  trans=113,472  dec=677,405 | total=1,467,261)

[train] Starting training for up to 500 epochs (patience=30)
[train] Loss mode: rollout k=12
[train] Weights → recon_st=1.0  recon_st1=1.0  nll=0.2  rollout=0.2
--------------------------------------------------------------------------------
Epoch    1/500 | train 1.78571 [rs=1.1323 rs1=0.7365 nll=-1.1892 ro=0.7741] | val 0.58534 | lr 1.00e-03 |    4.3s ✓ best
Epoch    2/500 | train 0.25761 [rs=0.4314 rs1=0.2783 nll=-2.5947 ro=0.3343] | val -0.25060 | lr 1.00e-03 |    6.1s ✓ best
Epoch    3/500 | train -0.27668 [rs=0.1832 rs1=0.1779 nll=-3.4556 ro=0.2668] | val -0.53936 | lr 1.00e-03 |    8.0s ✓ best
Epoch    4/500 | train -0.53943 [rs=0.0971 rs1=0.1207 nll=-3.9783 ro=0.1923] | val -0.68427 | lr 1.00e-03 |    9.9s ✓ best
Epoch    5/500 | train -0.53917 [rs=0.1127 rs1=0.1487 nll=-4.3476 ro=0.3449] | val -0.74557 | lr 1.00e-03 |   11.8s ✓ best
Epoch    6/500 | train -0.64217 [rs=0.1014 rs1=0.1159 nll=-4.4784 ro=0.1807] | val -0.72705 | lr 1.00e-03 |   13.6s (no improvement 1/30)
Epoch    7/500 | train -0.70922 [rs=0.0836 rs1=0.0953 nll=-4.5631 ro=0.1225] | val -0.79219 | lr 1.00e-03 |   15.5s ✓ best
Epoch    8/500 | train -0.77481 [rs=0.0743 rs1=0.0793 nll=-4.7232 ro=0.0811] | val -0.84271 | lr 9.99e-04 |   17.4s ✓ best
Epoch    9/500 | train -0.80492 [rs=0.0663 rs1=0.0739 nll=-4.8168 ro=0.0916] | val -0.82084 | lr 9.99e-04 |   19.2s (no improvement 1/30)
Epoch   10/500 | train -0.78678 [rs=0.0726 rs1=0.0855 nll=-4.8539 ro=0.1291] | val -0.84436 | lr 9.99e-04 |   21.1s ✓ best
Epoch   11/500 | train -0.81188 [rs=0.0648 rs1=0.0762 nll=-4.8702 ro=0.1058] | val -0.83703 | lr 9.99e-04 |   22.9s (no improvement 1/30)
Epoch   12/500 | train -0.81028 [rs=0.0673 rs1=0.0779 nll=-4.8721 ro=0.0949] | val -0.85431 | lr 9.99e-04 |   24.8s ✓ best
Epoch   13/500 | train -0.82457 [rs=0.0613 rs1=0.0708 nll=-4.8720 ro=0.0887] | val -0.85000 | lr 9.98e-04 |   26.6s (no improvement 1/30)
Epoch   14/500 | train -0.82861 [rs=0.0609 rs1=0.0694 nll=-4.8781 ro=0.0835] | val -0.86487 | lr 9.98e-04 |   28.5s ✓ best
Epoch   15/500 | train -0.84180 [rs=0.0560 rs1=0.0636 nll=-4.8830 ro=0.0759] | val -0.85853 | lr 9.98e-04 |   30.3s (no improvement 1/30)
Epoch   16/500 | train -0.85127 [rs=0.0531 rs1=0.0595 nll=-4.8913 ro=0.0718] | val -0.87823 | lr 9.98e-04 |   32.4s ✓ best
Epoch   17/500 | train -0.86361 [rs=0.0486 rs1=0.0543 nll=-4.8981 ro=0.0658] | val -0.89488 | lr 9.97e-04 |   34.3s ✓ best
Epoch   18/500 | train -0.87550 [rs=0.0438 rs1=0.0492 nll=-4.9029 ro=0.0602] | val -0.91060 | lr 9.97e-04 |   36.1s ✓ best
Epoch   19/500 | train -0.89008 [rs=0.0380 rs1=0.0419 nll=-4.9059 ro=0.0560] | val -0.90466 | lr 9.96e-04 |   38.0s (no improvement 1/30)
Epoch   20/500 | train -0.89933 [rs=0.0330 rs1=0.0380 nll=-4.9090 ro=0.0571] | val -0.87706 | lr 9.96e-04 |   39.8s (no improvement 2/30)
Epoch   21/500 | train -0.88479 [rs=0.0355 rs1=0.0433 nll=-4.9031 ro=0.0852] | val -0.92169 | lr 9.96e-04 |   41.7s ✓ best
Epoch   22/500 | train -0.90628 [rs=0.0299 rs1=0.0355 nll=-4.9105 ro=0.0524] | val -0.93016 | lr 9.95e-04 |   43.5s ✓ best
Epoch   23/500 | train -0.92228 [rs=0.0269 rs1=0.0293 nll=-4.9257 ro=0.0330] | val -0.93628 | lr 9.95e-04 |   45.4s ✓ best
Epoch   24/500 | train -0.92937 [rs=0.0243 rs1=0.0270 nll=-4.9356 ro=0.0321] | val -0.94609 | lr 9.94e-04 |   47.3s ✓ best
Epoch   25/500 | train -0.93764 [rs=0.0219 rs1=0.0241 nll=-4.9425 ro=0.0245] | val -0.95450 | lr 9.94e-04 |   49.2s ✓ best
Epoch   26/500 | train -0.93694 [rs=0.0224 rs1=0.0248 nll=-4.9479 ro=0.0271] | val -0.95645 | lr 9.93e-04 |   51.0s ✓ best
Epoch   27/500 | train -0.94137 [rs=0.0204 rs1=0.0223 nll=-4.9471 ro=0.0268] | val -0.96287 | lr 9.93e-04 |   52.9s ✓ best
Epoch   28/500 | train -0.94772 [rs=0.0165 rs1=0.0197 nll=-4.9473 ro=0.0281] | val -0.95263 | lr 9.92e-04 |   54.7s (no improvement 1/30)
Epoch   29/500 | train -0.93771 [rs=0.0214 rs1=0.0247 nll=-4.9488 ro=0.0297] | val -0.89802 | lr 9.92e-04 |   56.6s (no improvement 2/30)
Epoch   30/500 | train -0.91822 [rs=0.0273 rs1=0.0322 nll=-4.9314 ro=0.0430] | val -0.94195 | lr 9.91e-04 |   58.4s (no improvement 3/30)
Epoch   31/500 | train -0.94477 [rs=0.0174 rs1=0.0197 nll=-4.9353 ro=0.0255] | val -0.96631 | lr 9.91e-04 |   60.3s ✓ best
Epoch   32/500 | train -0.95790 [rs=0.0131 rs1=0.0151 nll=-4.9487 ro=0.0182] | val -0.97341 | lr 9.90e-04 |   62.1s ✓ best
Epoch   33/500 | train -0.96309 [rs=0.0115 rs1=0.0139 nll=-4.9585 ro=0.0161] | val -0.97331 | lr 9.89e-04 |   64.0s (no improvement 1/30)
Epoch   34/500 | train -0.96716 [rs=0.0105 rs1=0.0125 nll=-4.9640 ro=0.0131] | val -0.97883 | lr 9.89e-04 |   65.9s ✓ best
Epoch   35/500 | train -0.96040 [rs=0.0133 rs1=0.0147 nll=-4.9619 ro=0.0201] | val -0.96479 | lr 9.88e-04 |   67.7s (no improvement 1/30)
Epoch   36/500 | train -0.95121 [rs=0.0149 rs1=0.0180 nll=-4.9560 ro=0.0354] | val -0.94694 | lr 9.87e-04 |   69.5s (no improvement 2/30)
Epoch   37/500 | train -0.94912 [rs=0.0150 rs1=0.0188 nll=-4.9450 ro=0.0302] | val -0.97205 | lr 9.87e-04 |   71.3s (no improvement 3/30)
Epoch   38/500 | train -0.96306 [rs=0.0103 rs1=0.0138 nll=-4.9552 ro=0.0195] | val -0.97378 | lr 9.86e-04 |   73.2s (no improvement 4/30)
Epoch   39/500 | train -0.96823 [rs=0.0094 rs1=0.0121 nll=-4.9625 ro=0.0136] | val -0.98001 | lr 9.85e-04 |   75.1s ✓ best
Epoch   40/500 | train -0.97223 [rs=0.0086 rs1=0.0108 nll=-4.9684 ro=0.0103] | val -0.97976 | lr 9.84e-04 |   76.9s (no improvement 1/30)
Epoch   41/500 | train -0.96943 [rs=0.0099 rs1=0.0124 nll=-4.9715 ro=0.0129] | val -0.98275 | lr 9.84e-04 |   78.8s ✓ best
Epoch   42/500 | train -0.93945 [rs=0.0216 rs1=0.0273 nll=-4.9683 ro=0.0267] | val -0.96305 | lr 9.83e-04 |   80.6s (no improvement 1/30)
Epoch   43/500 | train -0.95883 [rs=0.0142 rs1=0.0162 nll=-4.9645 ro=0.0185] | val -0.97708 | lr 9.82e-04 |   82.4s (no improvement 2/30)
Epoch   44/500 | train -0.96885 [rs=0.0102 rs1=0.0119 nll=-4.9666 ro=0.0118] | val -0.97808 | lr 9.81e-04 |   84.3s (no improvement 3/30)
Epoch   45/500 | train -0.97323 [rs=0.0087 rs1=0.0102 nll=-4.9695 ro=0.0088] | val -0.98300 | lr 9.80e-04 |   86.1s ✓ best
Epoch   46/500 | train -0.96326 [rs=0.0109 rs1=0.0149 nll=-4.9714 ro=0.0261] | val -0.91827 | lr 9.79e-04 |   88.0s (no improvement 1/30)
Epoch   47/500 | train -0.94700 [rs=0.0157 rs1=0.0217 nll=-4.9648 ro=0.0428] | val -0.97435 | lr 9.79e-04 |   89.8s (no improvement 2/30)
Epoch   48/500 | train -0.96750 [rs=0.0101 rs1=0.0125 nll=-4.9647 ro=0.0143] | val -0.97899 | lr 9.78e-04 |   91.6s (no improvement 3/30)
Epoch   49/500 | train -0.97378 [rs=0.0080 rs1=0.0098 nll=-4.9693 ro=0.0113] | val -0.98178 | lr 9.77e-04 |   93.5s (no improvement 4/30)
Epoch   50/500 | train -0.97711 [rs=0.0072 rs1=0.0088 nll=-4.9735 ro=0.0078] | val -0.98368 | lr 9.76e-04 |   95.4s ✓ best
Epoch   51/500 | train -0.97732 [rs=0.0072 rs1=0.0090 nll=-4.9764 ro=0.0090] | val -0.98584 | lr 9.75e-04 |   97.2s ✓ best
Epoch   52/500 | train -0.97939 [rs=0.0067 rs1=0.0082 nll=-4.9781 ro=0.0068] | val -0.98686 | lr 9.74e-04 |   99.1s ✓ best
Epoch   53/500 | train -0.98044 [rs=0.0063 rs1=0.0079 nll=-4.9800 ro=0.0069] | val -0.97420 | lr 9.73e-04 |  101.0s (no improvement 1/30)
Epoch   54/500 | train -0.97114 [rs=0.0092 rs1=0.0126 nll=-4.9797 ro=0.0151] | val -0.90525 | lr 9.72e-04 |  102.8s (no improvement 2/30)
Epoch   55/500 | train -0.94351 [rs=0.0186 rs1=0.0257 nll=-4.9670 ro=0.0279] | val -0.95818 | lr 9.71e-04 |  104.6s (no improvement 3/30)
Epoch   56/500 | train -0.96732 [rs=0.0098 rs1=0.0129 nll=-4.9636 ro=0.0131] | val -0.97591 | lr 9.70e-04 |  106.5s (no improvement 4/30)
Epoch   57/500 | train -0.97338 [rs=0.0077 rs1=0.0101 nll=-4.9687 ro=0.0132] | val -0.97680 | lr 9.69e-04 |  108.3s (no improvement 5/30)
Epoch   58/500 | train -0.97695 [rs=0.0070 rs1=0.0091 nll=-4.9740 ro=0.0092] | val -0.98526 | lr 9.67e-04 |  110.1s (no improvement 6/30)
Epoch   59/500 | train -0.97956 [rs=0.0063 rs1=0.0080 nll=-4.9774 ro=0.0078] | val -0.97778 | lr 9.66e-04 |  112.0s (no improvement 7/30)
Epoch   60/500 | train -0.98043 [rs=0.0062 rs1=0.0079 nll=-4.9797 ro=0.0073] | val -0.98683 | lr 9.65e-04 |  113.8s (no improvement 8/30)
Epoch   61/500 | train -0.98038 [rs=0.0062 rs1=0.0081 nll=-4.9814 ro=0.0080] | val -0.98308 | lr 9.64e-04 |  115.6s (no improvement 9/30)
Epoch   62/500 | train -0.98022 [rs=0.0064 rs1=0.0083 nll=-4.9822 ro=0.0077] | val -0.98918 | lr 9.63e-04 |  117.5s ✓ best
Epoch   63/500 | train -0.98202 [rs=0.0057 rs1=0.0075 nll=-4.9834 ro=0.0070] | val -0.98390 | lr 9.62e-04 |  119.3s (no improvement 1/30)
Epoch   64/500 | train -0.98096 [rs=0.0059 rs1=0.0081 nll=-4.9836 ro=0.0085] | val -0.97401 | lr 9.61e-04 |  121.2s (no improvement 2/30)
Epoch   65/500 | train -0.97875 [rs=0.0064 rs1=0.0093 nll=-4.9834 ro=0.0111] | val -0.98452 | lr 9.59e-04 |  123.0s (no improvement 3/30)
Epoch   66/500 | train -0.98126 [rs=0.0055 rs1=0.0077 nll=-4.9824 ro=0.0099] | val -0.98847 | lr 9.58e-04 |  124.8s (no improvement 4/30)
Epoch   67/500 | train -0.98275 [rs=0.0056 rs1=0.0072 nll=-4.9835 ro=0.0060] | val -0.98747 | lr 9.57e-04 |  126.7s (no improvement 5/30)
Epoch   68/500 | train -0.98429 [rs=0.0049 rs1=0.0066 nll=-4.9846 ro=0.0058] | val -0.98893 | lr 9.56e-04 |  128.5s (no improvement 6/30)
Epoch   69/500 | train -0.98140 [rs=0.0061 rs1=0.0081 nll=-4.9847 ro=0.0070] | val -0.99018 | lr 9.54e-04 |  130.4s ✓ best
Epoch   70/500 | train -0.98458 [rs=0.0048 rs1=0.0064 nll=-4.9853 ro=0.0060] | val -0.98756 | lr 9.53e-04 |  132.2s (no improvement 1/30)
Epoch   71/500 | train -0.98212 [rs=0.0053 rs1=0.0079 nll=-4.9852 ro=0.0089] | val -0.98821 | lr 9.52e-04 |  134.1s (no improvement 2/30)
Epoch   72/500 | train -0.97971 [rs=0.0067 rs1=0.0089 nll=-4.9851 ro=0.0085] | val -0.98615 | lr 9.50e-04 |  135.9s (no improvement 3/30)
Epoch   73/500 | train -0.98413 [rs=0.0048 rs1=0.0067 nll=-4.9850 ro=0.0070] | val -0.98793 | lr 9.49e-04 |  137.7s (no improvement 4/30)
Epoch   74/500 | train -0.98539 [rs=0.0045 rs1=0.0061 nll=-4.9857 ro=0.0056] | val -0.99079 | lr 9.47e-04 |  139.6s ✓ best
Epoch   75/500 | train -0.98268 [rs=0.0054 rs1=0.0077 nll=-4.9861 ro=0.0073] | val -0.98842 | lr 9.46e-04 |  141.4s (no improvement 1/30)
Epoch   76/500 | train -0.98509 [rs=0.0044 rs1=0.0065 nll=-4.9863 ro=0.0065] | val -0.99095 | lr 9.45e-04 |  143.3s ✓ best
Epoch   77/500 | train -0.98347 [rs=0.0053 rs1=0.0072 nll=-4.9868 ro=0.0067] | val -0.97650 | lr 9.43e-04 |  145.2s (no improvement 1/30)
Epoch   78/500 | train -0.98147 [rs=0.0058 rs1=0.0083 nll=-4.9859 ro=0.0081] | val -0.98974 | lr 9.42e-04 |  147.0s (no improvement 2/30)
Epoch   79/500 | train -0.98523 [rs=0.0046 rs1=0.0062 nll=-4.9859 ro=0.0055] | val -0.98853 | lr 9.40e-04 |  148.8s (no improvement 3/30)
Epoch   80/500 | train -0.98604 [rs=0.0042 rs1=0.0060 nll=-4.9870 ro=0.0059] | val -0.98966 | lr 9.39e-04 |  150.7s (no improvement 4/30)
Epoch   81/500 | train -0.98537 [rs=0.0045 rs1=0.0065 nll=-4.9875 ro=0.0054] | val -0.98255 | lr 9.37e-04 |  152.5s (no improvement 5/30)
Epoch   82/500 | train -0.98318 [rs=0.0055 rs1=0.0075 nll=-4.9875 ro=0.0069] | val -0.99003 | lr 9.36e-04 |  154.3s (no improvement 6/30)
Epoch   83/500 | train -0.98591 [rs=0.0042 rs1=0.0062 nll=-4.9877 ro=0.0060] | val -0.98938 | lr 9.34e-04 |  156.2s (no improvement 7/30)
Epoch   84/500 | train -0.98700 [rs=0.0039 rs1=0.0056 nll=-4.9879 ro=0.0050] | val -0.99131 | lr 9.33e-04 |  158.0s ✓ best
Epoch   85/500 | train -0.98639 [rs=0.0042 rs1=0.0061 nll=-4.9882 ro=0.0050] | val -0.98873 | lr 9.31e-04 |  159.9s (no improvement 1/30)
Epoch   86/500 | train -0.98397 [rs=0.0050 rs1=0.0073 nll=-4.9884 ro=0.0071] | val -0.98811 | lr 9.29e-04 |  161.7s (no improvement 2/30)
Epoch   87/500 | train -0.98692 [rs=0.0041 rs1=0.0057 nll=-4.9883 ro=0.0050] | val -0.99115 | lr 9.28e-04 |  163.5s (no improvement 3/30)
Epoch   88/500 | train -0.98747 [rs=0.0037 rs1=0.0056 nll=-4.9887 ro=0.0047] | val -0.98435 | lr 9.26e-04 |  165.4s (no improvement 4/30)
Epoch   89/500 | train -0.98195 [rs=0.0052 rs1=0.0082 nll=-4.9873 ro=0.0105] | val -0.98108 | lr 9.25e-04 |  167.2s (no improvement 5/30)
Epoch   90/500 | train -0.98403 [rs=0.0051 rs1=0.0068 nll=-4.9867 ro=0.0070] | val -0.98868 | lr 9.23e-04 |  169.1s (no improvement 6/30)
Epoch   91/500 | train -0.98703 [rs=0.0039 rs1=0.0056 nll=-4.9877 ro=0.0049] | val -0.98917 | lr 9.21e-04 |  170.9s (no improvement 7/30)
Epoch   92/500 | train -0.98767 [rs=0.0037 rs1=0.0054 nll=-4.9886 ro=0.0050] | val -0.99125 | lr 9.20e-04 |  172.7s (no improvement 8/30)
Epoch   93/500 | train -0.98532 [rs=0.0046 rs1=0.0067 nll=-4.9889 ro=0.0062] | val -0.99088 | lr 9.18e-04 |  174.6s (no improvement 9/30)
Epoch   94/500 | train -0.98798 [rs=0.0036 rs1=0.0052 nll=-4.9891 ro=0.0052] | val -0.98905 | lr 9.16e-04 |  176.4s (no improvement 10/30)
Epoch   95/500 | train -0.98674 [rs=0.0041 rs1=0.0060 nll=-4.9892 ro=0.0053] | val -0.99090 | lr 9.14e-04 |  178.2s (no improvement 11/30)
Epoch   96/500 | train -0.98877 [rs=0.0034 rs1=0.0049 nll=-4.9898 ro=0.0043] | val -0.99200 | lr 9.13e-04 |  180.1s ✓ best
Epoch   97/500 | train -0.98647 [rs=0.0042 rs1=0.0062 nll=-4.9900 ro=0.0057] | val -0.99047 | lr 9.11e-04 |  182.0s (no improvement 1/30)
Epoch   98/500 | train -0.98351 [rs=0.0050 rs1=0.0078 nll=-4.9892 ro=0.0078] | val -0.98693 | lr 9.09e-04 |  183.8s (no improvement 2/30)
Epoch   99/500 | train -0.98512 [rs=0.0047 rs1=0.0066 nll=-4.9885 ro=0.0063] | val -0.98880 | lr 9.07e-04 |  185.6s (no improvement 3/30)
Epoch  100/500 | train -0.98776 [rs=0.0038 rs1=0.0052 nll=-4.9888 ro=0.0049] | val -0.99086 | lr 9.05e-04 |  187.5s (no improvement 4/30)
Epoch  101/500 | train -0.98870 [rs=0.0034 rs1=0.0049 nll=-4.9893 ro=0.0047] | val -0.99092 | lr 9.04e-04 |  189.5s (no improvement 5/30)
Epoch  102/500 | train -0.98787 [rs=0.0037 rs1=0.0055 nll=-4.9902 ro=0.0049] | val -0.98246 | lr 9.02e-04 |  191.3s (no improvement 6/30)
Epoch  103/500 | train -0.98244 [rs=0.0053 rs1=0.0084 nll=-4.9892 ro=0.0084] | val -0.98294 | lr 9.00e-04 |  193.1s (no improvement 7/30)
Epoch  104/500 | train -0.98695 [rs=0.0039 rs1=0.0058 nll=-4.9888 ro=0.0059] | val -0.99161 | lr 8.98e-04 |  194.9s (no improvement 8/30)
Epoch  105/500 | train -0.98814 [rs=0.0035 rs1=0.0052 nll=-4.9894 ro=0.0049] | val -0.98961 | lr 8.96e-04 |  196.8s (no improvement 9/30)
Epoch  106/500 | train -0.98771 [rs=0.0035 rs1=0.0054 nll=-4.9894 ro=0.0066] | val -0.99016 | lr 8.94e-04 |  198.6s (no improvement 10/30)
Epoch  107/500 | train -0.98883 [rs=0.0033 rs1=0.0049 nll=-4.9899 ro=0.0045] | val -0.99207 | lr 8.92e-04 |  200.5s ✓ best
Epoch  108/500 | train -0.98908 [rs=0.0033 rs1=0.0049 nll=-4.9906 ro=0.0044] | val -0.99012 | lr 8.90e-04 |  202.3s (no improvement 1/30)
Epoch  109/500 | train -0.98145 [rs=0.0061 rs1=0.0087 nll=-4.9893 ro=0.0082] | val -0.98554 | lr 8.88e-04 |  204.1s (no improvement 2/30)
Epoch  110/500 | train -0.98518 [rs=0.0045 rs1=0.0067 nll=-4.9888 ro=0.0068] | val -0.98840 | lr 8.86e-04 |  205.9s (no improvement 3/30)
Epoch  111/500 | train -0.98815 [rs=0.0034 rs1=0.0051 nll=-4.9888 ro=0.0056] | val -0.99119 | lr 8.84e-04 |  207.8s (no improvement 4/30)
Epoch  112/500 | train -0.98960 [rs=0.0030 rs1=0.0046 nll=-4.9902 ro=0.0040] | val -0.99245 | lr 8.82e-04 |  209.6s ✓ best
Epoch  113/500 | train -0.98981 [rs=0.0030 rs1=0.0045 nll=-4.9907 ro=0.0041] | val -0.99114 | lr 8.80e-04 |  211.5s (no improvement 1/30)
Epoch  114/500 | train -0.98923 [rs=0.0032 rs1=0.0049 nll=-4.9910 ro=0.0047] | val -0.99270 | lr 8.78e-04 |  213.3s ✓ best
Epoch  115/500 | train -0.98966 [rs=0.0031 rs1=0.0046 nll=-4.9914 ro=0.0044] | val -0.99225 | lr 8.76e-04 |  215.2s (no improvement 1/30)
Epoch  116/500 | train -0.98470 [rs=0.0049 rs1=0.0073 nll=-4.9907 ro=0.0062] | val -0.98738 | lr 8.74e-04 |  217.0s (no improvement 2/30)
Epoch  117/500 | train -0.98787 [rs=0.0037 rs1=0.0054 nll=-4.9897 ro=0.0044] | val -0.98936 | lr 8.72e-04 |  218.8s (no improvement 3/30)
Epoch  118/500 | train -0.98894 [rs=0.0033 rs1=0.0049 nll=-4.9905 ro=0.0051] | val -0.99253 | lr 8.70e-04 |  220.6s (no improvement 4/30)
Epoch  119/500 | train -0.98957 [rs=0.0030 rs1=0.0047 nll=-4.9909 ro=0.0043] | val -0.99185 | lr 8.68e-04 |  222.5s (no improvement 5/30)
Epoch  120/500 | train -0.98897 [rs=0.0033 rs1=0.0050 nll=-4.9912 ro=0.0048] | val -0.99255 | lr 8.66e-04 |  224.3s (no improvement 6/30)
Epoch  121/500 | train -0.99024 [rs=0.0029 rs1=0.0043 nll=-4.9915 ro=0.0041] | val -0.98984 | lr 8.64e-04 |  226.1s (no improvement 7/30)
Epoch  122/500 | train -0.98706 [rs=0.0039 rs1=0.0061 nll=-4.9911 ro=0.0058] | val -0.98873 | lr 8.62e-04 |  227.9s (no improvement 8/30)
Epoch  123/500 | train -0.98863 [rs=0.0034 rs1=0.0051 nll=-4.9911 ro=0.0053] | val -0.99262 | lr 8.59e-04 |  229.8s (no improvement 9/30)
Epoch  124/500 | train -0.99009 [rs=0.0028 rs1=0.0045 nll=-4.9913 ro=0.0043] | val -0.99282 | lr 8.57e-04 |  231.7s ✓ best
Epoch  125/500 | train -0.98997 [rs=0.0029 rs1=0.0046 nll=-4.9917 ro=0.0043] | val -0.99297 | lr 8.55e-04 |  233.5s ✓ best
Epoch  126/500 | train -0.98827 [rs=0.0036 rs1=0.0055 nll=-4.9918 ro=0.0048] | val -0.98736 | lr 8.53e-04 |  235.4s (no improvement 1/30)
Epoch  127/500 | train -0.98909 [rs=0.0034 rs1=0.0049 nll=-4.9913 ro=0.0044] | val -0.99089 | lr 8.51e-04 |  237.2s (no improvement 2/30)
Epoch  128/500 | train -0.98820 [rs=0.0036 rs1=0.0055 nll=-4.9914 ro=0.0049] | val -0.99278 | lr 8.48e-04 |  239.0s (no improvement 3/30)
Epoch  129/500 | train -0.99064 [rs=0.0027 rs1=0.0043 nll=-4.9918 ro=0.0039] | val -0.99259 | lr 8.46e-04 |  240.8s (no improvement 4/30)
Epoch  130/500 | train -0.98904 [rs=0.0033 rs1=0.0052 nll=-4.9920 ro=0.0043] | val -0.99183 | lr 8.44e-04 |  242.7s (no improvement 5/30)
Epoch  131/500 | train -0.98843 [rs=0.0034 rs1=0.0053 nll=-4.9916 ro=0.0057] | val -0.98836 | lr 8.42e-04 |  244.5s (no improvement 6/30)
Epoch  132/500 | train -0.98925 [rs=0.0032 rs1=0.0049 nll=-4.9918 ro=0.0048] | val -0.99208 | lr 8.39e-04 |  246.3s (no improvement 7/30)
Epoch  133/500 | train -0.98995 [rs=0.0029 rs1=0.0047 nll=-4.9922 ro=0.0042] | val -0.99209 | lr 8.37e-04 |  248.1s (no improvement 8/30)
Epoch  134/500 | train -0.98995 [rs=0.0031 rs1=0.0046 nll=-4.9925 ro=0.0043] | val -0.98501 | lr 8.35e-04 |  249.9s (no improvement 9/30)
Epoch  135/500 | train -0.98779 [rs=0.0037 rs1=0.0060 nll=-4.9919 ro=0.0046] | val -0.99046 | lr 8.32e-04 |  251.8s (no improvement 10/30)
Epoch  136/500 | train -0.99005 [rs=0.0029 rs1=0.0045 nll=-4.9920 ro=0.0044] | val -0.99193 | lr 8.30e-04 |  253.6s (no improvement 11/30)
Epoch  137/500 | train -0.99032 [rs=0.0028 rs1=0.0045 nll=-4.9922 ro=0.0041] | val -0.99237 | lr 8.28e-04 |  255.4s (no improvement 12/30)
Epoch  138/500 | train -0.99009 [rs=0.0029 rs1=0.0047 nll=-4.9923 ro=0.0041] | val -0.99087 | lr 8.25e-04 |  257.3s (no improvement 13/30)
Epoch  139/500 | train -0.99093 [rs=0.0027 rs1=0.0042 nll=-4.9924 ro=0.0036] | val -0.99202 | lr 8.23e-04 |  259.1s (no improvement 14/30)
Epoch  140/500 | train -0.98891 [rs=0.0032 rs1=0.0053 nll=-4.9924 ro=0.0056] | val -0.98674 | lr 8.21e-04 |  260.9s (no improvement 15/30)
Epoch  141/500 | train -0.98948 [rs=0.0031 rs1=0.0051 nll=-4.9924 ro=0.0040] | val -0.99174 | lr 8.18e-04 |  262.7s (no improvement 16/30)
Epoch  142/500 | train -0.99101 [rs=0.0026 rs1=0.0042 nll=-4.9927 ro=0.0037] | val -0.99274 | lr 8.16e-04 |  264.5s (no improvement 17/30)
Epoch  143/500 | train -0.99156 [rs=0.0024 rs1=0.0039 nll=-4.9930 ro=0.0035] | val -0.99350 | lr 8.13e-04 |  266.4s ✓ best
Epoch  144/500 | train -0.99160 [rs=0.0024 rs1=0.0040 nll=-4.9932 ro=0.0033] | val -0.99215 | lr 8.11e-04 |  268.3s (no improvement 1/30)
Epoch  145/500 | train -0.98798 [rs=0.0039 rs1=0.0058 nll=-4.9927 ro=0.0047] | val -0.98932 | lr 8.08e-04 |  270.1s (no improvement 2/30)
Epoch  146/500 | train -0.98978 [rs=0.0031 rs1=0.0047 nll=-4.9924 ro=0.0041] | val -0.99274 | lr 8.06e-04 |  271.9s (no improvement 3/30)
Epoch  147/500 | train -0.99083 [rs=0.0027 rs1=0.0042 nll=-4.9925 ro=0.0041] | val -0.98962 | lr 8.03e-04 |  273.8s (no improvement 4/30)
Epoch  148/500 | train -0.98976 [rs=0.0028 rs1=0.0050 nll=-4.9924 ro=0.0043] | val -0.99234 | lr 8.01e-04 |  275.6s (no improvement 5/30)
Epoch  149/500 | train -0.99080 [rs=0.0026 rs1=0.0043 nll=-4.9927 ro=0.0040] | val -0.99290 | lr 7.98e-04 |  277.4s (no improvement 6/30)
Epoch  150/500 | train -0.99087 [rs=0.0027 rs1=0.0043 nll=-4.9932 ro=0.0038] | val -0.99374 | lr 7.96e-04 |  279.3s ✓ best
Epoch  151/500 | train -0.99112 [rs=0.0025 rs1=0.0043 nll=-4.9933 ro=0.0037] | val -0.99308 | lr 7.93e-04 |  281.1s (no improvement 1/30)
Epoch  152/500 | train -0.99137 [rs=0.0026 rs1=0.0041 nll=-4.9935 ro=0.0036] | val -0.99373 | lr 7.91e-04 |  283.0s (no improvement 2/30)
Epoch  153/500 | train -0.99169 [rs=0.0024 rs1=0.0039 nll=-4.9934 ro=0.0031] | val -0.99262 | lr 7.88e-04 |  284.8s (no improvement 3/30)
Epoch  154/500 | train -0.99112 [rs=0.0026 rs1=0.0043 nll=-4.9935 ro=0.0035] | val -0.99216 | lr 7.86e-04 |  286.6s (no improvement 4/30)
Epoch  155/500 | train -0.99033 [rs=0.0029 rs1=0.0047 nll=-4.9934 ro=0.0040] | val -0.99378 | lr 7.83e-04 |  288.5s ✓ best
Epoch  156/500 | train -0.99106 [rs=0.0027 rs1=0.0042 nll=-4.9931 ro=0.0035] | val -0.99369 | lr 7.81e-04 |  290.4s (no improvement 1/30)
Epoch  157/500 | train -0.99013 [rs=0.0029 rs1=0.0048 nll=-4.9935 ro=0.0044] | val -0.99382 | lr 7.78e-04 |  292.2s ✓ best
Epoch  158/500 | train -0.99196 [rs=0.0022 rs1=0.0038 nll=-4.9935 ro=0.0035] | val -0.99272 | lr 7.75e-04 |  294.1s (no improvement 1/30)
Epoch  159/500 | train -0.99207 [rs=0.0023 rs1=0.0038 nll=-4.9938 ro=0.0033] | val -0.99289 | lr 7.73e-04 |  295.9s (no improvement 2/30)
Epoch  160/500 | train -0.98835 [rs=0.0037 rs1=0.0056 nll=-4.9925 ro=0.0044] | val -0.99004 | lr 7.70e-04 |  297.7s (no improvement 3/30)
Epoch  161/500 | train -0.98972 [rs=0.0028 rs1=0.0049 nll=-4.9920 ro=0.0048] | val -0.99311 | lr 7.68e-04 |  299.6s (no improvement 4/30)
Epoch  162/500 | train -0.99113 [rs=0.0025 rs1=0.0042 nll=-4.9928 ro=0.0036] | val -0.99353 | lr 7.65e-04 |  301.4s (no improvement 5/30)
Epoch  163/500 | train -0.99165 [rs=0.0023 rs1=0.0040 nll=-4.9934 ro=0.0035] | val -0.99318 | lr 7.62e-04 |  303.2s (no improvement 6/30)
Epoch  164/500 | train -0.98979 [rs=0.0030 rs1=0.0051 nll=-4.9936 ro=0.0044] | val -0.99441 | lr 7.60e-04 |  305.1s ✓ best
Epoch  165/500 | train -0.99042 [rs=0.0028 rs1=0.0047 nll=-4.9935 ro=0.0042] | val -0.99221 | lr 7.57e-04 |  307.0s (no improvement 1/30)
Epoch  166/500 | train -0.98972 [rs=0.0031 rs1=0.0049 nll=-4.9932 ro=0.0047] | val -0.99310 | lr 7.54e-04 |  308.8s (no improvement 2/30)
Epoch  167/500 | train -0.99178 [rs=0.0024 rs1=0.0038 nll=-4.9934 ro=0.0035] | val -0.99392 | lr 7.52e-04 |  310.7s (no improvement 3/30)
Epoch  168/500 | train -0.99233 [rs=0.0022 rs1=0.0036 nll=-4.9938 ro=0.0030] | val -0.99416 | lr 7.49e-04 |  312.5s (no improvement 4/30)
Epoch  169/500 | train -0.99270 [rs=0.0020 rs1=0.0035 nll=-4.9940 ro=0.0029] | val -0.99440 | lr 7.46e-04 |  314.3s (no improvement 5/30)
Epoch  170/500 | train -0.99171 [rs=0.0022 rs1=0.0042 nll=-4.9939 ro=0.0035] | val -0.99212 | lr 7.43e-04 |  316.2s (no improvement 6/30)
Epoch  171/500 | train -0.99239 [rs=0.0020 rs1=0.0038 nll=-4.9939 ro=0.0031] | val -0.99306 | lr 7.41e-04 |  318.0s (no improvement 7/30)
Epoch  172/500 | train -0.99183 [rs=0.0024 rs1=0.0039 nll=-4.9942 ro=0.0033] | val -0.99048 | lr 7.38e-04 |  319.8s (no improvement 8/30)
Epoch  173/500 | train -0.99161 [rs=0.0024 rs1=0.0039 nll=-4.9940 ro=0.0042] | val -0.99361 | lr 7.35e-04 |  321.7s (no improvement 9/30)
Epoch  174/500 | train -0.99159 [rs=0.0025 rs1=0.0040 nll=-4.9940 ro=0.0033] | val -0.99453 | lr 7.32e-04 |  323.5s ✓ best
Epoch  175/500 | train -0.99237 [rs=0.0022 rs1=0.0037 nll=-4.9941 ro=0.0030] | val -0.99382 | lr 7.30e-04 |  325.4s (no improvement 1/30)
Epoch  176/500 | train -0.99195 [rs=0.0024 rs1=0.0039 nll=-4.9944 ro=0.0032] | val -0.98629 | lr 7.27e-04 |  327.2s (no improvement 2/30)
Epoch  177/500 | train -0.98982 [rs=0.0032 rs1=0.0050 nll=-4.9936 ro=0.0035] | val -0.99350 | lr 7.24e-04 |  329.0s (no improvement 3/30)
Epoch  178/500 | train -0.99200 [rs=0.0021 rs1=0.0040 nll=-4.9936 ro=0.0032] | val -0.99312 | lr 7.21e-04 |  330.9s (no improvement 4/30)
Epoch  179/500 | train -0.99182 [rs=0.0022 rs1=0.0040 nll=-4.9940 ro=0.0036] | val -0.99376 | lr 7.19e-04 |  332.7s (no improvement 5/30)
Epoch  180/500 | train -0.99173 [rs=0.0023 rs1=0.0041 nll=-4.9943 ro=0.0036] | val -0.99214 | lr 7.16e-04 |  334.5s (no improvement 6/30)
Epoch  181/500 | train -0.99149 [rs=0.0024 rs1=0.0040 nll=-4.9944 ro=0.0048] | val -0.99473 | lr 7.13e-04 |  336.4s ✓ best
Epoch  182/500 | train -0.99265 [rs=0.0020 rs1=0.0036 nll=-4.9944 ro=0.0033] | val -0.99463 | lr 7.10e-04 |  338.3s (no improvement 1/30)
Epoch  183/500 | train -0.99263 [rs=0.0020 rs1=0.0037 nll=-4.9944 ro=0.0028] | val -0.99484 | lr 7.07e-04 |  340.2s ✓ best
Epoch  184/500 | train -0.99044 [rs=0.0032 rs1=0.0043 nll=-4.9938 ro=0.0042] | val -0.99284 | lr 7.04e-04 |  342.0s (no improvement 1/30)
Epoch  185/500 | train -0.99172 [rs=0.0022 rs1=0.0041 nll=-4.9938 ro=0.0037] | val -0.99341 | lr 7.02e-04 |  343.8s (no improvement 2/30)
Epoch  186/500 | train -0.99257 [rs=0.0021 rs1=0.0036 nll=-4.9944 ro=0.0034] | val -0.99408 | lr 6.99e-04 |  345.7s (no improvement 3/30)
Epoch  187/500 | train -0.99224 [rs=0.0021 rs1=0.0039 nll=-4.9946 ro=0.0036] | val -0.99426 | lr 6.96e-04 |  347.5s (no improvement 4/30)
Epoch  188/500 | train -0.99218 [rs=0.0022 rs1=0.0039 nll=-4.9946 ro=0.0032] | val -0.99439 | lr 6.93e-04 |  349.5s (no improvement 5/30)
Epoch  189/500 | train -0.99264 [rs=0.0021 rs1=0.0036 nll=-4.9946 ro=0.0032] | val -0.99405 | lr 6.90e-04 |  351.3s (no improvement 6/30)
Epoch  190/500 | train -0.99263 [rs=0.0021 rs1=0.0036 nll=-4.9947 ro=0.0029] | val -0.99030 | lr 6.87e-04 |  353.2s (no improvement 7/30)
Epoch  191/500 | train -0.99114 [rs=0.0030 rs1=0.0041 nll=-4.9944 ro=0.0031] | val -0.99316 | lr 6.84e-04 |  355.0s (no improvement 8/30)
Epoch  192/500 | train -0.99247 [rs=0.0020 rs1=0.0038 nll=-4.9943 ro=0.0029] | val -0.99407 | lr 6.81e-04 |  356.8s (no improvement 9/30)
Epoch  193/500 | train -0.99188 [rs=0.0022 rs1=0.0041 nll=-4.9945 ro=0.0035] | val -0.99384 | lr 6.79e-04 |  358.6s (no improvement 10/30)
Epoch  194/500 | train -0.99243 [rs=0.0020 rs1=0.0038 nll=-4.9945 ro=0.0033] | val -0.99499 | lr 6.76e-04 |  360.5s ✓ best
Epoch  195/500 | train -0.99283 [rs=0.0020 rs1=0.0035 nll=-4.9944 ro=0.0027] | val -0.99377 | lr 6.73e-04 |  362.3s (no improvement 1/30)
Epoch  196/500 | train -0.99253 [rs=0.0020 rs1=0.0037 nll=-4.9946 ro=0.0034] | val -0.99469 | lr 6.70e-04 |  364.2s (no improvement 2/30)
Epoch  197/500 | train -0.99279 [rs=0.0021 rs1=0.0035 nll=-4.9947 ro=0.0029] | val -0.99314 | lr 6.67e-04 |  366.0s (no improvement 3/30)
Epoch  198/500 | train -0.99299 [rs=0.0020 rs1=0.0035 nll=-4.9950 ro=0.0029] | val -0.99487 | lr 6.64e-04 |  367.8s (no improvement 4/30)
Epoch  199/500 | train -0.99119 [rs=0.0028 rs1=0.0041 nll=-4.9941 ro=0.0035] | val -0.99327 | lr 6.61e-04 |  369.7s (no improvement 5/30)
Epoch  200/500 | train -0.99187 [rs=0.0021 rs1=0.0042 nll=-4.9939 ro=0.0032] | val -0.99346 | lr 6.58e-04 |  371.5s (no improvement 6/30)
Epoch  201/500 | train -0.99317 [rs=0.0019 rs1=0.0033 nll=-4.9948 ro=0.0030] | val -0.99398 | lr 6.55e-04 |  373.3s (no improvement 7/30)
Epoch  202/500 | train -0.99268 [rs=0.0021 rs1=0.0035 nll=-4.9950 ro=0.0034] | val -0.99515 | lr 6.52e-04 |  375.2s ✓ best
Epoch  203/500 | train -0.99247 [rs=0.0023 rs1=0.0037 nll=-4.9950 ro=0.0029] | val -0.99507 | lr 6.49e-04 |  377.0s (no improvement 1/30)
Epoch  204/500 | train -0.99154 [rs=0.0026 rs1=0.0041 nll=-4.9944 ro=0.0033] | val -0.99282 | lr 6.46e-04 |  378.8s (no improvement 2/30)
Epoch  205/500 | train -0.99284 [rs=0.0020 rs1=0.0035 nll=-4.9946 ro=0.0030] | val -0.99465 | lr 6.43e-04 |  380.7s (no improvement 3/30)
Epoch  206/500 | train -0.99299 [rs=0.0019 rs1=0.0034 nll=-4.9948 ro=0.0034] | val -0.99510 | lr 6.40e-04 |  382.5s (no improvement 4/30)
Epoch  207/500 | train -0.99356 [rs=0.0017 rs1=0.0032 nll=-4.9950 ro=0.0026] | val -0.99473 | lr 6.37e-04 |  384.3s (no improvement 5/30)
Epoch  208/500 | train -0.99185 [rs=0.0024 rs1=0.0041 nll=-4.9951 ro=0.0034] | val -0.99392 | lr 6.34e-04 |  386.1s (no improvement 6/30)
Epoch  209/500 | train -0.99187 [rs=0.0027 rs1=0.0038 nll=-4.9946 ro=0.0029] | val -0.99383 | lr 6.31e-04 |  388.0s (no improvement 7/30)
Epoch  210/500 | train -0.99267 [rs=0.0021 rs1=0.0035 nll=-4.9945 ro=0.0030] | val -0.99520 | lr 6.28e-04 |  389.8s ✓ best
Epoch  211/500 | train -0.99329 [rs=0.0019 rs1=0.0032 nll=-4.9947 ro=0.0025] | val -0.99487 | lr 6.25e-04 |  391.7s (no improvement 1/30)
Epoch  212/500 | train -0.99314 [rs=0.0018 rs1=0.0035 nll=-4.9949 ro=0.0025] | val -0.99520 | lr 6.22e-04 |  393.5s (no improvement 2/30)
Epoch  213/500 | train -0.99363 [rs=0.0016 rs1=0.0032 nll=-4.9951 ro=0.0028] | val -0.99511 | lr 6.19e-04 |  395.3s (no improvement 3/30)
Epoch  214/500 | train -0.99353 [rs=0.0018 rs1=0.0032 nll=-4.9951 ro=0.0025] | val -0.99484 | lr 6.16e-04 |  397.1s (no improvement 4/30)
Epoch  215/500 | train -0.99300 [rs=0.0018 rs1=0.0037 nll=-4.9950 ro=0.0028] | val -0.99244 | lr 6.13e-04 |  399.0s (no improvement 5/30)
Epoch  216/500 | train -0.99143 [rs=0.0026 rs1=0.0042 nll=-4.9950 ro=0.0038] | val -0.99478 | lr 6.10e-04 |  400.8s (no improvement 6/30)
Epoch  217/500 | train -0.99380 [rs=0.0016 rs1=0.0031 nll=-4.9952 ro=0.0025] | val -0.99437 | lr 6.07e-04 |  402.6s (no improvement 7/30)
Epoch  218/500 | train -0.99380 [rs=0.0016 rs1=0.0031 nll=-4.9953 ro=0.0028] | val -0.99556 | lr 6.04e-04 |  404.5s ✓ best
Epoch  219/500 | train -0.99399 [rs=0.0016 rs1=0.0030 nll=-4.9953 ro=0.0023] | val -0.99502 | lr 6.01e-04 |  406.3s (no improvement 1/30)
Epoch  220/500 | train -0.99313 [rs=0.0021 rs1=0.0033 nll=-4.9953 ro=0.0026] | val -0.99526 | lr 5.98e-04 |  408.2s (no improvement 2/30)
Epoch  221/500 | train -0.99313 [rs=0.0019 rs1=0.0035 nll=-4.9955 ro=0.0032] | val -0.99434 | lr 5.95e-04 |  410.0s (no improvement 3/30)
Epoch  222/500 | train -0.99410 [rs=0.0015 rs1=0.0030 nll=-4.9954 ro=0.0027] | val -0.99489 | lr 5.92e-04 |  411.8s (no improvement 4/30)
Epoch  223/500 | train -0.99151 [rs=0.0026 rs1=0.0043 nll=-4.9948 ro=0.0029] | val -0.99324 | lr 5.89e-04 |  413.7s (no improvement 5/30)
Epoch  224/500 | train -0.99295 [rs=0.0017 rs1=0.0037 nll=-4.9946 ro=0.0027] | val -0.99522 | lr 5.86e-04 |  415.5s (no improvement 6/30)
Epoch  225/500 | train -0.99410 [rs=0.0016 rs1=0.0029 nll=-4.9953 ro=0.0025] | val -0.99559 | lr 5.82e-04 |  417.4s ✓ best
Epoch  226/500 | train -0.99426 [rs=0.0015 rs1=0.0029 nll=-4.9956 ro=0.0024] | val -0.99529 | lr 5.79e-04 |  419.2s (no improvement 1/30)
Epoch  227/500 | train -0.99262 [rs=0.0022 rs1=0.0037 nll=-4.9955 ro=0.0032] | val -0.99546 | lr 5.76e-04 |  421.0s (no improvement 2/30)
Epoch  228/500 | train -0.99319 [rs=0.0019 rs1=0.0034 nll=-4.9952 ro=0.0028] | val -0.99475 | lr 5.73e-04 |  422.9s (no improvement 3/30)
Epoch  229/500 | train -0.99418 [rs=0.0015 rs1=0.0029 nll=-4.9955 ro=0.0025] | val -0.99506 | lr 5.70e-04 |  424.7s (no improvement 4/30)
Epoch  230/500 | train -0.99419 [rs=0.0015 rs1=0.0030 nll=-4.9956 ro=0.0023] | val -0.99538 | lr 5.67e-04 |  426.5s (no improvement 5/30)
Epoch  231/500 | train -0.99450 [rs=0.0014 rs1=0.0028 nll=-4.9957 ro=0.0023] | val -0.99523 | lr 5.64e-04 |  428.4s (no improvement 6/30)
Epoch  232/500 | train -0.99284 [rs=0.0021 rs1=0.0036 nll=-4.9955 ro=0.0027] | val -0.99066 | lr 5.61e-04 |  430.2s (no improvement 7/30)
Epoch  233/500 | train -0.99271 [rs=0.0021 rs1=0.0037 nll=-4.9952 ro=0.0025] | val -0.99290 | lr 5.58e-04 |  432.0s (no improvement 8/30)
Epoch  234/500 | train -0.99343 [rs=0.0016 rs1=0.0034 nll=-4.9952 ro=0.0027] | val -0.99509 | lr 5.55e-04 |  433.9s (no improvement 9/30)
Epoch  235/500 | train -0.99442 [rs=0.0014 rs1=0.0028 nll=-4.9957 ro=0.0026] | val -0.99542 | lr 5.52e-04 |  435.7s (no improvement 10/30)
Epoch  236/500 | train -0.99295 [rs=0.0021 rs1=0.0035 nll=-4.9957 ro=0.0029] | val -0.99010 | lr 5.48e-04 |  437.5s (no improvement 11/30)
Epoch  237/500 | train -0.99187 [rs=0.0027 rs1=0.0039 nll=-4.9949 ro=0.0029] | val -0.99441 | lr 5.45e-04 |  439.4s (no improvement 12/30)
Epoch  238/500 | train -0.99334 [rs=0.0018 rs1=0.0033 nll=-4.9950 ro=0.0028] | val -0.99420 | lr 5.42e-04 |  441.2s (no improvement 13/30)
Epoch  239/500 | train -0.99402 [rs=0.0015 rs1=0.0030 nll=-4.9952 ro=0.0025] | val -0.99518 | lr 5.39e-04 |  443.0s (no improvement 14/30)
Epoch  240/500 | train -0.99447 [rs=0.0015 rs1=0.0027 nll=-4.9957 ro=0.0023] | val -0.99426 | lr 5.36e-04 |  444.9s (no improvement 15/30)
Epoch  241/500 | train -0.99427 [rs=0.0016 rs1=0.0028 nll=-4.9956 ro=0.0022] | val -0.99362 | lr 5.33e-04 |  446.7s (no improvement 16/30)
Epoch  242/500 | train -0.99429 [rs=0.0014 rs1=0.0029 nll=-4.9958 ro=0.0024] | val -0.99400 | lr 5.30e-04 |  448.5s (no improvement 17/30)
Epoch  243/500 | train -0.99374 [rs=0.0018 rs1=0.0032 nll=-4.9959 ro=0.0023] | val -0.99541 | lr 5.27e-04 |  450.4s (no improvement 18/30)
Epoch  244/500 | train -0.99415 [rs=0.0015 rs1=0.0030 nll=-4.9960 ro=0.0024] | val -0.99541 | lr 5.24e-04 |  452.2s (no improvement 19/30)
Epoch  245/500 | train -0.99444 [rs=0.0014 rs1=0.0029 nll=-4.9959 ro=0.0022] | val -0.99269 | lr 5.21e-04 |  454.0s (no improvement 20/30)
Epoch  246/500 | train -0.99263 [rs=0.0024 rs1=0.0035 nll=-4.9956 ro=0.0030] | val -0.99510 | lr 5.17e-04 |  455.9s (no improvement 21/30)
Epoch  247/500 | train -0.99398 [rs=0.0016 rs1=0.0030 nll=-4.9955 ro=0.0026] | val -0.99567 | lr 5.14e-04 |  457.8s ✓ best
Epoch  248/500 | train -0.99465 [rs=0.0014 rs1=0.0027 nll=-4.9959 ro=0.0022] | val -0.99585 | lr 5.11e-04 |  459.6s ✓ best
Epoch  249/500 | train -0.99436 [rs=0.0014 rs1=0.0029 nll=-4.9960 ro=0.0023] | val -0.99582 | lr 5.08e-04 |  461.5s (no improvement 1/30)
Epoch  250/500 | train -0.99486 [rs=0.0013 rs1=0.0026 nll=-4.9961 ro=0.0020] | val -0.99416 | lr 5.05e-04 |  463.3s (no improvement 2/30)
Epoch  251/500 | train -0.99422 [rs=0.0016 rs1=0.0030 nll=-4.9961 ro=0.0020] | val -0.99587 | lr 5.02e-04 |  465.2s ✓ best
Epoch  252/500 | train -0.99493 [rs=0.0013 rs1=0.0026 nll=-4.9962 ro=0.0020] | val -0.99573 | lr 4.99e-04 |  467.0s (no improvement 1/30)
Epoch  253/500 | train -0.99522 [rs=0.0012 rs1=0.0025 nll=-4.9962 ro=0.0021] | val -0.99571 | lr 4.96e-04 |  468.9s (no improvement 2/30)
Epoch  254/500 | train -0.99228 [rs=0.0022 rs1=0.0041 nll=-4.9958 ro=0.0027] | val -0.99389 | lr 4.93e-04 |  470.7s (no improvement 3/30)
Epoch  255/500 | train -0.99320 [rs=0.0019 rs1=0.0035 nll=-4.9958 ro=0.0028] | val -0.99465 | lr 4.89e-04 |  472.5s (no improvement 4/30)
Epoch  256/500 | train -0.99454 [rs=0.0015 rs1=0.0028 nll=-4.9959 ro=0.0020] | val -0.99590 | lr 4.86e-04 |  474.4s ✓ best
Epoch  257/500 | train -0.99468 [rs=0.0014 rs1=0.0027 nll=-4.9959 ro=0.0020] | val -0.99545 | lr 4.83e-04 |  476.3s (no improvement 1/30)
Epoch  258/500 | train -0.99456 [rs=0.0014 rs1=0.0028 nll=-4.9957 ro=0.0020] | val -0.99572 | lr 4.80e-04 |  478.1s (no improvement 2/30)
Epoch  259/500 | train -0.99498 [rs=0.0012 rs1=0.0026 nll=-4.9961 ro=0.0020] | val -0.99650 | lr 4.77e-04 |  480.0s ✓ best
Epoch  260/500 | train -0.99456 [rs=0.0015 rs1=0.0028 nll=-4.9962 ro=0.0019] | val -0.99562 | lr 4.74e-04 |  481.8s (no improvement 1/30)
Epoch  261/500 | train -0.99411 [rs=0.0016 rs1=0.0030 nll=-4.9958 ro=0.0020] | val -0.99606 | lr 4.71e-04 |  483.7s (no improvement 2/30)
Epoch  262/500 | train -0.99465 [rs=0.0012 rs1=0.0029 nll=-4.9960 ro=0.0022] | val -0.99636 | lr 4.68e-04 |  485.5s (no improvement 3/30)
Epoch  263/500 | train -0.99522 [rs=0.0011 rs1=0.0025 nll=-4.9963 ro=0.0020] | val -0.99618 | lr 4.65e-04 |  487.3s (no improvement 4/30)
Epoch  264/500 | train -0.99520 [rs=0.0012 rs1=0.0024 nll=-4.9964 ro=0.0024] | val -0.99267 | lr 4.62e-04 |  489.2s (no improvement 5/30)
Epoch  265/500 | train -0.99105 [rs=0.0029 rs1=0.0045 nll=-4.9958 ro=0.0033] | val -0.99475 | lr 4.58e-04 |  491.0s (no improvement 6/30)
Epoch  266/500 | train -0.99418 [rs=0.0016 rs1=0.0029 nll=-4.9957 ro=0.0026] | val -0.99541 | lr 4.55e-04 |  492.8s (no improvement 7/30)
Epoch  267/500 | train -0.99468 [rs=0.0014 rs1=0.0026 nll=-4.9959 ro=0.0023] | val -0.99585 | lr 4.52e-04 |  494.7s (no improvement 8/30)
Epoch  268/500 | train -0.99499 [rs=0.0012 rs1=0.0026 nll=-4.9960 ro=0.0022] | val -0.99567 | lr 4.49e-04 |  496.5s (no improvement 9/30)
Epoch  269/500 | train -0.99517 [rs=0.0012 rs1=0.0026 nll=-4.9963 ro=0.0019] | val -0.99657 | lr 4.46e-04 |  498.4s ✓ best
Epoch  270/500 | train -0.99538 [rs=0.0012 rs1=0.0024 nll=-4.9963 ro=0.0019] | val -0.99624 | lr 4.43e-04 |  500.2s (no improvement 1/30)
Epoch  271/500 | train -0.99549 [rs=0.0011 rs1=0.0023 nll=-4.9965 ro=0.0020] | val -0.99613 | lr 4.40e-04 |  502.1s (no improvement 2/30)
Epoch  272/500 | train -0.99446 [rs=0.0017 rs1=0.0028 nll=-4.9963 ro=0.0018] | val -0.99273 | lr 4.37e-04 |  503.9s (no improvement 3/30)
Epoch  273/500 | train -0.99343 [rs=0.0015 rs1=0.0038 nll=-4.9960 ro=0.0025] | val -0.99601 | lr 4.34e-04 |  505.8s (no improvement 4/30)
Epoch  274/500 | train -0.99501 [rs=0.0012 rs1=0.0026 nll=-4.9962 ro=0.0020] | val -0.99611 | lr 4.31e-04 |  507.8s (no improvement 5/30)
Epoch  275/500 | train -0.99551 [rs=0.0011 rs1=0.0023 nll=-4.9964 ro=0.0017] | val -0.99633 | lr 4.28e-04 |  509.6s (no improvement 6/30)
Epoch  276/500 | train -0.99550 [rs=0.0011 rs1=0.0023 nll=-4.9964 ro=0.0018] | val -0.99577 | lr 4.24e-04 |  511.4s (no improvement 7/30)
Epoch  277/500 | train -0.99511 [rs=0.0014 rs1=0.0024 nll=-4.9964 ro=0.0020] | val -0.99458 | lr 4.21e-04 |  513.2s (no improvement 8/30)
Epoch  278/500 | train -0.99515 [rs=0.0012 rs1=0.0026 nll=-4.9965 ro=0.0020] | val -0.99681 | lr 4.18e-04 |  515.1s ✓ best
Epoch  279/500 | train -0.99553 [rs=0.0012 rs1=0.0023 nll=-4.9966 ro=0.0017] | val -0.99574 | lr 4.15e-04 |  516.9s (no improvement 1/30)
Epoch  280/500 | train -0.99443 [rs=0.0014 rs1=0.0031 nll=-4.9965 ro=0.0020] | val -0.99546 | lr 4.12e-04 |  518.8s (no improvement 2/30)
Epoch  281/500 | train -0.99508 [rs=0.0013 rs1=0.0025 nll=-4.9965 ro=0.0017] | val -0.99667 | lr 4.09e-04 |  520.6s (no improvement 3/30)
Epoch  282/500 | train -0.99472 [rs=0.0016 rs1=0.0026 nll=-4.9965 ro=0.0017] | val -0.99458 | lr 4.06e-04 |  522.4s (no improvement 4/30)
Epoch  283/500 | train -0.99424 [rs=0.0015 rs1=0.0030 nll=-4.9959 ro=0.0021] | val -0.99527 | lr 4.03e-04 |  524.3s (no improvement 5/30)
Epoch  284/500 | train -0.99505 [rs=0.0012 rs1=0.0025 nll=-4.9962 ro=0.0022] | val -0.99637 | lr 4.00e-04 |  526.1s (no improvement 6/30)
Epoch  285/500 | train -0.99562 [rs=0.0011 rs1=0.0022 nll=-4.9966 ro=0.0018] | val -0.99627 | lr 3.97e-04 |  527.9s (no improvement 7/30)
Epoch  286/500 | train -0.99462 [rs=0.0014 rs1=0.0029 nll=-4.9965 ro=0.0019] | val -0.99674 | lr 3.94e-04 |  529.7s (no improvement 8/30)
Epoch  287/500 | train -0.99451 [rs=0.0015 rs1=0.0028 nll=-4.9965 ro=0.0021] | val -0.99612 | lr 3.91e-04 |  531.6s (no improvement 9/30)
Epoch  288/500 | train -0.99546 [rs=0.0011 rs1=0.0024 nll=-4.9965 ro=0.0020] | val -0.99688 | lr 3.88e-04 |  533.4s ✓ best
Epoch  289/500 | train -0.99586 [rs=0.0010 rs1=0.0021 nll=-4.9967 ro=0.0016] | val -0.99679 | lr 3.85e-04 |  535.3s (no improvement 1/30)
Epoch  290/500 | train -0.99604 [rs=0.0009 rs1=0.0021 nll=-4.9968 ro=0.0016] | val -0.99654 | lr 3.82e-04 |  537.1s (no improvement 2/30)
Epoch  291/500 | train -0.99536 [rs=0.0012 rs1=0.0024 nll=-4.9967 ro=0.0017] | val -0.99645 | lr 3.79e-04 |  538.9s (no improvement 3/30)
Epoch  292/500 | train -0.99590 [rs=0.0010 rs1=0.0022 nll=-4.9968 ro=0.0017] | val -0.99638 | lr 3.76e-04 |  540.8s (no improvement 4/30)
Epoch  293/500 | train -0.99550 [rs=0.0012 rs1=0.0023 nll=-4.9967 ro=0.0017] | val -0.99669 | lr 3.73e-04 |  542.6s (no improvement 5/30)
Epoch  294/500 | train -0.99416 [rs=0.0017 rs1=0.0032 nll=-4.9967 ro=0.0018] | val -0.99563 | lr 3.70e-04 |  544.4s (no improvement 6/30)
Epoch  295/500 | train -0.99349 [rs=0.0020 rs1=0.0033 nll=-4.9962 ro=0.0021] | val -0.99406 | lr 3.67e-04 |  546.2s (no improvement 7/30)
Epoch  296/500 | train -0.99444 [rs=0.0013 rs1=0.0029 nll=-4.9960 ro=0.0029] | val -0.99618 | lr 3.64e-04 |  548.1s (no improvement 8/30)
Epoch  297/500 | train -0.99562 [rs=0.0011 rs1=0.0022 nll=-4.9966 ro=0.0021] | val -0.99615 | lr 3.61e-04 |  549.9s (no improvement 9/30)
Epoch  298/500 | train -0.99566 [rs=0.0011 rs1=0.0022 nll=-4.9966 ro=0.0017] | val -0.99664 | lr 3.58e-04 |  551.7s (no improvement 10/30)
Epoch  299/500 | train -0.99592 [rs=0.0009 rs1=0.0021 nll=-4.9967 ro=0.0018] | val -0.99691 | lr 3.55e-04 |  553.6s ✓ best
Epoch  300/500 | train -0.99609 [rs=0.0009 rs1=0.0020 nll=-4.9968 ro=0.0018] | val -0.99728 | lr 3.52e-04 |  555.5s ✓ best
Epoch  301/500 | train -0.99465 [rs=0.0015 rs1=0.0028 nll=-4.9966 ro=0.0017] | val -0.99571 | lr 3.49e-04 |  557.3s (no improvement 1/30)
Epoch  302/500 | train -0.99469 [rs=0.0014 rs1=0.0029 nll=-4.9967 ro=0.0019] | val -0.99575 | lr 3.46e-04 |  559.2s (no improvement 2/30)
Epoch  303/500 | train -0.99542 [rs=0.0011 rs1=0.0025 nll=-4.9968 ro=0.0017] | val -0.99700 | lr 3.43e-04 |  561.0s (no improvement 3/30)
Epoch  304/500 | train -0.99598 [rs=0.0009 rs1=0.0021 nll=-4.9968 ro=0.0016] | val -0.99642 | lr 3.40e-04 |  562.8s (no improvement 4/30)
Epoch  305/500 | train -0.99604 [rs=0.0009 rs1=0.0021 nll=-4.9969 ro=0.0017] | val -0.99708 | lr 3.37e-04 |  564.6s (no improvement 5/30)
Epoch  306/500 | train -0.99597 [rs=0.0010 rs1=0.0021 nll=-4.9968 ro=0.0016] | val -0.99709 | lr 3.34e-04 |  566.5s (no improvement 6/30)
Epoch  307/500 | train -0.99592 [rs=0.0010 rs1=0.0022 nll=-4.9968 ro=0.0016] | val -0.99618 | lr 3.31e-04 |  568.3s (no improvement 7/30)
Epoch  308/500 | train -0.99623 [rs=0.0009 rs1=0.0020 nll=-4.9970 ro=0.0015] | val -0.99743 | lr 3.29e-04 |  570.2s ✓ best
Epoch  309/500 | train -0.99599 [rs=0.0010 rs1=0.0021 nll=-4.9970 ro=0.0015] | val -0.99619 | lr 3.26e-04 |  572.0s (no improvement 1/30)
Epoch  310/500 | train -0.99627 [rs=0.0009 rs1=0.0019 nll=-4.9971 ro=0.0015] | val -0.99734 | lr 3.23e-04 |  573.8s (no improvement 2/30)
Epoch  311/500 | train -0.99607 [rs=0.0010 rs1=0.0020 nll=-4.9970 ro=0.0014] | val -0.99487 | lr 3.20e-04 |  575.7s (no improvement 3/30)
Epoch  312/500 | train -0.99534 [rs=0.0012 rs1=0.0026 nll=-4.9969 ro=0.0016] | val -0.99726 | lr 3.17e-04 |  577.5s (no improvement 4/30)
Epoch  313/500 | train -0.99627 [rs=0.0008 rs1=0.0020 nll=-4.9971 ro=0.0015] | val -0.99736 | lr 3.14e-04 |  579.3s (no improvement 5/30)
Epoch  314/500 | train -0.99598 [rs=0.0009 rs1=0.0022 nll=-4.9970 ro=0.0016] | val -0.99516 | lr 3.11e-04 |  581.2s (no improvement 6/30)
Epoch  315/500 | train -0.99508 [rs=0.0013 rs1=0.0025 nll=-4.9965 ro=0.0017] | val -0.99553 | lr 3.08e-04 |  583.0s (no improvement 7/30)
Epoch  316/500 | train -0.99562 [rs=0.0010 rs1=0.0023 nll=-4.9967 ro=0.0017] | val -0.99689 | lr 3.06e-04 |  584.8s (no improvement 8/30)
Epoch  317/500 | train -0.99616 [rs=0.0009 rs1=0.0020 nll=-4.9970 ro=0.0017] | val -0.99710 | lr 3.03e-04 |  586.7s (no improvement 9/30)
Epoch  318/500 | train -0.99620 [rs=0.0009 rs1=0.0020 nll=-4.9971 ro=0.0017] | val -0.99746 | lr 3.00e-04 |  588.6s ✓ best
Epoch  319/500 | train -0.99648 [rs=0.0008 rs1=0.0018 nll=-4.9971 ro=0.0014] | val -0.99555 | lr 2.97e-04 |  590.4s (no improvement 1/30)
Epoch  320/500 | train -0.99597 [rs=0.0010 rs1=0.0021 nll=-4.9971 ro=0.0016] | val -0.99661 | lr 2.94e-04 |  592.2s (no improvement 2/30)
Epoch  321/500 | train -0.99646 [rs=0.0008 rs1=0.0019 nll=-4.9972 ro=0.0015] | val -0.99756 | lr 2.91e-04 |  594.1s ✓ best
Epoch  322/500 | train -0.99657 [rs=0.0008 rs1=0.0018 nll=-4.9972 ro=0.0014] | val -0.99728 | lr 2.89e-04 |  595.9s (no improvement 1/30)
Epoch  323/500 | train -0.99501 [rs=0.0014 rs1=0.0027 nll=-4.9970 ro=0.0015] | val -0.99686 | lr 2.86e-04 |  597.8s (no improvement 2/30)
Epoch  324/500 | train -0.99598 [rs=0.0009 rs1=0.0022 nll=-4.9969 ro=0.0016] | val -0.99671 | lr 2.83e-04 |  599.6s (no improvement 3/30)
Epoch  325/500 | train -0.99627 [rs=0.0008 rs1=0.0020 nll=-4.9970 ro=0.0015] | val -0.99710 | lr 2.80e-04 |  601.4s (no improvement 4/30)
Epoch  326/500 | train -0.99625 [rs=0.0009 rs1=0.0020 nll=-4.9970 ro=0.0015] | val -0.99702 | lr 2.78e-04 |  603.3s (no improvement 5/30)
Epoch  327/500 | train -0.99650 [rs=0.0008 rs1=0.0019 nll=-4.9971 ro=0.0014] | val -0.99757 | lr 2.75e-04 |  605.2s ✓ best
Epoch  328/500 | train -0.99680 [rs=0.0007 rs1=0.0017 nll=-4.9972 ro=0.0014] | val -0.99775 | lr 2.72e-04 |  607.0s ✓ best
Epoch  329/500 | train -0.99441 [rs=0.0015 rs1=0.0031 nll=-4.9968 ro=0.0016] | val -0.99692 | lr 2.69e-04 |  608.9s (no improvement 1/30)
Epoch  330/500 | train -0.99577 [rs=0.0010 rs1=0.0023 nll=-4.9968 ro=0.0015] | val -0.99698 | lr 2.67e-04 |  610.7s (no improvement 2/30)
Epoch  331/500 | train -0.99636 [rs=0.0009 rs1=0.0019 nll=-4.9972 ro=0.0015] | val -0.99678 | lr 2.64e-04 |  612.6s (no improvement 3/30)
Epoch  332/500 | train -0.99651 [rs=0.0008 rs1=0.0018 nll=-4.9972 ro=0.0015] | val -0.99752 | lr 2.61e-04 |  614.4s (no improvement 4/30)
Epoch  333/500 | train -0.99673 [rs=0.0007 rs1=0.0017 nll=-4.9972 ro=0.0013] | val -0.99747 | lr 2.58e-04 |  616.3s (no improvement 5/30)
Epoch  334/500 | train -0.99662 [rs=0.0008 rs1=0.0018 nll=-4.9972 ro=0.0013] | val -0.99748 | lr 2.56e-04 |  618.1s (no improvement 6/30)
Epoch  335/500 | train -0.99679 [rs=0.0007 rs1=0.0017 nll=-4.9973 ro=0.0013] | val -0.99706 | lr 2.53e-04 |  619.9s (no improvement 7/30)
Epoch  336/500 | train -0.99647 [rs=0.0009 rs1=0.0019 nll=-4.9973 ro=0.0014] | val -0.99778 | lr 2.50e-04 |  621.8s ✓ best
Epoch  337/500 | train -0.99644 [rs=0.0008 rs1=0.0019 nll=-4.9974 ro=0.0014] | val -0.99767 | lr 2.48e-04 |  623.7s (no improvement 1/30)
Epoch  338/500 | train -0.99633 [rs=0.0010 rs1=0.0019 nll=-4.9973 ro=0.0014] | val -0.99669 | lr 2.45e-04 |  625.5s (no improvement 2/30)
Epoch  339/500 | train -0.99614 [rs=0.0008 rs1=0.0022 nll=-4.9972 ro=0.0015] | val -0.99528 | lr 2.42e-04 |  627.3s (no improvement 3/30)
Epoch  340/500 | train -0.99496 [rs=0.0015 rs1=0.0027 nll=-4.9973 ro=0.0015] | val -0.99700 | lr 2.40e-04 |  629.2s (no improvement 4/30)
Epoch  341/500 | train -0.99597 [rs=0.0009 rs1=0.0022 nll=-4.9972 ro=0.0017] | val -0.99741 | lr 2.37e-04 |  631.0s (no improvement 5/30)
Epoch  342/500 | train -0.99651 [rs=0.0008 rs1=0.0019 nll=-4.9973 ro=0.0014] | val -0.99702 | lr 2.35e-04 |  632.8s (no improvement 6/30)
Epoch  343/500 | train -0.99648 [rs=0.0008 rs1=0.0019 nll=-4.9973 ro=0.0014] | val -0.99775 | lr 2.32e-04 |  634.7s (no improvement 7/30)
Epoch  344/500 | train -0.99690 [rs=0.0007 rs1=0.0016 nll=-4.9974 ro=0.0013] | val -0.99782 | lr 2.29e-04 |  636.6s ✓ best
Epoch  345/500 | train -0.99688 [rs=0.0007 rs1=0.0016 nll=-4.9973 ro=0.0013] | val -0.99744 | lr 2.27e-04 |  638.4s (no improvement 1/30)
Epoch  346/500 | train -0.99654 [rs=0.0008 rs1=0.0018 nll=-4.9974 ro=0.0013] | val -0.99767 | lr 2.24e-04 |  640.2s (no improvement 2/30)
Epoch  347/500 | train -0.99678 [rs=0.0008 rs1=0.0017 nll=-4.9974 ro=0.0013] | val -0.99761 | lr 2.22e-04 |  642.1s (no improvement 3/30)
Epoch  348/500 | train -0.99694 [rs=0.0007 rs1=0.0016 nll=-4.9975 ro=0.0013] | val -0.99791 | lr 2.19e-04 |  643.9s ✓ best
Epoch  349/500 | train -0.99675 [rs=0.0008 rs1=0.0017 nll=-4.9974 ro=0.0013] | val -0.99793 | lr 2.17e-04 |  645.8s ✓ best
Epoch  350/500 | train -0.99689 [rs=0.0007 rs1=0.0017 nll=-4.9974 ro=0.0013] | val -0.99796 | lr 2.14e-04 |  647.7s ✓ best
Epoch  351/500 | train -0.99684 [rs=0.0007 rs1=0.0017 nll=-4.9975 ro=0.0013] | val -0.99746 | lr 2.12e-04 |  649.6s (no improvement 1/30)
Epoch  352/500 | train -0.99673 [rs=0.0008 rs1=0.0018 nll=-4.9975 ro=0.0013] | val -0.99752 | lr 2.09e-04 |  651.4s (no improvement 2/30)
Epoch  353/500 | train -0.99695 [rs=0.0007 rs1=0.0016 nll=-4.9976 ro=0.0013] | val -0.99803 | lr 2.07e-04 |  653.3s ✓ best
Epoch  354/500 | train -0.99688 [rs=0.0007 rs1=0.0017 nll=-4.9975 ro=0.0013] | val -0.99789 | lr 2.04e-04 |  655.1s (no improvement 1/30)
Epoch  355/500 | train -0.99702 [rs=0.0006 rs1=0.0016 nll=-4.9975 ro=0.0013] | val -0.99776 | lr 2.02e-04 |  657.0s (no improvement 2/30)
Epoch  356/500 | train -0.99707 [rs=0.0006 rs1=0.0016 nll=-4.9976 ro=0.0013] | val -0.99793 | lr 1.99e-04 |  658.8s (no improvement 3/30)
Epoch  357/500 | train -0.99721 [rs=0.0006 rs1=0.0015 nll=-4.9976 ro=0.0013] | val -0.99813 | lr 1.97e-04 |  660.7s ✓ best
Epoch  358/500 | train -0.99638 [rs=0.0009 rs1=0.0020 nll=-4.9975 ro=0.0013] | val -0.99755 | lr 1.94e-04 |  662.5s (no improvement 1/30)
Epoch  359/500 | train -0.99679 [rs=0.0007 rs1=0.0018 nll=-4.9975 ro=0.0013] | val -0.99799 | lr 1.92e-04 |  664.5s (no improvement 2/30)
Epoch  360/500 | train -0.99700 [rs=0.0007 rs1=0.0016 nll=-4.9976 ro=0.0013] | val -0.99807 | lr 1.89e-04 |  666.3s (no improvement 3/30)
Epoch  361/500 | train -0.99715 [rs=0.0006 rs1=0.0015 nll=-4.9976 ro=0.0013] | val -0.99813 | lr 1.87e-04 |  668.2s (no improvement 4/30)
Epoch  362/500 | train -0.99718 [rs=0.0006 rs1=0.0015 nll=-4.9976 ro=0.0012] | val -0.99815 | lr 1.85e-04 |  670.0s ✓ best
Epoch  363/500 | train -0.99717 [rs=0.0006 rs1=0.0015 nll=-4.9976 ro=0.0012] | val -0.99733 | lr 1.82e-04 |  671.9s (no improvement 1/30)
Epoch  364/500 | train -0.99696 [rs=0.0007 rs1=0.0016 nll=-4.9976 ro=0.0013] | val -0.99798 | lr 1.80e-04 |  673.7s (no improvement 2/30)
Epoch  365/500 | train -0.99720 [rs=0.0006 rs1=0.0015 nll=-4.9977 ro=0.0013] | val -0.99808 | lr 1.78e-04 |  675.5s (no improvement 3/30)
Epoch  366/500 | train -0.99714 [rs=0.0006 rs1=0.0015 nll=-4.9977 ro=0.0012] | val -0.99816 | lr 1.75e-04 |  677.4s ✓ best
Epoch  367/500 | train -0.99701 [rs=0.0007 rs1=0.0016 nll=-4.9976 ro=0.0012] | val -0.99631 | lr 1.73e-04 |  679.2s (no improvement 1/30)
Epoch  368/500 | train -0.99671 [rs=0.0007 rs1=0.0018 nll=-4.9976 ro=0.0013] | val -0.99782 | lr 1.71e-04 |  681.1s (no improvement 2/30)
Epoch  369/500 | train -0.99707 [rs=0.0006 rs1=0.0016 nll=-4.9977 ro=0.0013] | val -0.99788 | lr 1.68e-04 |  682.9s (no improvement 3/30)
Epoch  370/500 | train -0.99696 [rs=0.0007 rs1=0.0017 nll=-4.9977 ro=0.0013] | val -0.99811 | lr 1.66e-04 |  684.7s (no improvement 4/30)
Epoch  371/500 | train -0.99728 [rs=0.0006 rs1=0.0015 nll=-4.9977 ro=0.0012] | val -0.99815 | lr 1.64e-04 |  686.5s (no improvement 5/30)
Epoch  372/500 | train -0.99702 [rs=0.0007 rs1=0.0016 nll=-4.9977 ro=0.0012] | val -0.99819 | lr 1.62e-04 |  688.4s ✓ best
Epoch  373/500 | train -0.99651 [rs=0.0009 rs1=0.0019 nll=-4.9977 ro=0.0012] | val -0.99640 | lr 1.59e-04 |  690.2s (no improvement 1/30)
Epoch  374/500 | train -0.99683 [rs=0.0006 rs1=0.0018 nll=-4.9976 ro=0.0012] | val -0.99774 | lr 1.57e-04 |  692.1s (no improvement 2/30)
Epoch  375/500 | train -0.99724 [rs=0.0006 rs1=0.0015 nll=-4.9977 ro=0.0012] | val -0.99809 | lr 1.55e-04 |  693.9s (no improvement 3/30)
Epoch  376/500 | train -0.99733 [rs=0.0005 rs1=0.0014 nll=-4.9977 ro=0.0012] | val -0.99821 | lr 1.53e-04 |  695.8s ✓ best
Epoch  377/500 | train -0.99733 [rs=0.0006 rs1=0.0014 nll=-4.9977 ro=0.0012] | val -0.99816 | lr 1.51e-04 |  697.6s (no improvement 1/30)
Epoch  378/500 | train -0.99726 [rs=0.0006 rs1=0.0015 nll=-4.9977 ro=0.0012] | val -0.99802 | lr 1.48e-04 |  699.4s (no improvement 2/30)
Epoch  379/500 | train -0.99719 [rs=0.0006 rs1=0.0015 nll=-4.9977 ro=0.0012] | val -0.99820 | lr 1.46e-04 |  701.2s (no improvement 3/30)
Epoch  380/500 | train -0.99735 [rs=0.0005 rs1=0.0014 nll=-4.9978 ro=0.0012] | val -0.99806 | lr 1.44e-04 |  703.1s (no improvement 4/30)
Epoch  381/500 | train -0.99727 [rs=0.0006 rs1=0.0015 nll=-4.9978 ro=0.0012] | val -0.99752 | lr 1.42e-04 |  704.9s (no improvement 5/30)
Epoch  382/500 | train -0.99687 [rs=0.0007 rs1=0.0017 nll=-4.9978 ro=0.0012] | val -0.99818 | lr 1.40e-04 |  706.7s (no improvement 6/30)
Epoch  383/500 | train -0.99708 [rs=0.0006 rs1=0.0016 nll=-4.9978 ro=0.0012] | val -0.99824 | lr 1.38e-04 |  708.6s ✓ best
Epoch  384/500 | train -0.99722 [rs=0.0006 rs1=0.0015 nll=-4.9978 ro=0.0012] | val -0.99824 | lr 1.36e-04 |  710.5s ✓ best
Epoch  385/500 | train -0.99736 [rs=0.0005 rs1=0.0014 nll=-4.9978 ro=0.0012] | val -0.99826 | lr 1.34e-04 |  712.4s ✓ best
Epoch  386/500 | train -0.99742 [rs=0.0005 rs1=0.0014 nll=-4.9978 ro=0.0012] | val -0.99815 | lr 1.32e-04 |  714.2s (no improvement 1/30)
Epoch  387/500 | train -0.99742 [rs=0.0005 rs1=0.0014 nll=-4.9978 ro=0.0012] | val -0.99828 | lr 1.30e-04 |  716.1s ✓ best
Epoch  388/500 | train -0.99745 [rs=0.0005 rs1=0.0014 nll=-4.9978 ro=0.0012] | val -0.99827 | lr 1.28e-04 |  717.9s (no improvement 1/30)
Epoch  389/500 | train -0.99745 [rs=0.0005 rs1=0.0014 nll=-4.9978 ro=0.0012] | val -0.99822 | lr 1.26e-04 |  719.8s (no improvement 2/30)
Epoch  390/500 | train -0.99741 [rs=0.0005 rs1=0.0014 nll=-4.9978 ro=0.0012] | val -0.99832 | lr 1.24e-04 |  721.7s ✓ best
Epoch  391/500 | train -0.99749 [rs=0.0005 rs1=0.0013 nll=-4.9978 ro=0.0012] | val -0.99817 | lr 1.22e-04 |  723.5s (no improvement 1/30)
Epoch  392/500 | train -0.99745 [rs=0.0005 rs1=0.0014 nll=-4.9978 ro=0.0012] | val -0.99833 | lr 1.20e-04 |  725.4s ✓ best
Epoch  393/500 | train -0.99745 [rs=0.0005 rs1=0.0014 nll=-4.9978 ro=0.0012] | val -0.99836 | lr 1.18e-04 |  727.3s ✓ best
Epoch  394/500 | train -0.99746 [rs=0.0005 rs1=0.0014 nll=-4.9978 ro=0.0012] | val -0.99829 | lr 1.16e-04 |  729.1s (no improvement 1/30)
Epoch  395/500 | train -0.99746 [rs=0.0005 rs1=0.0014 nll=-4.9979 ro=0.0011] | val -0.99831 | lr 1.14e-04 |  730.9s (no improvement 2/30)
Epoch  396/500 | train -0.99747 [rs=0.0005 rs1=0.0014 nll=-4.9979 ro=0.0012] | val -0.99833 | lr 1.12e-04 |  732.8s (no improvement 3/30)
Epoch  397/500 | train -0.99746 [rs=0.0005 rs1=0.0014 nll=-4.9979 ro=0.0012] | val -0.99820 | lr 1.10e-04 |  734.6s (no improvement 4/30)
Epoch  398/500 | train -0.99748 [rs=0.0005 rs1=0.0014 nll=-4.9979 ro=0.0012] | val -0.99834 | lr 1.08e-04 |  736.4s (no improvement 5/30)
Epoch  399/500 | train -0.99751 [rs=0.0005 rs1=0.0013 nll=-4.9979 ro=0.0011] | val -0.99835 | lr 1.06e-04 |  738.3s (no improvement 6/30)
Epoch  400/500 | train -0.99753 [rs=0.0005 rs1=0.0013 nll=-4.9979 ro=0.0011] | val -0.99840 | lr 1.05e-04 |  740.2s ✓ best
Epoch  401/500 | train -0.99752 [rs=0.0005 rs1=0.0013 nll=-4.9979 ro=0.0011] | val -0.99837 | lr 1.03e-04 |  742.0s (no improvement 1/30)
Epoch  402/500 | train -0.99750 [rs=0.0005 rs1=0.0013 nll=-4.9979 ro=0.0011] | val -0.99840 | lr 1.01e-04 |  743.9s ✓ best
Epoch  403/500 | train -0.99754 [rs=0.0005 rs1=0.0013 nll=-4.9979 ro=0.0011] | val -0.99839 | lr 9.91e-05 |  745.7s (no improvement 1/30)
Epoch  404/500 | train -0.99746 [rs=0.0005 rs1=0.0014 nll=-4.9979 ro=0.0011] | val -0.99796 | lr 9.74e-05 |  747.5s (no improvement 2/30)
Epoch  405/500 | train -0.99747 [rs=0.0005 rs1=0.0014 nll=-4.9979 ro=0.0012] | val -0.99835 | lr 9.56e-05 |  749.4s (no improvement 3/30)
Epoch  406/500 | train -0.99757 [rs=0.0005 rs1=0.0013 nll=-4.9979 ro=0.0012] | val -0.99833 | lr 9.39e-05 |  751.2s (no improvement 4/30)
Epoch  407/500 | train -0.99755 [rs=0.0005 rs1=0.0013 nll=-4.9979 ro=0.0011] | val -0.99836 | lr 9.21e-05 |  753.0s (no improvement 5/30)
Epoch  408/500 | train -0.99756 [rs=0.0005 rs1=0.0013 nll=-4.9979 ro=0.0011] | val -0.99843 | lr 9.04e-05 |  754.9s ✓ best
Epoch  409/500 | train -0.99759 [rs=0.0005 rs1=0.0013 nll=-4.9980 ro=0.0011] | val -0.99836 | lr 8.87e-05 |  756.8s (no improvement 1/30)
Epoch  410/500 | train -0.99754 [rs=0.0005 rs1=0.0013 nll=-4.9979 ro=0.0011] | val -0.99840 | lr 8.71e-05 |  758.6s (no improvement 2/30)
Epoch  411/500 | train -0.99759 [rs=0.0005 rs1=0.0013 nll=-4.9980 ro=0.0011] | val -0.99832 | lr 8.54e-05 |  760.4s (no improvement 3/30)
Epoch  412/500 | train -0.99757 [rs=0.0005 rs1=0.0013 nll=-4.9979 ro=0.0011] | val -0.99837 | lr 8.38e-05 |  762.3s (no improvement 4/30)
Epoch  413/500 | train -0.99757 [rs=0.0005 rs1=0.0013 nll=-4.9980 ro=0.0011] | val -0.99844 | lr 8.21e-05 |  764.2s ✓ best
Epoch  414/500 | train -0.99757 [rs=0.0005 rs1=0.0013 nll=-4.9979 ro=0.0011] | val -0.99842 | lr 8.05e-05 |  766.0s (no improvement 1/30)
Epoch  415/500 | train -0.99759 [rs=0.0005 rs1=0.0013 nll=-4.9980 ro=0.0011] | val -0.99843 | lr 7.89e-05 |  767.8s (no improvement 2/30)
Epoch  416/500 | train -0.99758 [rs=0.0005 rs1=0.0013 nll=-4.9980 ro=0.0011] | val -0.99844 | lr 7.74e-05 |  769.7s ✓ best
Epoch  417/500 | train -0.99760 [rs=0.0005 rs1=0.0013 nll=-4.9980 ro=0.0011] | val -0.99844 | lr 7.58e-05 |  771.6s ✓ best
Epoch  418/500 | train -0.99759 [rs=0.0005 rs1=0.0013 nll=-4.9980 ro=0.0011] | val -0.99845 | lr 7.43e-05 |  773.5s ✓ best
Epoch  419/500 | train -0.99758 [rs=0.0005 rs1=0.0013 nll=-4.9980 ro=0.0011] | val -0.99845 | lr 7.27e-05 |  775.3s (no improvement 1/30)
Epoch  420/500 | train -0.99760 [rs=0.0005 rs1=0.0013 nll=-4.9980 ro=0.0011] | val -0.99846 | lr 7.12e-05 |  777.2s ✓ best
Epoch  421/500 | train -0.99761 [rs=0.0005 rs1=0.0013 nll=-4.9980 ro=0.0011] | val -0.99845 | lr 6.97e-05 |  779.1s (no improvement 1/30)
Epoch  422/500 | train -0.99761 [rs=0.0005 rs1=0.0013 nll=-4.9980 ro=0.0011] | val -0.99844 | lr 6.83e-05 |  780.9s (no improvement 2/30)
Epoch  423/500 | train -0.99765 [rs=0.0005 rs1=0.0013 nll=-4.9980 ro=0.0011] | val -0.99843 | lr 6.68e-05 |  782.7s (no improvement 3/30)
Epoch  424/500 | train -0.99763 [rs=0.0005 rs1=0.0013 nll=-4.9980 ro=0.0011] | val -0.99846 | lr 6.54e-05 |  784.6s (no improvement 4/30)
Epoch  425/500 | train -0.99763 [rs=0.0005 rs1=0.0013 nll=-4.9980 ro=0.0011] | val -0.99848 | lr 6.40e-05 |  786.4s ✓ best
Epoch  426/500 | train -0.99765 [rs=0.0005 rs1=0.0013 nll=-4.9980 ro=0.0011] | val -0.99846 | lr 6.25e-05 |  788.3s (no improvement 1/30)
Epoch  427/500 | train -0.99763 [rs=0.0005 rs1=0.0013 nll=-4.9980 ro=0.0011] | val -0.99846 | lr 6.12e-05 |  790.1s (no improvement 2/30)
Epoch  428/500 | train -0.99763 [rs=0.0005 rs1=0.0013 nll=-4.9980 ro=0.0011] | val -0.99849 | lr 5.98e-05 |  792.0s ✓ best
Epoch  429/500 | train -0.99764 [rs=0.0005 rs1=0.0013 nll=-4.9980 ro=0.0011] | val -0.99834 | lr 5.84e-05 |  793.8s (no improvement 1/30)
Epoch  430/500 | train -0.99763 [rs=0.0005 rs1=0.0013 nll=-4.9980 ro=0.0011] | val -0.99848 | lr 5.71e-05 |  795.7s (no improvement 2/30)
Epoch  431/500 | train -0.99766 [rs=0.0005 rs1=0.0013 nll=-4.9980 ro=0.0011] | val -0.99843 | lr 5.58e-05 |  797.5s (no improvement 3/30)
Epoch  432/500 | train -0.99766 [rs=0.0005 rs1=0.0013 nll=-4.9980 ro=0.0011] | val -0.99850 | lr 5.45e-05 |  799.4s ✓ best
Epoch  433/500 | train -0.99766 [rs=0.0005 rs1=0.0013 nll=-4.9980 ro=0.0011] | val -0.99844 | lr 5.32e-05 |  801.2s (no improvement 1/30)
Epoch  434/500 | train -0.99764 [rs=0.0005 rs1=0.0013 nll=-4.9980 ro=0.0011] | val -0.99851 | lr 5.20e-05 |  803.1s ✓ best
Epoch  435/500 | train -0.99766 [rs=0.0005 rs1=0.0013 nll=-4.9980 ro=0.0011] | val -0.99848 | lr 5.07e-05 |  805.0s (no improvement 1/30)
Epoch  436/500 | train -0.99767 [rs=0.0005 rs1=0.0013 nll=-4.9980 ro=0.0011] | val -0.99848 | lr 4.95e-05 |  806.8s (no improvement 2/30)
Epoch  437/500 | train -0.99768 [rs=0.0005 rs1=0.0013 nll=-4.9980 ro=0.0011] | val -0.99850 | lr 4.83e-05 |  808.6s (no improvement 3/30)
Epoch  438/500 | train -0.99767 [rs=0.0005 rs1=0.0013 nll=-4.9980 ro=0.0011] | val -0.99847 | lr 4.71e-05 |  810.5s (no improvement 4/30)
Epoch  439/500 | train -0.99766 [rs=0.0005 rs1=0.0013 nll=-4.9980 ro=0.0011] | val -0.99852 | lr 4.59e-05 |  812.4s ✓ best
Epoch  440/500 | train -0.99766 [rs=0.0005 rs1=0.0013 nll=-4.9980 ro=0.0011] | val -0.99850 | lr 4.48e-05 |  814.2s (no improvement 1/30)
Epoch  441/500 | train -0.99767 [rs=0.0005 rs1=0.0013 nll=-4.9980 ro=0.0011] | val -0.99841 | lr 4.36e-05 |  816.0s (no improvement 2/30)
Epoch  442/500 | train -0.99767 [rs=0.0005 rs1=0.0013 nll=-4.9981 ro=0.0011] | val -0.99852 | lr 4.25e-05 |  817.9s ✓ best
Epoch  443/500 | train -0.99766 [rs=0.0005 rs1=0.0013 nll=-4.9981 ro=0.0011] | val -0.99848 | lr 4.14e-05 |  819.7s (no improvement 1/30)
Epoch  444/500 | train -0.99766 [rs=0.0005 rs1=0.0013 nll=-4.9980 ro=0.0011] | val -0.99849 | lr 4.03e-05 |  821.6s (no improvement 2/30)
Epoch  445/500 | train -0.99770 [rs=0.0005 rs1=0.0012 nll=-4.9981 ro=0.0011] | val -0.99845 | lr 3.93e-05 |  823.6s (no improvement 3/30)
Epoch  446/500 | train -0.99769 [rs=0.0004 rs1=0.0013 nll=-4.9981 ro=0.0011] | val -0.99851 | lr 3.82e-05 |  825.4s (no improvement 4/30)
Epoch  447/500 | train -0.99770 [rs=0.0005 rs1=0.0012 nll=-4.9981 ro=0.0011] | val -0.99851 | lr 3.72e-05 |  827.2s (no improvement 5/30)
Epoch  448/500 | train -0.99771 [rs=0.0005 rs1=0.0012 nll=-4.9981 ro=0.0011] | val -0.99853 | lr 3.62e-05 |  829.1s ✓ best
Epoch  449/500 | train -0.99770 [rs=0.0005 rs1=0.0012 nll=-4.9981 ro=0.0011] | val -0.99851 | lr 3.52e-05 |  831.0s (no improvement 1/30)
Epoch  450/500 | train -0.99771 [rs=0.0004 rs1=0.0012 nll=-4.9981 ro=0.0011] | val -0.99848 | lr 3.42e-05 |  832.8s (no improvement 2/30)
Epoch  451/500 | train -0.99770 [rs=0.0004 rs1=0.0013 nll=-4.9981 ro=0.0011] | val -0.99847 | lr 3.33e-05 |  834.6s (no improvement 3/30)
Epoch  452/500 | train -0.99768 [rs=0.0005 rs1=0.0013 nll=-4.9981 ro=0.0011] | val -0.99844 | lr 3.23e-05 |  836.4s (no improvement 4/30)
Epoch  453/500 | train -0.99770 [rs=0.0005 rs1=0.0013 nll=-4.9981 ro=0.0011] | val -0.99846 | lr 3.14e-05 |  838.3s (no improvement 5/30)
Epoch  454/500 | train -0.99771 [rs=0.0005 rs1=0.0012 nll=-4.9981 ro=0.0011] | val -0.99845 | lr 3.05e-05 |  840.1s (no improvement 6/30)
Epoch  455/500 | train -0.99770 [rs=0.0005 rs1=0.0012 nll=-4.9981 ro=0.0011] | val -0.99846 | lr 2.97e-05 |  841.9s (no improvement 7/30)
Epoch  456/500 | train -0.99770 [rs=0.0005 rs1=0.0012 nll=-4.9981 ro=0.0011] | val -0.99854 | lr 2.88e-05 |  843.8s ✓ best
Epoch  457/500 | train -0.99772 [rs=0.0004 rs1=0.0012 nll=-4.9981 ro=0.0011] | val -0.99854 | lr 2.80e-05 |  845.6s (no improvement 1/30)
Epoch  458/500 | train -0.99771 [rs=0.0005 rs1=0.0012 nll=-4.9981 ro=0.0011] | val -0.99855 | lr 2.71e-05 |  847.5s ✓ best
Epoch  459/500 | train -0.99772 [rs=0.0004 rs1=0.0012 nll=-4.9981 ro=0.0011] | val -0.99855 | lr 2.63e-05 |  849.4s ✓ best
Epoch  460/500 | train -0.99770 [rs=0.0005 rs1=0.0012 nll=-4.9981 ro=0.0011] | val -0.99849 | lr 2.56e-05 |  851.2s (no improvement 1/30)
Epoch  461/500 | train -0.99772 [rs=0.0004 rs1=0.0012 nll=-4.9981 ro=0.0011] | val -0.99854 | lr 2.48e-05 |  853.1s (no improvement 2/30)
Epoch  462/500 | train -0.99772 [rs=0.0004 rs1=0.0012 nll=-4.9981 ro=0.0011] | val -0.99854 | lr 2.40e-05 |  854.9s (no improvement 3/30)
Epoch  463/500 | train -0.99773 [rs=0.0004 rs1=0.0012 nll=-4.9981 ro=0.0011] | val -0.99855 | lr 2.33e-05 |  856.7s (no improvement 4/30)
Epoch  464/500 | train -0.99773 [rs=0.0004 rs1=0.0012 nll=-4.9981 ro=0.0011] | val -0.99853 | lr 2.26e-05 |  858.6s (no improvement 5/30)
Epoch  465/500 | train -0.99772 [rs=0.0004 rs1=0.0012 nll=-4.9981 ro=0.0011] | val -0.99847 | lr 2.19e-05 |  860.4s (no improvement 6/30)
Epoch  466/500 | train -0.99770 [rs=0.0005 rs1=0.0012 nll=-4.9981 ro=0.0011] | val -0.99855 | lr 2.13e-05 |  862.3s ✓ best
Epoch  467/500 | train -0.99772 [rs=0.0004 rs1=0.0012 nll=-4.9981 ro=0.0011] | val -0.99846 | lr 2.06e-05 |  864.1s (no improvement 1/30)
Epoch  468/500 | train -0.99772 [rs=0.0004 rs1=0.0012 nll=-4.9981 ro=0.0011] | val -0.99855 | lr 2.00e-05 |  866.0s ✓ best
Epoch  469/500 | train -0.99775 [rs=0.0004 rs1=0.0012 nll=-4.9981 ro=0.0011] | val -0.99854 | lr 1.94e-05 |  867.8s (no improvement 1/30)
Epoch  470/500 | train -0.99775 [rs=0.0004 rs1=0.0012 nll=-4.9981 ro=0.0011] | val -0.99855 | lr 1.88e-05 |  869.7s ✓ best
Epoch  471/500 | train -0.99774 [rs=0.0004 rs1=0.0012 nll=-4.9981 ro=0.0011] | val -0.99848 | lr 1.82e-05 |  871.6s (no improvement 1/30)
Epoch  472/500 | train -0.99772 [rs=0.0004 rs1=0.0012 nll=-4.9981 ro=0.0011] | val -0.99855 | lr 1.76e-05 |  873.4s (no improvement 2/30)
Epoch  473/500 | train -0.99773 [rs=0.0004 rs1=0.0012 nll=-4.9981 ro=0.0011] | val -0.99853 | lr 1.71e-05 |  875.2s (no improvement 3/30)
Epoch  474/500 | train -0.99774 [rs=0.0004 rs1=0.0012 nll=-4.9981 ro=0.0011] | val -0.99855 | lr 1.66e-05 |  877.1s (no improvement 4/30)
Epoch  475/500 | train -0.99776 [rs=0.0004 rs1=0.0012 nll=-4.9981 ro=0.0011] | val -0.99856 | lr 1.61e-05 |  879.0s ✓ best
Epoch  476/500 | train -0.99774 [rs=0.0004 rs1=0.0012 nll=-4.9981 ro=0.0010] | val -0.99853 | lr 1.56e-05 |  880.8s (no improvement 1/30)
Epoch  477/500 | train -0.99775 [rs=0.0004 rs1=0.0012 nll=-4.9981 ro=0.0011] | val -0.99857 | lr 1.52e-05 |  882.7s ✓ best
Epoch  478/500 | train -0.99776 [rs=0.0004 rs1=0.0012 nll=-4.9981 ro=0.0011] | val -0.99855 | lr 1.47e-05 |  884.5s (no improvement 1/30)
Epoch  479/500 | train -0.99773 [rs=0.0004 rs1=0.0012 nll=-4.9981 ro=0.0010] | val -0.99854 | lr 1.43e-05 |  886.4s (no improvement 2/30)
Epoch  480/500 | train -0.99775 [rs=0.0004 rs1=0.0012 nll=-4.9981 ro=0.0010] | val -0.99857 | lr 1.39e-05 |  888.3s ✓ best
Epoch  481/500 | train -0.99773 [rs=0.0004 rs1=0.0012 nll=-4.9981 ro=0.0011] | val -0.99856 | lr 1.35e-05 |  890.1s (no improvement 1/30)
Epoch  482/500 | train -0.99777 [rs=0.0004 rs1=0.0012 nll=-4.9981 ro=0.0010] | val -0.99858 | lr 1.32e-05 |  892.0s ✓ best
Epoch  483/500 | train -0.99775 [rs=0.0004 rs1=0.0012 nll=-4.9981 ro=0.0011] | val -0.99857 | lr 1.28e-05 |  893.8s (no improvement 1/30)
Epoch  484/500 | train -0.99776 [rs=0.0004 rs1=0.0012 nll=-4.9981 ro=0.0010] | val -0.99857 | lr 1.25e-05 |  895.6s (no improvement 2/30)
Epoch  485/500 | train -0.99776 [rs=0.0004 rs1=0.0012 nll=-4.9981 ro=0.0011] | val -0.99855 | lr 1.22e-05 |  897.5s (no improvement 3/30)
Epoch  486/500 | train -0.99775 [rs=0.0004 rs1=0.0012 nll=-4.9981 ro=0.0011] | val -0.99855 | lr 1.19e-05 |  899.3s (no improvement 4/30)
Epoch  487/500 | train -0.99775 [rs=0.0004 rs1=0.0012 nll=-4.9981 ro=0.0011] | val -0.99857 | lr 1.17e-05 |  901.1s (no improvement 5/30)
Epoch  488/500 | train -0.99776 [rs=0.0004 rs1=0.0012 nll=-4.9981 ro=0.0011] | val -0.99857 | lr 1.14e-05 |  903.0s (no improvement 6/30)
Epoch  489/500 | train -0.99776 [rs=0.0004 rs1=0.0012 nll=-4.9981 ro=0.0011] | val -0.99856 | lr 1.12e-05 |  904.8s (no improvement 7/30)
Epoch  490/500 | train -0.99776 [rs=0.0004 rs1=0.0012 nll=-4.9981 ro=0.0011] | val -0.99856 | lr 1.10e-05 |  906.6s (no improvement 8/30)
Epoch  491/500 | train -0.99774 [rs=0.0004 rs1=0.0012 nll=-4.9981 ro=0.0011] | val -0.99857 | lr 1.08e-05 |  908.5s (no improvement 9/30)
Epoch  492/500 | train -0.99775 [rs=0.0004 rs1=0.0012 nll=-4.9981 ro=0.0011] | val -0.99858 | lr 1.06e-05 |  910.3s (no improvement 10/30)
Epoch  493/500 | train -0.99776 [rs=0.0004 rs1=0.0012 nll=-4.9981 ro=0.0011] | val -0.99857 | lr 1.05e-05 |  912.1s (no improvement 11/30)
Epoch  494/500 | train -0.99776 [rs=0.0004 rs1=0.0012 nll=-4.9981 ro=0.0011] | val -0.99856 | lr 1.04e-05 |  914.0s (no improvement 12/30)
Epoch  495/500 | train -0.99777 [rs=0.0004 rs1=0.0012 nll=-4.9981 ro=0.0011] | val -0.99855 | lr 1.02e-05 |  915.8s (no improvement 13/30)
Epoch  496/500 | train -0.99777 [rs=0.0004 rs1=0.0012 nll=-4.9981 ro=0.0011] | val -0.99857 | lr 1.02e-05 |  917.7s (no improvement 14/30)
Epoch  497/500 | train -0.99777 [rs=0.0004 rs1=0.0012 nll=-4.9981 ro=0.0010] | val -0.99856 | lr 1.01e-05 |  919.5s (no improvement 15/30)
Epoch  498/500 | train -0.99776 [rs=0.0004 rs1=0.0012 nll=-4.9981 ro=0.0011] | val -0.99857 | lr 1.00e-05 |  921.3s (no improvement 16/30)
Epoch  499/500 | train -0.99777 [rs=0.0004 rs1=0.0012 nll=-4.9981 ro=0.0011] | val -0.99856 | lr 1.00e-05 |  923.2s (no improvement 17/30)
Epoch  500/500 | train -0.99776 [rs=0.0004 rs1=0.0012 nll=-4.9981 ro=0.0011] | val -0.99856 | lr 1.00e-05 |  925.0s (no improvement 18/30)
[train] Loss plot → surrogate_model_latent/runs/20260528_182259/loss_curves.png
[train] Component loss plot → surrogate_model_latent/runs/20260528_182259/loss_components.png

[train] Done.  Best val loss : -0.998578
[train] Best checkpoint  : surrogate_model_latent/runs/20260528_182259/latent_best.pt
[train] Final checkpoint : surrogate_model_latent/runs/20260528_182259/latent_final.pt
============================================================
Training finished: Thu May 28 18:38:31 EDT 2026  (exit code: 0)
============================================================
