============================================================
Job ID   : 50879807
Node     : gl1012
Started  : Mon May 25 17:07:50 EDT 2026
============================================================
Python   : /home/xysong/.conda/envs/RL/bin/python
Torch    : 2.5.1+cu121
CUDA     : True
GPU      : Tesla V100-PCIE-16GB
============================================================
=================================================================
[train] Online DQN — LPBF Laser-Power Controller
[train] Output dir : online_RL/runs/20260525_170800
[train] Device     : cuda
=================================================================

[train] Loading surrogate: surrogate_model/runs/20260521_210923/surrogate_best.pt
[train] Surrogate   : state_dim=1053, action_mean=274.6 W, action_std=75.1 W
[LPBFEnv] Mesh loaded: 1053 nodes  X∈[0.00, 12.00]  Y∈[0.00, 3.00]
[train] Action space : 26 actions  (150–400 W, step 10 W)
[train] Temp window  : [2000, 2800] K
[train] Layers/ep    : 12
[train] QNet(state_dim=1053, num_actions=26, hidden=256, depth=4, params=807,450)
[train] ReplayBuffer(capacity=100,000, size=0, state_dim=1053)

[train] Starting 20000 episodes  (warmup=500, Double-DQN=True, target_update_freq=10)
-----------------------------------------------------------------
Ep     1/20000 | ret -29.7774 | avg(1) -29.7774 | ε 1.000 | loss nan | buf 12 | 0s [warmup]
Ep    50/20000 | ret -29.7774 | avg(50) -29.7774 | ε 1.000 | loss nan | buf 600 | 2s [warmup]
Ep   100/20000 | ret -29.7774 | avg(50) -29.7774 | ε 1.000 | loss nan | buf 1,200 | 3s [warmup]
Ep   150/20000 | ret -29.7774 | avg(50) -29.7774 | ε 1.000 | loss nan | buf 1,800 | 5s [warmup]
Ep   200/20000 | ret -29.7774 | avg(50) -29.7774 | ε 1.000 | loss nan | buf 2,400 | 7s [warmup]
Ep   250/20000 | ret -29.7774 | avg(50) -29.7774 | ε 1.000 | loss nan | buf 3,000 | 9s [warmup]
Ep   300/20000 | ret -29.7774 | avg(50) -29.7774 | ε 1.000 | loss nan | buf 3,600 | 10s [warmup]
Ep   350/20000 | ret -29.7774 | avg(50) -29.7774 | ε 1.000 | loss nan | buf 4,200 | 12s [warmup]
Ep   400/20000 | ret -29.7774 | avg(50) -29.7774 | ε 1.000 | loss nan | buf 4,800 | 14s [warmup]
Ep   450/20000 | ret -29.7774 | avg(50) -29.7774 | ε 1.000 | loss nan | buf 5,400 | 15s [warmup]
Ep   500/20000 | ret -29.7774 | avg(50) -29.7774 | ε 1.000 | loss nan | buf 6,000 | 17s [warmup]
[agent] Checkpoint saved → online_RL/runs/20260525_170800/dqn_ep00500.pt
[train] Returns plot → online_RL/runs/20260525_170800/returns.png
[train] Epsilon plot → online_RL/runs/20260525_170800/epsilon.png
[agent] Checkpoint saved → online_RL/runs/20260525_170800/dqn_best.pt
[agent] Checkpoint saved → online_RL/runs/20260525_170800/dqn_best.pt
[agent] Checkpoint saved → online_RL/runs/20260525_170800/dqn_best.pt
[agent] Checkpoint saved → online_RL/runs/20260525_170800/dqn_best.pt
[agent] Checkpoint saved → online_RL/runs/20260525_170800/dqn_best.pt
Ep   550/20000 | ret -21.5017 | avg(50) -24.1015 | ε 0.989 | loss 0.03901 | buf 6,600 | 23s
[agent] Checkpoint saved → online_RL/runs/20260525_170800/dqn_best.pt
Ep   600/20000 | ret -22.6462 | avg(50) -24.3779 | ε 0.977 | loss 0.05801 | buf 7,200 | 29s
[agent] Checkpoint saved → online_RL/runs/20260525_170800/dqn_best.pt
Ep   650/20000 | ret -21.2404 | avg(50) -21.2479 | ε 0.966 | loss 0.04406 | buf 7,800 | 34s
Ep   700/20000 | ret -20.5424 | avg(50) -24.8703 | ε 0.954 | loss 0.05293 | buf 8,400 | 40s
[agent] Checkpoint saved → online_RL/runs/20260525_170800/dqn_best.pt
Ep   750/20000 | ret -31.3198 | avg(50) -24.2446 | ε 0.943 | loss 0.06366 | buf 9,000 | 45s
[agent] Checkpoint saved → online_RL/runs/20260525_170800/dqn_best.pt
Ep   800/20000 | ret -31.0518 | avg(50) -23.3264 | ε 0.932 | loss 0.06861 | buf 9,600 | 51s
Ep   850/20000 | ret -29.7774 | avg(50) -23.4298 | ε 0.920 | loss 0.06139 | buf 10,200 | 56s
[agent] Checkpoint saved → online_RL/runs/20260525_170800/dqn_best.pt
Ep   900/20000 | ret -22.9071 | avg(50) -22.5526 | ε 0.909 | loss 0.06477 | buf 10,800 | 61s
Ep   950/20000 | ret -26.1143 | avg(50) -23.1472 | ε 0.897 | loss 0.07701 | buf 11,400 | 67s
Ep  1000/20000 | ret -11.8305 | avg(50) -22.4626 | ε 0.886 | loss 0.08033 | buf 12,000 | 72s
[agent] Checkpoint saved → online_RL/runs/20260525_170800/dqn_ep01000.pt
[train] Returns plot → online_RL/runs/20260525_170800/returns.png
[train] Q-loss plot  → online_RL/runs/20260525_170800/q_loss.png
[train] Epsilon plot → online_RL/runs/20260525_170800/epsilon.png
Ep  1050/20000 | ret -14.6155 | avg(50) -22.8835 | ε 0.875 | loss 0.07871 | buf 12,600 | 79s
Ep  1100/20000 | ret -25.4018 | avg(50) -22.1938 | ε 0.863 | loss 0.07584 | buf 13,200 | 84s
Ep  1150/20000 | ret -21.0748 | avg(50) -21.3480 | ε 0.852 | loss 0.08794 | buf 13,800 | 89s
[agent] Checkpoint saved → online_RL/runs/20260525_170800/dqn_best.pt
Ep  1200/20000 | ret -24.1502 | avg(50) -21.9078 | ε 0.840 | loss 0.08017 | buf 14,400 | 95s
Ep  1250/20000 | ret -16.6753 | avg(50) -21.3869 | ε 0.829 | loss 0.06744 | buf 15,000 | 101s
Ep  1300/20000 | ret -18.7778 | avg(50) -22.2275 | ε 0.818 | loss 0.06555 | buf 15,600 | 106s
[agent] Checkpoint saved → online_RL/runs/20260525_170800/dqn_best.pt
[agent] Checkpoint saved → online_RL/runs/20260525_170800/dqn_best.pt
Ep  1350/20000 | ret -24.3598 | avg(50) -21.1999 | ε 0.806 | loss 0.07809 | buf 16,200 | 112s
Ep  1400/20000 | ret -18.2924 | avg(50) -20.3450 | ε 0.795 | loss 0.06392 | buf 16,800 | 117s
Ep  1450/20000 | ret -24.0828 | avg(50) -20.4809 | ε 0.783 | loss 0.06862 | buf 17,400 | 123s
Ep  1500/20000 | ret -19.4148 | avg(50) -20.0304 | ε 0.772 | loss 0.06365 | buf 18,000 | 128s
[agent] Checkpoint saved → online_RL/runs/20260525_170800/dqn_ep01500.pt
[train] Returns plot → online_RL/runs/20260525_170800/returns.png
[train] Q-loss plot  → online_RL/runs/20260525_170800/q_loss.png
[train] Epsilon plot → online_RL/runs/20260525_170800/epsilon.png
Ep  1550/20000 | ret -21.2603 | avg(50) -20.9042 | ε 0.761 | loss 0.06759 | buf 18,600 | 135s
Ep  1600/20000 | ret -26.4594 | avg(50) -19.8475 | ε 0.749 | loss 0.06042 | buf 19,200 | 140s
Ep  1650/20000 | ret -19.4292 | avg(50) -17.3805 | ε 0.738 | loss 0.05832 | buf 19,800 | 146s
[agent] Checkpoint saved → online_RL/runs/20260525_170800/dqn_best.pt
Ep  1700/20000 | ret -24.0544 | avg(50) -18.1095 | ε 0.726 | loss 0.04273 | buf 20,400 | 152s
Ep  1750/20000 | ret -14.7638 | avg(50) -17.4067 | ε 0.715 | loss 0.04269 | buf 21,000 | 157s
Ep  1800/20000 | ret -15.6374 | avg(50) -18.2901 | ε 0.704 | loss 0.05506 | buf 21,600 | 163s
Ep  1850/20000 | ret -19.0130 | avg(50) -16.9620 | ε 0.692 | loss 0.04844 | buf 22,200 | 168s
[agent] Checkpoint saved → online_RL/runs/20260525_170800/dqn_best.pt
Ep  1900/20000 | ret -23.2946 | avg(50) -16.9082 | ε 0.681 | loss 0.04647 | buf 22,800 | 174s
[agent] Checkpoint saved → online_RL/runs/20260525_170800/dqn_best.pt
Ep  1950/20000 | ret -26.1951 | avg(50) -15.6414 | ε 0.669 | loss 0.03410 | buf 23,400 | 180s
[agent] Checkpoint saved → online_RL/runs/20260525_170800/dqn_best.pt
[agent] Checkpoint saved → online_RL/runs/20260525_170800/dqn_best.pt
Ep  2000/20000 | ret -16.2280 | avg(50) -15.7994 | ε 0.658 | loss 0.03572 | buf 24,000 | 186s
[agent] Checkpoint saved → online_RL/runs/20260525_170800/dqn_ep02000.pt
[train] Returns plot → online_RL/runs/20260525_170800/returns.png
[train] Q-loss plot  → online_RL/runs/20260525_170800/q_loss.png
[train] Epsilon plot → online_RL/runs/20260525_170800/epsilon.png
[agent] Checkpoint saved → online_RL/runs/20260525_170800/dqn_best.pt
Ep  2050/20000 | ret -20.4855 | avg(50) -16.1593 | ε 0.647 | loss 0.03785 | buf 24,600 | 192s
[agent] Checkpoint saved → online_RL/runs/20260525_170800/dqn_best.pt
Ep  2100/20000 | ret -19.2283 | avg(50) -15.6931 | ε 0.635 | loss 0.03298 | buf 25,200 | 198s
[agent] Checkpoint saved → online_RL/runs/20260525_170800/dqn_best.pt
Ep  2150/20000 | ret -21.1644 | avg(50) -14.5343 | ε 0.624 | loss 0.04133 | buf 25,800 | 204s
Ep  2200/20000 | ret -12.1860 | avg(50) -15.3645 | ε 0.612 | loss 0.03467 | buf 26,400 | 209s
[agent] Checkpoint saved → online_RL/runs/20260525_170800/dqn_best.pt
Ep  2250/20000 | ret -8.8377 | avg(50) -15.2684 | ε 0.601 | loss 0.04221 | buf 27,000 | 215s
Ep  2300/20000 | ret -26.9929 | avg(50) -14.4479 | ε 0.590 | loss 0.03707 | buf 27,600 | 221s
[agent] Checkpoint saved → online_RL/runs/20260525_170800/dqn_best.pt
Ep  2350/20000 | ret -11.7728 | avg(50) -13.2226 | ε 0.578 | loss 0.02599 | buf 28,200 | 227s
Ep  2400/20000 | ret -14.8426 | avg(50) -14.7580 | ε 0.567 | loss 0.02935 | buf 28,800 | 232s
Ep  2450/20000 | ret -13.6281 | avg(50) -13.2699 | ε 0.555 | loss 0.02837 | buf 29,400 | 238s
Ep  2500/20000 | ret -17.2423 | avg(50) -12.4689 | ε 0.544 | loss 0.03117 | buf 30,000 | 244s
[agent] Checkpoint saved → online_RL/runs/20260525_170800/dqn_ep02500.pt
[train] Returns plot → online_RL/runs/20260525_170800/returns.png
[train] Q-loss plot  → online_RL/runs/20260525_170800/q_loss.png
[train] Epsilon plot → online_RL/runs/20260525_170800/epsilon.png
Ep  2550/20000 | ret -12.6597 | avg(50) -13.0553 | ε 0.533 | loss 0.02702 | buf 30,600 | 251s
Ep  2600/20000 | ret -14.1813 | avg(50) -12.9319 | ε 0.521 | loss 0.04311 | buf 31,200 | 256s
Ep  2650/20000 | ret -13.2308 | avg(50) -13.5722 | ε 0.510 | loss 0.03809 | buf 31,800 | 262s
Ep  2700/20000 | ret -15.3941 | avg(50) -11.6713 | ε 0.498 | loss 0.02233 | buf 32,400 | 268s
Ep  2750/20000 | ret -9.9967 | avg(50) -12.2064 | ε 0.487 | loss 0.03320 | buf 33,000 | 274s
Ep  2800/20000 | ret -11.9993 | avg(50) -12.7489 | ε 0.476 | loss 0.02756 | buf 33,600 | 279s
Ep  2850/20000 | ret -9.9018 | avg(50) -11.4556 | ε 0.464 | loss 0.03597 | buf 34,200 | 285s
Ep  2900/20000 | ret -10.3167 | avg(50) -12.1052 | ε 0.453 | loss 0.02644 | buf 34,800 | 291s
Ep  2950/20000 | ret -7.3717 | avg(50) -10.8097 | ε 0.441 | loss 0.02406 | buf 35,400 | 297s
[agent] Checkpoint saved → online_RL/runs/20260525_170800/dqn_best.pt
Ep  3000/20000 | ret -14.7338 | avg(50) -10.7192 | ε 0.430 | loss 0.02834 | buf 36,000 | 303s
[agent] Checkpoint saved → online_RL/runs/20260525_170800/dqn_ep03000.pt
[train] Returns plot → online_RL/runs/20260525_170800/returns.png
[train] Q-loss plot  → online_RL/runs/20260525_170800/q_loss.png
[train] Epsilon plot → online_RL/runs/20260525_170800/epsilon.png
Ep  3050/20000 | ret -9.7412 | avg(50) -11.1633 | ε 0.419 | loss 0.02219 | buf 36,600 | 309s
Ep  3100/20000 | ret -7.8813 | avg(50) -10.7910 | ε 0.407 | loss 0.03181 | buf 37,200 | 315s
Ep  3150/20000 | ret -4.2409 | avg(50) -10.2030 | ε 0.396 | loss 0.02864 | buf 37,800 | 321s
[agent] Checkpoint saved → online_RL/runs/20260525_170800/dqn_best.pt
Ep  3200/20000 | ret -0.7806 | avg(50) -8.6243 | ε 0.384 | loss 0.02712 | buf 38,400 | 327s
[agent] Checkpoint saved → online_RL/runs/20260525_170800/dqn_best.pt
Ep  3250/20000 | ret -7.8556 | avg(50) -10.2250 | ε 0.373 | loss 0.02897 | buf 39,000 | 333s
Ep  3300/20000 | ret -7.7736 | avg(50) -10.4353 | ε 0.362 | loss 0.02631 | buf 39,600 | 339s
[agent] Checkpoint saved → online_RL/runs/20260525_170800/dqn_best.pt
Ep  3350/20000 | ret -1.1408 | avg(50) -8.9614 | ε 0.350 | loss 0.02743 | buf 40,200 | 345s
Ep  3400/20000 | ret -2.9523 | avg(50) -8.4886 | ε 0.339 | loss 0.02694 | buf 40,800 | 351s
Ep  3450/20000 | ret -5.3458 | avg(50) -9.5068 | ε 0.327 | loss 0.01787 | buf 41,400 | 357s
Ep  3500/20000 | ret -6.5476 | avg(50) -7.5508 | ε 0.316 | loss 0.02417 | buf 42,000 | 363s
[agent] Checkpoint saved → online_RL/runs/20260525_170800/dqn_ep03500.pt
[train] Returns plot → online_RL/runs/20260525_170800/returns.png
[train] Q-loss plot  → online_RL/runs/20260525_170800/q_loss.png
[train] Epsilon plot → online_RL/runs/20260525_170800/epsilon.png
[agent] Checkpoint saved → online_RL/runs/20260525_170800/dqn_best.pt
Ep  3550/20000 | ret -2.3670 | avg(50) -7.1573 | ε 0.305 | loss 0.03309 | buf 42,600 | 370s
Ep  3600/20000 | ret -8.5756 | avg(50) -7.5262 | ε 0.293 | loss 0.02604 | buf 43,200 | 376s
Ep  3650/20000 | ret -1.8779 | avg(50) -7.5246 | ε 0.282 | loss 0.01779 | buf 43,800 | 382s
Ep  3700/20000 | ret -3.6139 | avg(50) -6.7165 | ε 0.270 | loss 0.02573 | buf 44,400 | 388s
Ep  3750/20000 | ret -6.2378 | avg(50) -6.2553 | ε 0.259 | loss 0.01747 | buf 45,000 | 394s
Ep  3800/20000 | ret -3.8391 | avg(50) -6.1116 | ε 0.248 | loss 0.02506 | buf 45,600 | 400s
Ep  3850/20000 | ret -5.2986 | avg(50) -6.4436 | ε 0.236 | loss 0.01711 | buf 46,200 | 406s
Ep  3900/20000 | ret -1.3940 | avg(50) -5.2342 | ε 0.225 | loss 0.02195 | buf 46,800 | 412s
Ep  3950/20000 | ret -1.2984 | avg(50) -6.8543 | ε 0.213 | loss 0.02176 | buf 47,400 | 418s
Ep  4000/20000 | ret -5.4743 | avg(50) -4.7792 | ε 0.202 | loss 0.03057 | buf 48,000 | 424s
[agent] Checkpoint saved → online_RL/runs/20260525_170800/dqn_ep04000.pt
[train] Returns plot → online_RL/runs/20260525_170800/returns.png
[train] Q-loss plot  → online_RL/runs/20260525_170800/q_loss.png
[train] Epsilon plot → online_RL/runs/20260525_170800/epsilon.png
Ep  4050/20000 | ret -1.1643 | avg(50) -4.3812 | ε 0.191 | loss 0.01768 | buf 48,600 | 431s
Ep  4100/20000 | ret -10.6727 | avg(50) -4.3325 | ε 0.179 | loss 0.01711 | buf 49,200 | 437s
Ep  4150/20000 | ret -0.7608 | avg(50) -4.5941 | ε 0.168 | loss 0.01842 | buf 49,800 | 443s
Ep  4200/20000 | ret -4.5799 | avg(50) -4.5075 | ε 0.156 | loss 0.01666 | buf 50,400 | 449s
Ep  4250/20000 | ret -1.1325 | avg(50) -4.4121 | ε 0.145 | loss 0.02252 | buf 51,000 | 455s
[agent] Checkpoint saved → online_RL/runs/20260525_170800/dqn_best.pt
Ep  4300/20000 | ret -3.1892 | avg(50) -3.3911 | ε 0.134 | loss 0.01429 | buf 51,600 | 461s
[agent] Checkpoint saved → online_RL/runs/20260525_170800/dqn_best.pt
Ep  4350/20000 | ret -2.4524 | avg(50) -3.0253 | ε 0.122 | loss 0.01576 | buf 52,200 | 467s
Ep  4400/20000 | ret -1.5453 | avg(50) -2.6426 | ε 0.111 | loss 0.01731 | buf 52,800 | 473s
Ep  4450/20000 | ret -1.1827 | avg(50) -2.9649 | ε 0.099 | loss 0.01675 | buf 53,400 | 480s
[agent] Checkpoint saved → online_RL/runs/20260525_170800/dqn_best.pt
Ep  4500/20000 | ret -2.9910 | avg(50) -2.8631 | ε 0.088 | loss 0.01699 | buf 54,000 | 486s
[agent] Checkpoint saved → online_RL/runs/20260525_170800/dqn_ep04500.pt
[train] Returns plot → online_RL/runs/20260525_170800/returns.png
[train] Q-loss plot  → online_RL/runs/20260525_170800/q_loss.png
[train] Epsilon plot → online_RL/runs/20260525_170800/epsilon.png
Ep  4550/20000 | ret -2.5217 | avg(50) -3.0572 | ε 0.077 | loss 0.01300 | buf 54,600 | 493s
Ep  4600/20000 | ret -0.7139 | avg(50) -2.4150 | ε 0.065 | loss 0.01362 | buf 55,200 | 499s
[agent] Checkpoint saved → online_RL/runs/20260525_170800/dqn_best.pt
Ep  4650/20000 | ret -2.0195 | avg(50) -2.2024 | ε 0.054 | loss 0.01211 | buf 55,800 | 505s
Ep  4700/20000 | ret -0.7427 | avg(50) -1.4101 | ε 0.050 | loss 0.01172 | buf 56,400 | 511s
Ep  4750/20000 | ret -2.1165 | avg(50) -1.5872 | ε 0.050 | loss 0.01464 | buf 57,000 | 517s
Ep  4800/20000 | ret -6.7761 | avg(50) -1.5899 | ε 0.050 | loss 0.01197 | buf 57,600 | 524s
Ep  4850/20000 | ret -3.1923 | avg(50) -1.8092 | ε 0.050 | loss 0.01163 | buf 58,200 | 530s
Ep  4900/20000 | ret -0.7748 | avg(50) -1.8309 | ε 0.050 | loss 0.01184 | buf 58,800 | 536s
Ep  4950/20000 | ret -0.7525 | avg(50) -1.4447 | ε 0.050 | loss 0.01375 | buf 59,400 | 542s
Ep  5000/20000 | ret -0.7887 | avg(50) -1.4415 | ε 0.050 | loss 0.01069 | buf 60,000 | 548s
[agent] Checkpoint saved → online_RL/runs/20260525_170800/dqn_ep05000.pt
[train] Returns plot → online_RL/runs/20260525_170800/returns.png
[train] Q-loss plot  → online_RL/runs/20260525_170800/q_loss.png
[train] Epsilon plot → online_RL/runs/20260525_170800/epsilon.png
[agent] Checkpoint saved → online_RL/runs/20260525_170800/dqn_best.pt
Ep  5050/20000 | ret -4.0800 | avg(50) -1.6577 | ε 0.050 | loss 0.01775 | buf 60,600 | 555s
Ep  5100/20000 | ret -1.8453 | avg(50) -1.6938 | ε 0.050 | loss 0.01417 | buf 61,200 | 561s
Ep  5150/20000 | ret -1.6363 | avg(50) -1.7436 | ε 0.050 | loss 0.00830 | buf 61,800 | 568s
Ep  5200/20000 | ret -3.0279 | avg(50) -1.7211 | ε 0.050 | loss 0.00997 | buf 62,400 | 574s
Ep  5250/20000 | ret -0.7696 | avg(50) -1.5228 | ε 0.050 | loss 0.01055 | buf 63,000 | 580s
Ep  5300/20000 | ret -0.9388 | avg(50) -2.3850 | ε 0.050 | loss 0.01351 | buf 63,600 | 586s
Ep  5350/20000 | ret -1.7072 | avg(50) -1.9030 | ε 0.050 | loss 0.00959 | buf 64,200 | 592s
Ep  5400/20000 | ret -2.9787 | avg(50) -1.7873 | ε 0.050 | loss 0.00987 | buf 64,800 | 598s
Ep  5450/20000 | ret -0.7909 | avg(50) -1.8839 | ε 0.050 | loss 0.01020 | buf 65,400 | 605s
Ep  5500/20000 | ret -2.2439 | avg(50) -1.9844 | ε 0.050 | loss 0.01059 | buf 66,000 | 611s
[agent] Checkpoint saved → online_RL/runs/20260525_170800/dqn_ep05500.pt
[train] Returns plot → online_RL/runs/20260525_170800/returns.png
[train] Q-loss plot  → online_RL/runs/20260525_170800/q_loss.png
[train] Epsilon plot → online_RL/runs/20260525_170800/epsilon.png
Ep  5550/20000 | ret -0.7563 | avg(50) -1.7361 | ε 0.050 | loss 0.00865 | buf 66,600 | 618s
Ep  5600/20000 | ret -2.9696 | avg(50) -1.9338 | ε 0.050 | loss 0.01058 | buf 67,200 | 624s
Ep  5650/20000 | ret -0.7493 | avg(50) -2.0595 | ε 0.050 | loss 0.01091 | buf 67,800 | 630s
Ep  5700/20000 | ret -0.7981 | avg(50) -1.8362 | ε 0.050 | loss 0.00942 | buf 68,400 | 636s
Ep  5750/20000 | ret -0.9269 | avg(50) -1.6194 | ε 0.050 | loss 0.00995 | buf 69,000 | 642s
Ep  5800/20000 | ret -4.6883 | avg(50) -1.7877 | ε 0.050 | loss 0.01001 | buf 69,600 | 649s
Ep  5850/20000 | ret -3.6485 | avg(50) -1.5341 | ε 0.050 | loss 0.00798 | buf 70,200 | 655s
Ep  5900/20000 | ret -0.7563 | avg(50) -1.8823 | ε 0.050 | loss 0.00786 | buf 70,800 | 661s
Ep  5950/20000 | ret -2.2264 | avg(50) -1.5112 | ε 0.050 | loss 0.00707 | buf 71,400 | 667s
Ep  6000/20000 | ret -0.9427 | avg(50) -1.9311 | ε 0.050 | loss 0.01194 | buf 72,000 | 673s
[agent] Checkpoint saved → online_RL/runs/20260525_170800/dqn_ep06000.pt
[train] Returns plot → online_RL/runs/20260525_170800/returns.png
[train] Q-loss plot  → online_RL/runs/20260525_170800/q_loss.png
[train] Epsilon plot → online_RL/runs/20260525_170800/epsilon.png
Ep  6050/20000 | ret -0.7358 | avg(50) -1.4899 | ε 0.050 | loss 0.00697 | buf 72,600 | 680s
Ep  6100/20000 | ret -0.6916 | avg(50) -1.6708 | ε 0.050 | loss 0.00850 | buf 73,200 | 686s
Ep  6150/20000 | ret -4.4652 | avg(50) -1.9036 | ε 0.050 | loss 0.00720 | buf 73,800 | 693s
Ep  6200/20000 | ret -0.6152 | avg(50) -1.7063 | ε 0.050 | loss 0.00878 | buf 74,400 | 699s
Ep  6250/20000 | ret -0.6687 | avg(50) -1.7317 | ε 0.050 | loss 0.00811 | buf 75,000 | 705s
Ep  6300/20000 | ret -3.1528 | avg(50) -1.6529 | ε 0.050 | loss 0.01046 | buf 75,600 | 711s
Ep  6350/20000 | ret -0.8932 | avg(50) -1.6500 | ε 0.050 | loss 0.01896 | buf 76,200 | 717s
Ep  6400/20000 | ret -0.8193 | avg(50) -1.6048 | ε 0.050 | loss 0.00699 | buf 76,800 | 724s
Ep  6450/20000 | ret -0.6930 | avg(50) -1.5101 | ε 0.050 | loss 0.00809 | buf 77,400 | 730s
Ep  6500/20000 | ret -0.7893 | avg(50) -1.7130 | ε 0.050 | loss 0.00533 | buf 78,000 | 736s
[agent] Checkpoint saved → online_RL/runs/20260525_170800/dqn_ep06500.pt
[train] Returns plot → online_RL/runs/20260525_170800/returns.png
[train] Q-loss plot  → online_RL/runs/20260525_170800/q_loss.png
[train] Epsilon plot → online_RL/runs/20260525_170800/epsilon.png
Ep  6550/20000 | ret -0.7621 | avg(50) -1.6237 | ε 0.050 | loss 0.00519 | buf 78,600 | 743s
Ep  6600/20000 | ret -1.2250 | avg(50) -1.5668 | ε 0.050 | loss 0.00996 | buf 79,200 | 749s
Ep  6650/20000 | ret -0.6094 | avg(50) -1.8635 | ε 0.050 | loss 0.00747 | buf 79,800 | 755s
Ep  6700/20000 | ret -3.5860 | avg(50) -1.8313 | ε 0.050 | loss 0.01032 | buf 80,400 | 761s
Ep  6750/20000 | ret -1.2541 | avg(50) -1.5546 | ε 0.050 | loss 0.00640 | buf 81,000 | 768s
Ep  6800/20000 | ret -0.7106 | avg(50) -1.7117 | ε 0.050 | loss 0.00619 | buf 81,600 | 774s
Ep  6850/20000 | ret -0.6393 | avg(50) -2.3067 | ε 0.050 | loss 0.00678 | buf 82,200 | 780s
Ep  6900/20000 | ret -0.9340 | avg(50) -1.7008 | ε 0.050 | loss 0.00941 | buf 82,800 | 786s
Ep  6950/20000 | ret -0.6196 | avg(50) -1.3610 | ε 0.050 | loss 0.00745 | buf 83,400 | 792s
Ep  7000/20000 | ret -0.6573 | avg(50) -1.5632 | ε 0.050 | loss 0.00548 | buf 84,000 | 799s
[agent] Checkpoint saved → online_RL/runs/20260525_170800/dqn_ep07000.pt
[train] Returns plot → online_RL/runs/20260525_170800/returns.png
[train] Q-loss plot  → online_RL/runs/20260525_170800/q_loss.png
[train] Epsilon plot → online_RL/runs/20260525_170800/epsilon.png
Ep  7050/20000 | ret -0.6197 | avg(50) -1.6015 | ε 0.050 | loss 0.00625 | buf 84,600 | 806s
Ep  7100/20000 | ret -0.8231 | avg(50) -1.9932 | ε 0.050 | loss 0.00775 | buf 85,200 | 812s
Ep  7150/20000 | ret -3.6579 | avg(50) -2.0035 | ε 0.050 | loss 0.00594 | buf 85,800 | 818s
Ep  7200/20000 | ret -2.5211 | avg(50) -1.5358 | ε 0.050 | loss 0.00548 | buf 86,400 | 824s
Ep  7250/20000 | ret -0.6566 | avg(50) -2.1077 | ε 0.050 | loss 0.00870 | buf 87,000 | 830s
Ep  7300/20000 | ret -0.8439 | avg(50) -1.6020 | ε 0.050 | loss 0.00630 | buf 87,600 | 836s
Ep  7350/20000 | ret -1.0590 | avg(50) -1.8186 | ε 0.050 | loss 0.00881 | buf 88,200 | 843s
Ep  7400/20000 | ret -0.7432 | avg(50) -1.2465 | ε 0.050 | loss 0.00606 | buf 88,800 | 849s
Ep  7450/20000 | ret -3.3698 | avg(50) -2.0160 | ε 0.050 | loss 0.00586 | buf 89,400 | 855s
Ep  7500/20000 | ret -1.0343 | avg(50) -1.5332 | ε 0.050 | loss 0.00619 | buf 90,000 | 861s
[agent] Checkpoint saved → online_RL/runs/20260525_170800/dqn_ep07500.pt
[train] Returns plot → online_RL/runs/20260525_170800/returns.png
[train] Q-loss plot  → online_RL/runs/20260525_170800/q_loss.png
[train] Epsilon plot → online_RL/runs/20260525_170800/epsilon.png
Ep  7550/20000 | ret -1.8616 | avg(50) -1.7171 | ε 0.050 | loss 0.00530 | buf 90,600 | 868s
Ep  7600/20000 | ret -0.6613 | avg(50) -1.6429 | ε 0.050 | loss 0.00603 | buf 91,200 | 875s
Ep  7650/20000 | ret -0.7845 | avg(50) -1.4677 | ε 0.050 | loss 0.00556 | buf 91,800 | 881s
Ep  7700/20000 | ret -2.2909 | avg(50) -1.7292 | ε 0.050 | loss 0.00895 | buf 92,400 | 887s
Ep  7750/20000 | ret -0.8200 | avg(50) -1.9860 | ε 0.050 | loss 0.00730 | buf 93,000 | 893s
Ep  7800/20000 | ret -0.7332 | avg(50) -1.5674 | ε 0.050 | loss 0.01227 | buf 93,600 | 899s
Ep  7850/20000 | ret -0.6305 | avg(50) -1.5743 | ε 0.050 | loss 0.00855 | buf 94,200 | 905s
Ep  7900/20000 | ret -0.9999 | avg(50) -1.8977 | ε 0.050 | loss 0.00694 | buf 94,800 | 912s
Ep  7950/20000 | ret -9.4825 | avg(50) -1.9000 | ε 0.050 | loss 0.00507 | buf 95,400 | 918s
Ep  8000/20000 | ret -1.1162 | avg(50) -1.8537 | ε 0.050 | loss 0.00517 | buf 96,000 | 924s
[agent] Checkpoint saved → online_RL/runs/20260525_170800/dqn_ep08000.pt
[train] Returns plot → online_RL/runs/20260525_170800/returns.png
[train] Q-loss plot  → online_RL/runs/20260525_170800/q_loss.png
[train] Epsilon plot → online_RL/runs/20260525_170800/epsilon.png
Ep  8050/20000 | ret -0.6045 | avg(50) -1.6262 | ε 0.050 | loss 0.00908 | buf 96,600 | 931s
Ep  8100/20000 | ret -0.6594 | avg(50) -1.3939 | ε 0.050 | loss 0.00660 | buf 97,200 | 937s
Ep  8150/20000 | ret -4.7084 | avg(50) -1.3675 | ε 0.050 | loss 0.00416 | buf 97,800 | 944s
Ep  8200/20000 | ret -1.6806 | avg(50) -1.1985 | ε 0.050 | loss 0.00452 | buf 98,400 | 950s
Ep  8250/20000 | ret -3.5431 | avg(50) -1.2472 | ε 0.050 | loss 0.00745 | buf 99,000 | 956s
Ep  8300/20000 | ret -0.9701 | avg(50) -2.0238 | ε 0.050 | loss 0.00872 | buf 99,600 | 962s
Ep  8350/20000 | ret -6.2794 | avg(50) -1.5087 | ε 0.050 | loss 0.00404 | buf 100,000 | 968s
Ep  8400/20000 | ret -1.7414 | avg(50) -1.3190 | ε 0.050 | loss 0.00443 | buf 100,000 | 975s
Ep  8450/20000 | ret -0.6658 | avg(50) -1.6083 | ε 0.050 | loss 0.00509 | buf 100,000 | 981s
Ep  8500/20000 | ret -0.6789 | avg(50) -1.9760 | ε 0.050 | loss 0.00403 | buf 100,000 | 987s
[agent] Checkpoint saved → online_RL/runs/20260525_170800/dqn_ep08500.pt
[train] Returns plot → online_RL/runs/20260525_170800/returns.png
[train] Q-loss plot  → online_RL/runs/20260525_170800/q_loss.png
[train] Epsilon plot → online_RL/runs/20260525_170800/epsilon.png
Ep  8550/20000 | ret -1.7789 | avg(50) -1.4984 | ε 0.050 | loss 0.00649 | buf 100,000 | 994s
Ep  8600/20000 | ret -5.9886 | avg(50) -1.8692 | ε 0.050 | loss 0.00583 | buf 100,000 | 1000s
Ep  8650/20000 | ret -0.6193 | avg(50) -1.8057 | ε 0.050 | loss 0.00604 | buf 100,000 | 1006s
Ep  8700/20000 | ret -0.6093 | avg(50) -1.6365 | ε 0.050 | loss 0.00456 | buf 100,000 | 1012s
Ep  8750/20000 | ret -0.8577 | avg(50) -1.5484 | ε 0.050 | loss 0.01363 | buf 100,000 | 1019s
Ep  8800/20000 | ret -0.7147 | avg(50) -1.8605 | ε 0.050 | loss 0.01238 | buf 100,000 | 1025s
Ep  8850/20000 | ret -0.6100 | avg(50) -2.0389 | ε 0.050 | loss 0.00467 | buf 100,000 | 1031s
Ep  8900/20000 | ret -3.1171 | avg(50) -1.8636 | ε 0.050 | loss 0.00371 | buf 100,000 | 1037s
Ep  8950/20000 | ret -0.6140 | avg(50) -2.0556 | ε 0.050 | loss 0.00759 | buf 100,000 | 1043s
Ep  9000/20000 | ret -0.7787 | avg(50) -1.9404 | ε 0.050 | loss 0.00941 | buf 100,000 | 1050s
[agent] Checkpoint saved → online_RL/runs/20260525_170800/dqn_ep09000.pt
[train] Returns plot → online_RL/runs/20260525_170800/returns.png
[train] Q-loss plot  → online_RL/runs/20260525_170800/q_loss.png
[train] Epsilon plot → online_RL/runs/20260525_170800/epsilon.png
Ep  9050/20000 | ret -3.7738 | avg(50) -1.6236 | ε 0.050 | loss 0.00512 | buf 100,000 | 1057s
Ep  9100/20000 | ret -0.6647 | avg(50) -1.5853 | ε 0.050 | loss 0.00401 | buf 100,000 | 1063s
Ep  9150/20000 | ret -0.6534 | avg(50) -2.1370 | ε 0.050 | loss 0.00730 | buf 100,000 | 1069s
Ep  9200/20000 | ret -0.6177 | avg(50) -1.8120 | ε 0.050 | loss 0.00499 | buf 100,000 | 1075s
Ep  9250/20000 | ret -6.3861 | avg(50) -1.7507 | ε 0.050 | loss 0.00538 | buf 100,000 | 1081s
Ep  9300/20000 | ret -0.6094 | avg(50) -1.5155 | ε 0.050 | loss 0.00416 | buf 100,000 | 1087s
Ep  9350/20000 | ret -1.7655 | avg(50) -1.8504 | ε 0.050 | loss 0.00520 | buf 100,000 | 1094s
Ep  9400/20000 | ret -0.6799 | avg(50) -1.3896 | ε 0.050 | loss 0.00489 | buf 100,000 | 1100s
Ep  9450/20000 | ret -2.6489 | avg(50) -1.9697 | ε 0.050 | loss 0.00360 | buf 100,000 | 1106s
Ep  9500/20000 | ret -0.7706 | avg(50) -1.5924 | ε 0.050 | loss 0.00392 | buf 100,000 | 1112s
[agent] Checkpoint saved → online_RL/runs/20260525_170800/dqn_ep09500.pt
[train] Returns plot → online_RL/runs/20260525_170800/returns.png
[train] Q-loss plot  → online_RL/runs/20260525_170800/q_loss.png
[train] Epsilon plot → online_RL/runs/20260525_170800/epsilon.png
Ep  9550/20000 | ret -5.2384 | avg(50) -1.8179 | ε 0.050 | loss 0.00452 | buf 100,000 | 1119s
Ep  9600/20000 | ret -3.3298 | avg(50) -2.0636 | ε 0.050 | loss 0.00393 | buf 100,000 | 1126s
Ep  9650/20000 | ret -5.5629 | avg(50) -1.3640 | ε 0.050 | loss 0.00389 | buf 100,000 | 1132s
Ep  9700/20000 | ret -0.7431 | avg(50) -1.8505 | ε 0.050 | loss 0.00283 | buf 100,000 | 1138s
Ep  9750/20000 | ret -0.6287 | avg(50) -1.7275 | ε 0.050 | loss 0.00339 | buf 100,000 | 1144s
Ep  9800/20000 | ret -5.3959 | avg(50) -1.5392 | ε 0.050 | loss 0.00309 | buf 100,000 | 1150s
Ep  9850/20000 | ret -5.6149 | avg(50) -1.7115 | ε 0.050 | loss 0.00232 | buf 100,000 | 1156s
Ep  9900/20000 | ret -2.4465 | avg(50) -1.5728 | ε 0.050 | loss 0.00279 | buf 100,000 | 1163s
Ep  9950/20000 | ret -0.7706 | avg(50) -1.4963 | ε 0.050 | loss 0.00302 | buf 100,000 | 1169s
Ep 10000/20000 | ret -3.9986 | avg(50) -1.8505 | ε 0.050 | loss 0.00234 | buf 100,000 | 1175s
[agent] Checkpoint saved → online_RL/runs/20260525_170800/dqn_ep10000.pt
[train] Returns plot → online_RL/runs/20260525_170800/returns.png
[train] Q-loss plot  → online_RL/runs/20260525_170800/q_loss.png
[train] Epsilon plot → online_RL/runs/20260525_170800/epsilon.png
Ep 10050/20000 | ret -0.7262 | avg(50) -1.8785 | ε 0.050 | loss 0.00484 | buf 100,000 | 1182s
Ep 10100/20000 | ret -0.8659 | avg(50) -1.6733 | ε 0.050 | loss 0.00935 | buf 100,000 | 1188s
Ep 10150/20000 | ret -0.6795 | avg(50) -1.8380 | ε 0.050 | loss 0.00296 | buf 100,000 | 1195s
Ep 10200/20000 | ret -2.2596 | avg(50) -1.7228 | ε 0.050 | loss 0.00297 | buf 100,000 | 1201s
Ep 10250/20000 | ret -0.6661 | avg(50) -1.7149 | ε 0.050 | loss 0.00237 | buf 100,000 | 1207s
Ep 10300/20000 | ret -0.6403 | avg(50) -1.3094 | ε 0.050 | loss 0.00573 | buf 100,000 | 1213s
Ep 10350/20000 | ret -3.8211 | avg(50) -1.6942 | ε 0.050 | loss 0.00295 | buf 100,000 | 1219s
Ep 10400/20000 | ret -0.6165 | avg(50) -2.1707 | ε 0.050 | loss 0.00340 | buf 100,000 | 1225s
Ep 10450/20000 | ret -0.6113 | avg(50) -1.6250 | ε 0.050 | loss 0.00257 | buf 100,000 | 1232s
Ep 10500/20000 | ret -0.7679 | avg(50) -1.6211 | ε 0.050 | loss 0.00214 | buf 100,000 | 1238s
[agent] Checkpoint saved → online_RL/runs/20260525_170800/dqn_ep10500.pt
[train] Returns plot → online_RL/runs/20260525_170800/returns.png
[train] Q-loss plot  → online_RL/runs/20260525_170800/q_loss.png
[train] Epsilon plot → online_RL/runs/20260525_170800/epsilon.png
Ep 10550/20000 | ret -0.7017 | avg(50) -1.7784 | ε 0.050 | loss 0.00353 | buf 100,000 | 1245s
Ep 10600/20000 | ret -1.4918 | avg(50) -1.4553 | ε 0.050 | loss 0.00225 | buf 100,000 | 1251s
Ep 10650/20000 | ret -0.6113 | avg(50) -1.9135 | ε 0.050 | loss 0.00188 | buf 100,000 | 1257s
Ep 10700/20000 | ret -0.5908 | avg(50) -2.1934 | ε 0.050 | loss 0.00239 | buf 100,000 | 1263s
Ep 10750/20000 | ret -1.4548 | avg(50) -1.3683 | ε 0.050 | loss 0.00315 | buf 100,000 | 1270s
Ep 10800/20000 | ret -0.9194 | avg(50) -1.1153 | ε 0.050 | loss 0.00164 | buf 100,000 | 1276s
Ep 10850/20000 | ret -1.0710 | avg(50) -1.3715 | ε 0.050 | loss 0.00277 | buf 100,000 | 1282s
Ep 10900/20000 | ret -0.6193 | avg(50) -0.9973 | ε 0.050 | loss 0.00251 | buf 100,000 | 1288s
Ep 10950/20000 | ret -0.6287 | avg(50) -1.8789 | ε 0.050 | loss 0.00200 | buf 100,000 | 1294s
Ep 11000/20000 | ret -0.6349 | avg(50) -1.5765 | ε 0.050 | loss 0.00365 | buf 100,000 | 1301s
[agent] Checkpoint saved → online_RL/runs/20260525_170800/dqn_ep11000.pt
[train] Returns plot → online_RL/runs/20260525_170800/returns.png
[train] Q-loss plot  → online_RL/runs/20260525_170800/q_loss.png
[train] Epsilon plot → online_RL/runs/20260525_170800/epsilon.png
Ep 11050/20000 | ret -2.6073 | avg(50) -2.1044 | ε 0.050 | loss 0.00170 | buf 100,000 | 1308s
Ep 11100/20000 | ret -0.5932 | avg(50) -1.2671 | ε 0.050 | loss 0.00210 | buf 100,000 | 1314s
Ep 11150/20000 | ret -2.8267 | avg(50) -1.7101 | ε 0.050 | loss 0.00170 | buf 100,000 | 1320s
Ep 11200/20000 | ret -0.6377 | avg(50) -1.5144 | ε 0.050 | loss 0.00253 | buf 100,000 | 1326s
Ep 11250/20000 | ret -0.5932 | avg(50) -1.3335 | ε 0.050 | loss 0.00116 | buf 100,000 | 1332s
Ep 11300/20000 | ret -0.7494 | avg(50) -1.7787 | ε 0.050 | loss 0.00161 | buf 100,000 | 1339s
Ep 11350/20000 | ret -0.5888 | avg(50) -1.6117 | ε 0.050 | loss 0.00175 | buf 100,000 | 1345s
Ep 11400/20000 | ret -0.5968 | avg(50) -1.8583 | ε 0.050 | loss 0.00152 | buf 100,000 | 1351s
Ep 11450/20000 | ret -3.0332 | avg(50) -1.7159 | ε 0.050 | loss 0.00104 | buf 100,000 | 1357s
Ep 11500/20000 | ret -0.6193 | avg(50) -1.8824 | ε 0.050 | loss 0.00155 | buf 100,000 | 1364s
[agent] Checkpoint saved → online_RL/runs/20260525_170800/dqn_ep11500.pt
[train] Returns plot → online_RL/runs/20260525_170800/returns.png
[train] Q-loss plot  → online_RL/runs/20260525_170800/q_loss.png
[train] Epsilon plot → online_RL/runs/20260525_170800/epsilon.png
Ep 11550/20000 | ret -8.4466 | avg(50) -1.8629 | ε 0.050 | loss 0.00092 | buf 100,000 | 1371s
Ep 11600/20000 | ret -3.9325 | avg(50) -2.1063 | ε 0.050 | loss 0.00125 | buf 100,000 | 1377s
Ep 11650/20000 | ret -0.8623 | avg(50) -1.9077 | ε 0.050 | loss 0.00142 | buf 100,000 | 1383s
Ep 11700/20000 | ret -0.8757 | avg(50) -1.3433 | ε 0.050 | loss 0.00252 | buf 100,000 | 1389s
Ep 11750/20000 | ret -0.6019 | avg(50) -1.6834 | ε 0.050 | loss 0.00127 | buf 100,000 | 1395s
Ep 11800/20000 | ret -0.5869 | avg(50) -1.3943 | ε 0.050 | loss 0.00071 | buf 100,000 | 1401s
Ep 11850/20000 | ret -3.8929 | avg(50) -1.4284 | ε 0.050 | loss 0.00193 | buf 100,000 | 1408s
Ep 11900/20000 | ret -4.1514 | avg(50) -1.6168 | ε 0.050 | loss 0.00160 | buf 100,000 | 1414s
Ep 11950/20000 | ret -0.6626 | avg(50) -1.6428 | ε 0.050 | loss 0.00082 | buf 100,000 | 1420s
Ep 12000/20000 | ret -5.3716 | avg(50) -2.1579 | ε 0.050 | loss 0.00088 | buf 100,000 | 1426s
[agent] Checkpoint saved → online_RL/runs/20260525_170800/dqn_ep12000.pt
[train] Returns plot → online_RL/runs/20260525_170800/returns.png
[train] Q-loss plot  → online_RL/runs/20260525_170800/q_loss.png
[train] Epsilon plot → online_RL/runs/20260525_170800/epsilon.png
Ep 12050/20000 | ret -3.8992 | avg(50) -1.7696 | ε 0.050 | loss 0.00142 | buf 100,000 | 1434s
Ep 12100/20000 | ret -0.6476 | avg(50) -1.9109 | ε 0.050 | loss 0.00091 | buf 100,000 | 1440s
Ep 12150/20000 | ret -0.6001 | avg(50) -1.2059 | ε 0.050 | loss 0.00181 | buf 100,000 | 1446s
Ep 12200/20000 | ret -3.5813 | avg(50) -1.6570 | ε 0.050 | loss 0.00063 | buf 100,000 | 1452s
Ep 12250/20000 | ret -0.6385 | avg(50) -1.3759 | ε 0.050 | loss 0.00063 | buf 100,000 | 1458s
Ep 12300/20000 | ret -0.5968 | avg(50) -1.7820 | ε 0.050 | loss 0.00065 | buf 100,000 | 1464s
Ep 12350/20000 | ret -1.0509 | avg(50) -1.9557 | ε 0.050 | loss 0.00079 | buf 100,000 | 1470s
Ep 12400/20000 | ret -1.2562 | avg(50) -1.6079 | ε 0.050 | loss 0.00126 | buf 100,000 | 1477s
Ep 12450/20000 | ret -5.1657 | avg(50) -1.4111 | ε 0.050 | loss 0.00087 | buf 100,000 | 1483s
Ep 12500/20000 | ret -0.5888 | avg(50) -1.9170 | ε 0.050 | loss 0.00076 | buf 100,000 | 1489s
[agent] Checkpoint saved → online_RL/runs/20260525_170800/dqn_ep12500.pt
[train] Returns plot → online_RL/runs/20260525_170800/returns.png
[train] Q-loss plot  → online_RL/runs/20260525_170800/q_loss.png
[train] Epsilon plot → online_RL/runs/20260525_170800/epsilon.png
Ep 12550/20000 | ret -0.6093 | avg(50) -2.0035 | ε 0.050 | loss 0.00054 | buf 100,000 | 1496s
Ep 12600/20000 | ret -0.7121 | avg(50) -1.2602 | ε 0.050 | loss 0.00210 | buf 100,000 | 1503s
Ep 12650/20000 | ret -0.5932 | avg(50) -1.4733 | ε 0.050 | loss 0.00064 | buf 100,000 | 1509s
Ep 12700/20000 | ret -2.5593 | avg(50) -1.8066 | ε 0.050 | loss 0.00050 | buf 100,000 | 1515s
Ep 12750/20000 | ret -0.6001 | avg(50) -1.9104 | ε 0.050 | loss 0.00058 | buf 100,000 | 1521s
Ep 12800/20000 | ret -8.0475 | avg(50) -1.6816 | ε 0.050 | loss 0.00075 | buf 100,000 | 1527s
Ep 12850/20000 | ret -4.2261 | avg(50) -1.9991 | ε 0.050 | loss 0.00119 | buf 100,000 | 1533s
Ep 12900/20000 | ret -2.8891 | avg(50) -1.6148 | ε 0.050 | loss 0.00110 | buf 100,000 | 1540s
Ep 12950/20000 | ret -0.5916 | avg(50) -1.9507 | ε 0.050 | loss 0.00045 | buf 100,000 | 1546s
Ep 13000/20000 | ret -0.6093 | avg(50) -1.5699 | ε 0.050 | loss 0.00045 | buf 100,000 | 1552s
[agent] Checkpoint saved → online_RL/runs/20260525_170800/dqn_ep13000.pt
[train] Returns plot → online_RL/runs/20260525_170800/returns.png
[train] Q-loss plot  → online_RL/runs/20260525_170800/q_loss.png
[train] Epsilon plot → online_RL/runs/20260525_170800/epsilon.png
Ep 13050/20000 | ret -1.9063 | avg(50) -1.8930 | ε 0.050 | loss 0.00062 | buf 100,000 | 1559s
Ep 13100/20000 | ret -4.0644 | avg(50) -1.8727 | ε 0.050 | loss 0.00048 | buf 100,000 | 1565s
Ep 13150/20000 | ret -0.6113 | avg(50) -1.4999 | ε 0.050 | loss 0.00054 | buf 100,000 | 1572s
Ep 13200/20000 | ret -0.5932 | avg(50) -1.5568 | ε 0.050 | loss 0.00083 | buf 100,000 | 1578s
Ep 13250/20000 | ret -1.3381 | avg(50) -1.6838 | ε 0.050 | loss 0.00154 | buf 100,000 | 1584s
Ep 13300/20000 | ret -2.7080 | avg(50) -1.9569 | ε 0.050 | loss 0.00062 | buf 100,000 | 1590s
Ep 13350/20000 | ret -4.9935 | avg(50) -1.4564 | ε 0.050 | loss 0.00080 | buf 100,000 | 1596s
Ep 13400/20000 | ret -0.5908 | avg(50) -1.5074 | ε 0.050 | loss 0.00067 | buf 100,000 | 1603s
Ep 13450/20000 | ret -1.6316 | avg(50) -1.5432 | ε 0.050 | loss 0.00051 | buf 100,000 | 1609s
Ep 13500/20000 | ret -0.6276 | avg(50) -1.7458 | ε 0.050 | loss 0.00036 | buf 100,000 | 1615s
[agent] Checkpoint saved → online_RL/runs/20260525_170800/dqn_ep13500.pt
[train] Returns plot → online_RL/runs/20260525_170800/returns.png
[train] Q-loss plot  → online_RL/runs/20260525_170800/q_loss.png
[train] Epsilon plot → online_RL/runs/20260525_170800/epsilon.png
Ep 13550/20000 | ret -0.6004 | avg(50) -1.5252 | ε 0.050 | loss 0.00047 | buf 100,000 | 1622s
Ep 13600/20000 | ret -0.6520 | avg(50) -1.5633 | ε 0.050 | loss 0.00091 | buf 100,000 | 1628s
Ep 13650/20000 | ret -0.6153 | avg(50) -1.5981 | ε 0.050 | loss 0.00040 | buf 100,000 | 1635s
Ep 13700/20000 | ret -0.6001 | avg(50) -1.3311 | ε 0.050 | loss 0.00062 | buf 100,000 | 1641s
Ep 13750/20000 | ret -4.7112 | avg(50) -1.6384 | ε 0.050 | loss 0.00037 | buf 100,000 | 1647s
Ep 13800/20000 | ret -0.7452 | avg(50) -1.3775 | ε 0.050 | loss 0.00071 | buf 100,000 | 1653s
Ep 13850/20000 | ret -0.5932 | avg(50) -1.5788 | ε 0.050 | loss 0.00023 | buf 100,000 | 1659s
Ep 13900/20000 | ret -4.3817 | avg(50) -1.4530 | ε 0.050 | loss 0.00031 | buf 100,000 | 1665s
Ep 13950/20000 | ret -0.6365 | avg(50) -1.5995 | ε 0.050 | loss 0.00049 | buf 100,000 | 1672s
Ep 14000/20000 | ret -5.9768 | avg(50) -1.8770 | ε 0.050 | loss 0.00039 | buf 100,000 | 1678s
[agent] Checkpoint saved → online_RL/runs/20260525_170800/dqn_ep14000.pt
[train] Returns plot → online_RL/runs/20260525_170800/returns.png
[train] Q-loss plot  → online_RL/runs/20260525_170800/q_loss.png
[train] Epsilon plot → online_RL/runs/20260525_170800/epsilon.png
Ep 14050/20000 | ret -0.7601 | avg(50) -1.7908 | ε 0.050 | loss 0.00050 | buf 100,000 | 1685s
Ep 14100/20000 | ret -0.7776 | avg(50) -1.7441 | ε 0.050 | loss 0.00066 | buf 100,000 | 1691s
Ep 14150/20000 | ret -0.9678 | avg(50) -1.6343 | ε 0.050 | loss 0.00055 | buf 100,000 | 1698s
Ep 14200/20000 | ret -1.5648 | avg(50) -1.5168 | ε 0.050 | loss 0.00058 | buf 100,000 | 1704s
Ep 14250/20000 | ret -0.6001 | avg(50) -1.5924 | ε 0.050 | loss 0.00092 | buf 100,000 | 1710s
Ep 14300/20000 | ret -0.6093 | avg(50) -1.1749 | ε 0.050 | loss 0.00049 | buf 100,000 | 1716s
Ep 14350/20000 | ret -4.3325 | avg(50) -1.5957 | ε 0.050 | loss 0.00052 | buf 100,000 | 1722s
Ep 14400/20000 | ret -0.5908 | avg(50) -1.3428 | ε 0.050 | loss 0.00038 | buf 100,000 | 1728s
Ep 14450/20000 | ret -0.6019 | avg(50) -2.1363 | ε 0.050 | loss 0.00036 | buf 100,000 | 1735s
Ep 14500/20000 | ret -1.1416 | avg(50) -1.5924 | ε 0.050 | loss 0.00344 | buf 100,000 | 1741s
[agent] Checkpoint saved → online_RL/runs/20260525_170800/dqn_ep14500.pt
[train] Returns plot → online_RL/runs/20260525_170800/returns.png
[train] Q-loss plot  → online_RL/runs/20260525_170800/q_loss.png
[train] Epsilon plot → online_RL/runs/20260525_170800/epsilon.png
Ep 14550/20000 | ret -2.9179 | avg(50) -1.7759 | ε 0.050 | loss 0.00039 | buf 100,000 | 1748s
Ep 14600/20000 | ret -0.6019 | avg(50) -2.0742 | ε 0.050 | loss 0.00117 | buf 100,000 | 1754s
Ep 14650/20000 | ret -0.8489 | avg(50) -1.7060 | ε 0.050 | loss 0.00109 | buf 100,000 | 1760s
Ep 14700/20000 | ret -0.6141 | avg(50) -1.9509 | ε 0.050 | loss 0.00052 | buf 100,000 | 1767s
Ep 14750/20000 | ret -3.9783 | avg(50) -1.3517 | ε 0.050 | loss 0.00233 | buf 100,000 | 1773s
Ep 14800/20000 | ret -7.7198 | avg(50) -1.8788 | ε 0.050 | loss 0.00037 | buf 100,000 | 1779s
Ep 14850/20000 | ret -0.6957 | avg(50) -1.7544 | ε 0.050 | loss 0.00032 | buf 100,000 | 1785s
Ep 14900/20000 | ret -1.9750 | avg(50) -1.6996 | ε 0.050 | loss 0.00034 | buf 100,000 | 1791s
Ep 14950/20000 | ret -0.6844 | avg(50) -1.5313 | ε 0.050 | loss 0.00053 | buf 100,000 | 1798s
Ep 15000/20000 | ret -2.6770 | avg(50) -1.4403 | ε 0.050 | loss 0.00062 | buf 100,000 | 1804s
[agent] Checkpoint saved → online_RL/runs/20260525_170800/dqn_ep15000.pt
[train] Returns plot → online_RL/runs/20260525_170800/returns.png
[train] Q-loss plot  → online_RL/runs/20260525_170800/q_loss.png
[train] Epsilon plot → online_RL/runs/20260525_170800/epsilon.png
Ep 15050/20000 | ret -0.6412 | avg(50) -1.5751 | ε 0.050 | loss 0.00101 | buf 100,000 | 1811s
Ep 15100/20000 | ret -3.8619 | avg(50) -1.8213 | ε 0.050 | loss 0.00045 | buf 100,000 | 1817s
Ep 15150/20000 | ret -0.6194 | avg(50) -1.4681 | ε 0.050 | loss 0.00033 | buf 100,000 | 1823s
Ep 15200/20000 | ret -0.6152 | avg(50) -1.1966 | ε 0.050 | loss 0.00043 | buf 100,000 | 1830s
Ep 15250/20000 | ret -3.9038 | avg(50) -1.9699 | ε 0.050 | loss 0.00040 | buf 100,000 | 1836s
Ep 15300/20000 | ret -1.5081 | avg(50) -1.9385 | ε 0.050 | loss 0.00081 | buf 100,000 | 1842s
Ep 15350/20000 | ret -0.6094 | avg(50) -2.1718 | ε 0.050 | loss 0.00060 | buf 100,000 | 1848s
Ep 15400/20000 | ret -0.6004 | avg(50) -1.4601 | ε 0.050 | loss 0.00048 | buf 100,000 | 1854s
Ep 15450/20000 | ret -0.7436 | avg(50) -1.5174 | ε 0.050 | loss 0.00038 | buf 100,000 | 1860s
Ep 15500/20000 | ret -0.6408 | avg(50) -2.0781 | ε 0.050 | loss 0.00076 | buf 100,000 | 1867s
[agent] Checkpoint saved → online_RL/runs/20260525_170800/dqn_ep15500.pt
[train] Returns plot → online_RL/runs/20260525_170800/returns.png
[train] Q-loss plot  → online_RL/runs/20260525_170800/q_loss.png
[train] Epsilon plot → online_RL/runs/20260525_170800/epsilon.png
Ep 15550/20000 | ret -3.3146 | avg(50) -1.7023 | ε 0.050 | loss 0.00082 | buf 100,000 | 1874s
Ep 15600/20000 | ret -0.6165 | avg(50) -2.0120 | ε 0.050 | loss 0.00036 | buf 100,000 | 1880s
Ep 15650/20000 | ret -0.5988 | avg(50) -1.4465 | ε 0.050 | loss 0.00028 | buf 100,000 | 1886s
Ep 15700/20000 | ret -0.5908 | avg(50) -0.9892 | ε 0.050 | loss 0.00054 | buf 100,000 | 1893s
Ep 15750/20000 | ret -3.0431 | avg(50) -1.6885 | ε 0.050 | loss 0.00062 | buf 100,000 | 1899s
Ep 15800/20000 | ret -5.3467 | avg(50) -1.8622 | ε 0.050 | loss 0.00092 | buf 100,000 | 1905s
Ep 15850/20000 | ret -0.5916 | avg(50) -1.4485 | ε 0.050 | loss 0.00155 | buf 100,000 | 1911s
Ep 15900/20000 | ret -0.6534 | avg(50) -1.6827 | ε 0.050 | loss 0.00094 | buf 100,000 | 1917s
Ep 15950/20000 | ret -0.6536 | avg(50) -1.7698 | ε 0.050 | loss 0.00032 | buf 100,000 | 1923s
Ep 16000/20000 | ret -0.6118 | avg(50) -1.5624 | ε 0.050 | loss 0.00115 | buf 100,000 | 1930s
[agent] Checkpoint saved → online_RL/runs/20260525_170800/dqn_ep16000.pt
[train] Returns plot → online_RL/runs/20260525_170800/returns.png
[train] Q-loss plot  → online_RL/runs/20260525_170800/q_loss.png
[train] Epsilon plot → online_RL/runs/20260525_170800/epsilon.png
Ep 16050/20000 | ret -0.6001 | avg(50) -1.2664 | ε 0.050 | loss 0.00039 | buf 100,000 | 1937s
Ep 16100/20000 | ret -3.7705 | avg(50) -1.5954 | ε 0.050 | loss 0.00062 | buf 100,000 | 1943s
Ep 16150/20000 | ret -0.5888 | avg(50) -1.2112 | ε 0.050 | loss 0.00043 | buf 100,000 | 1950s
Ep 16200/20000 | ret -0.6194 | avg(50) -1.5123 | ε 0.050 | loss 0.00065 | buf 100,000 | 1956s
Ep 16250/20000 | ret -0.5888 | avg(50) -1.7211 | ε 0.050 | loss 0.00014 | buf 100,000 | 1962s
Ep 16300/20000 | ret -0.6001 | avg(50) -1.7072 | ε 0.050 | loss 0.00058 | buf 100,000 | 1968s
Ep 16350/20000 | ret -0.5932 | avg(50) -1.5334 | ε 0.050 | loss 0.00079 | buf 100,000 | 1974s
Ep 16400/20000 | ret -0.6281 | avg(50) -1.5125 | ε 0.050 | loss 0.00048 | buf 100,000 | 1980s
Ep 16450/20000 | ret -0.6344 | avg(50) -1.3942 | ε 0.050 | loss 0.00051 | buf 100,000 | 1987s
Ep 16500/20000 | ret -0.6357 | avg(50) -1.4402 | ε 0.050 | loss 0.00169 | buf 100,000 | 1993s
[agent] Checkpoint saved → online_RL/runs/20260525_170800/dqn_ep16500.pt
[train] Returns plot → online_RL/runs/20260525_170800/returns.png
[train] Q-loss plot  → online_RL/runs/20260525_170800/q_loss.png
[train] Epsilon plot → online_RL/runs/20260525_170800/epsilon.png
Ep 16550/20000 | ret -0.6170 | avg(50) -1.2394 | ε 0.050 | loss 0.00042 | buf 100,000 | 2000s
Ep 16600/20000 | ret -0.6152 | avg(50) -1.7831 | ε 0.050 | loss 0.00118 | buf 100,000 | 2006s
Ep 16650/20000 | ret -0.6177 | avg(50) -1.9496 | ε 0.050 | loss 0.00025 | buf 100,000 | 2013s
Ep 16700/20000 | ret -0.5908 | avg(50) -2.2727 | ε 0.050 | loss 0.00031 | buf 100,000 | 2019s
Ep 16750/20000 | ret -0.6205 | avg(50) -1.5127 | ε 0.050 | loss 0.00035 | buf 100,000 | 2025s
Ep 16800/20000 | ret -0.5908 | avg(50) -1.2686 | ε 0.050 | loss 0.00038 | buf 100,000 | 2031s
Ep 16850/20000 | ret -0.5932 | avg(50) -1.6843 | ε 0.050 | loss 0.00031 | buf 100,000 | 2037s
Ep 16900/20000 | ret -3.1299 | avg(50) -1.5887 | ε 0.050 | loss 0.00077 | buf 100,000 | 2044s
Ep 16950/20000 | ret -0.5988 | avg(50) -1.5423 | ε 0.050 | loss 0.00079 | buf 100,000 | 2050s
Ep 17000/20000 | ret -0.6152 | avg(50) -1.4962 | ε 0.050 | loss 0.00083 | buf 100,000 | 2056s
[agent] Checkpoint saved → online_RL/runs/20260525_170800/dqn_ep17000.pt
[train] Returns plot → online_RL/runs/20260525_170800/returns.png
[train] Q-loss plot  → online_RL/runs/20260525_170800/q_loss.png
[train] Epsilon plot → online_RL/runs/20260525_170800/epsilon.png
Ep 17050/20000 | ret -2.3053 | avg(50) -1.5347 | ε 0.050 | loss 0.00026 | buf 100,000 | 2063s
Ep 17100/20000 | ret -2.4333 | avg(50) -1.5659 | ε 0.050 | loss 0.00041 | buf 100,000 | 2069s
Ep 17150/20000 | ret -3.1749 | avg(50) -2.1056 | ε 0.050 | loss 0.00075 | buf 100,000 | 2076s
Ep 17200/20000 | ret -3.3576 | avg(50) -1.6226 | ε 0.050 | loss 0.00034 | buf 100,000 | 2082s
Ep 17250/20000 | ret -0.5908 | avg(50) -1.3398 | ε 0.050 | loss 0.00082 | buf 100,000 | 2088s
Ep 17300/20000 | ret -5.1740 | avg(50) -1.4157 | ε 0.050 | loss 0.00051 | buf 100,000 | 2094s
Ep 17350/20000 | ret -0.6918 | avg(50) -1.7473 | ε 0.050 | loss 0.00082 | buf 100,000 | 2100s
Ep 17400/20000 | ret -0.6100 | avg(50) -1.6050 | ε 0.050 | loss 0.00025 | buf 100,000 | 2107s
Ep 17450/20000 | ret -1.7532 | avg(50) -1.3431 | ε 0.050 | loss 0.00043 | buf 100,000 | 2113s
Ep 17500/20000 | ret -3.9188 | avg(50) -1.4455 | ε 0.050 | loss 0.00024 | buf 100,000 | 2119s
[agent] Checkpoint saved → online_RL/runs/20260525_170800/dqn_ep17500.pt
[train] Returns plot → online_RL/runs/20260525_170800/returns.png
[train] Q-loss plot  → online_RL/runs/20260525_170800/q_loss.png
[train] Epsilon plot → online_RL/runs/20260525_170800/epsilon.png
Ep 17550/20000 | ret -0.5869 | avg(50) -1.6555 | ε 0.050 | loss 0.00138 | buf 100,000 | 2126s
Ep 17600/20000 | ret -1.0235 | avg(50) -1.4459 | ε 0.050 | loss 0.00049 | buf 100,000 | 2133s
Ep 17650/20000 | ret -2.8493 | avg(50) -1.5113 | ε 0.050 | loss 0.00304 | buf 100,000 | 2139s
Ep 17700/20000 | ret -3.6140 | avg(50) -2.1447 | ε 0.050 | loss 0.00022 | buf 100,000 | 2145s
Ep 17750/20000 | ret -2.8101 | avg(50) -1.8980 | ε 0.050 | loss 0.00020 | buf 100,000 | 2151s
Ep 17800/20000 | ret -0.7005 | avg(50) -1.7059 | ε 0.050 | loss 0.00070 | buf 100,000 | 2157s
Ep 17850/20000 | ret -3.8896 | avg(50) -1.5319 | ε 0.050 | loss 0.00086 | buf 100,000 | 2164s
Ep 17900/20000 | ret -0.6117 | avg(50) -1.4560 | ε 0.050 | loss 0.00052 | buf 100,000 | 2170s
Ep 17950/20000 | ret -0.6004 | avg(50) -1.2581 | ε 0.050 | loss 0.00026 | buf 100,000 | 2176s
Ep 18000/20000 | ret -0.6094 | avg(50) -1.5910 | ε 0.050 | loss 0.00038 | buf 100,000 | 2182s
[agent] Checkpoint saved → online_RL/runs/20260525_170800/dqn_ep18000.pt
[train] Returns plot → online_RL/runs/20260525_170800/returns.png
[train] Q-loss plot  → online_RL/runs/20260525_170800/q_loss.png
[train] Epsilon plot → online_RL/runs/20260525_170800/epsilon.png
Ep 18050/20000 | ret -1.0028 | avg(50) -1.6649 | ε 0.050 | loss 0.00021 | buf 100,000 | 2189s
Ep 18100/20000 | ret -0.7245 | avg(50) -1.3288 | ε 0.050 | loss 0.00054 | buf 100,000 | 2196s
Ep 18150/20000 | ret -0.8693 | avg(50) -1.2669 | ε 0.050 | loss 0.00053 | buf 100,000 | 2202s
Ep 18200/20000 | ret -0.5908 | avg(50) -1.7940 | ε 0.050 | loss 0.00041 | buf 100,000 | 2208s
Ep 18250/20000 | ret -0.5888 | avg(50) -1.3556 | ε 0.050 | loss 0.00085 | buf 100,000 | 2214s
Ep 18300/20000 | ret -0.5988 | avg(50) -1.5270 | ε 0.050 | loss 0.00055 | buf 100,000 | 2220s
Ep 18350/20000 | ret -2.9863 | avg(50) -1.5541 | ε 0.050 | loss 0.00050 | buf 100,000 | 2227s
Ep 18400/20000 | ret -0.7826 | avg(50) -1.4695 | ε 0.050 | loss 0.00028 | buf 100,000 | 2233s
Ep 18450/20000 | ret -0.6107 | avg(50) -1.1947 | ε 0.050 | loss 0.00079 | buf 100,000 | 2239s
Ep 18500/20000 | ret -4.1057 | avg(50) -1.0458 | ε 0.050 | loss 0.00035 | buf 100,000 | 2245s
[agent] Checkpoint saved → online_RL/runs/20260525_170800/dqn_ep18500.pt
[train] Returns plot → online_RL/runs/20260525_170800/returns.png
[train] Q-loss plot  → online_RL/runs/20260525_170800/q_loss.png
[train] Epsilon plot → online_RL/runs/20260525_170800/epsilon.png
Ep 18550/20000 | ret -0.6097 | avg(50) -1.1493 | ε 0.050 | loss 0.00019 | buf 100,000 | 2252s
Ep 18600/20000 | ret -4.6889 | avg(50) -1.4002 | ε 0.050 | loss 0.00080 | buf 100,000 | 2259s
Ep 18650/20000 | ret -0.6004 | avg(50) -1.6027 | ε 0.050 | loss 0.00047 | buf 100,000 | 2265s
Ep 18700/20000 | ret -6.5087 | avg(50) -1.6194 | ε 0.050 | loss 0.00032 | buf 100,000 | 2271s
Ep 18750/20000 | ret -0.7260 | avg(50) -1.4638 | ε 0.050 | loss 0.00028 | buf 100,000 | 2277s
Ep 18800/20000 | ret -0.5908 | avg(50) -1.9054 | ε 0.050 | loss 0.00050 | buf 100,000 | 2284s
Ep 18850/20000 | ret -0.5932 | avg(50) -1.4385 | ε 0.050 | loss 0.00096 | buf 100,000 | 2290s
Ep 18900/20000 | ret -3.5246 | avg(50) -1.3735 | ε 0.050 | loss 0.00023 | buf 100,000 | 2296s
Ep 18950/20000 | ret -0.6107 | avg(50) -1.9017 | ε 0.050 | loss 0.00035 | buf 100,000 | 2302s
Ep 19000/20000 | ret -0.5932 | avg(50) -1.4790 | ε 0.050 | loss 0.00034 | buf 100,000 | 2308s
[agent] Checkpoint saved → online_RL/runs/20260525_170800/dqn_ep19000.pt
[train] Returns plot → online_RL/runs/20260525_170800/returns.png
[train] Q-loss plot  → online_RL/runs/20260525_170800/q_loss.png
[train] Epsilon plot → online_RL/runs/20260525_170800/epsilon.png
Ep 19050/20000 | ret -2.6536 | avg(50) -1.6577 | ε 0.050 | loss 0.00052 | buf 100,000 | 2315s
Ep 19100/20000 | ret -0.5908 | avg(50) -1.4250 | ε 0.050 | loss 0.00021 | buf 100,000 | 2322s
Ep 19150/20000 | ret -1.0615 | avg(50) -1.4407 | ε 0.050 | loss 0.00044 | buf 100,000 | 2328s
Ep 19200/20000 | ret -4.2258 | avg(50) -1.8034 | ε 0.050 | loss 0.00048 | buf 100,000 | 2334s
Ep 19250/20000 | ret -0.6205 | avg(50) -1.5514 | ε 0.050 | loss 0.00022 | buf 100,000 | 2340s
Ep 19300/20000 | ret -0.6165 | avg(50) -2.0941 | ε 0.050 | loss 0.00027 | buf 100,000 | 2347s
Ep 19350/20000 | ret -4.2032 | avg(50) -1.4981 | ε 0.050 | loss 0.00030 | buf 100,000 | 2353s
Ep 19400/20000 | ret -0.5888 | avg(50) -1.7006 | ε 0.050 | loss 0.00026 | buf 100,000 | 2359s
Ep 19450/20000 | ret -2.0177 | avg(50) -1.6120 | ε 0.050 | loss 0.00045 | buf 100,000 | 2365s
Ep 19500/20000 | ret -0.6019 | avg(50) -1.2725 | ε 0.050 | loss 0.00021 | buf 100,000 | 2371s
[agent] Checkpoint saved → online_RL/runs/20260525_170800/dqn_ep19500.pt
[train] Returns plot → online_RL/runs/20260525_170800/returns.png
[train] Q-loss plot  → online_RL/runs/20260525_170800/q_loss.png
[train] Epsilon plot → online_RL/runs/20260525_170800/epsilon.png
Ep 19550/20000 | ret -0.6004 | avg(50) -1.6540 | ε 0.050 | loss 0.00029 | buf 100,000 | 2378s
Ep 19600/20000 | ret -0.9084 | avg(50) -1.4557 | ε 0.050 | loss 0.00031 | buf 100,000 | 2385s
Ep 19650/20000 | ret -1.6323 | avg(50) -1.4780 | ε 0.050 | loss 0.00031 | buf 100,000 | 2391s
Ep 19700/20000 | ret -0.5932 | avg(50) -1.4936 | ε 0.050 | loss 0.00023 | buf 100,000 | 2397s
Ep 19750/20000 | ret -2.9728 | avg(50) -1.6116 | ε 0.050 | loss 0.00094 | buf 100,000 | 2403s
Ep 19800/20000 | ret -0.6107 | avg(50) -1.4917 | ε 0.050 | loss 0.00065 | buf 100,000 | 2410s
Ep 19850/20000 | ret -0.6118 | avg(50) -1.5251 | ε 0.050 | loss 0.00019 | buf 100,000 | 2416s
Ep 19900/20000 | ret -1.0329 | avg(50) -1.4120 | ε 0.050 | loss 0.00032 | buf 100,000 | 2422s
Ep 19950/20000 | ret -0.9609 | avg(50) -2.2261 | ε 0.050 | loss 0.00052 | buf 100,000 | 2428s
Ep 20000/20000 | ret -1.8568 | avg(50) -1.5322 | ε 0.050 | loss 0.00022 | buf 100,000 | 2434s
[agent] Checkpoint saved → online_RL/runs/20260525_170800/dqn_ep20000.pt
[train] Returns plot → online_RL/runs/20260525_170800/returns.png
[train] Q-loss plot  → online_RL/runs/20260525_170800/q_loss.png
[train] Epsilon plot → online_RL/runs/20260525_170800/epsilon.png
[agent] Checkpoint saved → online_RL/runs/20260525_170800/dqn_final.pt
[train] Returns plot → online_RL/runs/20260525_170800/returns.png
[train] Q-loss plot  → online_RL/runs/20260525_170800/q_loss.png
[train] Epsilon plot → online_RL/runs/20260525_170800/epsilon.png

=================================================================
[train] Training complete in 40.6 min
[train] Best episode return : -0.5869
[train] Best checkpoint     : online_RL/runs/20260525_170800/dqn_best.pt
[train] Final checkpoint    : online_RL/runs/20260525_170800/dqn_final.pt
=================================================================
============================================================
Training finished: Mon May 25 17:48:39 EDT 2026  (exit code: 0)
============================================================
