============================================================
Job ID   : 50879204
Node     : gl1022
Started  : Mon May 25 16:48:08 EDT 2026
============================================================
Python   : /home/xysong/.conda/envs/RL/bin/python
Torch    : 2.5.1+cu121
CUDA     : True
GPU      : Tesla V100-PCIE-16GB
============================================================
=================================================================
[train] Online DQN — LPBF Laser-Power Controller
[train] Output dir : online_RL/runs/20260525_164822
[train] Device     : cuda
=================================================================

[train] Loading surrogate: surrogate_model/runs/20260521_210923/surrogate_best.pt
[train] Surrogate   : state_dim=1053, action_mean=274.6 W, action_std=75.1 W
[LPBFEnv] Mesh loaded: 1053 nodes  X∈[0.00, 12.00]  Y∈[0.00, 3.00]
[train] Action space : 26 actions  (150–400 W, step 10 W)
[train] Temp window  : [2000, 2800] K
[train] Layers/ep    : 12
[train] QNet(state_dim=1053, num_actions=26, hidden=256, depth=4, params=807,450)
[train] ReplayBuffer(capacity=100,000, size=0, state_dim=1053)

[train] Starting 3000 episodes  (warmup=50, Double-DQN=True, target_update_freq=10)
-----------------------------------------------------------------
Ep     1/3000 | ret -29.7774 | avg(1) -29.7774 | ε 1.000 | loss nan | buf 12 | 0s [warmup]
Ep    50/3000 | ret -29.7774 | avg(50) -29.7774 | ε 1.000 | loss nan | buf 600 | 2s [warmup]
[agent] Checkpoint saved → online_RL/runs/20260525_164822/dqn_best.pt
[agent] Checkpoint saved → online_RL/runs/20260525_164822/dqn_best.pt
[agent] Checkpoint saved → online_RL/runs/20260525_164822/dqn_best.pt
[agent] Checkpoint saved → online_RL/runs/20260525_164822/dqn_best.pt
[agent] Checkpoint saved → online_RL/runs/20260525_164822/dqn_best.pt
[agent] Checkpoint saved → online_RL/runs/20260525_164822/dqn_best.pt
[agent] Checkpoint saved → online_RL/runs/20260525_164822/dqn_best.pt
Ep   100/3000 | ret -14.0368 | avg(50) -23.7131 | ε 0.989 | loss 0.05938 | buf 1,200 | 9s
[agent] Checkpoint saved → online_RL/runs/20260525_164822/dqn_best.pt
[agent] Checkpoint saved → online_RL/runs/20260525_164822/dqn_best.pt
[agent] Checkpoint saved → online_RL/runs/20260525_164822/dqn_best.pt
Ep   150/3000 | ret -30.3808 | avg(50) -23.3989 | ε 0.977 | loss 0.11104 | buf 1,800 | 15s
Ep   200/3000 | ret -30.2690 | avg(50) -23.6054 | ε 0.966 | loss 0.09290 | buf 2,400 | 21s
Ep   250/3000 | ret -29.8695 | avg(50) -24.1984 | ε 0.954 | loss 0.10989 | buf 3,000 | 26s
Ep   300/3000 | ret -33.2228 | avg(50) -24.0778 | ε 0.943 | loss 0.08620 | buf 3,600 | 32s
Ep   350/3000 | ret -24.4705 | avg(50) -22.6316 | ε 0.932 | loss 0.07069 | buf 4,200 | 38s
Ep   400/3000 | ret -20.1844 | avg(50) -22.1542 | ε 0.920 | loss 0.06085 | buf 4,800 | 44s
Ep   450/3000 | ret -25.4120 | avg(50) -22.1949 | ε 0.909 | loss 0.05597 | buf 5,400 | 50s
Ep   500/3000 | ret -22.3305 | avg(50) -21.5785 | ε 0.897 | loss 0.04747 | buf 6,000 | 55s
[agent] Checkpoint saved → online_RL/runs/20260525_164822/dqn_ep00500.pt
[train] Returns plot → online_RL/runs/20260525_164822/returns.png
[train] Q-loss plot  → online_RL/runs/20260525_164822/q_loss.png
[train] Epsilon plot → online_RL/runs/20260525_164822/epsilon.png
Ep   550/3000 | ret -21.3878 | avg(50) -20.5642 | ε 0.886 | loss 0.04714 | buf 6,600 | 62s
[agent] Checkpoint saved → online_RL/runs/20260525_164822/dqn_best.pt
Ep   600/3000 | ret -14.4634 | avg(50) -21.5150 | ε 0.875 | loss 0.03438 | buf 7,200 | 68s
Ep   650/3000 | ret -19.6082 | avg(50) -20.9175 | ε 0.863 | loss 0.04264 | buf 7,800 | 74s
Ep   700/3000 | ret -18.9671 | avg(50) -19.9161 | ε 0.852 | loss 0.03944 | buf 8,400 | 80s
Ep   750/3000 | ret -16.5724 | avg(50) -20.2622 | ε 0.840 | loss 0.03737 | buf 9,000 | 86s
[agent] Checkpoint saved → online_RL/runs/20260525_164822/dqn_best.pt
Ep   800/3000 | ret -20.2517 | avg(50) -18.7583 | ε 0.829 | loss 0.04083 | buf 9,600 | 92s
Ep   850/3000 | ret -11.4630 | avg(50) -20.4430 | ε 0.818 | loss 0.03265 | buf 10,200 | 97s
Ep   900/3000 | ret -19.9626 | avg(50) -19.6732 | ε 0.806 | loss 0.03698 | buf 10,800 | 103s
Ep   950/3000 | ret -19.6391 | avg(50) -19.6741 | ε 0.795 | loss 0.03564 | buf 11,400 | 109s
Ep  1000/3000 | ret -16.0609 | avg(50) -19.8010 | ε 0.783 | loss 0.03862 | buf 12,000 | 115s
[agent] Checkpoint saved → online_RL/runs/20260525_164822/dqn_ep01000.pt
[train] Returns plot → online_RL/runs/20260525_164822/returns.png
[train] Q-loss plot  → online_RL/runs/20260525_164822/q_loss.png
[train] Epsilon plot → online_RL/runs/20260525_164822/epsilon.png
Ep  1050/3000 | ret -18.0319 | avg(50) -18.4945 | ε 0.772 | loss 0.03257 | buf 12,600 | 122s
Ep  1100/3000 | ret -21.5406 | avg(50) -18.9096 | ε 0.761 | loss 0.02640 | buf 13,200 | 128s
Ep  1150/3000 | ret -22.2795 | avg(50) -17.7473 | ε 0.749 | loss 0.03210 | buf 13,800 | 134s
Ep  1200/3000 | ret -17.1498 | avg(50) -17.6315 | ε 0.738 | loss 0.02998 | buf 14,400 | 140s
Ep  1250/3000 | ret -23.3953 | avg(50) -18.3202 | ε 0.726 | loss 0.03568 | buf 15,000 | 146s
Ep  1300/3000 | ret -23.6969 | avg(50) -17.4667 | ε 0.715 | loss 0.04507 | buf 15,600 | 152s
Ep  1350/3000 | ret -9.4061 | avg(50) -18.3980 | ε 0.704 | loss 0.03403 | buf 16,200 | 158s
Ep  1400/3000 | ret -22.1457 | avg(50) -17.8937 | ε 0.692 | loss 0.04469 | buf 16,800 | 164s
[agent] Checkpoint saved → online_RL/runs/20260525_164822/dqn_best.pt
Ep  1450/3000 | ret -18.4807 | avg(50) -16.1623 | ε 0.681 | loss 0.03841 | buf 17,400 | 170s
Ep  1500/3000 | ret -18.6775 | avg(50) -16.2864 | ε 0.669 | loss 0.03679 | buf 18,000 | 176s
[agent] Checkpoint saved → online_RL/runs/20260525_164822/dqn_ep01500.pt
[train] Returns plot → online_RL/runs/20260525_164822/returns.png
[train] Q-loss plot  → online_RL/runs/20260525_164822/q_loss.png
[train] Epsilon plot → online_RL/runs/20260525_164822/epsilon.png
[agent] Checkpoint saved → online_RL/runs/20260525_164822/dqn_best.pt
Ep  1550/3000 | ret -24.5455 | avg(50) -17.3490 | ε 0.658 | loss 0.02517 | buf 18,600 | 183s
Ep  1600/3000 | ret -26.8031 | avg(50) -15.3425 | ε 0.647 | loss 0.02960 | buf 19,200 | 189s
Ep  1650/3000 | ret -18.5755 | avg(50) -17.5131 | ε 0.635 | loss 0.02736 | buf 19,800 | 195s
Ep  1700/3000 | ret -21.0720 | avg(50) -15.5512 | ε 0.624 | loss 0.02925 | buf 20,400 | 201s
Ep  1750/3000 | ret -25.7109 | avg(50) -15.3577 | ε 0.612 | loss 0.02839 | buf 21,000 | 207s
[agent] Checkpoint saved → online_RL/runs/20260525_164822/dqn_best.pt
Ep  1800/3000 | ret -19.0697 | avg(50) -15.5635 | ε 0.601 | loss 0.02742 | buf 21,600 | 213s
Ep  1850/3000 | ret -15.4121 | avg(50) -13.9680 | ε 0.590 | loss 0.03456 | buf 22,200 | 219s
[agent] Checkpoint saved → online_RL/runs/20260525_164822/dqn_best.pt
Ep  1900/3000 | ret -16.3132 | avg(50) -14.6269 | ε 0.578 | loss 0.02544 | buf 22,800 | 226s
Ep  1950/3000 | ret -10.9958 | avg(50) -14.6415 | ε 0.567 | loss 0.02570 | buf 23,400 | 232s
Ep  2000/3000 | ret -10.7052 | avg(50) -13.7964 | ε 0.555 | loss 0.02752 | buf 24,000 | 238s
[agent] Checkpoint saved → online_RL/runs/20260525_164822/dqn_ep02000.pt
[train] Returns plot → online_RL/runs/20260525_164822/returns.png
[train] Q-loss plot  → online_RL/runs/20260525_164822/q_loss.png
[train] Epsilon plot → online_RL/runs/20260525_164822/epsilon.png
[agent] Checkpoint saved → online_RL/runs/20260525_164822/dqn_best.pt
Ep  2050/3000 | ret -3.8074 | avg(50) -12.9699 | ε 0.544 | loss 0.02650 | buf 24,600 | 245s
Ep  2100/3000 | ret -12.4023 | avg(50) -14.0994 | ε 0.533 | loss 0.02127 | buf 25,200 | 251s
Ep  2150/3000 | ret -23.1740 | avg(50) -13.8203 | ε 0.521 | loss 0.03644 | buf 25,800 | 257s
[agent] Checkpoint saved → online_RL/runs/20260525_164822/dqn_best.pt
Ep  2200/3000 | ret -12.2523 | avg(50) -12.5429 | ε 0.510 | loss 0.03517 | buf 26,400 | 264s
Ep  2250/3000 | ret -16.6938 | avg(50) -12.4816 | ε 0.498 | loss 0.01885 | buf 27,000 | 270s
Ep  2300/3000 | ret -12.0325 | avg(50) -12.8171 | ε 0.487 | loss 0.02651 | buf 27,600 | 276s
Ep  2350/3000 | ret -23.1626 | avg(50) -11.8328 | ε 0.476 | loss 0.02780 | buf 28,200 | 282s
[agent] Checkpoint saved → online_RL/runs/20260525_164822/dqn_best.pt
Ep  2400/3000 | ret -7.4884 | avg(50) -11.8681 | ε 0.464 | loss 0.02562 | buf 28,800 | 288s
Ep  2450/3000 | ret -14.1400 | avg(50) -11.3793 | ε 0.453 | loss 0.02141 | buf 29,400 | 295s
Ep  2500/3000 | ret -5.5214 | avg(50) -11.4796 | ε 0.441 | loss 0.02232 | buf 30,000 | 301s
[agent] Checkpoint saved → online_RL/runs/20260525_164822/dqn_ep02500.pt
[train] Returns plot → online_RL/runs/20260525_164822/returns.png
[train] Q-loss plot  → online_RL/runs/20260525_164822/q_loss.png
[train] Epsilon plot → online_RL/runs/20260525_164822/epsilon.png
Ep  2550/3000 | ret -6.5701 | avg(50) -11.8547 | ε 0.430 | loss 0.02112 | buf 30,600 | 308s
[agent] Checkpoint saved → online_RL/runs/20260525_164822/dqn_best.pt
[agent] Checkpoint saved → online_RL/runs/20260525_164822/dqn_best.pt
Ep  2600/3000 | ret -15.2060 | avg(50) -10.4060 | ε 0.419 | loss 0.01945 | buf 31,200 | 314s
Ep  2650/3000 | ret -5.4489 | avg(50) -10.5252 | ε 0.407 | loss 0.02479 | buf 31,800 | 321s
Ep  2700/3000 | ret -11.1372 | avg(50) -9.9446 | ε 0.396 | loss 0.02246 | buf 32,400 | 327s
Ep  2750/3000 | ret -11.3166 | avg(50) -8.7343 | ε 0.384 | loss 0.02133 | buf 33,000 | 333s
Ep  2800/3000 | ret -7.4104 | avg(50) -8.8584 | ε 0.373 | loss 0.01762 | buf 33,600 | 339s
[agent] Checkpoint saved → online_RL/runs/20260525_164822/dqn_best.pt
Ep  2850/3000 | ret -9.3660 | avg(50) -8.9115 | ε 0.362 | loss 0.02283 | buf 34,200 | 346s
[agent] Checkpoint saved → online_RL/runs/20260525_164822/dqn_best.pt
Ep  2900/3000 | ret -9.7237 | avg(50) -8.0910 | ε 0.350 | loss 0.01609 | buf 34,800 | 352s
Ep  2950/3000 | ret -7.8877 | avg(50) -9.0228 | ε 0.339 | loss 0.01849 | buf 35,400 | 359s
Ep  3000/3000 | ret -6.6581 | avg(50) -8.8297 | ε 0.327 | loss 0.02272 | buf 36,000 | 365s
[agent] Checkpoint saved → online_RL/runs/20260525_164822/dqn_ep03000.pt
[train] Returns plot → online_RL/runs/20260525_164822/returns.png
[train] Q-loss plot  → online_RL/runs/20260525_164822/q_loss.png
[train] Epsilon plot → online_RL/runs/20260525_164822/epsilon.png
[agent] Checkpoint saved → online_RL/runs/20260525_164822/dqn_final.pt
[train] Returns plot → online_RL/runs/20260525_164822/returns.png
[train] Q-loss plot  → online_RL/runs/20260525_164822/q_loss.png
[train] Epsilon plot → online_RL/runs/20260525_164822/epsilon.png

=================================================================
[train] Training complete in 6.1 min
[train] Best episode return : -0.7178
[train] Best checkpoint     : online_RL/runs/20260525_164822/dqn_best.pt
[train] Final checkpoint    : online_RL/runs/20260525_164822/dqn_final.pt
=================================================================
============================================================
Training finished: Mon May 25 16:54:32 EDT 2026  (exit code: 0)
============================================================
