============================================================
Job ID   : 51252712
Node     : gl1004
Started  : Mon Jun  1 20:05:29 EDT 2026
============================================================
Python : /home/xysong/.conda/envs/RL/bin/python
Torch  : 2.5.1+cu121
CUDA   : True
============================================================
adapt_dir         : surrogate_domain_adaptation/runs/base/20260601_174626/adapt_ct150
base_checkpoint   : surrogate_domain_adaptation/runs/base/20260601_174626/base_best.pt
K                 : 100  (dir suffix: K100)
adapted_checkpoint: surrogate_domain_adaptation/runs/base/20260601_174626/adapt_ct150/K100/adapted.pt
out_dir           : surrogate_domain_adaptation/runs/base/20260601_174626/adapt_ct150/K100/online_rl
============================================================
[job] K=100: training on domain-adapted surrogate
=================================================================
[train] Online DQN — LPBF Laser-Power Controller
[train] Output dir  : surrogate_domain_adaptation/runs/base/20260601_174626/adapt_ct150/K100/online_rl
[train] Device      : cuda
[train] Mode        : standard
=================================================================

[train] Loading base model : surrogate_domain_adaptation/runs/base/20260601_174626/base_best.pt
[train] Loading adapters   : surrogate_domain_adaptation/runs/base/20260601_174626/adapt_ct150/K100/adapted.pt
[train] Surrogate   : AdaptedEnsembleLatentDynamicsModel(adapters=[enc+trans+dec], base=1,963,645 params (frozen), adapter=12,576 params (trainable))
[LPBFEnv] Mesh loaded: 1053 nodes  X∈[0.00, 12.00]  Y∈[0.00, 3.00]
[train] Action space : 26 actions  (150–400 W)
[train] Temp window  : [2000, 2800] K
[train] obs_dim      : 1054  (1053 nodes + 1 layer token)
[train] QNet(state_dim=1054, num_actions=26, hidden=256, depth=4, n_layers=12, layer_embed_dim=8, params=809,594)
[train] ReplayBuffer(capacity=100,000, size=0, state_dim=1054)

[train] Starting 30000 episodes  (warmup=50, Double-DQN=True, target_update_freq=10)
-----------------------------------------------------------------
Ep     1/30000 | ret -12.0476 | avg(1) -12.0476 | ε 1.000 | loss nan | σ_norm 1.424 | buf 12 | 0s [warmup]
[agent] Checkpoint saved → surrogate_domain_adaptation/runs/base/20260601_174626/adapt_ct150/K100/online_rl/dqn_best.pt
[agent] Checkpoint saved → surrogate_domain_adaptation/runs/base/20260601_174626/adapt_ct150/K100/online_rl/dqn_best.pt
[agent] Checkpoint saved → surrogate_domain_adaptation/runs/base/20260601_174626/adapt_ct150/K100/online_rl/dqn_best.pt
[agent] Checkpoint saved → surrogate_domain_adaptation/runs/base/20260601_174626/adapt_ct150/K100/online_rl/dqn_best.pt
[agent] Checkpoint saved → surrogate_domain_adaptation/runs/base/20260601_174626/adapt_ct150/K100/online_rl/dqn_best.pt
Ep   100/30000 | ret -5.3459 | avg(100) -5.9132 | ε 0.989 | loss 0.00122 | σ_norm 1.074 | buf 1,200 | 16s
[agent] Checkpoint saved → surrogate_domain_adaptation/runs/base/20260601_174626/adapt_ct150/K100/online_rl/dqn_best.pt
Ep   200/30000 | ret -3.0831 | avg(100) -5.4358 | ε 0.966 | loss 0.00083 | σ_norm 1.004 | buf 2,400 | 36s
[agent] Checkpoint saved → surrogate_domain_adaptation/runs/base/20260601_174626/adapt_ct150/K100/online_rl/dqn_best.pt
Ep   300/30000 | ret -5.3564 | avg(100) -5.9772 | ε 0.943 | loss 0.00075 | σ_norm 0.995 | buf 3,600 | 57s
[agent] Checkpoint saved → surrogate_domain_adaptation/runs/base/20260601_174626/adapt_ct150/K100/online_rl/dqn_best.pt
[agent] Checkpoint saved → surrogate_domain_adaptation/runs/base/20260601_174626/adapt_ct150/K100/online_rl/dqn_best.pt
[agent] Checkpoint saved → surrogate_domain_adaptation/runs/base/20260601_174626/adapt_ct150/K100/online_rl/dqn_best.pt
Ep   400/30000 | ret -5.7297 | avg(100) -5.4426 | ε 0.920 | loss 0.00042 | σ_norm 1.002 | buf 4,800 | 78s
Ep   500/30000 | ret -6.1515 | avg(100) -5.1866 | ε 0.897 | loss 0.00070 | σ_norm 1.004 | buf 6,000 | 99s
Ep   600/30000 | ret -2.8972 | avg(100) -5.0120 | ε 0.875 | loss 0.00040 | σ_norm 0.997 | buf 7,200 | 120s
Ep   700/30000 | ret -1.4082 | avg(100) -4.7357 | ε 0.852 | loss 0.00022 | σ_norm 1.003 | buf 8,400 | 141s
Ep   800/30000 | ret -11.6654 | avg(100) -4.6628 | ε 0.829 | loss 0.00011 | σ_norm 0.999 | buf 9,600 | 162s
[agent] Checkpoint saved → surrogate_domain_adaptation/runs/base/20260601_174626/adapt_ct150/K100/online_rl/dqn_best.pt
Ep   900/30000 | ret -7.8672 | avg(100) -4.5544 | ε 0.806 | loss 0.00021 | σ_norm 0.999 | buf 10,800 | 183s
Ep  1000/30000 | ret -1.3528 | avg(100) -4.1142 | ε 0.783 | loss 0.00008 | σ_norm 1.001 | buf 12,000 | 205s
[agent] Checkpoint saved → surrogate_domain_adaptation/runs/base/20260601_174626/adapt_ct150/K100/online_rl/dqn_ep01000.pt
[train] Returns plot → surrogate_domain_adaptation/runs/base/20260601_174626/adapt_ct150/K100/online_rl/returns.png
[train] Q-loss plot  → surrogate_domain_adaptation/runs/base/20260601_174626/adapt_ct150/K100/online_rl/q_loss.png
[train] Epsilon plot → surrogate_domain_adaptation/runs/base/20260601_174626/adapt_ct150/K100/online_rl/epsilon.png
[train] Epistemic-std plot → surrogate_domain_adaptation/runs/base/20260601_174626/adapt_ct150/K100/online_rl/epistemic_std.png
[agent] Checkpoint saved → surrogate_domain_adaptation/runs/base/20260601_174626/adapt_ct150/K100/online_rl/dqn_best.pt
Ep  1100/30000 | ret -3.8885 | avg(100) -3.8158 | ε 0.761 | loss 0.00009 | σ_norm 1.001 | buf 13,200 | 227s
Ep  1200/30000 | ret -3.5976 | avg(100) -3.7498 | ε 0.738 | loss 0.00005 | σ_norm 1.000 | buf 14,400 | 249s
Ep  1300/30000 | ret -2.2863 | avg(100) -3.5917 | ε 0.715 | loss 0.00010 | σ_norm 1.000 | buf 15,600 | 270s
Ep  1400/30000 | ret -2.1480 | avg(100) -3.8948 | ε 0.692 | loss 0.00003 | σ_norm 0.998 | buf 16,800 | 291s
Ep  1500/30000 | ret -3.4699 | avg(100) -3.4324 | ε 0.669 | loss 0.00006 | σ_norm 1.004 | buf 18,000 | 313s
Ep  1600/30000 | ret -0.6065 | avg(100) -3.2074 | ε 0.647 | loss 0.00008 | σ_norm 1.000 | buf 19,200 | 334s
Ep  1700/30000 | ret -5.1571 | avg(100) -3.0922 | ε 0.624 | loss 0.00005 | σ_norm 1.001 | buf 20,400 | 356s
Ep  1800/30000 | ret -2.2056 | avg(100) -3.0937 | ε 0.601 | loss 0.00010 | σ_norm 1.001 | buf 21,600 | 378s
[agent] Checkpoint saved → surrogate_domain_adaptation/runs/base/20260601_174626/adapt_ct150/K100/online_rl/dqn_best.pt
Ep  1900/30000 | ret -2.4412 | avg(100) -2.7973 | ε 0.578 | loss 0.00006 | σ_norm 0.999 | buf 22,800 | 399s
Ep  2000/30000 | ret -2.8264 | avg(100) -2.7485 | ε 0.555 | loss 0.00008 | σ_norm 1.000 | buf 24,000 | 421s
[agent] Checkpoint saved → surrogate_domain_adaptation/runs/base/20260601_174626/adapt_ct150/K100/online_rl/dqn_ep02000.pt
[train] Returns plot → surrogate_domain_adaptation/runs/base/20260601_174626/adapt_ct150/K100/online_rl/returns.png
[train] Q-loss plot  → surrogate_domain_adaptation/runs/base/20260601_174626/adapt_ct150/K100/online_rl/q_loss.png
[train] Epsilon plot → surrogate_domain_adaptation/runs/base/20260601_174626/adapt_ct150/K100/online_rl/epsilon.png
[train] Epistemic-std plot → surrogate_domain_adaptation/runs/base/20260601_174626/adapt_ct150/K100/online_rl/epistemic_std.png
Ep  2100/30000 | ret -0.9762 | avg(100) -2.4684 | ε 0.533 | loss 0.00014 | σ_norm 0.999 | buf 25,200 | 444s
Ep  2200/30000 | ret -3.0031 | avg(100) -2.3731 | ε 0.510 | loss 0.00009 | σ_norm 1.003 | buf 26,400 | 466s
Ep  2300/30000 | ret -2.0247 | avg(100) -2.4389 | ε 0.487 | loss 0.00004 | σ_norm 0.999 | buf 27,600 | 488s
[agent] Checkpoint saved → surrogate_domain_adaptation/runs/base/20260601_174626/adapt_ct150/K100/online_rl/dqn_best.pt
Ep  2400/30000 | ret -1.5795 | avg(100) -1.9879 | ε 0.464 | loss 0.00004 | σ_norm 1.001 | buf 28,800 | 510s
Ep  2500/30000 | ret -0.0731 | avg(100) -2.2461 | ε 0.441 | loss 0.00003 | σ_norm 1.001 | buf 30,000 | 532s
Ep  2600/30000 | ret -3.9672 | avg(100) -2.0323 | ε 0.419 | loss 0.00007 | σ_norm 0.999 | buf 31,200 | 554s
Ep  2700/30000 | ret -4.8372 | avg(100) -1.8354 | ε 0.396 | loss 0.00004 | σ_norm 1.000 | buf 32,400 | 576s
[agent] Checkpoint saved → surrogate_domain_adaptation/runs/base/20260601_174626/adapt_ct150/K100/online_rl/dqn_best.pt
Ep  2800/30000 | ret -4.2250 | avg(100) -1.4710 | ε 0.373 | loss 0.00003 | σ_norm 1.001 | buf 33,600 | 598s
[agent] Checkpoint saved → surrogate_domain_adaptation/runs/base/20260601_174626/adapt_ct150/K100/online_rl/dqn_best.pt
Ep  2900/30000 | ret -2.1181 | avg(100) -1.5447 | ε 0.350 | loss 0.00008 | σ_norm 0.999 | buf 34,800 | 621s
Ep  3000/30000 | ret -0.3998 | avg(100) -1.3883 | ε 0.327 | loss 0.00006 | σ_norm 1.000 | buf 36,000 | 643s
[agent] Checkpoint saved → surrogate_domain_adaptation/runs/base/20260601_174626/adapt_ct150/K100/online_rl/dqn_ep03000.pt
[train] Returns plot → surrogate_domain_adaptation/runs/base/20260601_174626/adapt_ct150/K100/online_rl/returns.png
[train] Q-loss plot  → surrogate_domain_adaptation/runs/base/20260601_174626/adapt_ct150/K100/online_rl/q_loss.png
[train] Epsilon plot → surrogate_domain_adaptation/runs/base/20260601_174626/adapt_ct150/K100/online_rl/epsilon.png
[train] Epistemic-std plot → surrogate_domain_adaptation/runs/base/20260601_174626/adapt_ct150/K100/online_rl/epistemic_std.png
Ep  3100/30000 | ret -0.3819 | avg(100) -1.3082 | ε 0.305 | loss 0.00004 | σ_norm 0.999 | buf 37,200 | 666s
Ep  3200/30000 | ret -1.3483 | avg(100) -1.3293 | ε 0.282 | loss 0.00002 | σ_norm 1.001 | buf 38,400 | 689s
Ep  3300/30000 | ret -0.1318 | avg(100) -1.2323 | ε 0.259 | loss 0.00006 | σ_norm 1.001 | buf 39,600 | 711s
Ep  3400/30000 | ret -0.0197 | avg(100) -0.8590 | ε 0.236 | loss 0.00002 | σ_norm 0.998 | buf 40,800 | 734s
Ep  3500/30000 | ret -1.4382 | avg(100) -0.8523 | ε 0.213 | loss 0.00003 | σ_norm 1.000 | buf 42,000 | 756s
Ep  3600/30000 | ret -0.6064 | avg(100) -0.8082 | ε 0.191 | loss 0.00001 | σ_norm 1.002 | buf 43,200 | 779s
Ep  3700/30000 | ret -0.0211 | avg(100) -0.7284 | ε 0.168 | loss 0.00004 | σ_norm 1.000 | buf 44,400 | 802s
[agent] Checkpoint saved → surrogate_domain_adaptation/runs/base/20260601_174626/adapt_ct150/K100/online_rl/dqn_best.pt
Ep  3800/30000 | ret -0.0431 | avg(100) -0.4241 | ε 0.145 | loss 0.00005 | σ_norm 0.997 | buf 45,600 | 824s
Ep  3900/30000 | ret -0.0400 | avg(100) -0.4158 | ε 0.122 | loss 0.00005 | σ_norm 1.001 | buf 46,800 | 847s
Ep  4000/30000 | ret -0.0185 | avg(100) -0.4355 | ε 0.099 | loss 0.00002 | σ_norm 1.000 | buf 48,000 | 870s
[agent] Checkpoint saved → surrogate_domain_adaptation/runs/base/20260601_174626/adapt_ct150/K100/online_rl/dqn_ep04000.pt
[train] Returns plot → surrogate_domain_adaptation/runs/base/20260601_174626/adapt_ct150/K100/online_rl/returns.png
[train] Q-loss plot  → surrogate_domain_adaptation/runs/base/20260601_174626/adapt_ct150/K100/online_rl/q_loss.png
[train] Epsilon plot → surrogate_domain_adaptation/runs/base/20260601_174626/adapt_ct150/K100/online_rl/epsilon.png
[train] Epistemic-std plot → surrogate_domain_adaptation/runs/base/20260601_174626/adapt_ct150/K100/online_rl/epistemic_std.png
[agent] Checkpoint saved → surrogate_domain_adaptation/runs/base/20260601_174626/adapt_ct150/K100/online_rl/dqn_best.pt
Ep  4100/30000 | ret -0.0210 | avg(100) -0.3484 | ε 0.077 | loss 0.00002 | σ_norm 1.001 | buf 49,200 | 894s
Ep  4200/30000 | ret -0.6395 | avg(100) -0.1873 | ε 0.054 | loss 0.00002 | σ_norm 0.999 | buf 50,400 | 917s
Ep  4300/30000 | ret -0.0202 | avg(100) -0.1967 | ε 0.050 | loss 0.00003 | σ_norm 0.999 | buf 51,600 | 940s
Ep  4400/30000 | ret -0.0199 | avg(100) -0.1488 | ε 0.050 | loss 0.00002 | σ_norm 0.999 | buf 52,800 | 963s
Ep  4500/30000 | ret -1.6631 | avg(100) -0.1551 | ε 0.050 | loss 0.00002 | σ_norm 1.000 | buf 54,000 | 986s
Ep  4600/30000 | ret -0.0266 | avg(100) -0.2724 | ε 0.050 | loss 0.00003 | σ_norm 0.999 | buf 55,200 | 1009s
Ep  4700/30000 | ret -0.0301 | avg(100) -0.1495 | ε 0.050 | loss 0.00002 | σ_norm 1.000 | buf 56,400 | 1032s
Ep  4800/30000 | ret -0.0216 | avg(100) -0.2322 | ε 0.050 | loss 0.00002 | σ_norm 1.000 | buf 57,600 | 1055s
Ep  4900/30000 | ret -0.0221 | avg(100) -0.1522 | ε 0.050 | loss 0.00010 | σ_norm 1.000 | buf 58,800 | 1078s
Ep  5000/30000 | ret -0.4612 | avg(100) -0.1591 | ε 0.050 | loss 0.00002 | σ_norm 1.000 | buf 60,000 | 1100s
[agent] Checkpoint saved → surrogate_domain_adaptation/runs/base/20260601_174626/adapt_ct150/K100/online_rl/dqn_ep05000.pt
[train] Returns plot → surrogate_domain_adaptation/runs/base/20260601_174626/adapt_ct150/K100/online_rl/returns.png
[train] Q-loss plot  → surrogate_domain_adaptation/runs/base/20260601_174626/adapt_ct150/K100/online_rl/q_loss.png
[train] Epsilon plot → surrogate_domain_adaptation/runs/base/20260601_174626/adapt_ct150/K100/online_rl/epsilon.png
[train] Epistemic-std plot → surrogate_domain_adaptation/runs/base/20260601_174626/adapt_ct150/K100/online_rl/epistemic_std.png
Ep  5100/30000 | ret -0.0715 | avg(100) -0.1545 | ε 0.050 | loss 0.00001 | σ_norm 1.000 | buf 61,200 | 1125s
Ep  5200/30000 | ret -0.0227 | avg(100) -0.1768 | ε 0.050 | loss 0.00002 | σ_norm 1.000 | buf 62,400 | 1148s
Ep  5300/30000 | ret -0.4032 | avg(100) -0.1150 | ε 0.050 | loss 0.00003 | σ_norm 1.000 | buf 63,600 | 1171s
Ep  5400/30000 | ret -0.0212 | avg(100) -0.1957 | ε 0.050 | loss 0.00001 | σ_norm 1.000 | buf 64,800 | 1194s
Ep  5500/30000 | ret -0.0214 | avg(100) -0.2538 | ε 0.050 | loss 0.00003 | σ_norm 1.000 | buf 66,000 | 1217s
Ep  5600/30000 | ret -0.0222 | avg(100) -0.1819 | ε 0.050 | loss 0.00005 | σ_norm 0.999 | buf 67,200 | 1240s
Ep  5700/30000 | ret -0.0218 | avg(100) -0.2535 | ε 0.050 | loss 0.00002 | σ_norm 0.999 | buf 68,400 | 1263s
Ep  5800/30000 | ret -0.0258 | avg(100) -0.1819 | ε 0.050 | loss 0.00003 | σ_norm 1.001 | buf 69,600 | 1286s
Ep  5900/30000 | ret -0.0198 | avg(100) -0.1661 | ε 0.050 | loss 0.00001 | σ_norm 0.999 | buf 70,800 | 1309s
Ep  6000/30000 | ret -0.0183 | avg(100) -0.1523 | ε 0.050 | loss 0.00001 | σ_norm 1.000 | buf 72,000 | 1332s
[agent] Checkpoint saved → surrogate_domain_adaptation/runs/base/20260601_174626/adapt_ct150/K100/online_rl/dqn_ep06000.pt
[train] Returns plot → surrogate_domain_adaptation/runs/base/20260601_174626/adapt_ct150/K100/online_rl/returns.png
[train] Q-loss plot  → surrogate_domain_adaptation/runs/base/20260601_174626/adapt_ct150/K100/online_rl/q_loss.png
[train] Epsilon plot → surrogate_domain_adaptation/runs/base/20260601_174626/adapt_ct150/K100/online_rl/epsilon.png
[train] Epistemic-std plot → surrogate_domain_adaptation/runs/base/20260601_174626/adapt_ct150/K100/online_rl/epistemic_std.png
Ep  6100/30000 | ret -0.0193 | avg(100) -0.2310 | ε 0.050 | loss 0.00002 | σ_norm 1.000 | buf 73,200 | 1356s
Ep  6200/30000 | ret -0.0198 | avg(100) -0.1688 | ε 0.050 | loss 0.00001 | σ_norm 1.000 | buf 74,400 | 1379s
Ep  6300/30000 | ret -0.0184 | avg(100) -0.1851 | ε 0.050 | loss 0.00001 | σ_norm 1.000 | buf 75,600 | 1402s
Ep  6400/30000 | ret -0.0266 | avg(100) -0.2697 | ε 0.050 | loss 0.00002 | σ_norm 1.000 | buf 76,800 | 1425s
Ep  6500/30000 | ret -0.0205 | avg(100) -0.1521 | ε 0.050 | loss 0.00001 | σ_norm 1.000 | buf 78,000 | 1448s
Ep  6600/30000 | ret -0.0185 | avg(100) -0.1933 | ε 0.050 | loss 0.00001 | σ_norm 0.999 | buf 79,200 | 1471s
Ep  6700/30000 | ret -0.0236 | avg(100) -0.1933 | ε 0.050 | loss 0.00001 | σ_norm 1.001 | buf 80,400 | 1494s
Ep  6800/30000 | ret -0.3899 | avg(100) -0.1359 | ε 0.050 | loss 0.00001 | σ_norm 1.000 | buf 81,600 | 1517s
Ep  6900/30000 | ret -0.0242 | avg(100) -0.2297 | ε 0.050 | loss 0.00002 | σ_norm 1.000 | buf 82,800 | 1540s
Ep  7000/30000 | ret -0.0225 | avg(100) -0.1590 | ε 0.050 | loss 0.00001 | σ_norm 1.000 | buf 84,000 | 1563s
[agent] Checkpoint saved → surrogate_domain_adaptation/runs/base/20260601_174626/adapt_ct150/K100/online_rl/dqn_ep07000.pt
[train] Returns plot → surrogate_domain_adaptation/runs/base/20260601_174626/adapt_ct150/K100/online_rl/returns.png
[train] Q-loss plot  → surrogate_domain_adaptation/runs/base/20260601_174626/adapt_ct150/K100/online_rl/q_loss.png
[train] Epsilon plot → surrogate_domain_adaptation/runs/base/20260601_174626/adapt_ct150/K100/online_rl/epsilon.png
[train] Epistemic-std plot → surrogate_domain_adaptation/runs/base/20260601_174626/adapt_ct150/K100/online_rl/epistemic_std.png
Ep  7100/30000 | ret -0.0182 | avg(100) -0.1870 | ε 0.050 | loss 0.00001 | σ_norm 0.999 | buf 85,200 | 1587s
Ep  7200/30000 | ret -0.0184 | avg(100) -0.1644 | ε 0.050 | loss 0.00002 | σ_norm 1.000 | buf 86,400 | 1610s
Ep  7300/30000 | ret -0.0208 | avg(100) -0.2499 | ε 0.050 | loss 0.00001 | σ_norm 1.000 | buf 87,600 | 1634s
Ep  7400/30000 | ret -1.2161 | avg(100) -0.2218 | ε 0.050 | loss 0.00001 | σ_norm 1.000 | buf 88,800 | 1657s
Ep  7500/30000 | ret -1.3886 | avg(100) -0.2382 | ε 0.050 | loss 0.00002 | σ_norm 0.999 | buf 90,000 | 1680s
Ep  7600/30000 | ret -0.0196 | avg(100) -0.1683 | ε 0.050 | loss 0.00001 | σ_norm 1.000 | buf 91,200 | 1703s
Ep  7700/30000 | ret -0.8338 | avg(100) -0.1818 | ε 0.050 | loss 0.00001 | σ_norm 1.000 | buf 92,400 | 1726s
Ep  7800/30000 | ret -0.0211 | avg(100) -0.2010 | ε 0.050 | loss 0.00001 | σ_norm 1.000 | buf 93,600 | 1749s
Ep  7900/30000 | ret -0.0250 | avg(100) -0.1990 | ε 0.050 | loss 0.00001 | σ_norm 1.000 | buf 94,800 | 1772s
Ep  8000/30000 | ret -0.0179 | avg(100) -0.1694 | ε 0.050 | loss 0.00001 | σ_norm 0.999 | buf 96,000 | 1795s
[agent] Checkpoint saved → surrogate_domain_adaptation/runs/base/20260601_174626/adapt_ct150/K100/online_rl/dqn_ep08000.pt
[train] Returns plot → surrogate_domain_adaptation/runs/base/20260601_174626/adapt_ct150/K100/online_rl/returns.png
[train] Q-loss plot  → surrogate_domain_adaptation/runs/base/20260601_174626/adapt_ct150/K100/online_rl/q_loss.png
[train] Epsilon plot → surrogate_domain_adaptation/runs/base/20260601_174626/adapt_ct150/K100/online_rl/epsilon.png
[train] Epistemic-std plot → surrogate_domain_adaptation/runs/base/20260601_174626/adapt_ct150/K100/online_rl/epistemic_std.png
Ep  8100/30000 | ret -0.0187 | avg(100) -0.2271 | ε 0.050 | loss 0.00001 | σ_norm 1.000 | buf 97,200 | 1819s
Ep  8200/30000 | ret -0.0422 | avg(100) -0.1927 | ε 0.050 | loss 0.00003 | σ_norm 0.999 | buf 98,400 | 1842s
Ep  8300/30000 | ret -0.0325 | avg(100) -0.1945 | ε 0.050 | loss 0.00001 | σ_norm 1.001 | buf 99,600 | 1865s
Ep  8400/30000 | ret -0.0209 | avg(100) -0.1726 | ε 0.050 | loss 0.00001 | σ_norm 0.999 | buf 100,000 | 1888s
Ep  8500/30000 | ret -0.0211 | avg(100) -0.1219 | ε 0.050 | loss 0.00001 | σ_norm 1.000 | buf 100,000 | 1911s
Ep  8600/30000 | ret -0.0218 | avg(100) -0.1633 | ε 0.050 | loss 0.00001 | σ_norm 1.000 | buf 100,000 | 1934s
Ep  8700/30000 | ret -0.0808 | avg(100) -0.2350 | ε 0.050 | loss 0.00001 | σ_norm 1.000 | buf 100,000 | 1957s
Ep  8800/30000 | ret -0.2124 | avg(100) -0.1929 | ε 0.050 | loss 0.00006 | σ_norm 0.999 | buf 100,000 | 1980s
Ep  8900/30000 | ret -0.0185 | avg(100) -0.2224 | ε 0.050 | loss 0.00000 | σ_norm 1.001 | buf 100,000 | 2004s
Ep  9000/30000 | ret -0.0181 | avg(100) -0.1484 | ε 0.050 | loss 0.00001 | σ_norm 0.999 | buf 100,000 | 2027s
[agent] Checkpoint saved → surrogate_domain_adaptation/runs/base/20260601_174626/adapt_ct150/K100/online_rl/dqn_ep09000.pt
[train] Returns plot → surrogate_domain_adaptation/runs/base/20260601_174626/adapt_ct150/K100/online_rl/returns.png
[train] Q-loss plot  → surrogate_domain_adaptation/runs/base/20260601_174626/adapt_ct150/K100/online_rl/q_loss.png
[train] Epsilon plot → surrogate_domain_adaptation/runs/base/20260601_174626/adapt_ct150/K100/online_rl/epsilon.png
[train] Epistemic-std plot → surrogate_domain_adaptation/runs/base/20260601_174626/adapt_ct150/K100/online_rl/epistemic_std.png
Ep  9100/30000 | ret -0.0185 | avg(100) -0.1776 | ε 0.050 | loss 0.00001 | σ_norm 1.001 | buf 100,000 | 2051s
Ep  9200/30000 | ret -0.0189 | avg(100) -0.1301 | ε 0.050 | loss 0.00001 | σ_norm 1.000 | buf 100,000 | 2074s
Ep  9300/30000 | ret -0.0202 | avg(100) -0.1492 | ε 0.050 | loss 0.00001 | σ_norm 1.001 | buf 100,000 | 2097s
Ep  9400/30000 | ret -0.0215 | avg(100) -0.2063 | ε 0.050 | loss 0.00001 | σ_norm 0.999 | buf 100,000 | 2120s
Ep  9500/30000 | ret -0.1480 | avg(100) -0.1577 | ε 0.050 | loss 0.00001 | σ_norm 0.999 | buf 100,000 | 2143s
Ep  9600/30000 | ret -0.0186 | avg(100) -0.2363 | ε 0.050 | loss 0.00001 | σ_norm 1.000 | buf 100,000 | 2166s
Ep  9700/30000 | ret -0.0188 | avg(100) -0.2147 | ε 0.050 | loss 0.00001 | σ_norm 1.000 | buf 100,000 | 2189s
Ep  9800/30000 | ret -0.0187 | avg(100) -0.2046 | ε 0.050 | loss 0.00000 | σ_norm 0.998 | buf 100,000 | 2212s
Ep  9900/30000 | ret -0.0238 | avg(100) -0.2190 | ε 0.050 | loss 0.00001 | σ_norm 1.001 | buf 100,000 | 2235s
Ep 10000/30000 | ret -0.1042 | avg(100) -0.1774 | ε 0.050 | loss 0.00001 | σ_norm 0.999 | buf 100,000 | 2258s
[agent] Checkpoint saved → surrogate_domain_adaptation/runs/base/20260601_174626/adapt_ct150/K100/online_rl/dqn_ep10000.pt
[train] Returns plot → surrogate_domain_adaptation/runs/base/20260601_174626/adapt_ct150/K100/online_rl/returns.png
[train] Q-loss plot  → surrogate_domain_adaptation/runs/base/20260601_174626/adapt_ct150/K100/online_rl/q_loss.png
[train] Epsilon plot → surrogate_domain_adaptation/runs/base/20260601_174626/adapt_ct150/K100/online_rl/epsilon.png
[train] Epistemic-std plot → surrogate_domain_adaptation/runs/base/20260601_174626/adapt_ct150/K100/online_rl/epistemic_std.png
Ep 10100/30000 | ret -0.0252 | avg(100) -0.1313 | ε 0.050 | loss 0.00001 | σ_norm 1.001 | buf 100,000 | 2282s
Ep 10200/30000 | ret -1.5129 | avg(100) -0.1696 | ε 0.050 | loss 0.00001 | σ_norm 1.000 | buf 100,000 | 2305s
Ep 10300/30000 | ret -0.6997 | avg(100) -0.1890 | ε 0.050 | loss 0.00001 | σ_norm 0.999 | buf 100,000 | 2328s
Ep 10400/30000 | ret -0.8026 | avg(100) -0.1517 | ε 0.050 | loss 0.00001 | σ_norm 1.000 | buf 100,000 | 2351s
Ep 10500/30000 | ret -0.0177 | avg(100) -0.1688 | ε 0.050 | loss 0.00001 | σ_norm 0.999 | buf 100,000 | 2375s
Ep 10600/30000 | ret -0.0181 | avg(100) -0.1571 | ε 0.050 | loss 0.00000 | σ_norm 1.001 | buf 100,000 | 2398s
Ep 10700/30000 | ret -0.0182 | avg(100) -0.1664 | ε 0.050 | loss 0.00001 | σ_norm 1.001 | buf 100,000 | 2421s
Ep 10800/30000 | ret -0.1796 | avg(100) -0.2240 | ε 0.050 | loss 0.00001 | σ_norm 1.000 | buf 100,000 | 2444s
Ep 10900/30000 | ret -0.0645 | avg(100) -0.2089 | ε 0.050 | loss 0.00001 | σ_norm 1.000 | buf 100,000 | 2467s
Ep 11000/30000 | ret -0.0178 | avg(100) -0.1245 | ε 0.050 | loss 0.00001 | σ_norm 1.000 | buf 100,000 | 2490s
[agent] Checkpoint saved → surrogate_domain_adaptation/runs/base/20260601_174626/adapt_ct150/K100/online_rl/dqn_ep11000.pt
[train] Returns plot → surrogate_domain_adaptation/runs/base/20260601_174626/adapt_ct150/K100/online_rl/returns.png
[train] Q-loss plot  → surrogate_domain_adaptation/runs/base/20260601_174626/adapt_ct150/K100/online_rl/q_loss.png
[train] Epsilon plot → surrogate_domain_adaptation/runs/base/20260601_174626/adapt_ct150/K100/online_rl/epsilon.png
[train] Epistemic-std plot → surrogate_domain_adaptation/runs/base/20260601_174626/adapt_ct150/K100/online_rl/epistemic_std.png
Ep 11100/30000 | ret -0.0229 | avg(100) -0.2064 | ε 0.050 | loss 0.00002 | σ_norm 0.999 | buf 100,000 | 2514s
Ep 11200/30000 | ret -0.0193 | avg(100) -0.1556 | ε 0.050 | loss 0.00000 | σ_norm 1.000 | buf 100,000 | 2537s
Ep 11300/30000 | ret -0.0177 | avg(100) -0.1237 | ε 0.050 | loss 0.00000 | σ_norm 1.000 | buf 100,000 | 2560s
Ep 11400/30000 | ret -0.0407 | avg(100) -0.1676 | ε 0.050 | loss 0.00000 | σ_norm 1.000 | buf 100,000 | 2583s
Ep 11500/30000 | ret -0.0200 | avg(100) -0.1716 | ε 0.050 | loss 0.00001 | σ_norm 1.000 | buf 100,000 | 2606s
Ep 11600/30000 | ret -0.0180 | avg(100) -0.1545 | ε 0.050 | loss 0.00000 | σ_norm 1.000 | buf 100,000 | 2629s
Ep 11700/30000 | ret -0.0189 | avg(100) -0.1975 | ε 0.050 | loss 0.00000 | σ_norm 0.999 | buf 100,000 | 2653s
Ep 11800/30000 | ret -0.0218 | avg(100) -0.1318 | ε 0.050 | loss 0.00001 | σ_norm 1.001 | buf 100,000 | 2676s
Ep 11900/30000 | ret -0.0284 | avg(100) -0.1315 | ε 0.050 | loss 0.00001 | σ_norm 0.999 | buf 100,000 | 2699s
Ep 12000/30000 | ret -0.0183 | avg(100) -0.2008 | ε 0.050 | loss 0.00000 | σ_norm 0.999 | buf 100,000 | 2722s
[agent] Checkpoint saved → surrogate_domain_adaptation/runs/base/20260601_174626/adapt_ct150/K100/online_rl/dqn_ep12000.pt
[train] Returns plot → surrogate_domain_adaptation/runs/base/20260601_174626/adapt_ct150/K100/online_rl/returns.png
[train] Q-loss plot  → surrogate_domain_adaptation/runs/base/20260601_174626/adapt_ct150/K100/online_rl/q_loss.png
[train] Epsilon plot → surrogate_domain_adaptation/runs/base/20260601_174626/adapt_ct150/K100/online_rl/epsilon.png
[train] Epistemic-std plot → surrogate_domain_adaptation/runs/base/20260601_174626/adapt_ct150/K100/online_rl/epistemic_std.png
Ep 12100/30000 | ret -0.1143 | avg(100) -0.1957 | ε 0.050 | loss 0.00001 | σ_norm 1.001 | buf 100,000 | 2746s
Ep 12200/30000 | ret -0.0186 | avg(100) -0.1620 | ε 0.050 | loss 0.00000 | σ_norm 1.001 | buf 100,000 | 2769s
Ep 12300/30000 | ret -0.0211 | avg(100) -0.1255 | ε 0.050 | loss 0.00000 | σ_norm 0.998 | buf 100,000 | 2792s
Ep 12400/30000 | ret -0.0309 | avg(100) -0.1729 | ε 0.050 | loss 0.00000 | σ_norm 1.001 | buf 100,000 | 2815s
Ep 12500/30000 | ret -0.0181 | avg(100) -0.1681 | ε 0.050 | loss 0.00001 | σ_norm 0.999 | buf 100,000 | 2839s
Ep 12600/30000 | ret -0.4673 | avg(100) -0.2370 | ε 0.050 | loss 0.00000 | σ_norm 1.000 | buf 100,000 | 2861s
Ep 12700/30000 | ret -0.0185 | avg(100) -0.2312 | ε 0.050 | loss 0.00000 | σ_norm 0.999 | buf 100,000 | 2885s
Ep 12800/30000 | ret -0.1933 | avg(100) -0.1394 | ε 0.050 | loss 0.00000 | σ_norm 1.000 | buf 100,000 | 2908s
Ep 12900/30000 | ret -0.0558 | avg(100) -0.1404 | ε 0.050 | loss 0.00000 | σ_norm 0.999 | buf 100,000 | 2931s
Ep 13000/30000 | ret -0.0182 | avg(100) -0.2121 | ε 0.050 | loss 0.00000 | σ_norm 1.001 | buf 100,000 | 2954s
[agent] Checkpoint saved → surrogate_domain_adaptation/runs/base/20260601_174626/adapt_ct150/K100/online_rl/dqn_ep13000.pt
[train] Returns plot → surrogate_domain_adaptation/runs/base/20260601_174626/adapt_ct150/K100/online_rl/returns.png
[train] Q-loss plot  → surrogate_domain_adaptation/runs/base/20260601_174626/adapt_ct150/K100/online_rl/q_loss.png
[train] Epsilon plot → surrogate_domain_adaptation/runs/base/20260601_174626/adapt_ct150/K100/online_rl/epsilon.png
[train] Epistemic-std plot → surrogate_domain_adaptation/runs/base/20260601_174626/adapt_ct150/K100/online_rl/epistemic_std.png
Ep 13100/30000 | ret -0.1076 | avg(100) -0.1213 | ε 0.050 | loss 0.00000 | σ_norm 1.000 | buf 100,000 | 2978s
Ep 13200/30000 | ret -0.0188 | avg(100) -0.1994 | ε 0.050 | loss 0.00000 | σ_norm 0.999 | buf 100,000 | 3001s
Ep 13300/30000 | ret -0.0187 | avg(100) -0.2382 | ε 0.050 | loss 0.00000 | σ_norm 0.999 | buf 100,000 | 3024s
Ep 13400/30000 | ret -1.8286 | avg(100) -0.2900 | ε 0.050 | loss 0.00001 | σ_norm 1.001 | buf 100,000 | 3047s
Ep 13500/30000 | ret -0.0189 | avg(100) -0.1937 | ε 0.050 | loss 0.00000 | σ_norm 0.999 | buf 100,000 | 3071s
Ep 13600/30000 | ret -0.9952 | avg(100) -0.1492 | ε 0.050 | loss 0.00000 | σ_norm 0.999 | buf 100,000 | 3094s
Ep 13700/30000 | ret -0.1428 | avg(100) -0.1441 | ε 0.050 | loss 0.00001 | σ_norm 1.002 | buf 100,000 | 3117s
Ep 13800/30000 | ret -0.0289 | avg(100) -0.1396 | ε 0.050 | loss 0.00000 | σ_norm 0.999 | buf 100,000 | 3140s
Ep 13900/30000 | ret -0.2530 | avg(100) -0.2538 | ε 0.050 | loss 0.00001 | σ_norm 1.001 | buf 100,000 | 3163s
Ep 14000/30000 | ret -0.0193 | avg(100) -0.2018 | ε 0.050 | loss 0.00000 | σ_norm 1.000 | buf 100,000 | 3186s
[agent] Checkpoint saved → surrogate_domain_adaptation/runs/base/20260601_174626/adapt_ct150/K100/online_rl/dqn_ep14000.pt
[train] Returns plot → surrogate_domain_adaptation/runs/base/20260601_174626/adapt_ct150/K100/online_rl/returns.png
[train] Q-loss plot  → surrogate_domain_adaptation/runs/base/20260601_174626/adapt_ct150/K100/online_rl/q_loss.png
[train] Epsilon plot → surrogate_domain_adaptation/runs/base/20260601_174626/adapt_ct150/K100/online_rl/epsilon.png
[train] Epistemic-std plot → surrogate_domain_adaptation/runs/base/20260601_174626/adapt_ct150/K100/online_rl/epistemic_std.png
Ep 14100/30000 | ret -0.1377 | avg(100) -0.1723 | ε 0.050 | loss 0.00000 | σ_norm 1.000 | buf 100,000 | 3211s
Ep 14200/30000 | ret -0.0190 | avg(100) -0.1504 | ε 0.050 | loss 0.00000 | σ_norm 0.999 | buf 100,000 | 3234s
Ep 14300/30000 | ret -0.0181 | avg(100) -0.2078 | ε 0.050 | loss 0.00000 | σ_norm 1.000 | buf 100,000 | 3257s
Ep 14400/30000 | ret -0.1827 | avg(100) -0.1771 | ε 0.050 | loss 0.00000 | σ_norm 0.999 | buf 100,000 | 3280s
Ep 14500/30000 | ret -0.0428 | avg(100) -0.1135 | ε 0.050 | loss 0.00000 | σ_norm 1.000 | buf 100,000 | 3303s
Ep 14600/30000 | ret -0.0849 | avg(100) -0.1464 | ε 0.050 | loss 0.00001 | σ_norm 1.000 | buf 100,000 | 3326s
Ep 14700/30000 | ret -0.0217 | avg(100) -0.1844 | ε 0.050 | loss 0.00000 | σ_norm 1.000 | buf 100,000 | 3349s
Ep 14800/30000 | ret -0.0214 | avg(100) -0.1904 | ε 0.050 | loss 0.00000 | σ_norm 1.000 | buf 100,000 | 3372s
Ep 14900/30000 | ret -0.0178 | avg(100) -0.2122 | ε 0.050 | loss 0.00000 | σ_norm 0.999 | buf 100,000 | 3396s
Ep 15000/30000 | ret -0.9138 | avg(100) -0.2415 | ε 0.050 | loss 0.00000 | σ_norm 1.001 | buf 100,000 | 3419s
[agent] Checkpoint saved → surrogate_domain_adaptation/runs/base/20260601_174626/adapt_ct150/K100/online_rl/dqn_ep15000.pt
[train] Returns plot → surrogate_domain_adaptation/runs/base/20260601_174626/adapt_ct150/K100/online_rl/returns.png
[train] Q-loss plot  → surrogate_domain_adaptation/runs/base/20260601_174626/adapt_ct150/K100/online_rl/q_loss.png
[train] Epsilon plot → surrogate_domain_adaptation/runs/base/20260601_174626/adapt_ct150/K100/online_rl/epsilon.png
[train] Epistemic-std plot → surrogate_domain_adaptation/runs/base/20260601_174626/adapt_ct150/K100/online_rl/epistemic_std.png
Ep 15100/30000 | ret -0.0448 | avg(100) -0.2022 | ε 0.050 | loss 0.00000 | σ_norm 0.999 | buf 100,000 | 3443s
Ep 15200/30000 | ret -1.0015 | avg(100) -0.2229 | ε 0.050 | loss 0.00001 | σ_norm 1.000 | buf 100,000 | 3466s
Ep 15300/30000 | ret -0.1496 | avg(100) -0.2189 | ε 0.050 | loss 0.00000 | σ_norm 0.999 | buf 100,000 | 3489s
Ep 15400/30000 | ret -0.0213 | avg(100) -0.2599 | ε 0.050 | loss 0.00000 | σ_norm 1.001 | buf 100,000 | 3512s
Ep 15500/30000 | ret -0.0180 | avg(100) -0.1522 | ε 0.050 | loss 0.00000 | σ_norm 0.999 | buf 100,000 | 3535s
Ep 15600/30000 | ret -0.0189 | avg(100) -0.1765 | ε 0.050 | loss 0.00000 | σ_norm 1.000 | buf 100,000 | 3559s
Ep 15700/30000 | ret -0.4095 | avg(100) -0.1751 | ε 0.050 | loss 0.00000 | σ_norm 0.999 | buf 100,000 | 3582s
Ep 15800/30000 | ret -0.0177 | avg(100) -0.1797 | ε 0.050 | loss 0.00000 | σ_norm 1.000 | buf 100,000 | 3605s
Ep 15900/30000 | ret -0.0344 | avg(100) -0.2289 | ε 0.050 | loss 0.00000 | σ_norm 1.000 | buf 100,000 | 3628s
Ep 16000/30000 | ret -0.0211 | avg(100) -0.1908 | ε 0.050 | loss 0.00000 | σ_norm 0.999 | buf 100,000 | 3651s
[agent] Checkpoint saved → surrogate_domain_adaptation/runs/base/20260601_174626/adapt_ct150/K100/online_rl/dqn_ep16000.pt
[train] Returns plot → surrogate_domain_adaptation/runs/base/20260601_174626/adapt_ct150/K100/online_rl/returns.png
[train] Q-loss plot  → surrogate_domain_adaptation/runs/base/20260601_174626/adapt_ct150/K100/online_rl/q_loss.png
[train] Epsilon plot → surrogate_domain_adaptation/runs/base/20260601_174626/adapt_ct150/K100/online_rl/epsilon.png
[train] Epistemic-std plot → surrogate_domain_adaptation/runs/base/20260601_174626/adapt_ct150/K100/online_rl/epistemic_std.png
Ep 16100/30000 | ret -0.0177 | avg(100) -0.1746 | ε 0.050 | loss 0.00000 | σ_norm 1.000 | buf 100,000 | 3676s
Ep 16200/30000 | ret -0.0179 | avg(100) -0.2106 | ε 0.050 | loss 0.00000 | σ_norm 1.000 | buf 100,000 | 3699s
Ep 16300/30000 | ret -0.1803 | avg(100) -0.2146 | ε 0.050 | loss 0.00000 | σ_norm 1.000 | buf 100,000 | 3722s
Ep 16400/30000 | ret -0.0213 | avg(100) -0.1922 | ε 0.050 | loss 0.00000 | σ_norm 0.999 | buf 100,000 | 3745s
Ep 16500/30000 | ret -0.1795 | avg(100) -0.1624 | ε 0.050 | loss 0.00000 | σ_norm 1.001 | buf 100,000 | 3768s
Ep 16600/30000 | ret -0.0188 | avg(100) -0.1937 | ε 0.050 | loss 0.00000 | σ_norm 0.999 | buf 100,000 | 3791s
Ep 16700/30000 | ret -0.5505 | avg(100) -0.2106 | ε 0.050 | loss 0.00000 | σ_norm 1.001 | buf 100,000 | 3814s
Ep 16800/30000 | ret -0.0179 | avg(100) -0.2305 | ε 0.050 | loss 0.00000 | σ_norm 1.000 | buf 100,000 | 3838s
Ep 16900/30000 | ret -0.0183 | avg(100) -0.2060 | ε 0.050 | loss 0.00000 | σ_norm 1.000 | buf 100,000 | 3861s
Ep 17000/30000 | ret -0.0188 | avg(100) -0.2505 | ε 0.050 | loss 0.00000 | σ_norm 0.998 | buf 100,000 | 3884s
[agent] Checkpoint saved → surrogate_domain_adaptation/runs/base/20260601_174626/adapt_ct150/K100/online_rl/dqn_ep17000.pt
[train] Returns plot → surrogate_domain_adaptation/runs/base/20260601_174626/adapt_ct150/K100/online_rl/returns.png
[train] Q-loss plot  → surrogate_domain_adaptation/runs/base/20260601_174626/adapt_ct150/K100/online_rl/q_loss.png
[train] Epsilon plot → surrogate_domain_adaptation/runs/base/20260601_174626/adapt_ct150/K100/online_rl/epsilon.png
[train] Epistemic-std plot → surrogate_domain_adaptation/runs/base/20260601_174626/adapt_ct150/K100/online_rl/epistemic_std.png
Ep 17100/30000 | ret -0.0177 | avg(100) -0.2056 | ε 0.050 | loss 0.00000 | σ_norm 1.001 | buf 100,000 | 3908s
Ep 17200/30000 | ret -0.3719 | avg(100) -0.1698 | ε 0.050 | loss 0.00000 | σ_norm 1.001 | buf 100,000 | 3931s
Ep 17300/30000 | ret -0.0181 | avg(100) -0.2451 | ε 0.050 | loss 0.00000 | σ_norm 1.000 | buf 100,000 | 3954s
Ep 17400/30000 | ret -0.0181 | avg(100) -0.1344 | ε 0.050 | loss 0.00000 | σ_norm 0.999 | buf 100,000 | 3977s
Ep 17500/30000 | ret -0.0196 | avg(100) -0.1758 | ε 0.050 | loss 0.00000 | σ_norm 1.001 | buf 100,000 | 4000s
Ep 17600/30000 | ret -0.1455 | avg(100) -0.1545 | ε 0.050 | loss 0.00000 | σ_norm 1.000 | buf 100,000 | 4024s
Ep 17700/30000 | ret -0.0225 | avg(100) -0.1464 | ε 0.050 | loss 0.00000 | σ_norm 0.999 | buf 100,000 | 4047s
Ep 17800/30000 | ret -0.0197 | avg(100) -0.1667 | ε 0.050 | loss 0.00000 | σ_norm 1.001 | buf 100,000 | 4070s
Ep 17900/30000 | ret -0.0932 | avg(100) -0.1429 | ε 0.050 | loss 0.00000 | σ_norm 0.999 | buf 100,000 | 4093s
Ep 18000/30000 | ret -0.0186 | avg(100) -0.2238 | ε 0.050 | loss 0.00000 | σ_norm 1.001 | buf 100,000 | 4116s
[agent] Checkpoint saved → surrogate_domain_adaptation/runs/base/20260601_174626/adapt_ct150/K100/online_rl/dqn_ep18000.pt
[train] Returns plot → surrogate_domain_adaptation/runs/base/20260601_174626/adapt_ct150/K100/online_rl/returns.png
[train] Q-loss plot  → surrogate_domain_adaptation/runs/base/20260601_174626/adapt_ct150/K100/online_rl/q_loss.png
[train] Epsilon plot → surrogate_domain_adaptation/runs/base/20260601_174626/adapt_ct150/K100/online_rl/epsilon.png
[train] Epistemic-std plot → surrogate_domain_adaptation/runs/base/20260601_174626/adapt_ct150/K100/online_rl/epistemic_std.png
Ep 18100/30000 | ret -0.0185 | avg(100) -0.2048 | ε 0.050 | loss 0.00000 | σ_norm 0.998 | buf 100,000 | 4140s
Ep 18200/30000 | ret -0.0313 | avg(100) -0.2245 | ε 0.050 | loss 0.00000 | σ_norm 1.002 | buf 100,000 | 4163s
Ep 18300/30000 | ret -0.0734 | avg(100) -0.1783 | ε 0.050 | loss 0.00000 | σ_norm 0.999 | buf 100,000 | 4187s
Ep 18400/30000 | ret -0.0180 | avg(100) -0.2407 | ε 0.050 | loss 0.00000 | σ_norm 0.999 | buf 100,000 | 4210s
Ep 18500/30000 | ret -0.0561 | avg(100) -0.1779 | ε 0.050 | loss 0.00000 | σ_norm 1.001 | buf 100,000 | 4233s
Ep 18600/30000 | ret -0.0298 | avg(100) -0.1817 | ε 0.050 | loss 0.00000 | σ_norm 0.999 | buf 100,000 | 4256s
Ep 18700/30000 | ret -0.4555 | avg(100) -0.1618 | ε 0.050 | loss 0.00000 | σ_norm 1.000 | buf 100,000 | 4279s
Ep 18800/30000 | ret -0.0190 | avg(100) -0.2189 | ε 0.050 | loss 0.00000 | σ_norm 1.000 | buf 100,000 | 4302s
Ep 18900/30000 | ret -0.1403 | avg(100) -0.2398 | ε 0.050 | loss 0.00000 | σ_norm 0.999 | buf 100,000 | 4325s
Ep 19000/30000 | ret -0.0193 | avg(100) -0.1771 | ε 0.050 | loss 0.00000 | σ_norm 1.001 | buf 100,000 | 4348s
[agent] Checkpoint saved → surrogate_domain_adaptation/runs/base/20260601_174626/adapt_ct150/K100/online_rl/dqn_ep19000.pt
[train] Returns plot → surrogate_domain_adaptation/runs/base/20260601_174626/adapt_ct150/K100/online_rl/returns.png
[train] Q-loss plot  → surrogate_domain_adaptation/runs/base/20260601_174626/adapt_ct150/K100/online_rl/q_loss.png
[train] Epsilon plot → surrogate_domain_adaptation/runs/base/20260601_174626/adapt_ct150/K100/online_rl/epsilon.png
[train] Epistemic-std plot → surrogate_domain_adaptation/runs/base/20260601_174626/adapt_ct150/K100/online_rl/epistemic_std.png
Ep 19100/30000 | ret -0.0186 | avg(100) -0.2094 | ε 0.050 | loss 0.00001 | σ_norm 0.999 | buf 100,000 | 4373s
Ep 19200/30000 | ret -0.1093 | avg(100) -0.2019 | ε 0.050 | loss 0.00000 | σ_norm 1.000 | buf 100,000 | 4396s
Ep 19300/30000 | ret -0.0178 | avg(100) -0.1939 | ε 0.050 | loss 0.00000 | σ_norm 1.000 | buf 100,000 | 4419s
Ep 19400/30000 | ret -0.0181 | avg(100) -0.2596 | ε 0.050 | loss 0.00000 | σ_norm 1.000 | buf 100,000 | 4442s
Ep 19500/30000 | ret -0.1099 | avg(100) -0.1738 | ε 0.050 | loss 0.00000 | σ_norm 1.002 | buf 100,000 | 4465s
Ep 19600/30000 | ret -0.0186 | avg(100) -0.1009 | ε 0.050 | loss 0.00000 | σ_norm 0.998 | buf 100,000 | 4488s
Ep 19700/30000 | ret -0.2281 | avg(100) -0.1549 | ε 0.050 | loss 0.00000 | σ_norm 1.000 | buf 100,000 | 4511s
Ep 19800/30000 | ret -0.0197 | avg(100) -0.1499 | ε 0.050 | loss 0.00000 | σ_norm 0.999 | buf 100,000 | 4534s
Ep 19900/30000 | ret -0.0180 | avg(100) -0.1993 | ε 0.050 | loss 0.00000 | σ_norm 1.000 | buf 100,000 | 4557s
Ep 20000/30000 | ret -0.0177 | avg(100) -0.1703 | ε 0.050 | loss 0.00000 | σ_norm 0.999 | buf 100,000 | 4580s
[agent] Checkpoint saved → surrogate_domain_adaptation/runs/base/20260601_174626/adapt_ct150/K100/online_rl/dqn_ep20000.pt
[train] Returns plot → surrogate_domain_adaptation/runs/base/20260601_174626/adapt_ct150/K100/online_rl/returns.png
[train] Q-loss plot  → surrogate_domain_adaptation/runs/base/20260601_174626/adapt_ct150/K100/online_rl/q_loss.png
[train] Epsilon plot → surrogate_domain_adaptation/runs/base/20260601_174626/adapt_ct150/K100/online_rl/epsilon.png
[train] Epistemic-std plot → surrogate_domain_adaptation/runs/base/20260601_174626/adapt_ct150/K100/online_rl/epistemic_std.png
Ep 20100/30000 | ret -0.0177 | avg(100) -0.1719 | ε 0.050 | loss 0.00000 | σ_norm 1.001 | buf 100,000 | 4605s
Ep 20200/30000 | ret -0.0223 | avg(100) -0.1897 | ε 0.050 | loss 0.00000 | σ_norm 0.999 | buf 100,000 | 4628s
Ep 20300/30000 | ret -0.0177 | avg(100) -0.1717 | ε 0.050 | loss 0.00000 | σ_norm 1.000 | buf 100,000 | 4651s
Ep 20400/30000 | ret -0.0220 | avg(100) -0.1694 | ε 0.050 | loss 0.00000 | σ_norm 1.000 | buf 100,000 | 4674s
Ep 20500/30000 | ret -0.0668 | avg(100) -0.1625 | ε 0.050 | loss 0.00000 | σ_norm 1.000 | buf 100,000 | 4697s
Ep 20600/30000 | ret -0.1816 | avg(100) -0.1745 | ε 0.050 | loss 0.00000 | σ_norm 1.000 | buf 100,000 | 4720s
Ep 20700/30000 | ret -0.2831 | avg(100) -0.2162 | ε 0.050 | loss 0.00000 | σ_norm 1.000 | buf 100,000 | 4743s
Ep 20800/30000 | ret -0.3550 | avg(100) -0.2157 | ε 0.050 | loss 0.00000 | σ_norm 1.000 | buf 100,000 | 4766s
Ep 20900/30000 | ret -0.0180 | avg(100) -0.1671 | ε 0.050 | loss 0.00000 | σ_norm 0.999 | buf 100,000 | 4789s
Ep 21000/30000 | ret -0.0218 | avg(100) -0.1691 | ε 0.050 | loss 0.00001 | σ_norm 1.001 | buf 100,000 | 4813s
[agent] Checkpoint saved → surrogate_domain_adaptation/runs/base/20260601_174626/adapt_ct150/K100/online_rl/dqn_ep21000.pt
[train] Returns plot → surrogate_domain_adaptation/runs/base/20260601_174626/adapt_ct150/K100/online_rl/returns.png
[train] Q-loss plot  → surrogate_domain_adaptation/runs/base/20260601_174626/adapt_ct150/K100/online_rl/q_loss.png
[train] Epsilon plot → surrogate_domain_adaptation/runs/base/20260601_174626/adapt_ct150/K100/online_rl/epsilon.png
[train] Epistemic-std plot → surrogate_domain_adaptation/runs/base/20260601_174626/adapt_ct150/K100/online_rl/epistemic_std.png
Ep 21100/30000 | ret -0.0182 | avg(100) -0.1560 | ε 0.050 | loss 0.00000 | σ_norm 1.000 | buf 100,000 | 4837s
Ep 21200/30000 | ret -0.9920 | avg(100) -0.1681 | ε 0.050 | loss 0.00000 | σ_norm 0.999 | buf 100,000 | 4860s
Ep 21300/30000 | ret -0.0936 | avg(100) -0.2043 | ε 0.050 | loss 0.00000 | σ_norm 1.001 | buf 100,000 | 4883s
Ep 21400/30000 | ret -1.9334 | avg(100) -0.1968 | ε 0.050 | loss 0.00000 | σ_norm 1.000 | buf 100,000 | 4906s
Ep 21500/30000 | ret -0.0177 | avg(100) -0.1800 | ε 0.050 | loss 0.00000 | σ_norm 0.999 | buf 100,000 | 4929s
Ep 21600/30000 | ret -0.0177 | avg(100) -0.1772 | ε 0.050 | loss 0.00000 | σ_norm 1.001 | buf 100,000 | 4952s
Ep 21700/30000 | ret -0.3071 | avg(100) -0.1625 | ε 0.050 | loss 0.00000 | σ_norm 1.000 | buf 100,000 | 4975s
Ep 21800/30000 | ret -0.0197 | avg(100) -0.2711 | ε 0.050 | loss 0.00000 | σ_norm 0.999 | buf 100,000 | 4999s
Ep 21900/30000 | ret -0.0177 | avg(100) -0.1212 | ε 0.050 | loss 0.00000 | σ_norm 1.001 | buf 100,000 | 5022s
Ep 22000/30000 | ret -0.0193 | avg(100) -0.1941 | ε 0.050 | loss 0.00000 | σ_norm 0.999 | buf 100,000 | 5045s
[agent] Checkpoint saved → surrogate_domain_adaptation/runs/base/20260601_174626/adapt_ct150/K100/online_rl/dqn_ep22000.pt
[train] Returns plot → surrogate_domain_adaptation/runs/base/20260601_174626/adapt_ct150/K100/online_rl/returns.png
[train] Q-loss plot  → surrogate_domain_adaptation/runs/base/20260601_174626/adapt_ct150/K100/online_rl/q_loss.png
[train] Epsilon plot → surrogate_domain_adaptation/runs/base/20260601_174626/adapt_ct150/K100/online_rl/epsilon.png
[train] Epistemic-std plot → surrogate_domain_adaptation/runs/base/20260601_174626/adapt_ct150/K100/online_rl/epistemic_std.png
Ep 22100/30000 | ret -0.0244 | avg(100) -0.1837 | ε 0.050 | loss 0.00000 | σ_norm 1.001 | buf 100,000 | 5069s
Ep 22200/30000 | ret -0.0209 | avg(100) -0.2682 | ε 0.050 | loss 0.00000 | σ_norm 0.999 | buf 100,000 | 5092s
Ep 22300/30000 | ret -0.0177 | avg(100) -0.1684 | ε 0.050 | loss 0.00000 | σ_norm 0.999 | buf 100,000 | 5115s
Ep 22400/30000 | ret -0.0387 | avg(100) -0.2112 | ε 0.050 | loss 0.00000 | σ_norm 1.001 | buf 100,000 | 5139s
Ep 22500/30000 | ret -0.9827 | avg(100) -0.1361 | ε 0.050 | loss 0.00000 | σ_norm 0.999 | buf 100,000 | 5162s
Ep 22600/30000 | ret -0.0181 | avg(100) -0.1588 | ε 0.050 | loss 0.00000 | σ_norm 0.999 | buf 100,000 | 5185s
Ep 22700/30000 | ret -0.0206 | avg(100) -0.1819 | ε 0.050 | loss 0.00000 | σ_norm 1.001 | buf 100,000 | 5208s
Ep 22800/30000 | ret -0.0191 | avg(100) -0.1554 | ε 0.050 | loss 0.00000 | σ_norm 0.999 | buf 100,000 | 5231s
Ep 22900/30000 | ret -0.0232 | avg(100) -0.2535 | ε 0.050 | loss 0.00000 | σ_norm 1.001 | buf 100,000 | 5254s
Ep 23000/30000 | ret -0.9322 | avg(100) -0.2001 | ε 0.050 | loss 0.00000 | σ_norm 0.998 | buf 100,000 | 5277s
[agent] Checkpoint saved → surrogate_domain_adaptation/runs/base/20260601_174626/adapt_ct150/K100/online_rl/dqn_ep23000.pt
[train] Returns plot → surrogate_domain_adaptation/runs/base/20260601_174626/adapt_ct150/K100/online_rl/returns.png
[train] Q-loss plot  → surrogate_domain_adaptation/runs/base/20260601_174626/adapt_ct150/K100/online_rl/q_loss.png
[train] Epsilon plot → surrogate_domain_adaptation/runs/base/20260601_174626/adapt_ct150/K100/online_rl/epsilon.png
[train] Epistemic-std plot → surrogate_domain_adaptation/runs/base/20260601_174626/adapt_ct150/K100/online_rl/epistemic_std.png
Ep 23100/30000 | ret -0.0568 | avg(100) -0.1528 | ε 0.050 | loss 0.00000 | σ_norm 1.002 | buf 100,000 | 5301s
Ep 23200/30000 | ret -0.7952 | avg(100) -0.1737 | ε 0.050 | loss 0.00000 | σ_norm 0.999 | buf 100,000 | 5325s
Ep 23300/30000 | ret -0.0772 | avg(100) -0.1508 | ε 0.050 | loss 0.00000 | σ_norm 0.999 | buf 100,000 | 5348s
Ep 23400/30000 | ret -0.0183 | avg(100) -0.1646 | ε 0.050 | loss 0.00000 | σ_norm 1.000 | buf 100,000 | 5371s
Ep 23500/30000 | ret -0.0182 | avg(100) -0.2364 | ε 0.050 | loss 0.00000 | σ_norm 1.000 | buf 100,000 | 5394s
Ep 23600/30000 | ret -0.1422 | avg(100) -0.1374 | ε 0.050 | loss 0.00000 | σ_norm 1.000 | buf 100,000 | 5417s
Ep 23700/30000 | ret -0.0434 | avg(100) -0.1012 | ε 0.050 | loss 0.00001 | σ_norm 1.000 | buf 100,000 | 5440s
Ep 23800/30000 | ret -0.3351 | avg(100) -0.1785 | ε 0.050 | loss 0.00000 | σ_norm 0.999 | buf 100,000 | 5463s
Ep 23900/30000 | ret -0.0177 | avg(100) -0.2139 | ε 0.050 | loss 0.00000 | σ_norm 1.000 | buf 100,000 | 5486s
Ep 24000/30000 | ret -0.0319 | avg(100) -0.1494 | ε 0.050 | loss 0.00000 | σ_norm 1.001 | buf 100,000 | 5509s
[agent] Checkpoint saved → surrogate_domain_adaptation/runs/base/20260601_174626/adapt_ct150/K100/online_rl/dqn_ep24000.pt
[train] Returns plot → surrogate_domain_adaptation/runs/base/20260601_174626/adapt_ct150/K100/online_rl/returns.png
[train] Q-loss plot  → surrogate_domain_adaptation/runs/base/20260601_174626/adapt_ct150/K100/online_rl/q_loss.png
[train] Epsilon plot → surrogate_domain_adaptation/runs/base/20260601_174626/adapt_ct150/K100/online_rl/epsilon.png
[train] Epistemic-std plot → surrogate_domain_adaptation/runs/base/20260601_174626/adapt_ct150/K100/online_rl/epistemic_std.png
Ep 24100/30000 | ret -0.0248 | avg(100) -0.1876 | ε 0.050 | loss 0.00000 | σ_norm 1.000 | buf 100,000 | 5534s
Ep 24200/30000 | ret -0.0601 | avg(100) -0.1806 | ε 0.050 | loss 0.00000 | σ_norm 1.000 | buf 100,000 | 5557s
Ep 24300/30000 | ret -0.1241 | avg(100) -0.2091 | ε 0.050 | loss 0.00000 | σ_norm 0.999 | buf 100,000 | 5580s
Ep 24400/30000 | ret -0.2054 | avg(100) -0.1834 | ε 0.050 | loss 0.00000 | σ_norm 1.001 | buf 100,000 | 5603s
Ep 24500/30000 | ret -0.0186 | avg(100) -0.2060 | ε 0.050 | loss 0.00000 | σ_norm 0.998 | buf 100,000 | 5626s
Ep 24600/30000 | ret -0.0177 | avg(100) -0.1628 | ε 0.050 | loss 0.00000 | σ_norm 1.000 | buf 100,000 | 5649s
Ep 24700/30000 | ret -0.0184 | avg(100) -0.1548 | ε 0.050 | loss 0.00000 | σ_norm 1.001 | buf 100,000 | 5672s
Ep 24800/30000 | ret -0.0185 | avg(100) -0.2222 | ε 0.050 | loss 0.00000 | σ_norm 1.000 | buf 100,000 | 5695s
Ep 24900/30000 | ret -0.1792 | avg(100) -0.1901 | ε 0.050 | loss 0.00000 | σ_norm 1.000 | buf 100,000 | 5719s
Ep 25000/30000 | ret -0.9566 | avg(100) -0.1853 | ε 0.050 | loss 0.00000 | σ_norm 0.999 | buf 100,000 | 5742s
[agent] Checkpoint saved → surrogate_domain_adaptation/runs/base/20260601_174626/adapt_ct150/K100/online_rl/dqn_ep25000.pt
[train] Returns plot → surrogate_domain_adaptation/runs/base/20260601_174626/adapt_ct150/K100/online_rl/returns.png
[train] Q-loss plot  → surrogate_domain_adaptation/runs/base/20260601_174626/adapt_ct150/K100/online_rl/q_loss.png
[train] Epsilon plot → surrogate_domain_adaptation/runs/base/20260601_174626/adapt_ct150/K100/online_rl/epsilon.png
[train] Epistemic-std plot → surrogate_domain_adaptation/runs/base/20260601_174626/adapt_ct150/K100/online_rl/epistemic_std.png
Ep 25100/30000 | ret -0.0252 | avg(100) -0.1046 | ε 0.050 | loss 0.00000 | σ_norm 1.001 | buf 100,000 | 5766s
Ep 25200/30000 | ret -0.0178 | avg(100) -0.1749 | ε 0.050 | loss 0.00000 | σ_norm 1.000 | buf 100,000 | 5789s
Ep 25300/30000 | ret -0.0187 | avg(100) -0.1566 | ε 0.050 | loss 0.00000 | σ_norm 0.999 | buf 100,000 | 5812s
Ep 25400/30000 | ret -0.0196 | avg(100) -0.1757 | ε 0.050 | loss 0.00000 | σ_norm 1.000 | buf 100,000 | 5835s
Ep 25500/30000 | ret -0.0177 | avg(100) -0.1891 | ε 0.050 | loss 0.00000 | σ_norm 1.000 | buf 100,000 | 5859s
Ep 25600/30000 | ret -0.0643 | avg(100) -0.2544 | ε 0.050 | loss 0.00000 | σ_norm 1.001 | buf 100,000 | 5882s
Ep 25700/30000 | ret -0.0191 | avg(100) -0.2046 | ε 0.050 | loss 0.00000 | σ_norm 1.000 | buf 100,000 | 5905s
Ep 25800/30000 | ret -0.4002 | avg(100) -0.1328 | ε 0.050 | loss 0.00000 | σ_norm 0.999 | buf 100,000 | 5928s
Ep 25900/30000 | ret -0.0232 | avg(100) -0.1925 | ε 0.050 | loss 0.00001 | σ_norm 1.000 | buf 100,000 | 5951s
Ep 26000/30000 | ret -0.0187 | avg(100) -0.2007 | ε 0.050 | loss 0.00000 | σ_norm 1.000 | buf 100,000 | 5974s
[agent] Checkpoint saved → surrogate_domain_adaptation/runs/base/20260601_174626/adapt_ct150/K100/online_rl/dqn_ep26000.pt
[train] Returns plot → surrogate_domain_adaptation/runs/base/20260601_174626/adapt_ct150/K100/online_rl/returns.png
[train] Q-loss plot  → surrogate_domain_adaptation/runs/base/20260601_174626/adapt_ct150/K100/online_rl/q_loss.png
[train] Epsilon plot → surrogate_domain_adaptation/runs/base/20260601_174626/adapt_ct150/K100/online_rl/epsilon.png
[train] Epistemic-std plot → surrogate_domain_adaptation/runs/base/20260601_174626/adapt_ct150/K100/online_rl/epistemic_std.png
Ep 26100/30000 | ret -0.0192 | avg(100) -0.1391 | ε 0.050 | loss 0.00000 | σ_norm 1.000 | buf 100,000 | 5998s
Ep 26200/30000 | ret -0.0314 | avg(100) -0.2300 | ε 0.050 | loss 0.00000 | σ_norm 0.999 | buf 100,000 | 6022s
Ep 26300/30000 | ret -0.0197 | avg(100) -0.2031 | ε 0.050 | loss 0.00000 | σ_norm 1.001 | buf 100,000 | 6045s
Ep 26400/30000 | ret -0.0177 | avg(100) -0.1893 | ε 0.050 | loss 0.00000 | σ_norm 0.999 | buf 100,000 | 6068s
Ep 26500/30000 | ret -0.0757 | avg(100) -0.2188 | ε 0.050 | loss 0.00000 | σ_norm 1.001 | buf 100,000 | 6091s
Ep 26600/30000 | ret -0.5935 | avg(100) -0.2267 | ε 0.050 | loss 0.00000 | σ_norm 0.999 | buf 100,000 | 6114s
Ep 26700/30000 | ret -0.1521 | avg(100) -0.1958 | ε 0.050 | loss 0.00000 | σ_norm 0.999 | buf 100,000 | 6137s
Ep 26800/30000 | ret -0.0279 | avg(100) -0.0958 | ε 0.050 | loss 0.00000 | σ_norm 1.001 | buf 100,000 | 6160s
Ep 26900/30000 | ret -0.0741 | avg(100) -0.2165 | ε 0.050 | loss 0.00000 | σ_norm 1.000 | buf 100,000 | 6184s
Ep 27000/30000 | ret -0.0207 | avg(100) -0.2654 | ε 0.050 | loss 0.00000 | σ_norm 1.000 | buf 100,000 | 6207s
[agent] Checkpoint saved → surrogate_domain_adaptation/runs/base/20260601_174626/adapt_ct150/K100/online_rl/dqn_ep27000.pt
[train] Returns plot → surrogate_domain_adaptation/runs/base/20260601_174626/adapt_ct150/K100/online_rl/returns.png
[train] Q-loss plot  → surrogate_domain_adaptation/runs/base/20260601_174626/adapt_ct150/K100/online_rl/q_loss.png
[train] Epsilon plot → surrogate_domain_adaptation/runs/base/20260601_174626/adapt_ct150/K100/online_rl/epsilon.png
[train] Epistemic-std plot → surrogate_domain_adaptation/runs/base/20260601_174626/adapt_ct150/K100/online_rl/epistemic_std.png
Ep 27100/30000 | ret -0.4668 | avg(100) -0.1924 | ε 0.050 | loss 0.00000 | σ_norm 1.000 | buf 100,000 | 6231s
Ep 27200/30000 | ret -0.0472 | avg(100) -0.1930 | ε 0.050 | loss 0.00000 | σ_norm 1.000 | buf 100,000 | 6254s
Ep 27300/30000 | ret -0.0187 | avg(100) -0.1839 | ε 0.050 | loss 0.00000 | σ_norm 1.000 | buf 100,000 | 6277s
Ep 27400/30000 | ret -0.0183 | avg(100) -0.2548 | ε 0.050 | loss 0.00000 | σ_norm 1.001 | buf 100,000 | 6301s
Ep 27500/30000 | ret -1.0450 | avg(100) -0.2100 | ε 0.050 | loss 0.00000 | σ_norm 0.999 | buf 100,000 | 6324s
Ep 27600/30000 | ret -0.0189 | avg(100) -0.2095 | ε 0.050 | loss 0.00000 | σ_norm 1.000 | buf 100,000 | 6347s
Ep 27700/30000 | ret -0.0238 | avg(100) -0.1467 | ε 0.050 | loss 0.00000 | σ_norm 0.999 | buf 100,000 | 6370s
Ep 27800/30000 | ret -0.0972 | avg(100) -0.1469 | ε 0.050 | loss 0.00000 | σ_norm 0.999 | buf 100,000 | 6393s
Ep 27900/30000 | ret -0.0450 | avg(100) -0.2535 | ε 0.050 | loss 0.00001 | σ_norm 1.000 | buf 100,000 | 6416s
Ep 28000/30000 | ret -0.1028 | avg(100) -0.1412 | ε 0.050 | loss 0.00000 | σ_norm 1.000 | buf 100,000 | 6440s
[agent] Checkpoint saved → surrogate_domain_adaptation/runs/base/20260601_174626/adapt_ct150/K100/online_rl/dqn_ep28000.pt
[train] Returns plot → surrogate_domain_adaptation/runs/base/20260601_174626/adapt_ct150/K100/online_rl/returns.png
[train] Q-loss plot  → surrogate_domain_adaptation/runs/base/20260601_174626/adapt_ct150/K100/online_rl/q_loss.png
[train] Epsilon plot → surrogate_domain_adaptation/runs/base/20260601_174626/adapt_ct150/K100/online_rl/epsilon.png
[train] Epistemic-std plot → surrogate_domain_adaptation/runs/base/20260601_174626/adapt_ct150/K100/online_rl/epistemic_std.png
Ep 28100/30000 | ret -0.0185 | avg(100) -0.1856 | ε 0.050 | loss 0.00000 | σ_norm 1.000 | buf 100,000 | 6464s
Ep 28200/30000 | ret -0.0199 | avg(100) -0.2206 | ε 0.050 | loss 0.00000 | σ_norm 1.000 | buf 100,000 | 6487s
Ep 28300/30000 | ret -0.1413 | avg(100) -0.2122 | ε 0.050 | loss 0.00000 | σ_norm 0.999 | buf 100,000 | 6510s
Ep 28400/30000 | ret -0.0213 | avg(100) -0.1904 | ε 0.050 | loss 0.00000 | σ_norm 0.999 | buf 100,000 | 6534s
Ep 28500/30000 | ret -0.0194 | avg(100) -0.1537 | ε 0.050 | loss 0.00000 | σ_norm 1.001 | buf 100,000 | 6557s
Ep 28600/30000 | ret -0.0193 | avg(100) -0.1602 | ε 0.050 | loss 0.00000 | σ_norm 1.000 | buf 100,000 | 6580s
Ep 28700/30000 | ret -0.0179 | avg(100) -0.2163 | ε 0.050 | loss 0.00000 | σ_norm 0.999 | buf 100,000 | 6603s
Ep 28800/30000 | ret -0.0180 | avg(100) -0.1601 | ε 0.050 | loss 0.00000 | σ_norm 1.000 | buf 100,000 | 6626s
Ep 28900/30000 | ret -0.6426 | avg(100) -0.2179 | ε 0.050 | loss 0.00000 | σ_norm 1.000 | buf 100,000 | 6650s
Ep 29000/30000 | ret -0.0183 | avg(100) -0.1562 | ε 0.050 | loss 0.00000 | σ_norm 0.999 | buf 100,000 | 6673s
[agent] Checkpoint saved → surrogate_domain_adaptation/runs/base/20260601_174626/adapt_ct150/K100/online_rl/dqn_ep29000.pt
[train] Returns plot → surrogate_domain_adaptation/runs/base/20260601_174626/adapt_ct150/K100/online_rl/returns.png
[train] Q-loss plot  → surrogate_domain_adaptation/runs/base/20260601_174626/adapt_ct150/K100/online_rl/q_loss.png
[train] Epsilon plot → surrogate_domain_adaptation/runs/base/20260601_174626/adapt_ct150/K100/online_rl/epsilon.png
[train] Epistemic-std plot → surrogate_domain_adaptation/runs/base/20260601_174626/adapt_ct150/K100/online_rl/epistemic_std.png
Ep 29100/30000 | ret -0.0179 | avg(100) -0.2134 | ε 0.050 | loss 0.00000 | σ_norm 1.000 | buf 100,000 | 6697s
Ep 29200/30000 | ret -0.0392 | avg(100) -0.1501 | ε 0.050 | loss 0.00000 | σ_norm 1.000 | buf 100,000 | 6720s
Ep 29300/30000 | ret -0.0182 | avg(100) -0.1965 | ε 0.050 | loss 0.00000 | σ_norm 1.000 | buf 100,000 | 6743s
Ep 29400/30000 | ret -0.0185 | avg(100) -0.1245 | ε 0.050 | loss 0.00000 | σ_norm 1.000 | buf 100,000 | 6767s
Ep 29500/30000 | ret -0.0187 | avg(100) -0.2153 | ε 0.050 | loss 0.00000 | σ_norm 1.000 | buf 100,000 | 6790s
Ep 29600/30000 | ret -0.1249 | avg(100) -0.1815 | ε 0.050 | loss 0.00000 | σ_norm 0.998 | buf 100,000 | 6813s
Ep 29700/30000 | ret -0.0177 | avg(100) -0.1679 | ε 0.050 | loss 0.00000 | σ_norm 1.001 | buf 100,000 | 6836s
Ep 29800/30000 | ret -0.0189 | avg(100) -0.1820 | ε 0.050 | loss 0.00000 | σ_norm 1.000 | buf 100,000 | 6859s
Ep 29900/30000 | ret -0.6352 | avg(100) -0.2378 | ε 0.050 | loss 0.00000 | σ_norm 1.000 | buf 100,000 | 6883s
Ep 30000/30000 | ret -0.6119 | avg(100) -0.1711 | ε 0.050 | loss 0.00000 | σ_norm 1.000 | buf 100,000 | 6906s
[agent] Checkpoint saved → surrogate_domain_adaptation/runs/base/20260601_174626/adapt_ct150/K100/online_rl/dqn_ep30000.pt
[train] Returns plot → surrogate_domain_adaptation/runs/base/20260601_174626/adapt_ct150/K100/online_rl/returns.png
[train] Q-loss plot  → surrogate_domain_adaptation/runs/base/20260601_174626/adapt_ct150/K100/online_rl/q_loss.png
[train] Epsilon plot → surrogate_domain_adaptation/runs/base/20260601_174626/adapt_ct150/K100/online_rl/epsilon.png
[train] Epistemic-std plot → surrogate_domain_adaptation/runs/base/20260601_174626/adapt_ct150/K100/online_rl/epistemic_std.png
[agent] Checkpoint saved → surrogate_domain_adaptation/runs/base/20260601_174626/adapt_ct150/K100/online_rl/dqn_final.pt
[train] Returns plot → surrogate_domain_adaptation/runs/base/20260601_174626/adapt_ct150/K100/online_rl/returns.png
[train] Q-loss plot  → surrogate_domain_adaptation/runs/base/20260601_174626/adapt_ct150/K100/online_rl/q_loss.png
[train] Epsilon plot → surrogate_domain_adaptation/runs/base/20260601_174626/adapt_ct150/K100/online_rl/epsilon.png
[train] Epistemic-std plot → surrogate_domain_adaptation/runs/base/20260601_174626/adapt_ct150/K100/online_rl/epistemic_std.png

=================================================================
[train] Training complete in 115.1 min
[train] Mode               : standard
[train] Best episode return: -0.0177
[train] Best checkpoint    : surrogate_domain_adaptation/runs/base/20260601_174626/adapt_ct150/K100/online_rl/dqn_best.pt
[train] Final checkpoint   : surrogate_domain_adaptation/runs/base/20260601_174626/adapt_ct150/K100/online_rl/dqn_final.pt
=================================================================
============================================================
Training finished: Mon Jun  1 22:00:47 EDT 2026  (exit code: 0)
Checkpoint: surrogate_domain_adaptation/runs/base/20260601_174626/adapt_ct150/K100/online_rl/dqn_best.pt
============================================================
