============================================================
Job ID   : 50887192
Node     : gl1004
Started  : Mon May 25 22:15:16 EDT 2026
============================================================
Python : /home/xysong/.conda/envs/RL/bin/python
Torch  : 2.5.1+cu121
CUDA   : True
============================================================
/home/xysong/.conda/envs/RL/lib/python3.10/site-packages/torch/utils/data/dataloader.py:617: UserWarning: This DataLoader will create 6 worker processes in total. Our suggested max number of worker in current system is 1, which is smaller than what this DataLoader is going to create. Please be aware that excessive worker creation might get DataLoader running slow or even freeze, lower the worker number to avoid potential slowness/freeze if necessary.
  warnings.warn(
/home/xysong/.conda/envs/RL/lib/python3.10/site-packages/torch/utils/data/dataloader.py:617: UserWarning: This DataLoader will create 6 worker processes in total. Our suggested max number of worker in current system is 1, which is smaller than what this DataLoader is going to create. Please be aware that excessive worker creation might get DataLoader running slow or even freeze, lower the worker number to avoid potential slowness/freeze if necessary.
  warnings.warn(
[train] Output dir: surrogate_model/runs/20260525_221524
[train] Device    : cuda
[dataset] Loaded 5000 trajectories × 12 layers from Dataset:layer_12_stepsize_10_samples_5000_150_400.pkl
[dataset] Split → train 4000 | val 500 | test 500
[dataset] State  mean ∈ [100.7, 4537.2], std ∈ [42.6614, 1645.1]
[dataset] Action mean = 274.55 W, std = 75.11 W
[TrajectoryDataset] 4,000 trajectories, T=12, state_dim=1053
[TrajectoryDataset] 500 trajectories, T=12, state_dim=1053
[train] ResidualDynamicsModel(state=1053, action=1, hidden=512, depth=5, params=3,718,173)

[train] Starting training for up to 500 epochs (patience=30)
[train] Loss mode: rollout k=12
-----------------------------------------------------------------
Epoch    1/500 | train 0.471877 | val 0.330184 | lr 1.00e-03 |    5.3s ✓ best
Epoch    2/500 | train 0.107296 | val 0.062433 | lr 1.00e-03 |    8.5s ✓ best
Epoch    3/500 | train 0.056443 | val 0.052655 | lr 1.00e-03 |   11.7s ✓ best
Epoch    4/500 | train 0.051393 | val 0.049826 | lr 1.00e-03 |   15.0s ✓ best
Epoch    5/500 | train 0.049627 | val 0.047828 | lr 1.00e-03 |   18.2s ✓ best
Epoch    6/500 | train 0.046750 | val 0.045139 | lr 1.00e-03 |   21.4s ✓ best
Epoch    7/500 | train 0.044268 | val 0.043005 | lr 1.00e-03 |   24.7s ✓ best
Epoch    8/500 | train 0.042026 | val 0.038228 | lr 9.99e-04 |   27.9s ✓ best
Epoch    9/500 | train 0.041487 | val 0.048308 | lr 9.99e-04 |   31.0s (no improvement 1/30)
Epoch   10/500 | train 0.031205 | val 0.025873 | lr 9.99e-04 |   34.2s ✓ best
Epoch   11/500 | train 0.018502 | val 0.025116 | lr 9.99e-04 |   37.5s ✓ best
Epoch   12/500 | train 0.021177 | val 0.010459 | lr 9.99e-04 |   40.7s ✓ best
Epoch   13/500 | train 0.009089 | val 0.006783 | lr 9.98e-04 |   43.9s ✓ best
Epoch   14/500 | train 0.007199 | val 0.008617 | lr 9.98e-04 |   47.0s (no improvement 1/30)
Epoch   15/500 | train 0.005907 | val 0.003624 | lr 9.98e-04 |   50.3s ✓ best
Epoch   16/500 | train 0.004829 | val 0.003139 | lr 9.98e-04 |   53.5s ✓ best
Epoch   17/500 | train 0.004909 | val 0.004705 | lr 9.97e-04 |   56.6s (no improvement 1/30)
Epoch   18/500 | train 0.003799 | val 0.003647 | lr 9.97e-04 |   59.8s (no improvement 2/30)
Epoch   19/500 | train 0.002992 | val 0.002635 | lr 9.96e-04 |   63.0s ✓ best
Epoch   20/500 | train 0.002954 | val 0.002805 | lr 9.96e-04 |   66.1s (no improvement 1/30)
Epoch   21/500 | train 0.002892 | val 0.003012 | lr 9.96e-04 |   69.3s (no improvement 2/30)
Epoch   22/500 | train 0.003348 | val 0.002492 | lr 9.95e-04 |   72.5s ✓ best
Epoch   23/500 | train 0.002879 | val 0.002607 | lr 9.95e-04 |   75.6s (no improvement 1/30)
Epoch   24/500 | train 0.002377 | val 0.001855 | lr 9.94e-04 |   78.8s ✓ best
Epoch   25/500 | train 0.002909 | val 0.004168 | lr 9.94e-04 |   82.0s (no improvement 1/30)
Epoch   26/500 | train 0.002709 | val 0.001965 | lr 9.93e-04 |   85.1s (no improvement 2/30)
Epoch   27/500 | train 0.002523 | val 0.001938 | lr 9.93e-04 |   88.2s (no improvement 3/30)
Epoch   28/500 | train 0.002166 | val 0.002101 | lr 9.92e-04 |   91.3s (no improvement 4/30)
Epoch   29/500 | train 0.002388 | val 0.001917 | lr 9.92e-04 |   94.4s (no improvement 5/30)
Epoch   30/500 | train 0.003030 | val 0.002974 | lr 9.91e-04 |   97.6s (no improvement 6/30)
Epoch   31/500 | train 0.002143 | val 0.001582 | lr 9.91e-04 |  100.8s ✓ best
Epoch   32/500 | train 0.002052 | val 0.002066 | lr 9.90e-04 |  103.9s (no improvement 1/30)
Epoch   33/500 | train 0.002341 | val 0.003427 | lr 9.89e-04 |  107.0s (no improvement 2/30)
Epoch   34/500 | train 0.002479 | val 0.001924 | lr 9.89e-04 |  110.2s (no improvement 3/30)
Epoch   35/500 | train 0.002113 | val 0.002782 | lr 9.88e-04 |  113.3s (no improvement 4/30)
Epoch   36/500 | train 0.002023 | val 0.001781 | lr 9.87e-04 |  116.4s (no improvement 5/30)
Epoch   37/500 | train 0.002270 | val 0.001865 | lr 9.87e-04 |  119.5s (no improvement 6/30)
Epoch   38/500 | train 0.002155 | val 0.001429 | lr 9.86e-04 |  122.7s ✓ best
Epoch   39/500 | train 0.001771 | val 0.002099 | lr 9.85e-04 |  125.9s (no improvement 1/30)
Epoch   40/500 | train 0.002102 | val 0.001781 | lr 9.84e-04 |  129.0s (no improvement 2/30)
Epoch   41/500 | train 0.001847 | val 0.001832 | lr 9.84e-04 |  132.1s (no improvement 3/30)
Epoch   42/500 | train 0.001810 | val 0.001389 | lr 9.83e-04 |  135.3s ✓ best
Epoch   43/500 | train 0.002009 | val 0.002014 | lr 9.82e-04 |  138.5s (no improvement 1/30)
Epoch   44/500 | train 0.001620 | val 0.001338 | lr 9.81e-04 |  141.7s ✓ best
Epoch   45/500 | train 0.002016 | val 0.001457 | lr 9.80e-04 |  144.8s (no improvement 1/30)
Epoch   46/500 | train 0.002129 | val 0.001617 | lr 9.79e-04 |  147.9s (no improvement 2/30)
Epoch   47/500 | train 0.001672 | val 0.002787 | lr 9.79e-04 |  151.1s (no improvement 3/30)
Epoch   48/500 | train 0.002066 | val 0.001583 | lr 9.78e-04 |  154.2s (no improvement 4/30)
Epoch   49/500 | train 0.001554 | val 0.001655 | lr 9.77e-04 |  157.3s (no improvement 5/30)
Epoch   50/500 | train 0.001590 | val 0.001399 | lr 9.76e-04 |  160.4s (no improvement 6/30)
Epoch   51/500 | train 0.002411 | val 0.002583 | lr 9.75e-04 |  163.5s (no improvement 7/30)
Epoch   52/500 | train 0.001877 | val 0.003265 | lr 9.74e-04 |  166.7s (no improvement 8/30)
Epoch   53/500 | train 0.001845 | val 0.001086 | lr 9.73e-04 |  169.9s ✓ best
Epoch   54/500 | train 0.001745 | val 0.001674 | lr 9.72e-04 |  173.0s (no improvement 1/30)
Epoch   55/500 | train 0.002105 | val 0.001246 | lr 9.71e-04 |  176.1s (no improvement 2/30)
Epoch   56/500 | train 0.001512 | val 0.001219 | lr 9.70e-04 |  179.3s (no improvement 3/30)
Epoch   57/500 | train 0.001570 | val 0.002042 | lr 9.69e-04 |  182.4s (no improvement 4/30)
Epoch   58/500 | train 0.001600 | val 0.001337 | lr 9.67e-04 |  185.5s (no improvement 5/30)
Epoch   59/500 | train 0.001426 | val 0.003955 | lr 9.66e-04 |  188.6s (no improvement 6/30)
Epoch   60/500 | train 0.001836 | val 0.002676 | lr 9.65e-04 |  191.8s (no improvement 7/30)
Epoch   61/500 | train 0.001783 | val 0.001405 | lr 9.64e-04 |  194.9s (no improvement 8/30)
Epoch   62/500 | train 0.001556 | val 0.001305 | lr 9.63e-04 |  198.0s (no improvement 9/30)
Epoch   63/500 | train 0.001520 | val 0.001144 | lr 9.62e-04 |  201.1s (no improvement 10/30)
Epoch   64/500 | train 0.001423 | val 0.001303 | lr 9.61e-04 |  204.2s (no improvement 11/30)
Epoch   65/500 | train 0.001460 | val 0.001123 | lr 9.59e-04 |  207.3s (no improvement 12/30)
Epoch   66/500 | train 0.001483 | val 0.001509 | lr 9.58e-04 |  210.5s (no improvement 13/30)
Epoch   67/500 | train 0.001599 | val 0.001325 | lr 9.57e-04 |  213.6s (no improvement 14/30)
Epoch   68/500 | train 0.001907 | val 0.003429 | lr 9.56e-04 |  216.7s (no improvement 15/30)
Epoch   69/500 | train 0.001786 | val 0.001405 | lr 9.54e-04 |  219.9s (no improvement 16/30)
Epoch   70/500 | train 0.001420 | val 0.001006 | lr 9.53e-04 |  223.1s ✓ best
Epoch   71/500 | train 0.001568 | val 0.001351 | lr 9.52e-04 |  226.2s (no improvement 1/30)
Epoch   72/500 | train 0.001341 | val 0.001154 | lr 9.50e-04 |  229.4s (no improvement 2/30)
Epoch   73/500 | train 0.001309 | val 0.001089 | lr 9.49e-04 |  232.5s (no improvement 3/30)
Epoch   74/500 | train 0.001376 | val 0.001314 | lr 9.47e-04 |  235.6s (no improvement 4/30)
Epoch   75/500 | train 0.001194 | val 0.001860 | lr 9.46e-04 |  238.7s (no improvement 5/30)
Epoch   76/500 | train 0.001416 | val 0.002273 | lr 9.45e-04 |  241.8s (no improvement 6/30)
Epoch   77/500 | train 0.001888 | val 0.002208 | lr 9.43e-04 |  245.0s (no improvement 7/30)
Epoch   78/500 | train 0.001242 | val 0.001121 | lr 9.42e-04 |  248.1s (no improvement 8/30)
Epoch   79/500 | train 0.001453 | val 0.001485 | lr 9.40e-04 |  251.2s (no improvement 9/30)
Epoch   80/500 | train 0.001304 | val 0.000858 | lr 9.39e-04 |  254.4s ✓ best
Epoch   81/500 | train 0.001412 | val 0.001187 | lr 9.37e-04 |  257.5s (no improvement 1/30)
Epoch   82/500 | train 0.001288 | val 0.001905 | lr 9.36e-04 |  260.7s (no improvement 2/30)
Epoch   83/500 | train 0.001239 | val 0.000989 | lr 9.34e-04 |  263.8s (no improvement 3/30)
Epoch   84/500 | train 0.001284 | val 0.001017 | lr 9.33e-04 |  266.9s (no improvement 4/30)
Epoch   85/500 | train 0.001571 | val 0.001168 | lr 9.31e-04 |  270.0s (no improvement 5/30)
Epoch   86/500 | train 0.001359 | val 0.002520 | lr 9.29e-04 |  273.2s (no improvement 6/30)
Epoch   87/500 | train 0.001364 | val 0.001260 | lr 9.28e-04 |  276.3s (no improvement 7/30)
Epoch   88/500 | train 0.001168 | val 0.001174 | lr 9.26e-04 |  279.4s (no improvement 8/30)
Epoch   89/500 | train 0.001169 | val 0.001718 | lr 9.25e-04 |  282.5s (no improvement 9/30)
Epoch   90/500 | train 0.001488 | val 0.000882 | lr 9.23e-04 |  285.6s (no improvement 10/30)
Epoch   91/500 | train 0.002265 | val 0.002991 | lr 9.21e-04 |  288.8s (no improvement 11/30)
Epoch   92/500 | train 0.001784 | val 0.000971 | lr 9.20e-04 |  291.9s (no improvement 12/30)
Epoch   93/500 | train 0.000949 | val 0.001154 | lr 9.18e-04 |  295.0s (no improvement 13/30)
Epoch   94/500 | train 0.001095 | val 0.001540 | lr 9.16e-04 |  298.1s (no improvement 14/30)
Epoch   95/500 | train 0.001108 | val 0.001101 | lr 9.14e-04 |  301.3s (no improvement 15/30)
Epoch   96/500 | train 0.001510 | val 0.001626 | lr 9.13e-04 |  304.4s (no improvement 16/30)
Epoch   97/500 | train 0.001123 | val 0.001164 | lr 9.11e-04 |  307.5s (no improvement 17/30)
Epoch   98/500 | train 0.001512 | val 0.001251 | lr 9.09e-04 |  310.6s (no improvement 18/30)
Epoch   99/500 | train 0.001120 | val 0.000790 | lr 9.07e-04 |  313.9s ✓ best
Epoch  100/500 | train 0.001393 | val 0.001791 | lr 9.05e-04 |  317.0s (no improvement 1/30)
Epoch  101/500 | train 0.001266 | val 0.000756 | lr 9.04e-04 |  320.2s ✓ best
Epoch  102/500 | train 0.000997 | val 0.000757 | lr 9.02e-04 |  323.3s (no improvement 1/30)
Epoch  103/500 | train 0.000871 | val 0.000878 | lr 9.00e-04 |  326.5s (no improvement 2/30)
Epoch  104/500 | train 0.001106 | val 0.001670 | lr 8.98e-04 |  329.6s (no improvement 3/30)
Epoch  105/500 | train 0.010618 | val 0.003978 | lr 8.96e-04 |  332.7s (no improvement 4/30)
Epoch  106/500 | train 0.002310 | val 0.001315 | lr 8.94e-04 |  335.8s (no improvement 5/30)
Epoch  107/500 | train 0.001297 | val 0.001578 | lr 8.92e-04 |  338.9s (no improvement 6/30)
Epoch  108/500 | train 0.001201 | val 0.000949 | lr 8.90e-04 |  342.1s (no improvement 7/30)
Epoch  109/500 | train 0.001983 | val 0.002857 | lr 8.88e-04 |  345.2s (no improvement 8/30)
Epoch  110/500 | train 0.001468 | val 0.000900 | lr 8.86e-04 |  348.3s (no improvement 9/30)
Epoch  111/500 | train 0.000885 | val 0.000769 | lr 8.84e-04 |  351.4s (no improvement 10/30)
Epoch  112/500 | train 0.001043 | val 0.001135 | lr 8.82e-04 |  354.6s (no improvement 11/30)
Epoch  113/500 | train 0.000995 | val 0.000883 | lr 8.80e-04 |  357.7s (no improvement 12/30)
Epoch  114/500 | train 0.001033 | val 0.000790 | lr 8.78e-04 |  360.8s (no improvement 13/30)
Epoch  115/500 | train 0.000936 | val 0.000905 | lr 8.76e-04 |  363.9s (no improvement 14/30)
Epoch  116/500 | train 0.000963 | val 0.000724 | lr 8.74e-04 |  367.2s ✓ best
Epoch  117/500 | train 0.001167 | val 0.001289 | lr 8.72e-04 |  370.3s (no improvement 1/30)
Epoch  118/500 | train 0.001006 | val 0.001017 | lr 8.70e-04 |  373.4s (no improvement 2/30)
Epoch  119/500 | train 0.000939 | val 0.000657 | lr 8.68e-04 |  376.7s ✓ best
Epoch  120/500 | train 0.000875 | val 0.000777 | lr 8.66e-04 |  379.8s (no improvement 1/30)
Epoch  121/500 | train 0.001941 | val 0.001228 | lr 8.64e-04 |  382.9s (no improvement 2/30)
Epoch  122/500 | train 0.000894 | val 0.000607 | lr 8.62e-04 |  386.2s ✓ best
Epoch  123/500 | train 0.000817 | val 0.003736 | lr 8.59e-04 |  389.3s (no improvement 1/30)
Epoch  124/500 | train 0.001092 | val 0.000683 | lr 8.57e-04 |  392.4s (no improvement 2/30)
Epoch  125/500 | train 0.000878 | val 0.001550 | lr 8.55e-04 |  395.5s (no improvement 3/30)
Epoch  126/500 | train 0.000868 | val 0.000757 | lr 8.53e-04 |  398.7s (no improvement 4/30)
Epoch  127/500 | train 0.000928 | val 0.000789 | lr 8.51e-04 |  401.8s (no improvement 5/30)
Epoch  128/500 | train 0.000947 | val 0.000598 | lr 8.48e-04 |  405.0s ✓ best
Epoch  129/500 | train 0.000846 | val 0.001079 | lr 8.46e-04 |  408.2s (no improvement 1/30)
Epoch  130/500 | train 0.000919 | val 0.000702 | lr 8.44e-04 |  411.3s (no improvement 2/30)
Epoch  131/500 | train 0.000948 | val 0.000647 | lr 8.42e-04 |  414.4s (no improvement 3/30)
Epoch  132/500 | train 0.001153 | val 0.000875 | lr 8.39e-04 |  417.5s (no improvement 4/30)
Epoch  133/500 | train 0.000810 | val 0.000867 | lr 8.37e-04 |  420.6s (no improvement 5/30)
Epoch  134/500 | train 0.000760 | val 0.000534 | lr 8.35e-04 |  423.9s ✓ best
Epoch  135/500 | train 0.000834 | val 0.000695 | lr 8.32e-04 |  427.0s (no improvement 1/30)
Epoch  136/500 | train 0.000831 | val 0.001130 | lr 8.30e-04 |  430.1s (no improvement 2/30)
Epoch  137/500 | train 0.001002 | val 0.000720 | lr 8.28e-04 |  433.2s (no improvement 3/30)
Epoch  138/500 | train 0.000809 | val 0.000566 | lr 8.25e-04 |  436.4s (no improvement 4/30)
Epoch  139/500 | train 0.000890 | val 0.001321 | lr 8.23e-04 |  439.5s (no improvement 5/30)
Epoch  140/500 | train 0.000866 | val 0.000908 | lr 8.21e-04 |  442.6s (no improvement 6/30)
Epoch  141/500 | train 0.001138 | val 0.000890 | lr 8.18e-04 |  445.7s (no improvement 7/30)
Epoch  142/500 | train 0.000972 | val 0.000933 | lr 8.16e-04 |  448.9s (no improvement 8/30)
Epoch  143/500 | train 0.000749 | val 0.001010 | lr 8.13e-04 |  452.0s (no improvement 9/30)
Epoch  144/500 | train 0.000780 | val 0.000501 | lr 8.11e-04 |  455.2s ✓ best
Epoch  145/500 | train 0.001281 | val 0.000922 | lr 8.08e-04 |  458.4s (no improvement 1/30)
Epoch  146/500 | train 0.000813 | val 0.000789 | lr 8.06e-04 |  461.5s (no improvement 2/30)
Epoch  147/500 | train 0.000746 | val 0.001894 | lr 8.03e-04 |  464.6s (no improvement 3/30)
Epoch  148/500 | train 0.001079 | val 0.000673 | lr 8.01e-04 |  467.7s (no improvement 4/30)
Epoch  149/500 | train 0.000810 | val 0.000656 | lr 7.98e-04 |  470.8s (no improvement 5/30)
Epoch  150/500 | train 0.000817 | val 0.003069 | lr 7.96e-04 |  474.0s (no improvement 6/30)
Epoch  151/500 | train 0.001160 | val 0.000638 | lr 7.93e-04 |  477.1s (no improvement 7/30)
Epoch  152/500 | train 0.001061 | val 0.000799 | lr 7.91e-04 |  480.2s (no improvement 8/30)
Epoch  153/500 | train 0.000677 | val 0.000453 | lr 7.88e-04 |  483.4s ✓ best
Epoch  154/500 | train 0.000822 | val 0.000696 | lr 7.86e-04 |  486.6s (no improvement 1/30)
Epoch  155/500 | train 0.000756 | val 0.001024 | lr 7.83e-04 |  489.7s (no improvement 2/30)
Epoch  156/500 | train 0.000893 | val 0.000444 | lr 7.81e-04 |  492.9s ✓ best
Epoch  157/500 | train 0.000948 | val 0.000732 | lr 7.78e-04 |  496.1s (no improvement 1/30)
Epoch  158/500 | train 0.000847 | val 0.000564 | lr 7.75e-04 |  499.2s (no improvement 2/30)
Epoch  159/500 | train 0.000640 | val 0.000478 | lr 7.73e-04 |  502.3s (no improvement 3/30)
Epoch  160/500 | train 0.000810 | val 0.000675 | lr 7.70e-04 |  505.4s (no improvement 4/30)
Epoch  161/500 | train 0.000870 | val 0.000569 | lr 7.68e-04 |  508.6s (no improvement 5/30)
Epoch  162/500 | train 0.000651 | val 0.000451 | lr 7.65e-04 |  511.7s (no improvement 6/30)
Epoch  163/500 | train 0.000758 | val 0.000711 | lr 7.62e-04 |  514.8s (no improvement 7/30)
Epoch  164/500 | train 0.000755 | val 0.000693 | lr 7.60e-04 |  518.0s (no improvement 8/30)
Epoch  165/500 | train 0.000742 | val 0.000474 | lr 7.57e-04 |  521.1s (no improvement 9/30)
Epoch  166/500 | train 0.000846 | val 0.001577 | lr 7.54e-04 |  524.2s (no improvement 10/30)
Epoch  167/500 | train 0.001493 | val 0.000544 | lr 7.52e-04 |  527.3s (no improvement 11/30)
Epoch  168/500 | train 0.000658 | val 0.000815 | lr 7.49e-04 |  530.5s (no improvement 12/30)
Epoch  169/500 | train 0.000732 | val 0.001332 | lr 7.46e-04 |  533.6s (no improvement 13/30)
Epoch  170/500 | train 0.000702 | val 0.000471 | lr 7.43e-04 |  536.7s (no improvement 14/30)
Epoch  171/500 | train 0.000678 | val 0.002096 | lr 7.41e-04 |  539.8s (no improvement 15/30)
Epoch  172/500 | train 0.000953 | val 0.000746 | lr 7.38e-04 |  542.9s (no improvement 16/30)
Epoch  173/500 | train 0.000820 | val 0.000479 | lr 7.35e-04 |  546.1s (no improvement 17/30)
Epoch  174/500 | train 0.000606 | val 0.000494 | lr 7.32e-04 |  549.2s (no improvement 18/30)
Epoch  175/500 | train 0.000645 | val 0.000516 | lr 7.30e-04 |  552.3s (no improvement 19/30)
Epoch  176/500 | train 0.000553 | val 0.001136 | lr 7.27e-04 |  555.4s (no improvement 20/30)
Epoch  177/500 | train 0.000949 | val 0.000802 | lr 7.24e-04 |  558.6s (no improvement 21/30)
Epoch  178/500 | train 0.000570 | val 0.000417 | lr 7.21e-04 |  561.8s ✓ best
Epoch  179/500 | train 0.000695 | val 0.000492 | lr 7.19e-04 |  564.9s (no improvement 1/30)
Epoch  180/500 | train 0.000816 | val 0.001309 | lr 7.16e-04 |  568.1s (no improvement 2/30)
Epoch  181/500 | train 0.000783 | val 0.000509 | lr 7.13e-04 |  571.2s (no improvement 3/30)
Epoch  182/500 | train 0.000628 | val 0.000553 | lr 7.10e-04 |  574.3s (no improvement 4/30)
Epoch  183/500 | train 0.000563 | val 0.000716 | lr 7.07e-04 |  577.4s (no improvement 5/30)
Epoch  184/500 | train 0.000683 | val 0.000594 | lr 7.04e-04 |  580.6s (no improvement 6/30)
Epoch  185/500 | train 0.000568 | val 0.000436 | lr 7.02e-04 |  583.7s (no improvement 7/30)
Epoch  186/500 | train 0.000601 | val 0.003293 | lr 6.99e-04 |  586.8s (no improvement 8/30)
Epoch  187/500 | train 0.001949 | val 0.000658 | lr 6.96e-04 |  589.9s (no improvement 9/30)
Epoch  188/500 | train 0.000695 | val 0.000985 | lr 6.93e-04 |  593.1s (no improvement 10/30)
Epoch  189/500 | train 0.000605 | val 0.000582 | lr 6.90e-04 |  596.2s (no improvement 11/30)
Epoch  190/500 | train 0.000509 | val 0.000966 | lr 6.87e-04 |  599.3s (no improvement 12/30)
Epoch  191/500 | train 0.000711 | val 0.000372 | lr 6.84e-04 |  602.5s ✓ best
Epoch  192/500 | train 0.000483 | val 0.001160 | lr 6.81e-04 |  605.6s (no improvement 1/30)
Epoch  193/500 | train 0.000693 | val 0.000410 | lr 6.79e-04 |  608.8s (no improvement 2/30)
Epoch  194/500 | train 0.000604 | val 0.000583 | lr 6.76e-04 |  611.9s (no improvement 3/30)
Epoch  195/500 | train 0.000443 | val 0.000516 | lr 6.73e-04 |  615.0s (no improvement 4/30)
Epoch  196/500 | train 0.000572 | val 0.000648 | lr 6.70e-04 |  618.1s (no improvement 5/30)
Epoch  197/500 | train 0.000751 | val 0.000439 | lr 6.67e-04 |  621.3s (no improvement 6/30)
Epoch  198/500 | train 0.000730 | val 0.000805 | lr 6.64e-04 |  624.4s (no improvement 7/30)
Epoch  199/500 | train 0.000680 | val 0.000399 | lr 6.61e-04 |  627.5s (no improvement 8/30)
Epoch  200/500 | train 0.000517 | val 0.000524 | lr 6.58e-04 |  630.6s (no improvement 9/30)
Epoch  201/500 | train 0.000480 | val 0.000497 | lr 6.55e-04 |  633.8s (no improvement 10/30)
Epoch  202/500 | train 0.000720 | val 0.000500 | lr 6.52e-04 |  636.9s (no improvement 11/30)
Epoch  203/500 | train 0.000591 | val 0.003243 | lr 6.49e-04 |  640.0s (no improvement 12/30)
Epoch  204/500 | train 0.001010 | val 0.000475 | lr 6.46e-04 |  643.1s (no improvement 13/30)
Epoch  205/500 | train 0.000405 | val 0.000350 | lr 6.43e-04 |  646.4s ✓ best
Epoch  206/500 | train 0.000673 | val 0.000539 | lr 6.40e-04 |  649.5s (no improvement 1/30)
Epoch  207/500 | train 0.000526 | val 0.000550 | lr 6.37e-04 |  652.6s (no improvement 2/30)
Epoch  208/500 | train 0.000486 | val 0.000418 | lr 6.34e-04 |  655.7s (no improvement 3/30)
Epoch  209/500 | train 0.000360 | val 0.000251 | lr 6.31e-04 |  659.0s ✓ best
Epoch  210/500 | train 0.001262 | val 0.000665 | lr 6.28e-04 |  662.1s (no improvement 1/30)
Epoch  211/500 | train 0.000508 | val 0.000308 | lr 6.25e-04 |  665.2s (no improvement 2/30)
Epoch  212/500 | train 0.000366 | val 0.001329 | lr 6.22e-04 |  668.3s (no improvement 3/30)
Epoch  213/500 | train 0.000744 | val 0.000329 | lr 6.19e-04 |  671.5s (no improvement 4/30)
Epoch  214/500 | train 0.000567 | val 0.000809 | lr 6.16e-04 |  674.6s (no improvement 5/30)
Epoch  215/500 | train 0.000443 | val 0.000558 | lr 6.13e-04 |  677.7s (no improvement 6/30)
Epoch  216/500 | train 0.000816 | val 0.000632 | lr 6.10e-04 |  680.8s (no improvement 7/30)
Epoch  217/500 | train 0.000420 | val 0.000277 | lr 6.07e-04 |  684.0s (no improvement 8/30)
Epoch  218/500 | train 0.000501 | val 0.000301 | lr 6.04e-04 |  687.1s (no improvement 9/30)
Epoch  219/500 | train 0.000363 | val 0.000533 | lr 6.01e-04 |  690.2s (no improvement 10/30)
Epoch  220/500 | train 0.000457 | val 0.000839 | lr 5.98e-04 |  693.3s (no improvement 11/30)
Epoch  221/500 | train 0.000645 | val 0.000756 | lr 5.95e-04 |  696.5s (no improvement 12/30)
Epoch  222/500 | train 0.000515 | val 0.000406 | lr 5.92e-04 |  699.6s (no improvement 13/30)
Epoch  223/500 | train 0.000421 | val 0.000498 | lr 5.89e-04 |  702.7s (no improvement 14/30)
Epoch  224/500 | train 0.000410 | val 0.000349 | lr 5.86e-04 |  705.8s (no improvement 15/30)
Epoch  225/500 | train 0.000521 | val 0.000529 | lr 5.82e-04 |  709.0s (no improvement 16/30)
Epoch  226/500 | train 0.000367 | val 0.000402 | lr 5.79e-04 |  712.1s (no improvement 17/30)
Epoch  227/500 | train 0.000709 | val 0.000649 | lr 5.76e-04 |  715.2s (no improvement 18/30)
Epoch  228/500 | train 0.000467 | val 0.000325 | lr 5.73e-04 |  718.3s (no improvement 19/30)
Epoch  229/500 | train 0.000465 | val 0.000388 | lr 5.70e-04 |  721.4s (no improvement 20/30)
Epoch  230/500 | train 0.000493 | val 0.000318 | lr 5.67e-04 |  724.6s (no improvement 21/30)
Epoch  231/500 | train 0.000530 | val 0.000825 | lr 5.64e-04 |  727.7s (no improvement 22/30)
Epoch  232/500 | train 0.000462 | val 0.000258 | lr 5.61e-04 |  730.8s (no improvement 23/30)
Epoch  233/500 | train 0.000380 | val 0.000444 | lr 5.58e-04 |  733.9s (no improvement 24/30)
Epoch  234/500 | train 0.000622 | val 0.000369 | lr 5.55e-04 |  737.1s (no improvement 25/30)
Epoch  235/500 | train 0.000365 | val 0.000256 | lr 5.52e-04 |  740.2s (no improvement 26/30)
Epoch  236/500 | train 0.000447 | val 0.000307 | lr 5.48e-04 |  743.3s (no improvement 27/30)
Epoch  237/500 | train 0.000299 | val 0.000291 | lr 5.45e-04 |  746.5s (no improvement 28/30)
Epoch  238/500 | train 0.000522 | val 0.000649 | lr 5.42e-04 |  749.6s (no improvement 29/30)
Epoch  239/500 | train 0.000387 | val 0.000253 | lr 5.39e-04 |  752.7s (no improvement 30/30)
[train] Early stopping at epoch 239.
[train] Loss plot saved → surrogate_model/runs/20260525_221524/loss_curves.png

[train] Done.  Best val MSE: 0.000251
[train] Best checkpoint : surrogate_model/runs/20260525_221524/surrogate_best.pt
[train] Final checkpoint: surrogate_model/runs/20260525_221524/surrogate_final.pt
============================================================
Training finished: Mon May 25 22:28:02 EDT 2026  (exit code: 0)
============================================================
