============================================================
Job ID   : 50633588
Node     : gl1015
Started  : Thu May 21 20:47:25 EDT 2026
============================================================
Python : /home/xysong/.conda/envs/RL/bin/python
Torch  : 2.5.1+cu121
CUDA   : True
============================================================
/home/xysong/.conda/envs/RL/lib/python3.10/site-packages/torch/utils/data/dataloader.py:617: UserWarning: This DataLoader will create 6 worker processes in total. Our suggested max number of worker in current system is 1, which is smaller than what this DataLoader is going to create. Please be aware that excessive worker creation might get DataLoader running slow or even freeze, lower the worker number to avoid potential slowness/freeze if necessary.
  warnings.warn(
/home/xysong/.conda/envs/RL/lib/python3.10/site-packages/torch/utils/data/dataloader.py:617: UserWarning: This DataLoader will create 6 worker processes in total. Our suggested max number of worker in current system is 1, which is smaller than what this DataLoader is going to create. Please be aware that excessive worker creation might get DataLoader running slow or even freeze, lower the worker number to avoid potential slowness/freeze if necessary.
  warnings.warn(
[train] Output dir: surrogate_model/runs/20260521_204732
[train] Device    : cuda
[dataset] Loaded 5000 trajectories × 12 layers from Dataset:layer_12_stepsize_10_samples_5000_150_400.pkl
[dataset] Split → train 4000 | val 500 | test 500
[dataset] State  mean ∈ [100.7, 4537.2], std ∈ [42.6614, 1645.1]
[dataset] Action mean = 274.55 W, std = 75.11 W
[SurrogateDataset] 48,000 transitions, state_dim=1053
[SurrogateDataset] 6,000 transitions, state_dim=1053
[train] ResidualDynamicsModel(state=1053, action=1, hidden=512, depth=4, params=3,190,813)

[train] Starting training for up to 200 epochs (patience=30)
[train] Loss mode: 1-step only
-----------------------------------------------------------------
Epoch    1/200 | train 0.038528 | val 0.023974 | lr 1.00e-03 |    4.8s ✓ best
Epoch    2/200 | train 0.008130 | val 0.007255 | lr 1.00e-03 |    7.3s ✓ best
Epoch    3/200 | train 0.002745 | val 0.001688 | lr 9.99e-04 |    9.8s ✓ best
Epoch    4/200 | train 0.001798 | val 0.002069 | lr 9.99e-04 |   12.3s (no improvement 1/30)
Epoch    5/200 | train 0.001687 | val 0.002008 | lr 9.98e-04 |   14.7s (no improvement 2/30)
Epoch    6/200 | train 0.001536 | val 0.001124 | lr 9.98e-04 |   17.2s ✓ best
Epoch    7/200 | train 0.001265 | val 0.000991 | lr 9.97e-04 |   19.8s ✓ best
Epoch    8/200 | train 0.001133 | val 0.000837 | lr 9.96e-04 |   22.7s ✓ best
Epoch    9/200 | train 0.001228 | val 0.000958 | lr 9.95e-04 |   25.1s (no improvement 1/30)
Epoch   10/200 | train 0.000834 | val 0.000830 | lr 9.94e-04 |   27.6s ✓ best
Epoch   11/200 | train 0.001165 | val 0.000636 | lr 9.93e-04 |   30.1s ✓ best
Epoch   12/200 | train 0.000823 | val 0.000872 | lr 9.91e-04 |   32.6s (no improvement 1/30)
Epoch   13/200 | train 0.000914 | val 0.001059 | lr 9.90e-04 |   35.0s (no improvement 2/30)
Epoch   14/200 | train 0.000812 | val 0.000916 | lr 9.88e-04 |   37.4s (no improvement 3/30)
Epoch   15/200 | train 0.000876 | val 0.001844 | lr 9.86e-04 |   39.8s (no improvement 4/30)
Epoch   16/200 | train 0.000892 | val 0.000571 | lr 9.84e-04 |   42.3s ✓ best
Epoch   17/200 | train 0.000650 | val 0.000611 | lr 9.82e-04 |   44.8s (no improvement 1/30)
Epoch   18/200 | train 0.000804 | val 0.000642 | lr 9.80e-04 |   47.2s (no improvement 2/30)
Epoch   19/200 | train 0.000706 | val 0.000521 | lr 9.78e-04 |   49.7s ✓ best
Epoch   20/200 | train 0.000593 | val 0.000526 | lr 9.76e-04 |   52.2s (no improvement 1/30)
Epoch   21/200 | train 0.000709 | val 0.000475 | lr 9.73e-04 |   54.7s ✓ best
Epoch   22/200 | train 0.000710 | val 0.000754 | lr 9.71e-04 |   57.1s (no improvement 1/30)
Epoch   23/200 | train 0.000729 | val 0.000993 | lr 9.68e-04 |   59.5s (no improvement 2/30)
Epoch   24/200 | train 0.000604 | val 0.001474 | lr 9.65e-04 |   62.0s (no improvement 3/30)
Epoch   25/200 | train 0.000649 | val 0.000878 | lr 9.62e-04 |   64.4s (no improvement 4/30)
Epoch   26/200 | train 0.000542 | val 0.000790 | lr 9.59e-04 |   66.8s (no improvement 5/30)
Epoch   27/200 | train 0.000588 | val 0.000533 | lr 9.56e-04 |   69.2s (no improvement 6/30)
Epoch   28/200 | train 0.000543 | val 0.000415 | lr 9.53e-04 |   71.7s ✓ best
Epoch   29/200 | train 0.000650 | val 0.000592 | lr 9.50e-04 |   74.1s (no improvement 1/30)
Epoch   30/200 | train 0.000502 | val 0.000744 | lr 9.46e-04 |   76.6s (no improvement 2/30)
Epoch   31/200 | train 0.000538 | val 0.000999 | lr 9.42e-04 |   79.0s (no improvement 3/30)
Epoch   32/200 | train 0.000603 | val 0.000489 | lr 9.39e-04 |   81.5s (no improvement 4/30)
Epoch   33/200 | train 0.000465 | val 0.000558 | lr 9.35e-04 |   83.9s (no improvement 5/30)
Epoch   34/200 | train 0.000528 | val 0.000513 | lr 9.31e-04 |   86.3s (no improvement 6/30)
Epoch   35/200 | train 0.000513 | val 0.000595 | lr 9.27e-04 |   88.8s (no improvement 7/30)
Epoch   36/200 | train 0.000498 | val 0.000402 | lr 9.23e-04 |   91.3s ✓ best
Epoch   37/200 | train 0.000491 | val 0.000478 | lr 9.19e-04 |   93.7s (no improvement 1/30)
Epoch   38/200 | train 0.000622 | val 0.000605 | lr 9.14e-04 |   96.1s (no improvement 2/30)
Epoch   39/200 | train 0.000458 | val 0.000467 | lr 9.10e-04 |   98.5s (no improvement 3/30)
Epoch   40/200 | train 0.000563 | val 0.000407 | lr 9.05e-04 |  101.0s (no improvement 4/30)
Epoch   41/200 | train 0.000410 | val 0.000770 | lr 9.01e-04 |  103.4s (no improvement 5/30)
Epoch   42/200 | train 0.000542 | val 0.000382 | lr 8.96e-04 |  105.9s ✓ best
Epoch   43/200 | train 0.000389 | val 0.000954 | lr 8.91e-04 |  108.3s (no improvement 1/30)
Epoch   44/200 | train 0.000491 | val 0.000311 | lr 8.86e-04 |  110.8s ✓ best
Epoch   45/200 | train 0.000420 | val 0.000627 | lr 8.81e-04 |  113.3s (no improvement 1/30)
Epoch   46/200 | train 0.000477 | val 0.000481 | lr 8.76e-04 |  115.7s (no improvement 2/30)
Epoch   47/200 | train 0.000435 | val 0.000672 | lr 8.71e-04 |  118.1s (no improvement 3/30)
Epoch   48/200 | train 0.000418 | val 0.000427 | lr 8.66e-04 |  120.5s (no improvement 4/30)
Epoch   49/200 | train 0.000393 | val 0.000393 | lr 8.60e-04 |  122.9s (no improvement 5/30)
Epoch   50/200 | train 0.000443 | val 0.000685 | lr 8.55e-04 |  125.4s (no improvement 6/30)
Epoch   51/200 | train 0.000450 | val 0.000390 | lr 8.49e-04 |  127.8s (no improvement 7/30)
Epoch   52/200 | train 0.000441 | val 0.000372 | lr 8.44e-04 |  130.2s (no improvement 8/30)
Epoch   53/200 | train 0.000422 | val 0.000681 | lr 8.38e-04 |  132.6s (no improvement 9/30)
Epoch   54/200 | train 0.000455 | val 0.000922 | lr 8.32e-04 |  135.1s (no improvement 10/30)
Epoch   55/200 | train 0.000491 | val 0.000534 | lr 8.26e-04 |  137.5s (no improvement 11/30)
Epoch   56/200 | train 0.000411 | val 0.000336 | lr 8.21e-04 |  139.9s (no improvement 12/30)
Epoch   57/200 | train 0.000379 | val 0.000426 | lr 8.14e-04 |  142.4s (no improvement 13/30)
Epoch   58/200 | train 0.000383 | val 0.000625 | lr 8.08e-04 |  144.8s (no improvement 14/30)
Epoch   59/200 | train 0.000400 | val 0.000272 | lr 8.02e-04 |  147.3s ✓ best
Epoch   60/200 | train 0.000388 | val 0.000434 | lr 7.96e-04 |  149.7s (no improvement 1/30)
Epoch   61/200 | train 0.000416 | val 0.000408 | lr 7.90e-04 |  152.2s (no improvement 2/30)
Epoch   62/200 | train 0.000404 | val 0.000330 | lr 7.83e-04 |  154.6s (no improvement 3/30)
Epoch   63/200 | train 0.000352 | val 0.000380 | lr 7.77e-04 |  157.0s (no improvement 4/30)
Epoch   64/200 | train 0.000380 | val 0.000344 | lr 7.70e-04 |  159.4s (no improvement 5/30)
Epoch   65/200 | train 0.000328 | val 0.000357 | lr 7.64e-04 |  161.9s (no improvement 6/30)
Epoch   66/200 | train 0.000366 | val 0.000549 | lr 7.57e-04 |  164.3s (no improvement 7/30)
Epoch   67/200 | train 0.000406 | val 0.000380 | lr 7.50e-04 |  166.7s (no improvement 8/30)
Epoch   68/200 | train 0.000378 | val 0.000396 | lr 7.43e-04 |  169.2s (no improvement 9/30)
Epoch   69/200 | train 0.000353 | val 0.000598 | lr 7.37e-04 |  171.6s (no improvement 10/30)
Epoch   70/200 | train 0.000384 | val 0.000347 | lr 7.30e-04 |  174.0s (no improvement 11/30)
Epoch   71/200 | train 0.000406 | val 0.000467 | lr 7.23e-04 |  176.5s (no improvement 12/30)
Epoch   72/200 | train 0.000365 | val 0.000298 | lr 7.16e-04 |  178.9s (no improvement 13/30)
Epoch   73/200 | train 0.000306 | val 0.000274 | lr 7.09e-04 |  181.3s (no improvement 14/30)
Epoch   74/200 | train 0.000358 | val 0.000317 | lr 7.02e-04 |  183.8s (no improvement 15/30)
Epoch   75/200 | train 0.000355 | val 0.000260 | lr 6.94e-04 |  186.3s ✓ best
Epoch   76/200 | train 0.000327 | val 0.000291 | lr 6.87e-04 |  188.8s (no improvement 1/30)
Epoch   77/200 | train 0.000317 | val 0.000258 | lr 6.80e-04 |  191.3s ✓ best
Epoch   78/200 | train 0.000313 | val 0.000364 | lr 6.73e-04 |  193.8s (no improvement 1/30)
Epoch   79/200 | train 0.000379 | val 0.000306 | lr 6.65e-04 |  196.2s (no improvement 2/30)
Epoch   80/200 | train 0.000332 | val 0.000520 | lr 6.58e-04 |  198.6s (no improvement 3/30)
Epoch   81/200 | train 0.000348 | val 0.000305 | lr 6.51e-04 |  201.1s (no improvement 4/30)
Epoch   82/200 | train 0.000290 | val 0.000509 | lr 6.43e-04 |  203.5s (no improvement 5/30)
Epoch   83/200 | train 0.000322 | val 0.000336 | lr 6.36e-04 |  206.0s (no improvement 6/30)
Epoch   84/200 | train 0.000289 | val 0.000221 | lr 6.28e-04 |  208.5s ✓ best
Epoch   85/200 | train 0.000296 | val 0.000333 | lr 6.21e-04 |  211.0s (no improvement 1/30)
Epoch   86/200 | train 0.000282 | val 0.000299 | lr 6.13e-04 |  213.5s (no improvement 2/30)
Epoch   87/200 | train 0.000292 | val 0.000328 | lr 6.05e-04 |  215.9s (no improvement 3/30)
Epoch   88/200 | train 0.000252 | val 0.000236 | lr 5.98e-04 |  218.4s (no improvement 4/30)
Epoch   89/200 | train 0.000301 | val 0.000196 | lr 5.90e-04 |  221.0s ✓ best
Epoch   90/200 | train 0.000334 | val 0.000318 | lr 5.82e-04 |  223.5s (no improvement 1/30)
Epoch   91/200 | train 0.000313 | val 0.000237 | lr 5.75e-04 |  225.9s (no improvement 2/30)
Epoch   92/200 | train 0.000308 | val 0.000350 | lr 5.67e-04 |  228.4s (no improvement 3/30)
Epoch   93/200 | train 0.000287 | val 0.000218 | lr 5.59e-04 |  230.8s (no improvement 4/30)
Epoch   94/200 | train 0.000239 | val 0.000186 | lr 5.52e-04 |  233.4s ✓ best
Epoch   95/200 | train 0.000281 | val 0.000245 | lr 5.44e-04 |  235.9s (no improvement 1/30)
Epoch   96/200 | train 0.000289 | val 0.000417 | lr 5.36e-04 |  238.3s (no improvement 2/30)
Epoch   97/200 | train 0.000315 | val 0.000238 | lr 5.28e-04 |  240.8s (no improvement 3/30)
Epoch   98/200 | train 0.000275 | val 0.000231 | lr 5.21e-04 |  243.2s (no improvement 4/30)
Epoch   99/200 | train 0.000271 | val 0.000294 | lr 5.13e-04 |  245.7s (no improvement 5/30)
Epoch  100/200 | train 0.000252 | val 0.000345 | lr 5.05e-04 |  248.1s (no improvement 6/30)
Epoch  101/200 | train 0.000309 | val 0.000210 | lr 4.97e-04 |  250.5s (no improvement 7/30)
Epoch  102/200 | train 0.000241 | val 0.000308 | lr 4.89e-04 |  253.0s (no improvement 8/30)
Epoch  103/200 | train 0.000250 | val 0.000293 | lr 4.82e-04 |  255.4s (no improvement 9/30)
Epoch  104/200 | train 0.000254 | val 0.000234 | lr 4.74e-04 |  257.9s (no improvement 10/30)
Epoch  105/200 | train 0.000254 | val 0.000232 | lr 4.66e-04 |  260.3s (no improvement 11/30)
Epoch  106/200 | train 0.000254 | val 0.000172 | lr 4.58e-04 |  262.8s ✓ best
Epoch  107/200 | train 0.000240 | val 0.000380 | lr 4.51e-04 |  265.3s (no improvement 1/30)
Epoch  108/200 | train 0.000232 | val 0.000247 | lr 4.43e-04 |  267.7s (no improvement 2/30)
Epoch  109/200 | train 0.000231 | val 0.000145 | lr 4.35e-04 |  270.3s ✓ best
Epoch  110/200 | train 0.000222 | val 0.000197 | lr 4.28e-04 |  272.7s (no improvement 1/30)
Epoch  111/200 | train 0.000261 | val 0.000140 | lr 4.20e-04 |  275.2s ✓ best
Epoch  112/200 | train 0.000251 | val 0.000279 | lr 4.12e-04 |  277.7s (no improvement 1/30)
Epoch  113/200 | train 0.000197 | val 0.000128 | lr 4.05e-04 |  280.3s ✓ best
Epoch  114/200 | train 0.000180 | val 0.000168 | lr 3.97e-04 |  282.7s (no improvement 1/30)
Epoch  115/200 | train 0.000174 | val 0.000113 | lr 3.89e-04 |  285.2s ✓ best
Epoch  116/200 | train 0.000182 | val 0.000143 | lr 3.82e-04 |  287.7s (no improvement 1/30)
Epoch  117/200 | train 0.000171 | val 0.000198 | lr 3.74e-04 |  290.1s (no improvement 2/30)
Epoch  118/200 | train 0.000164 | val 0.000166 | lr 3.67e-04 |  292.6s (no improvement 3/30)
Epoch  119/200 | train 0.000158 | val 0.000210 | lr 3.59e-04 |  295.0s (no improvement 4/30)
Epoch  120/200 | train 0.000176 | val 0.000201 | lr 3.52e-04 |  297.5s (no improvement 5/30)
Epoch  121/200 | train 0.000116 | val 0.000067 | lr 3.45e-04 |  300.1s ✓ best
Epoch  122/200 | train 0.000145 | val 0.000082 | lr 3.37e-04 |  302.5s (no improvement 1/30)
Epoch  123/200 | train 0.000082 | val 0.000081 | lr 3.30e-04 |  305.0s (no improvement 2/30)
Epoch  124/200 | train 0.000099 | val 0.000211 | lr 3.23e-04 |  307.5s (no improvement 3/30)
Epoch  125/200 | train 0.000163 | val 0.000199 | lr 3.16e-04 |  310.0s (no improvement 4/30)
Epoch  126/200 | train 0.000074 | val 0.000040 | lr 3.08e-04 |  312.6s ✓ best
Epoch  127/200 | train 0.000116 | val 0.000078 | lr 3.01e-04 |  315.1s (no improvement 1/30)
Epoch  128/200 | train 0.000129 | val 0.000097 | lr 2.94e-04 |  317.5s (no improvement 2/30)
Epoch  129/200 | train 0.000090 | val 0.000068 | lr 2.87e-04 |  320.0s (no improvement 3/30)
Epoch  130/200 | train 0.000068 | val 0.000300 | lr 2.80e-04 |  322.5s (no improvement 4/30)
Epoch  131/200 | train 0.000157 | val 0.000129 | lr 2.73e-04 |  325.0s (no improvement 5/30)
Epoch  132/200 | train 0.000062 | val 0.000042 | lr 2.67e-04 |  327.4s (no improvement 6/30)
Epoch  133/200 | train 0.000059 | val 0.000054 | lr 2.60e-04 |  329.9s (no improvement 7/30)
Epoch  134/200 | train 0.000074 | val 0.000040 | lr 2.53e-04 |  332.4s (no improvement 8/30)
Epoch  135/200 | train 0.000064 | val 0.000060 | lr 2.46e-04 |  334.8s (no improvement 9/30)
Epoch  136/200 | train 0.000043 | val 0.000033 | lr 2.40e-04 |  337.5s ✓ best
Epoch  137/200 | train 0.000153 | val 0.000064 | lr 2.33e-04 |  339.9s (no improvement 1/30)
Epoch  138/200 | train 0.000101 | val 0.000093 | lr 2.27e-04 |  342.4s (no improvement 2/30)
Epoch  139/200 | train 0.000072 | val 0.000063 | lr 2.20e-04 |  344.8s (no improvement 3/30)
Epoch  140/200 | train 0.000094 | val 0.000046 | lr 2.14e-04 |  347.3s (no improvement 4/30)
Epoch  141/200 | train 0.000089 | val 0.000042 | lr 2.08e-04 |  349.7s (no improvement 5/30)
Epoch  142/200 | train 0.000042 | val 0.000073 | lr 2.02e-04 |  352.2s (no improvement 6/30)
Epoch  143/200 | train 0.000065 | val 0.000044 | lr 1.96e-04 |  354.6s (no improvement 7/30)
Epoch  144/200 | train 0.000028 | val 0.000026 | lr 1.89e-04 |  357.2s ✓ best
Epoch  145/200 | train 0.000027 | val 0.000025 | lr 1.84e-04 |  359.7s ✓ best
Epoch  146/200 | train 0.000085 | val 0.000046 | lr 1.78e-04 |  362.2s (no improvement 1/30)
Epoch  147/200 | train 0.000033 | val 0.000029 | lr 1.72e-04 |  364.6s (no improvement 2/30)
Epoch  148/200 | train 0.000029 | val 0.000024 | lr 1.66e-04 |  367.2s ✓ best
Epoch  149/200 | train 0.000032 | val 0.000054 | lr 1.61e-04 |  369.6s (no improvement 1/30)
Epoch  150/200 | train 0.000045 | val 0.000033 | lr 1.55e-04 |  372.1s (no improvement 2/30)
Epoch  151/200 | train 0.000026 | val 0.000024 | lr 1.50e-04 |  374.5s (no improvement 3/30)
Epoch  152/200 | train 0.000025 | val 0.000032 | lr 1.44e-04 |  377.0s (no improvement 4/30)
Epoch  153/200 | train 0.000023 | val 0.000022 | lr 1.39e-04 |  379.5s ✓ best
Epoch  154/200 | train 0.000020 | val 0.000021 | lr 1.34e-04 |  382.1s ✓ best
Epoch  155/200 | train 0.000021 | val 0.000019 | lr 1.29e-04 |  384.6s ✓ best
Epoch  156/200 | train 0.000020 | val 0.000019 | lr 1.24e-04 |  387.1s (no improvement 1/30)
Epoch  157/200 | train 0.000022 | val 0.000019 | lr 1.19e-04 |  389.6s ✓ best
Epoch  158/200 | train 0.000021 | val 0.000025 | lr 1.14e-04 |  392.1s (no improvement 1/30)
Epoch  159/200 | train 0.000019 | val 0.000019 | lr 1.09e-04 |  394.6s ✓ best
Epoch  160/200 | train 0.000019 | val 0.000030 | lr 1.05e-04 |  397.1s (no improvement 1/30)
Epoch  161/200 | train 0.000020 | val 0.000016 | lr 1.00e-04 |  399.6s ✓ best
Epoch  162/200 | train 0.000018 | val 0.000018 | lr 9.56e-05 |  402.0s (no improvement 1/30)
Epoch  163/200 | train 0.000017 | val 0.000020 | lr 9.13e-05 |  404.5s (no improvement 2/30)
Epoch  164/200 | train 0.000017 | val 0.000017 | lr 8.71e-05 |  407.0s (no improvement 3/30)
Epoch  165/200 | train 0.000016 | val 0.000019 | lr 8.29e-05 |  409.4s (no improvement 4/30)
Epoch  166/200 | train 0.000017 | val 0.000014 | lr 7.89e-05 |  411.9s ✓ best
Epoch  167/200 | train 0.000015 | val 0.000018 | lr 7.50e-05 |  414.4s (no improvement 1/30)
Epoch  168/200 | train 0.000017 | val 0.000014 | lr 7.12e-05 |  416.9s ✓ best
Epoch  169/200 | train 0.000014 | val 0.000019 | lr 6.75e-05 |  419.4s (no improvement 1/30)
Epoch  170/200 | train 0.000015 | val 0.000018 | lr 6.40e-05 |  421.8s (no improvement 2/30)
Epoch  171/200 | train 0.000014 | val 0.000016 | lr 6.05e-05 |  424.2s (no improvement 3/30)
Epoch  172/200 | train 0.000014 | val 0.000012 | lr 5.71e-05 |  426.7s ✓ best
Epoch  173/200 | train 0.000014 | val 0.000014 | lr 5.39e-05 |  429.2s (no improvement 1/30)
Epoch  174/200 | train 0.000014 | val 0.000013 | lr 5.07e-05 |  431.6s (no improvement 2/30)
Epoch  175/200 | train 0.000014 | val 0.000015 | lr 4.77e-05 |  434.1s (no improvement 3/30)
Epoch  176/200 | train 0.000013 | val 0.000013 | lr 4.48e-05 |  436.5s (no improvement 4/30)
Epoch  177/200 | train 0.000012 | val 0.000012 | lr 4.20e-05 |  439.1s ✓ best
Epoch  178/200 | train 0.000012 | val 0.000014 | lr 3.93e-05 |  441.6s (no improvement 1/30)
Epoch  179/200 | train 0.000012 | val 0.000011 | lr 3.67e-05 |  444.1s ✓ best
Epoch  180/200 | train 0.000011 | val 0.000011 | lr 3.42e-05 |  446.6s (no improvement 1/30)
Epoch  181/200 | train 0.000011 | val 0.000013 | lr 3.19e-05 |  449.0s (no improvement 2/30)
Epoch  182/200 | train 0.000012 | val 0.000012 | lr 2.97e-05 |  451.5s (no improvement 3/30)
Epoch  183/200 | train 0.000011 | val 0.000012 | lr 2.75e-05 |  454.0s (no improvement 4/30)
Epoch  184/200 | train 0.000011 | val 0.000011 | lr 2.56e-05 |  456.4s (no improvement 5/30)
Epoch  185/200 | train 0.000011 | val 0.000011 | lr 2.37e-05 |  459.0s ✓ best
Epoch  186/200 | train 0.000010 | val 0.000013 | lr 2.19e-05 |  461.5s (no improvement 1/30)
Epoch  187/200 | train 0.000010 | val 0.000010 | lr 2.03e-05 |  464.0s ✓ best
Epoch  188/200 | train 0.000010 | val 0.000010 | lr 1.88e-05 |  466.5s (no improvement 1/30)
Epoch  189/200 | train 0.000010 | val 0.000010 | lr 1.74e-05 |  469.1s ✓ best
Epoch  190/200 | train 0.000010 | val 0.000010 | lr 1.61e-05 |  471.5s (no improvement 1/30)
Epoch  191/200 | train 0.000009 | val 0.000010 | lr 1.49e-05 |  474.1s ✓ best
Epoch  192/200 | train 0.000010 | val 0.000009 | lr 1.39e-05 |  476.7s ✓ best
Epoch  193/200 | train 0.000009 | val 0.000010 | lr 1.30e-05 |  479.1s (no improvement 1/30)
Epoch  194/200 | train 0.000009 | val 0.000009 | lr 1.22e-05 |  481.7s ✓ best
Epoch  195/200 | train 0.000009 | val 0.000009 | lr 1.15e-05 |  484.2s ✓ best
Epoch  196/200 | train 0.000009 | val 0.000010 | lr 1.10e-05 |  486.7s (no improvement 1/30)
Epoch  197/200 | train 0.000009 | val 0.000010 | lr 1.05e-05 |  489.1s (no improvement 2/30)
Epoch  198/200 | train 0.000009 | val 0.000010 | lr 1.02e-05 |  491.5s (no improvement 3/30)
Epoch  199/200 | train 0.000008 | val 0.000009 | lr 1.01e-05 |  494.0s (no improvement 4/30)
Epoch  200/200 | train 0.000009 | val 0.000009 | lr 1.00e-05 |  496.5s ✓ best
[train] Loss plot saved → surrogate_model/runs/20260521_204732/loss_curves.png

[train] Done.  Best val MSE: 0.000009
[train] Best checkpoint : surrogate_model/runs/20260521_204732/surrogate_best.pt
[train] Final checkpoint: surrogate_model/runs/20260521_204732/surrogate_final.pt
============================================================
Training finished: Thu May 21 20:55:57 EDT 2026  (exit code: 0)
============================================================
