============================================================
Job ID   : 61726704
Node     : gl1018
Started  : Tue Sep 22 13:48:27 EDT 2026
============================================================
Python : /home/xysong/.conda/envs/RL/bin/python
Torch  : 2.5.1+cu121
CUDA   : True
============================================================
=== [1/6] Naive PG (no uncertainty) ===
=================================================================
[naive_pg] Baseline 0 — naive (unconstrained) policy gradient
[naive_pg] Output dir : baselines/naive_pg/runs/narrow_200_300W
[naive_pg] Device     : cuda
=================================================================
[TwoStageLatentLPBFEnv] Mesh loaded: 1053 nodes  X∈[0.00, 12.00]  Y∈[0.00, 3.00]
[naive_pg] UCPGAgentV2(ContinuousLatentPolicyNet(latent_dim=1053, action_range=[100, 400]W, hidden=128, depth=3, n_layers=12, layer_embed_dim=8, params=237,167)  lambda=0.00000)
Iter     1/2000 | return -11.0660 (avg1 -11.0660) | loss -446.4023 | entropy 5.286 | OOD-action  29.2% | 5s
[agent] Checkpoint saved → baselines/naive_pg/runs/narrow_200_300W/naive_pg_best.pt
[agent] Checkpoint saved → baselines/naive_pg/runs/narrow_200_300W/naive_pg_best.pt
[agent] Checkpoint saved → baselines/naive_pg/runs/narrow_200_300W/naive_pg_best.pt
[agent] Checkpoint saved → baselines/naive_pg/runs/narrow_200_300W/naive_pg_best.pt
[agent] Checkpoint saved → baselines/naive_pg/runs/narrow_200_300W/naive_pg_best.pt
[agent] Checkpoint saved → baselines/naive_pg/runs/narrow_200_300W/naive_pg_best.pt
[agent] Checkpoint saved → baselines/naive_pg/runs/narrow_200_300W/naive_pg_best.pt
[agent] Checkpoint saved → baselines/naive_pg/runs/narrow_200_300W/naive_pg_best.pt
[agent] Checkpoint saved → baselines/naive_pg/runs/narrow_200_300W/naive_pg_best.pt
[agent] Checkpoint saved → baselines/naive_pg/runs/narrow_200_300W/naive_pg_best.pt
[agent] Checkpoint saved → baselines/naive_pg/runs/narrow_200_300W/naive_pg_best.pt
Iter    20/2000 | return -3.8121 (avg20 -5.7997) | loss -108.2981 | entropy 5.285 | OOD-action  68.0% | 85s
[agent] Checkpoint saved → baselines/naive_pg/runs/narrow_200_300W/naive_pg_best.pt
[agent] Checkpoint saved → baselines/naive_pg/runs/narrow_200_300W/naive_pg_best.pt
[agent] Checkpoint saved → baselines/naive_pg/runs/narrow_200_300W/naive_pg_best.pt
Iter    40/2000 | return -3.6037 (avg20 -3.5889) | loss -96.7572 | entropy 5.283 | OOD-action  71.9% | 169s
[agent] Checkpoint saved → baselines/naive_pg/runs/narrow_200_300W/naive_pg_best.pt
Iter    60/2000 | return -3.3642 (avg20 -3.5405) | loss -90.3212 | entropy 5.281 | OOD-action  64.1% | 253s
[agent] Checkpoint saved → baselines/naive_pg/runs/narrow_200_300W/naive_pg_best.pt
[agent] Checkpoint saved → baselines/naive_pg/runs/narrow_200_300W/naive_pg_best.pt
Iter    80/2000 | return -3.3312 (avg20 -3.4875) | loss -89.3829 | entropy 5.278 | OOD-action  69.0% | 336s
[agent] Checkpoint saved → baselines/naive_pg/runs/narrow_200_300W/naive_pg_best.pt
Iter   100/2000 | return -3.1213 (avg20 -3.4063) | loss -78.0921 | entropy 5.275 | OOD-action  66.9% | 420s
[agent] Checkpoint saved → baselines/naive_pg/runs/narrow_200_300W/naive_pg_best.pt
[agent] Checkpoint saved → baselines/naive_pg/runs/narrow_200_300W/naive_pg_best.pt
Iter   120/2000 | return -3.2897 (avg20 -3.2354) | loss -86.6985 | entropy 5.272 | OOD-action  66.9% | 504s
Iter   140/2000 | return -3.2368 (avg20 -3.3348) | loss -85.9869 | entropy 5.270 | OOD-action  62.2% | 587s
[agent] Checkpoint saved → baselines/naive_pg/runs/narrow_200_300W/naive_pg_best.pt
Iter   160/2000 | return -3.1947 (avg20 -3.4384) | loss -87.2298 | entropy 5.266 | OOD-action  68.5% | 671s
[agent] Checkpoint saved → baselines/naive_pg/runs/narrow_200_300W/naive_pg_best.pt
Iter   180/2000 | return -3.3151 (avg20 -3.1571) | loss -87.6713 | entropy 5.263 | OOD-action  66.7% | 755s
Iter   200/2000 | return -3.2609 (avg20 -3.1775) | loss -85.6698 | entropy 5.261 | OOD-action  65.6% | 839s
[agent] Checkpoint saved → baselines/naive_pg/runs/narrow_200_300W/naive_pg_iter00200.pt
[train] Plot saved → baselines/naive_pg/runs/narrow_200_300W/return.png
[train] Plot saved → baselines/naive_pg/runs/narrow_200_300W/loss.png
[train] Plot saved → baselines/naive_pg/runs/narrow_200_300W/entropy.png
[train] Plot saved → baselines/naive_pg/runs/narrow_200_300W/ood_action_fraction.png
[agent] Checkpoint saved → baselines/naive_pg/runs/narrow_200_300W/naive_pg_best.pt
Iter   220/2000 | return -3.2171 (avg20 -3.1547) | loss -81.4062 | entropy 5.259 | OOD-action  70.3% | 924s
Iter   240/2000 | return -3.1522 (avg20 -3.1829) | loss -81.3963 | entropy 5.258 | OOD-action  62.5% | 1008s
Iter   260/2000 | return -3.0866 (avg20 -3.0742) | loss -81.3803 | entropy 5.256 | OOD-action  68.2% | 1093s
Iter   280/2000 | return -3.2228 (avg20 -3.1038) | loss -86.6933 | entropy 5.253 | OOD-action  75.3% | 1177s
Iter   300/2000 | return -2.8876 (avg20 -3.3361) | loss -73.0110 | entropy 5.250 | OOD-action  73.4% | 1261s
[agent] Checkpoint saved → baselines/naive_pg/runs/narrow_200_300W/naive_pg_best.pt
Iter   320/2000 | return -3.2877 (avg20 -3.1289) | loss -85.6157 | entropy 5.248 | OOD-action  72.4% | 1346s
Iter   340/2000 | return -3.0133 (avg20 -3.1143) | loss -78.7473 | entropy 5.245 | OOD-action  68.5% | 1430s
Iter   360/2000 | return -3.2081 (avg20 -3.0920) | loss -86.6481 | entropy 5.242 | OOD-action  71.4% | 1514s
Iter   380/2000 | return -2.9068 (avg20 -3.1125) | loss -73.0848 | entropy 5.239 | OOD-action  72.4% | 1599s
Iter   400/2000 | return -3.7632 (avg20 -3.2131) | loss -91.8342 | entropy 5.237 | OOD-action  74.7% | 1683s
[agent] Checkpoint saved → baselines/naive_pg/runs/narrow_200_300W/naive_pg_iter00400.pt
[train] Plot saved → baselines/naive_pg/runs/narrow_200_300W/return.png
[train] Plot saved → baselines/naive_pg/runs/narrow_200_300W/loss.png
[train] Plot saved → baselines/naive_pg/runs/narrow_200_300W/entropy.png
[train] Plot saved → baselines/naive_pg/runs/narrow_200_300W/ood_action_fraction.png
Iter   420/2000 | return -3.0757 (avg20 -3.1716) | loss -75.8568 | entropy 5.235 | OOD-action  74.2% | 1768s
Iter   440/2000 | return -3.1297 (avg20 -3.1137) | loss -82.6291 | entropy 5.233 | OOD-action  70.3% | 1853s
Iter   460/2000 | return -3.2793 (avg20 -3.1783) | loss -84.3337 | entropy 5.231 | OOD-action  75.5% | 1938s
Iter   480/2000 | return -3.1000 (avg20 -3.2086) | loss -80.2416 | entropy 5.229 | OOD-action  73.2% | 2022s
Iter   500/2000 | return -3.1624 (avg20 -3.0436) | loss -84.4892 | entropy 5.227 | OOD-action  74.0% | 2107s
Iter   520/2000 | return -2.8328 (avg20 -3.0458) | loss -69.6227 | entropy 5.225 | OOD-action  74.5% | 2191s
[agent] Checkpoint saved → baselines/naive_pg/runs/narrow_200_300W/naive_pg_best.pt
Iter   540/2000 | return -2.9843 (avg20 -3.0498) | loss -74.3975 | entropy 5.223 | OOD-action  77.1% | 2276s
Iter   560/2000 | return -2.9979 (avg20 -3.0481) | loss -75.8002 | entropy 5.221 | OOD-action  79.4% | 2360s
Iter   580/2000 | return -3.0500 (avg20 -3.2874) | loss -79.8916 | entropy 5.219 | OOD-action  69.3% | 2444s
Iter   600/2000 | return -3.2502 (avg20 -3.0758) | loss -87.9268 | entropy 5.217 | OOD-action  61.5% | 2529s
[agent] Checkpoint saved → baselines/naive_pg/runs/narrow_200_300W/naive_pg_iter00600.pt
[train] Plot saved → baselines/naive_pg/runs/narrow_200_300W/return.png
[train] Plot saved → baselines/naive_pg/runs/narrow_200_300W/loss.png
[train] Plot saved → baselines/naive_pg/runs/narrow_200_300W/entropy.png
[train] Plot saved → baselines/naive_pg/runs/narrow_200_300W/ood_action_fraction.png
Iter   620/2000 | return -3.2998 (avg20 -3.0857) | loss -89.1316 | entropy 5.215 | OOD-action  77.1% | 2614s
Iter   640/2000 | return -3.2151 (avg20 -3.2578) | loss -76.5343 | entropy 5.213 | OOD-action  72.7% | 2698s
Iter   660/2000 | return -3.1048 (avg20 -3.3054) | loss -79.9640 | entropy 5.211 | OOD-action  75.3% | 2783s
Iter   680/2000 | return -3.0275 (avg20 -3.1819) | loss -78.8028 | entropy 5.208 | OOD-action  71.6% | 2867s
Iter   700/2000 | return -3.1043 (avg20 -3.1348) | loss -78.3523 | entropy 5.205 | OOD-action  65.4% | 2951s
Iter   720/2000 | return -3.0014 (avg20 -3.0943) | loss -74.5514 | entropy 5.201 | OOD-action  71.6% | 3035s
Iter   740/2000 | return -3.0365 (avg20 -3.1241) | loss -78.2325 | entropy 5.198 | OOD-action  65.9% | 3120s
Iter   760/2000 | return -3.4512 (avg20 -3.0718) | loss -91.4051 | entropy 5.196 | OOD-action  82.6% | 3204s
Iter   780/2000 | return -3.0844 (avg20 -3.1046) | loss -77.6046 | entropy 5.194 | OOD-action  69.8% | 3288s
Iter   800/2000 | return -3.0128 (avg20 -3.0208) | loss -77.3307 | entropy 5.191 | OOD-action  72.4% | 3373s
[agent] Checkpoint saved → baselines/naive_pg/runs/narrow_200_300W/naive_pg_iter00800.pt
[train] Plot saved → baselines/naive_pg/runs/narrow_200_300W/return.png
[train] Plot saved → baselines/naive_pg/runs/narrow_200_300W/loss.png
[train] Plot saved → baselines/naive_pg/runs/narrow_200_300W/entropy.png
[train] Plot saved → baselines/naive_pg/runs/narrow_200_300W/ood_action_fraction.png
[agent] Checkpoint saved → baselines/naive_pg/runs/narrow_200_300W/naive_pg_best.pt
Iter   820/2000 | return -2.9779 (avg20 -2.9818) | loss -77.3351 | entropy 5.188 | OOD-action  76.8% | 3458s
[agent] Checkpoint saved → baselines/naive_pg/runs/narrow_200_300W/naive_pg_best.pt
Iter   840/2000 | return -2.9122 (avg20 -2.9891) | loss -73.0399 | entropy 5.185 | OOD-action  70.6% | 3542s
Iter   860/2000 | return -2.9013 (avg20 -3.1398) | loss -72.4840 | entropy 5.183 | OOD-action  71.4% | 3626s
[agent] Checkpoint saved → baselines/naive_pg/runs/narrow_200_300W/naive_pg_best.pt
Iter   880/2000 | return -2.8648 (avg20 -3.0067) | loss -71.0024 | entropy 5.181 | OOD-action  70.1% | 3710s
Iter   900/2000 | return -3.0468 (avg20 -2.9834) | loss -79.4471 | entropy 5.178 | OOD-action  69.5% | 3794s
Iter   920/2000 | return -2.9577 (avg20 -3.0240) | loss -76.4129 | entropy 5.176 | OOD-action  75.0% | 3878s
Iter   940/2000 | return -2.8641 (avg20 -2.9405) | loss -71.2500 | entropy 5.174 | OOD-action  73.2% | 3962s
Iter   960/2000 | return -3.0947 (avg20 -3.0017) | loss -78.5699 | entropy 5.170 | OOD-action  64.8% | 4046s
Iter   980/2000 | return -3.0080 (avg20 -2.9967) | loss -74.7546 | entropy 5.168 | OOD-action  70.1% | 4130s
Iter  1000/2000 | return -2.9742 (avg20 -2.9817) | loss -75.1014 | entropy 5.166 | OOD-action  70.3% | 4214s
[agent] Checkpoint saved → baselines/naive_pg/runs/narrow_200_300W/naive_pg_iter01000.pt
[train] Plot saved → baselines/naive_pg/runs/narrow_200_300W/return.png
[train] Plot saved → baselines/naive_pg/runs/narrow_200_300W/loss.png
[train] Plot saved → baselines/naive_pg/runs/narrow_200_300W/entropy.png
[train] Plot saved → baselines/naive_pg/runs/narrow_200_300W/ood_action_fraction.png
Iter  1020/2000 | return -2.9685 (avg20 -2.9464) | loss -75.4787 | entropy 5.164 | OOD-action  72.7% | 4299s
Iter  1040/2000 | return -2.9472 (avg20 -2.9720) | loss -72.5026 | entropy 5.161 | OOD-action  67.4% | 4384s
Iter  1060/2000 | return -3.0458 (avg20 -3.0025) | loss -77.5992 | entropy 5.159 | OOD-action  67.2% | 4469s
Iter  1080/2000 | return -2.8410 (avg20 -2.9293) | loss -70.0614 | entropy 5.157 | OOD-action  68.8% | 4553s
Iter  1100/2000 | return -3.0124 (avg20 -2.9906) | loss -74.4710 | entropy 5.154 | OOD-action  74.2% | 4638s
Iter  1120/2000 | return -2.8518 (avg20 -2.9791) | loss -71.5741 | entropy 5.151 | OOD-action  73.4% | 4723s
Iter  1140/2000 | return -2.9150 (avg20 -2.9025) | loss -73.4062 | entropy 5.149 | OOD-action  69.0% | 4808s
Iter  1160/2000 | return -2.8151 (avg20 -2.8872) | loss -69.7902 | entropy 5.146 | OOD-action  77.6% | 4892s
Iter  1180/2000 | return -3.6460 (avg20 -3.2776) | loss -95.0528 | entropy 5.144 | OOD-action  88.5% | 4977s
Iter  1200/2000 | return -3.1171 (avg20 -3.3504) | loss -79.0109 | entropy 5.142 | OOD-action  66.9% | 5062s
[agent] Checkpoint saved → baselines/naive_pg/runs/narrow_200_300W/naive_pg_iter01200.pt
[train] Plot saved → baselines/naive_pg/runs/narrow_200_300W/return.png
[train] Plot saved → baselines/naive_pg/runs/narrow_200_300W/loss.png
[train] Plot saved → baselines/naive_pg/runs/narrow_200_300W/entropy.png
[train] Plot saved → baselines/naive_pg/runs/narrow_200_300W/ood_action_fraction.png
Iter  1220/2000 | return -3.1071 (avg20 -3.1533) | loss -74.0592 | entropy 5.141 | OOD-action  70.1% | 5147s
Iter  1240/2000 | return -2.8751 (avg20 -2.9440) | loss -71.0813 | entropy 5.140 | OOD-action  69.8% | 5232s
Iter  1260/2000 | return -3.1842 (avg20 -3.0130) | loss -78.6074 | entropy 5.138 | OOD-action  70.1% | 5316s
Iter  1280/2000 | return -2.8644 (avg20 -2.9076) | loss -72.2973 | entropy 5.136 | OOD-action  72.7% | 5401s
Iter  1300/2000 | return -2.8773 (avg20 -2.9083) | loss -70.1280 | entropy 5.134 | OOD-action  64.6% | 5485s
Iter  1320/2000 | return -2.8676 (avg20 -2.9128) | loss -70.9077 | entropy 5.131 | OOD-action  67.7% | 5570s
Iter  1340/2000 | return -2.9196 (avg20 -2.9061) | loss -72.0862 | entropy 5.129 | OOD-action  74.2% | 5654s
Iter  1360/2000 | return -2.8380 (avg20 -2.9273) | loss -70.6519 | entropy 5.127 | OOD-action  75.3% | 5739s
Iter  1380/2000 | return -2.9866 (avg20 -2.9076) | loss -74.7115 | entropy 5.125 | OOD-action  66.4% | 5823s
Iter  1400/2000 | return -2.8293 (avg20 -2.8949) | loss -71.4645 | entropy 5.122 | OOD-action  76.3% | 5908s
[agent] Checkpoint saved → baselines/naive_pg/runs/narrow_200_300W/naive_pg_iter01400.pt
[train] Plot saved → baselines/naive_pg/runs/narrow_200_300W/return.png
[train] Plot saved → baselines/naive_pg/runs/narrow_200_300W/loss.png
[train] Plot saved → baselines/naive_pg/runs/narrow_200_300W/entropy.png
[train] Plot saved → baselines/naive_pg/runs/narrow_200_300W/ood_action_fraction.png
Iter  1420/2000 | return -2.7037 (avg20 -2.8659) | loss -64.3619 | entropy 5.120 | OOD-action  70.3% | 5993s
[agent] Checkpoint saved → baselines/naive_pg/runs/narrow_200_300W/naive_pg_best.pt
Iter  1440/2000 | return -2.9258 (avg20 -2.9205) | loss -73.6660 | entropy 5.118 | OOD-action  82.0% | 6077s
Iter  1460/2000 | return -2.7509 (avg20 -2.9068) | loss -66.3095 | entropy 5.116 | OOD-action  70.1% | 6162s
Iter  1480/2000 | return -2.9207 (avg20 -3.1886) | loss -73.2187 | entropy 5.115 | OOD-action  76.8% | 6246s
Iter  1500/2000 | return -2.8206 (avg20 -2.9495) | loss -69.2833 | entropy 5.114 | OOD-action  80.5% | 6331s
Iter  1520/2000 | return -2.9222 (avg20 -2.8823) | loss -73.6048 | entropy 5.113 | OOD-action  73.4% | 6415s
Iter  1540/2000 | return -2.9045 (avg20 -2.8889) | loss -68.5252 | entropy 5.110 | OOD-action  70.3% | 6499s
[agent] Checkpoint saved → baselines/naive_pg/runs/narrow_200_300W/naive_pg_best.pt
Iter  1560/2000 | return -2.8644 (avg20 -2.8629) | loss -70.3365 | entropy 5.108 | OOD-action  74.2% | 6584s
[agent] Checkpoint saved → baselines/naive_pg/runs/narrow_200_300W/naive_pg_best.pt
[agent] Checkpoint saved → baselines/naive_pg/runs/narrow_200_300W/naive_pg_best.pt
Iter  1580/2000 | return -2.9530 (avg20 -2.8539) | loss -76.1318 | entropy 5.105 | OOD-action  74.0% | 6668s
Iter  1600/2000 | return -3.1781 (avg20 -2.9518) | loss -74.4278 | entropy 5.104 | OOD-action  71.1% | 6752s
[agent] Checkpoint saved → baselines/naive_pg/runs/narrow_200_300W/naive_pg_iter01600.pt
[train] Plot saved → baselines/naive_pg/runs/narrow_200_300W/return.png
[train] Plot saved → baselines/naive_pg/runs/narrow_200_300W/loss.png
[train] Plot saved → baselines/naive_pg/runs/narrow_200_300W/entropy.png
[train] Plot saved → baselines/naive_pg/runs/narrow_200_300W/ood_action_fraction.png
Iter  1620/2000 | return -3.0758 (avg20 -3.1222) | loss -75.5394 | entropy 5.102 | OOD-action  79.4% | 6837s
Iter  1640/2000 | return -3.0649 (avg20 -2.9672) | loss -77.8558 | entropy 5.101 | OOD-action  69.0% | 6921s
Iter  1660/2000 | return -3.0048 (avg20 -3.0715) | loss -75.1672 | entropy 5.099 | OOD-action  84.6% | 7005s
Iter  1680/2000 | return -3.2245 (avg20 -3.0916) | loss -69.3464 | entropy 5.097 | OOD-action  81.8% | 7089s
Iter  1700/2000 | return -2.8279 (avg20 -2.9592) | loss -67.7943 | entropy 5.096 | OOD-action  71.4% | 7173s
Iter  1720/2000 | return -2.9078 (avg20 -2.8584) | loss -70.1479 | entropy 5.094 | OOD-action  76.6% | 7258s
Iter  1740/2000 | return -2.8851 (avg20 -2.9148) | loss -70.2388 | entropy 5.092 | OOD-action  81.0% | 7342s
Iter  1760/2000 | return -2.9346 (avg20 -2.9495) | loss -72.5138 | entropy 5.089 | OOD-action  77.9% | 7426s
Iter  1780/2000 | return -3.7497 (avg20 -3.7328) | loss -82.2276 | entropy 5.086 | OOD-action  74.5% | 7510s
Iter  1800/2000 | return -3.0140 (avg20 -3.2074) | loss -72.4536 | entropy 5.085 | OOD-action  64.6% | 7594s
[agent] Checkpoint saved → baselines/naive_pg/runs/narrow_200_300W/naive_pg_iter01800.pt
[train] Plot saved → baselines/naive_pg/runs/narrow_200_300W/return.png
[train] Plot saved → baselines/naive_pg/runs/narrow_200_300W/loss.png
[train] Plot saved → baselines/naive_pg/runs/narrow_200_300W/entropy.png
[train] Plot saved → baselines/naive_pg/runs/narrow_200_300W/ood_action_fraction.png
Iter  1820/2000 | return -2.9903 (avg20 -3.0714) | loss -73.8881 | entropy 5.083 | OOD-action  69.0% | 7679s
Iter  1840/2000 | return -2.7864 (avg20 -2.9259) | loss -67.9152 | entropy 5.081 | OOD-action  73.4% | 7764s
Iter  1860/2000 | return -3.0271 (avg20 -2.9351) | loss -75.3609 | entropy 5.078 | OOD-action  76.8% | 7848s
Iter  1880/2000 | return -3.1065 (avg20 -3.1902) | loss -77.4497 | entropy 5.076 | OOD-action  71.9% | 7933s
Iter  1900/2000 | return -2.7846 (avg20 -2.9879) | loss -67.0375 | entropy 5.074 | OOD-action  74.0% | 8017s
Iter  1920/2000 | return -2.7499 (avg20 -2.9832) | loss -65.7443 | entropy 5.072 | OOD-action  72.4% | 8101s
Iter  1940/2000 | return -3.1501 (avg20 -3.0237) | loss -74.0453 | entropy 5.070 | OOD-action  71.4% | 8186s
Iter  1960/2000 | return -2.9837 (avg20 -3.0610) | loss -73.5822 | entropy 5.067 | OOD-action  73.7% | 8270s
Iter  1980/2000 | return -2.7350 (avg20 -2.8577) | loss -65.7337 | entropy 5.064 | OOD-action  74.7% | 8354s
Iter  2000/2000 | return -2.7867 (avg20 -2.8112) | loss -65.0071 | entropy 5.062 | OOD-action  78.4% | 8439s
[agent] Checkpoint saved → baselines/naive_pg/runs/narrow_200_300W/naive_pg_iter02000.pt
[train] Plot saved → baselines/naive_pg/runs/narrow_200_300W/return.png
[train] Plot saved → baselines/naive_pg/runs/narrow_200_300W/loss.png
[train] Plot saved → baselines/naive_pg/runs/narrow_200_300W/entropy.png
[train] Plot saved → baselines/naive_pg/runs/narrow_200_300W/ood_action_fraction.png
[agent] Checkpoint saved → baselines/naive_pg/runs/narrow_200_300W/naive_pg_final.pt
[train] Plot saved → baselines/naive_pg/runs/narrow_200_300W/return.png
[train] Plot saved → baselines/naive_pg/runs/narrow_200_300W/ood_action_fraction.png

[naive_pg] Done. Best return: -2.6238
[naive_pg] Best checkpoint: baselines/naive_pg/runs/narrow_200_300W/naive_pg_best.pt
=== [2/6] Offline Q (fit data restricted to [200, 300]W) ===
=================================================================
[offline_q] Baseline 1 — offline (fitted) Q-learning, discrete actions, raw field
[offline_q] Output dir : baselines/offline_q/runs/narrow_200_300W
[offline_q] Device     : cuda
=================================================================
[offline_q] LP filter active: [200.0, 300.0] W
[dataset] Loaded 5000 trajectories × 12 layers from DatasetV2_layer_12_samples_5000.pkl
[dataset] Split → train 4000 | val 500 | test 500
[data_utils] lp_filter kept 17,094/48,000 transitions
[data_utils] lp_filter kept 2,168/6,000 transitions
[offline_q] Train transitions: 17094  |  Val transitions: 2168
[offline_q] RawQNet(state_dim=1053, n_actions=31, n_layers=12, params=678,527)
Epoch    1/50 | train 0.29808 | val 0.20439 | 1s
Epoch    2/50 | train 0.12144 | val 0.54913 | 1s
Epoch    3/50 | train 0.11020 | val 0.04684 | 1s
Epoch    4/50 | train 0.03326 | val 0.20858 | 2s
Epoch    5/50 | train 0.04311 | val 0.02331 | 2s
Epoch    6/50 | train 0.01965 | val 0.09277 | 2s
Epoch    7/50 | train 0.02475 | val 0.01454 | 3s
Epoch    8/50 | train 0.01236 | val 0.07349 | 3s
Epoch    9/50 | train 0.01791 | val 0.00988 | 3s
Epoch   10/50 | train 0.00893 | val 0.05947 | 4s
Epoch   11/50 | train 0.01410 | val 0.00813 | 4s
Epoch   12/50 | train 0.00663 | val 0.04905 | 4s
Epoch   13/50 | train 0.01271 | val 0.00952 | 4s
Epoch   14/50 | train 0.00671 | val 0.02990 | 5s
Epoch   15/50 | train 0.00825 | val 0.00506 | 5s
Epoch   16/50 | train 0.00395 | val 0.01023 | 5s
Epoch   17/50 | train 0.00415 | val 0.00270 | 6s
Epoch   18/50 | train 0.00317 | val 0.00305 | 6s
Epoch   19/50 | train 0.00296 | val 0.00264 | 6s
Epoch   20/50 | train 0.00294 | val 0.00372 | 7s
Epoch   21/50 | train 0.00275 | val 0.00261 | 7s
Epoch   22/50 | train 0.00215 | val 0.00223 | 7s
Epoch   23/50 | train 0.00218 | val 0.00219 | 7s
Epoch   24/50 | train 0.00191 | val 0.00396 | 8s
Epoch   25/50 | train 0.00243 | val 0.00353 | 8s
Epoch   26/50 | train 0.00221 | val 0.00211 | 8s
Epoch   27/50 | train 0.00227 | val 0.00255 | 9s
Epoch   28/50 | train 0.00232 | val 0.00366 | 9s
Epoch   29/50 | train 0.00203 | val 0.00162 | 9s
Epoch   30/50 | train 0.00245 | val 0.00190 | 10s
Epoch   31/50 | train 0.00485 | val 0.00228 | 10s
Epoch   32/50 | train 0.00192 | val 0.00176 | 10s
Epoch   33/50 | train 0.00171 | val 0.00136 | 10s
Epoch   34/50 | train 0.00268 | val 0.00174 | 11s
Epoch   35/50 | train 0.00191 | val 0.00250 | 11s
Epoch   36/50 | train 0.00317 | val 0.00338 | 11s
Epoch   37/50 | train 0.00201 | val 0.00225 | 12s
Epoch   38/50 | train 0.00207 | val 0.00140 | 12s
Epoch   39/50 | train 0.00207 | val 0.00123 | 12s
Epoch   40/50 | train 0.00154 | val 0.00228 | 12s
Epoch   41/50 | train 0.00173 | val 0.00153 | 13s
Epoch   42/50 | train 0.00151 | val 0.00155 | 13s
Epoch   43/50 | train 0.00158 | val 0.00144 | 13s
Epoch   44/50 | train 0.00136 | val 0.00103 | 14s
Epoch   45/50 | train 0.00145 | val 0.00121 | 14s
Epoch   46/50 | train 0.00187 | val 0.00648 | 14s
Epoch   47/50 | train 0.00239 | val 0.00144 | 15s
Epoch   48/50 | train 0.00188 | val 0.00210 | 15s
Epoch   49/50 | train 0.00142 | val 0.00286 | 15s
Epoch   50/50 | train 0.00194 | val 0.00166 | 15s

[offline_q] Done. Best val loss: 0.00103
[offline_q] Best checkpoint: baselines/offline_q/runs/narrow_200_300W/offline_q_best.pt
=== [3/6] UCPG v2 (ours — uses uncertainty, delta=0.05) ===
[2026-09-22T17:48:40.012] error: *** JOB 61726704 ON gl1018 CANCELLED AT 2026-09-22T17:48:40 DUE TO TIME LIMIT ***
